 amethyst2_4

 Timestamp is 6610a8da (Sat Apr  6 12:13:54 2024)

 Preferred load address is 10000000

 Start         Length     Name                   Class
 0001:00000000 00000380H .text$di                CODE
 0001:00000380 00027120H .text$mn                CODE
 0001:000274a0 000000bbH .text$x                 CODE
 0002:00000000 00000134H .idata$5                DATA
 0002:00000134 00000008H .00cfg                  DATA
 0002:0000013c 00000004H .CRT$XCA                DATA
 0002:00000140 00000004H .CRT$XCU                DATA
 0002:00000144 00000004H .CRT$XCZ                DATA
 0002:00000148 00000004H .CRT$XIA                DATA
 0002:0000014c 00000010H .CRT$XIC                DATA
 0002:0000015c 00000004H .CRT$XIZ                DATA
 0002:00000160 00000004H .CRT$XPA                DATA
 0002:00000164 00000008H .CRT$XPX                DATA
 0002:0000016c 00000004H .CRT$XPXA               DATA
 0002:00000170 00000004H .CRT$XPZ                DATA
 0002:00000174 00000004H .CRT$XTA                DATA
 0002:00000178 00000008H .CRT$XTZ                DATA
 0002:0000017c 00000000H .gfids$y                DATA
 0002:00000180 00007ac0H .rdata                  DATA
 0002:00007c40 00000000H .rdata$CastGuardVftablesA DATA
 0002:00007c40 00000000H .rdata$CastGuardVftablesC DATA
 0002:00007c40 000000dcH .rdata$r                DATA
 0002:00007d1c 00000028H .rdata$sxdata           DATA
 0002:00007d44 000000e8H .rdata$voltmd           DATA
 0002:00007e2c 0000036cH .rdata$zzzdbg           DATA
 0002:00008198 00000004H .rtc$IAA                DATA
 0002:0000819c 00000004H .rtc$IZZ                DATA
 0002:000081a0 00000004H .rtc$TAA                DATA
 0002:000081a4 00000004H .rtc$TZZ                DATA
 0002:000081a8 00000778H .xdata$x                DATA
 0002:00008920 00000110H .edata                  DATA
 0002:00008a30 00000028H .idata$2                DATA
 0002:00008a58 00000014H .idata$3                DATA
 0002:00008a6c 00000134H .idata$4                DATA
 0002:00008ba0 0000056cH .idata$6                DATA
 0003:00000000 00003960H .data                   DATA
 0003:00003960 0000003cH .data$r                 DATA
 0003:0000399c 0000001cH .data$rs                DATA
 0003:000039b8 0060bcdcH .bss                    DATA
 0004:00000000 00000060H .rsrc$01                DATA
 0004:00000060 00000180H .rsrc$02                DATA

  Address         Publics by Value              Rva+Base       Lib:Object

 0000:00000000       ___AbsoluteZero            00000000     <absolute>
 0000:00000000       ___arm64x_extra_rfe_table  00000000     <absolute>
 0000:00000000       ___arm64x_extra_rfe_table_size 00000000     <absolute>
 0000:00000000       ___arm64x_native_entrypoint 00000000     <absolute>
 0000:00000000       ___arm64x_redirection_metadata 00000000     <absolute>
 0000:00000000       ___arm64x_redirection_metadata_count 00000000     <absolute>
 0000:00000000       ___dynamic_value_reloc_table 00000000     <absolute>
 0000:00000000       ___enclave_config          00000000     <absolute>
 0000:00000000       ___guard_check_icall_a64n_fptr 00000000     <absolute>
 0000:00000000       ___guard_eh_cont_count     00000000     <absolute>
 0000:00000000       ___guard_eh_cont_table     00000000     <absolute>
 0000:00000000       ___guard_fids_count        00000000     <absolute>
 0000:00000000       ___guard_fids_table        00000000     <absolute>
 0000:00000000       ___guard_iat_count         00000000     <absolute>
 0000:00000000       ___guard_iat_table         00000000     <absolute>
 0000:00000000       ___guard_longjmp_count     00000000     <absolute>
 0000:00000000       ___guard_longjmp_table     00000000     <absolute>
 0000:00000000       ___hybrid_auxiliary_delayload_iat 00000000     <absolute>
 0000:00000000       ___hybrid_auxiliary_delayload_iat_copy 00000000     <absolute>
 0000:00000000       ___hybrid_auxiliary_iat    00000000     <absolute>
 0000:00000000       ___hybrid_auxiliary_iat_copy 00000000     <absolute>
 0000:00000000       ___hybrid_code_map         00000000     <absolute>
 0000:00000000       ___hybrid_code_map_count   00000000     <absolute>
 0000:00000000       ___hybrid_image_info_bitfield 00000000     <absolute>
 0000:00000000       ___x64_code_ranges_to_entry_points 00000000     <absolute>
 0000:00000000       ___x64_code_ranges_to_entry_points_count 00000000     <absolute>
 0000:00000000       __except_list              00000000     <absolute>
 0000:0000000a       ___safe_se_handler_count   0000000a     <absolute>
 0000:00000100       ___guard_flags             00000100     <absolute>
 0000:00000000       ___ImageBase               10000000     <linker-defined>
 0001:00000380       ?GetHeroRecord@@YAPADH@Z   10001380 f   heroes.obj
 0001:000003a0       ?WriteHook@@YAXPAX0D@Z     100013a0 f   heroes.obj
 0001:000003e0       ?_alldiv__patched@@YGH_JIH@Z 100013e0 f   BugFix.obj
 0001:00000410       ?apply_fixes@@YAXXZ        10001410 f   BugFix.obj
 0001:00000590       ?hook_00426020@@YGHPAVLoHook@@PAUHookContext@@@Z 10001590 f   BugFix.obj
 0001:000005b0       ?hook_0042626A@@YGHPAVLoHook@@PAUHookContext@@@Z 100015b0 f   BugFix.obj
 0001:000005d0       ?hook_00435D7F@@YGHPAVLoHook@@PAUHookContext@@@Z 100015d0 f   BugFix.obj
 0001:000005d0       ?hook_00442D62@@YGHPAVLoHook@@PAUHookContext@@@Z 100015d0 f   BugFix.obj
 0001:000005f0       ?hook_00435DBE@@YGHPAVLoHook@@PAUHookContext@@@Z 100015f0 f   BugFix.obj
 0001:00000610       ?hook_00468A1B@@YGHPAVLoHook@@PAUHookContext@@@Z 10001610 f   BugFix.obj
 0001:00000650       ?hook_00468DBD@@YGHPAVLoHook@@PAUHookContext@@@Z 10001650 f   BugFix.obj
 0001:00000690       ?hook_004D9508@@YGHPAVLoHook@@PAUHookContext@@@Z 10001690 f   BugFix.obj
 0001:000006f0       ?hook_005A6BD3@@YGHPAVLoHook@@PAUHookContext@@@Z 100016f0 f   BugFix.obj
 0001:00000760       ?hook_005A6D89@@YGHPAVLoHook@@PAUHookContext@@@Z 10001760 f   BugFix.obj
 0001:000007b0       ??$strcpy_s@$0BAA@@@YAHAAY0BAA@DPBD@Z 100017b0 f i core.obj
 0001:000007d0       ??$strcpy_s@$0EA@@@YAHAAY0EA@DPBD@Z 100017d0 f i core.obj
 0001:000007f0       ?CreateNewTable@@YAXXZ     100017f0 f   core.obj
 0001:00000c00       ?LoadCrTraitsRow_hook@@YGHPAVHiHook@@HH@Z 10001c00 f   core.obj
 0001:00000d40       ?NewMissiles_Body@@YIHPADH@Z 10001d40 f   core.obj
 0001:00000e70       ?NewMonstersMissiles@@YAXXZ 10001e70 f   core.obj
 0001:00000e90       ?Pop@HookContext@@QAEHXZ   10001e90 f i core.obj
 0001:00000ec0       ?_ebx@@YAHXZ               10001ec0 f   core.obj
 0001:00000ed0       ?fake_new@@YAHH@Z          10001ed0 f   core.obj
 0001:00000f10       ?fake_new_hook@@YGHPAVLoHook@@PAUHookContext@@@Z 10001f10 f   core.obj
 0001:00000f30       ?fix_amethyst_crexpmod@@YAXXZ 10001f30 f   core.obj
 0001:000010e0       ?install_CrState@@YAXXZ    100020e0 f   core.obj
 0001:00001160       ?set_erm_limits@@YAXXZ     10002160 f   core.obj
 0001:000011d0       ___local_stdio_printf_options 100021d0 f i core.obj
 0001:000011e0       __vsnprintf_l              100021e0 f i core.obj
 0001:00001230       __vsprintf_l               10002230 f i core.obj
 0001:00001250       _sprintf                   10002250 f i core.obj
 0001:00001290       ?creexpo1024@@YAXXZ        10002290 f   creexpo1024.obj
 0001:000018d0       ??$StructAt@UH3Main@h3@@@h3@@YAPAUH3Main@0@I@Z 100028d0 f i dllmain.obj
 0001:000018e0       ??0exception@std@@QAE@ABV01@@Z 100028e0 f i dllmain.obj
 0001:00001920       ??1exception@std@@UAE@XZ   10002920 f i dllmain.obj
 0001:00001950       ??_Eexception@std@@UAEPAXI@Z 10002950 f i dllmain.obj
 0001:00001950       ??_Gexception@std@@UAEPAXI@Z 10002950 f i dllmain.obj
 0001:00001980       ?Block_Redirection@@YGXPAUTEvent@Era@@@Z 10002980 f   dllmain.obj
 0001:00001a30       ?ConnectEra@Era@@YAXXZ     10002a30 f   dllmain.obj
 0001:00001dd0       ?Daily_Res@@YGXPAUTEvent@Era@@@Z 10002dd0 f   dllmain.obj
 0001:00002200       ?Fix_Random_Creature_Generation@@YGXPAUTEvent@Era@@@Z 10003200 f   dllmain.obj
 0001:00002280       ?Get@H3Main@h3@@SAPAU12@XZ 10003280 f i dllmain.obj
 0001:000022a0       ?GetPatcher@@YAPAVPatcher@@XZ 100032a0 f i dllmain.obj
 0001:00002300       ?InitMainConfig@@YAXPAD@Z  10003300 f   dllmain.obj
 0001:00002570       ?MonsterRandomGeneration2@@YAXXZ 10003570 f   dllmain.obj
 0001:00002590       ?MonsterRandomGeneration@@YAXXZ 10003590 f   dllmain.obj
 0001:000025b0       ?ReloadExperienceConfig2@@YGXXZ 100035b0 f   dllmain.obj
 0001:00002650       ?RestoreData@@YGXPAUTEvent@Era@@@Z 10003650 f   dllmain.obj
 0001:000026a0       ?ShareStatsEvent@@YGXPAUTEvent@Era@@@Z 100036a0 f   dllmain.obj
 0001:00002770       ?StoreData@@YGXPAUTEvent@Era@@@Z 10003770 f   dllmain.obj
 0001:000027c0       ?battle_late_begin@@YGXPAUTEvent@Era@@@Z 100037c0 f   dllmain.obj
 0001:00002860       ?battle_start_event@@YGXPAUTEvent@Era@@@Z 10003860 f   dllmain.obj
 0001:000028a0       ?begin@?$H3Vector@UH3Town@h3@@@h3@@QAEPAUH3Town@2@XZ 100038a0 f i dllmain.obj
 0001:000028c0       ?drop_html_creature_list@@YGXPAUTEvent@Era@@@Z 100038c0 f   dllmain.obj
 0001:000028e0       ?end@?$H3Vector@UH3Town@h3@@@h3@@QAEPAUH3Town@2@XZ 100038e0 f i dllmain.obj
 0001:00002900       ?fix_vanilla_creatures@@YGXPAUTEvent@Era@@@Z 10003900 f   dllmain.obj
 0001:00002aa0       ?hook_005A7A5A@@YGHPAVLoHook@@PAUHookContext@@@Z 10003aa0 f   dllmain.obj
 0001:00002b30       ?hook_ecx_batman_dialogue_fix@@YGHPAVLoHook@@PAUHookContext@@@Z 10003b30 f   dllmain.obj
 0001:00002b60       ?hook_ecx_batman_fix@@YGHPAVLoHook@@PAUHookContext@@@Z 10003b60 f   dllmain.obj
 0001:00002b80       ?hook_esi_batman_fix@@YGHPAVLoHook@@PAUHookContext@@@Z 10003b80 f   dllmain.obj
 0001:00002ba0       ?install_CrState@@YGXPAUTEvent@Era@@@Z 10003ba0 f   dllmain.obj
 0001:00002bc0       ?load_things_late@@YGXPAUTEvent@Era@@@Z 10003bc0 f   dllmain.obj
 0001:00002ca0       ?strstr@@YAPADQADQBD@Z     10003ca0 f i dllmain.obj
 0001:00002cc0       ?what@exception@std@@UBEPBDXZ 10003cc0 f i dllmain.obj
 0001:00002cf0       _DllMain@12                10003cf0 f   dllmain.obj
 0001:00002e50       ?drop_html_creature_list@@YAXPBD@Z 10003e50 f   DropHtml.obj
 0001:00002f10       __vfprintf_l               10003f10 f i DropHtml.obj
 0001:00002f40       _fprintf                   10003f40 f i DropHtml.obj
 0001:00002f80       ?GameMgr_GetRandMonster_ByLevel@@YGHPAVHiHook@@PAXHH@Z 10003f80 f   GameMgr_GetRandMonster_ByLevel.obj
 0001:00003110       ?v_MsgBox@@YAXPADH@Z       10004110 f i GameMgr_GetRandMonster_ByLevel.obj
 0001:00003140       ?MiscCreatureHooks_apply@@YAXXZ 10004140 f   MiscCreatureHooks.obj
 0001:00003180       ?MiscCreatureHooks_apply_strings@@YAXXZ 10004180 f   MiscCreatureHooks.obj
 0001:00003210       ?hook_UN_G1_reset@@YGHPAVLoHook@@PAUHookContext@@@Z 10004210 f   MiscCreatureHooks.obj
 0001:000032d0       ?hook_UN_G1_set@@YGHPAVLoHook@@PAUHookContext@@@Z 100042d0 f   MiscCreatureHooks.obj
 0001:000033a0       ?M2B_CheckPosCode@@YAHHH@Z 100043a0 f   Summon.obj
 0001:000033f0       ?M2B_FindPos@@YAHHPAH0@Z   100043f0 f   Summon.obj
 0001:00003470       ?M2B_GetPosCode@@YAHHH@Z   10004470 f   Summon.obj
 0001:00003590       ?MakeDalionsGuards@@YGXPAE0H@Z 10004590 f   Summon.obj
 0001:000035d0       ?MakeMonGuards@@YAXPAE0HH@Z 100045d0 f   Summon.obj
 0001:00003850       ?MakeMonGuards_proxy@0@YAXXZ 10004850 f   Summon.obj
 0001:000038c0       ?MakeSGGuards_unstack@@YAXPAE0H@Z 100048c0 f   Summon.obj
 0001:000038c0       ?PEr__Del@@YAXXZ           100048c0 f   Summon.obj
 0001:000038d0       ?SammonCreature@@YAPAEHHHHHH@Z 100048d0 f   Summon.obj
 0001:00003900       ?SammonCreatureEx@@YAPAEHHHHHHH@Z 10004900 f   Summon.obj
 0001:00003990       ?Spell_1_mode_exact_expert@@YAXXZ 10004990 f   tables.obj
 0001:000039c0       ?Spell_1_mode_exact@@YAXXZ 100049c0 f   tables.obj
 0001:000039f0       ?Spell_1_mode_exact_twice@@YAXXZ 100049f0 f   tables.obj
 0001:00003a50       ?Spell_1_mode_elemental@@YAXXZ 10004a50 f   tables.obj
 0001:00003ab0       ?Spell_1_mode_Heavenly_Inspiration@@YAXXZ 10004ab0 f   tables.obj
 0001:00003b40       ?Spell_1_mode_enchant@@YAXXZ 10004b40 f   tables.obj
 0001:00003c10       ?Spell_1_mode_enchant_minor@@YAXXZ 10004c10 f   tables.obj
 0001:00003cc0       ?Spell_1_mode_enchant_major@@YAXXZ 10004cc0 f   tables.obj
 0001:00003db0       ?Spell_1_mode_rush@@YAXXZ  10004db0 f   tables.obj
 0001:00003e60       ?Spell_1_mode_1_extended@@YAXXZ 10004e60 f   tables.obj
 0001:00003f40       ?Spell_1_mode_Dragon_Will@@YAXXZ 10004f40 f   tables.obj
 0001:00004040       ?Spell_1_mode_overclock@@YAXXZ 10005040 f   tables.obj
 0001:00004140       ?Spell_1_mode_repair_and_overclock@@YAXXZ 10005140 f   tables.obj
 0001:000041c0       ?Spell_2_raise_undead@@YAXXZ 100051c0 f   tables.obj
 0001:00004230       ?Spell_2_repair_constructs@@YAXXZ 10005230 f   tables.obj
 0001:000042f0       ?Spell_2_gate_infernals@@YAXXZ 100052f0 f   tables.obj
 0001:00004360       ?Spell_2_damage_spell@@YAXXZ 10005360 f   tables.obj
 0001:000043d0       ?Spell_2_FriendlyNonDragons@@YAXXZ 100053d0 f   tables.obj
 0001:00004410       ?Spell_2_FriendlyConstructs@@YAXXZ 10005410 f   tables.obj
 0001:00004460       ?Spell_3_debuff@@YAXXZ     10005460 f   tables.obj
 0001:00004490       ?Spell_3_custom_buff@@YAXXZ 10005490 f   tables.obj
 0001:000044c0       ?resistance_dwarf60@@YAXXZ 100054c0 f   tables.obj
 0001:000044f0       ?resistance_dwarf80@@YAXXZ 100054f0 f   tables.obj
 0001:00004520       ?resistance_dwarf100@@YAXXZ 10005520 f   tables.obj
 0001:00004550       ?resistance_level_1@@YAXXZ 10005550 f   tables.obj
 0001:00004570       ?resistance_level_1_2@@YAXXZ 10005570 f   tables.obj
 0001:00004590       ?resistance_speed@@YAXXZ   10005590 f   tables.obj
 0001:000045c0       ?resistance_toxic@@YAXXZ   100055c0 f   tables.obj
 0001:000045f0       ?resistance_will@@YAXXZ    100055f0 f   tables.obj
 0001:00004620       ?resistance_no_eyes@@YAXXZ 10005620 f   tables.obj
 0001:00004640       ?resistance_mass_damage@@YAXXZ 10005640 f   tables.obj
 0001:00004660       ?resistance_to_dispel@@YAXXZ 10005660 f   tables.obj
 0001:00004680       ?resistance_to_debuff@@YAXXZ 10005680 f   tables.obj
 0001:000046f0       ?vulnerability_125@@YAXXZ  100056f0 f   tables.obj
 0001:00004710       ?vulnerability_150@@YAXXZ  10005710 f   tables.obj
 0001:00004720       ?vulnerability_200@@YAXXZ  10005720 f   tables.obj
 0001:00004730       ?vulnerability_300@@YAXXZ  10005730 f   tables.obj
 0001:00004740       ?vulnerability_400@@YAXXZ  10005740 f   tables.obj
 0001:00004760       ?vulnerability_500@@YAXXZ  10005760 f   tables.obj
 0001:00004780       ?vulnerability_600@@YAXXZ  10005780 f   tables.obj
 0001:000047a0       ?vulnerability_700@@YAXXZ  100057a0 f   tables.obj
 0001:000047c0       ?vulnerability_900@@YAXXZ  100057c0 f   tables.obj
 0001:000047e0       ?AI_Battle_GetStackCustomBuffValue@@YADPAXHPAHH@Z 100057e0 f   tables.obj
 0001:00004ae0       ?AI_Battle_GetStackDeBuffValue@@YADPAXHPAHH@Z 10005ae0 f   tables.obj
 0001:00004df0       ?AlwaysPositiveLuck2@@YAXXZ 10005df0 f   tables.obj
 0001:00004e10       ?AlwaysPositiveLuck3@@YAXXZ 10005e10 f   tables.obj
 0001:00004e30       ?AlwaysPositiveLuck@@YAXXZ 10005e30 f   tables.obj
 0001:00004e80       ?AlwaysPositiveMorale2@@YAXXZ 10005e80 f   tables.obj
 0001:00004ea0       ?AlwaysPositiveMorale3@@YAXXZ 10005ea0 f   tables.obj
 0001:00004ec0       ?AlwaysPositiveMorale@@YAXXZ 10005ec0 f   tables.obj
 0001:00004ee0       ?AmmoCart_43F718_Hook@@YAXXZ 10005ee0 f   tables.obj
 0001:00004f00       ?Ang1@@YAXXZ               10005f00 f   tables.obj
 0001:00004f90       ?Ang2@@YAXXZ               10005f90 f   tables.obj
 0001:00004ff0       ?AngDem1@@YAXXZ            10005ff0 f   tables.obj
 0001:00005030       ?AngDem2@@YAXXZ            10006030 f   tables.obj
 0001:00005180       ?AngDem3@@YAXXZ            10006180 f   tables.obj
 0001:000052d0       ?AngDem4@@YAXXZ            100062d0 f   tables.obj
 0001:00005320       ?AngDem5@@YAXXZ            10006320 f   tables.obj
 0001:00005410       ?Angel4_004482D3@@YAXXZ    10006410 f   tables.obj
 0001:00005470       ?ApplySharedStats@@YAXHH@Z 10006470 f   tables.obj
 0001:000054a0       ?Before_Melee@@YAXXZ       100064a0 f   tables.obj
 0001:000054c0       ?Before_strike@@YAXXZ      100064c0 f   tables.obj
 0001:000055b0       ?CheckCreature2Leave_hook@@YGHPAVHiHook@@H@Z 100065b0 f   tables.obj
 0001:00005600       ?CounterStrike2@@YAXXZ     10006600 f   tables.obj
 0001:00005640       ?CounterStrike@@YAXXZ      10006640 f   tables.obj
 0001:00005680       ?CrExpBon_DwarfResistFriendly_WoG_hook@@YGHPAVHiHook@@HHH@Z 10006680 f   tables.obj
 0001:000056d0       ?CreateAdditionalTables@@YAXXZ 100066d0 f   tables.obj
 0001:000072c0       ?DeathBlow@@YAXXZ          100082c0 f   tables.obj
 0001:00007300       ?DeathBlowCorrect@@YAXXZ   10008300 f   tables.obj
 0001:00007320       ?Dem1@@YAXXZ               10008320 f   tables.obj
 0001:00007340       ?Dem2@@YAXXZ               10008340 f   tables.obj
 0001:00007440       ?Dem3@@YAXXZ               10008440 f   tables.obj
 0001:00007460       ?Dem4@@YAXXZ               10008460 f   tables.obj
 0001:000074f0       ?Dem5@@YAXXZ               100084f0 f   tables.obj
 0001:00007510       ?Dem6@@YAXXZ               10008510 f   tables.obj
 0001:00007530       ?Demon2@@YAXXZ             10008530 f   tables.obj
 0001:00007560       ?Demon3@@YAXXZ             10008560 f   tables.obj
 0001:00007580       ?Demon@@YAXXZ              10008580 f   tables.obj
 0001:000075a0       ?Dlg_RecruitMonster_Hook_5502EE@@YAXXZ 100085a0 f   tables.obj
 0001:000075d0       ?ERM2String@@YAPADPADHPAH@Z 100085d0 f i tables.obj
 0001:000075f0       ?Fear@@YAXXZ               100085f0 f   tables.obj
 0001:00007630       ?Fearless@@YAXXZ           10008630 f   tables.obj
 0001:00007670       ?FileExists@@YA_NPBD@Z     10008670 f i tables.obj
 0001:000076a0       ?FillTables@@YAXXZ         100086a0 f   tables.obj
 0001:00007760       ?Firewall_byte@@YAXXZ      10008760 f   tables.obj
 0001:00007780       ?Gate2@@YAXXZ              10008780 f   tables.obj
 0001:000077c0       ?GetFireShield@@YGHHPAH@Z  100087c0 f   tables.obj
 0001:00007800       ?GetShotType@@YIHHPAH@Z    10008800 f   tables.obj
 0001:00007820       ?Hate_Hook_766DFF@@YAXXZ   10008820 f   tables.obj
 0001:00007910       ?Hill_Fort_47AA50_Hook@@YAXXZ 10008910 f   tables.obj
 0001:00007930       ?ImmunToJoustingBonus@@YAXXZ 10008930 f   tables.obj
 0001:00007950       ?ImposedSpells1@@YAXXZ     10008950 f   tables.obj
 0001:00007960       ?ImposedSpells2@@YAXXZ     10008960 f   tables.obj
 0001:00007970       ?ImposedSpellsGeneral@@YAXXZ 10008970 f   tables.obj
 0001:000079b0       ?Index@H3CombatCreature@h3@@QBEHXZ 100089b0 f i tables.obj
 0001:000079d0       ?IsAngel3_Minus@@YAXXZ     100089d0 f   tables.obj
 0001:00007a30       ?JoustingBonus@@YAXXZ      10008a30 f   tables.obj
 0001:00007a60       ?LoadCreatureConfig@@YAXH@Z 10008a60 f   tables.obj
 0001:00007b70       ?MagicAura@@YAXXZ          10008b70 f   tables.obj
 0001:00007b90       ?MagicChannel@@YAXXZ       10008b90 f   tables.obj
 0001:00007bb0       ?MagicMirror@@YAXXZ        10008bb0 f   tables.obj
 0001:00007bd0       ?ManaDrain2@@YAXXZ         10008bd0 f   tables.obj
 0001:00007bf0       ?ManaDrainPlus@@YAXXZ      10008bf0 f   tables.obj
 0001:00007c20       ?NPCDeathStare_hook@@YGHPAVHiHook@@HH@Z 10008c20 f   tables.obj
 0001:00007c60       ?NoWallPenalty@@YAXXZ      10008c60 f   tables.obj
 0001:00007c80       ?Passive_474541_Hook@@YAXXZ 10008c80 f   tables.obj
 0001:00007ca0       ?Push@HookContext@@QAEXH@Z 10008ca0 f i tables.obj
 0001:00007cd0       ?Regeneration@@YAXXZ       10008cd0 f   tables.obj
 0001:00007d00       ?ResetAdditionalTables_BattleOnly@@YAXXZ 10008d00 f   tables.obj
 0001:00007ef0       ?ResistanceHook@@YGNPAVHiHook@@HHPAUHERO@@1@Z 10008ef0 f   tables.obj
 0001:00007f70       ?SantaFixPlus@@YAXXZ       10008f70 f   tables.obj
 0001:00007fa0       ?Sharpshooters@@YAXXZ      10008fa0 f   tables.obj
 0001:00007fc0       ?ShootAnyTime2@@YGDH@Z     10008fc0 f   tables.obj
 0001:00008040       ?ShootAnyTime@@YGDH@Z      10009040 f   tables.obj
 0001:000080c0       ?Spells3@@YAXXZ            100090c0 f   tables.obj
 0001:000080f0       ?Spells4@@YAXXZ            100090f0 f   tables.obj
 0001:00008120       ?SpellsCostDump@@YAXXZ     10009120 f   tables.obj
 0001:00008150       ?SpellsCostLess@@YAXXZ     10009150 f   tables.obj
 0001:000081a0       ?ThreeHeadedAttack2@@YAXXZ 100091a0 f   tables.obj
 0001:000081c0       ?ThreeHeadedAttack@@YAXXZ  100091c0 f   tables.obj
 0001:000081e0       ?WoG_CastSpell_Monster@@YAXHHHHHH@Z 100091e0 f   tables.obj
 0001:000082b0       ?f41ED5A_Hook@@YAXXZ       100092b0 f   tables.obj
 0001:000082e0       ?f4225D6_Hook@@YAXXZ       100092e0 f   tables.obj
 0001:00008300       ?f43F72C_Hook@@YAXXZ       10009300 f   tables.obj
 0001:00008330       ?f442E61_Hook@@YAXXZ       10009330 f   tables.obj
 0001:00008350       ?f_4650dd_Hook@@YAXXZ      10009350 f   tables.obj
 0001:00008380       ?f_756B1F_Hook@@YAXXZ      10009380 f   tables.obj
 0001:000083b0       ?f_75C96C_Hook@@YAXXZ      100093b0 f   tables.obj
 0001:000083e0       ?fun_4E609E_Rogue_Hook@@YAXXZ 100093e0 f   tables.obj
 0001:00008410       ?get_can_gate@@YAXXZ       10009410 f   tables.obj
 0001:00008570       ?get_raise_undead@@YAXXZ   10009570 f   tables.obj
 0001:00008710       ?get_repair_constructs@@YAXXZ 10009710 f   tables.obj
 0001:000088f0       ?harpy_hook_0075E063@@YGHPAVLoHook@@PAUHookContext@@@Z 100098f0 f   tables.obj
 0001:00008950       ?harpy_hook_00762940@@YGHPAVLoHook@@PAUHookContext@@@Z 10009950 f   tables.obj
 0001:000089c0       ?has_wog_resist@@YA_NPBDH@Z 100099c0 f   tables.obj
 0001:00008cf0       ?hook_00440245@@YGHPAVLoHook@@PAUHookContext@@@Z 10009cf0 f   tables.obj
 0001:00008d40       ?hook_00440BDB@@YGHPAVLoHook@@PAUHookContext@@@Z 10009d40 f   tables.obj
 0001:00008d90       ?hook_004470B5_Demonology@@YGHPAVLoHook@@PAUHookContext@@@Z 10009d90 f   tables.obj
 0001:00008df0       ?hook_004755E7@@YAXXZ      10009df0 f   tables.obj
 0001:00008e10       ?hook_004E6307@@YAXXZ      10009e10 f   tables.obj
 0001:00008e30       ?hook_005A03A8@@YGHPAVLoHook@@PAUHookContext@@@Z 10009e30 f   tables.obj
 0001:00008eb0       ?isAmmoCart_on_BF@@YAXXZ   10009eb0 f   tables.obj
 0001:00008f10       ?shooting_resistance_hook@@YAHPAEH@Z 10009f10 f   tables.obj
 0001:000090f0       ?zShootAnyTime@@YAHPAE@Z   1000a0f0 f   tables.obj
 0001:00009100       ?z_756BA0_hook@@YGHPAVLoHook@@PAUHookContext@@@Z 1000a100 f   tables.obj
 0001:00009130       ?z_Hook_004403A7@@YGHPAVLoHook@@PAUHookContext@@@Z 1000a130 f   tables.obj
 0001:00009180       ?z_Hook_00443E36@@YGHPAVLoHook@@PAUHookContext@@@Z 1000a180 f   tables.obj
 0001:00009310       ?z_Hook_00479231@@YGHPAVLoHook@@PAUHookContext@@@Z 1000a310 f   tables.obj
 0001:00009480       ?z_Hook_00492A7D@@YGHPAVLoHook@@PAUHookContext@@@Z 1000a480 f   tables.obj
 0001:000094b0       ?z_Hook_after_melee@@YGHPAVLoHook@@PAUHookContext@@@Z 1000a4b0 f   tables.obj
 0001:00009730       ?z_Hook_after_shot@@YGHPAVLoHook@@PAUHookContext@@@Z 1000a730 f   tables.obj
 0001:000099a0       ?z_hook_0046453E@@YGHPAVLoHook@@PAUHookContext@@@Z 1000a9a0 f   tables.obj
 0001:00009c20       ?z_hook_004645BA@@YGHPAVLoHook@@PAUHookContext@@@Z 1000ac20 f   tables.obj
 0001:00009d20       ?z_hook_00478C9E@@YGHPAVLoHook@@PAUHookContext@@@Z 1000ad20 f   tables.obj
 0001:00009d80       ?z_hook_0071CC52@@YGHPAVLoHook@@PAUHookContext@@@Z 1000ad80 f   tables.obj
 0001:00009e30       ?z_hook_0075642C@@YGHPAVLoHook@@PAUHookContext@@@Z 1000ae30 f   tables.obj
 0001:00009ec0       ?z_hook_00756D06@@YGHPAVLoHook@@PAUHookContext@@@Z 1000aec0 f   tables.obj
 0001:00009f00       ?z_hook_0075F840@@YGHPAVLoHook@@PAUHookContext@@@Z 1000af00 f   tables.obj
 0001:00009fa0       ?z_hook_00760412@@YGHPAVLoHook@@PAUHookContext@@@Z 1000afa0 f   tables.obj
 0001:00009fe0       ?z_hook_007609E0@@YGHPAVLoHook@@PAUHookContext@@@Z 1000afe0 f   tables.obj
 0001:0000a020       _ChangeCreatureTable       1000b020 f   tables.obj
 0001:0000c530       _Creature2Artifact         1000d530 f   tables.obj
 0001:0000c550       _Creature2Artifact_2       1000d550 f   tables.obj
 0001:0000c570       _InitNecromancy15          1000d570 f   tables.obj
 0001:0000c660       ___local_stdio_scanf_options 1000d660 f i tables.obj
 0001:0000c670       __hasSantaGuards           1000d670 f   tables.obj
 0001:0000c680       __vfscanf_l                1000d680 f i tables.obj
 0001:0000c6b0       _check_harpy               1000d6b0 f   tables.obj
 0001:0000c700       _fscanf                    1000d700 f i tables.obj
 0001:0000c740       _isCreatureConstruct       1000d740 f   tables.obj
 0001:0000c780       _isReceptive               1000d780 f   tables.obj
 0001:0000c78f       @__security_check_cookie@4 1000d78f f   LIBCMT:secchk.obj
 0001:0000c79d       ??3@YAXPAXI@Z              1000d79d f   LIBCMT:delete_scalar_size.obj
 0001:0000c7ab       ??_Etype_info@@UAEPAXI@Z   1000d7ab f i LIBCMT:std_type_info_static.obj
 0001:0000c7ab       ??_Gtype_info@@UAEPAXI@Z   1000d7ab f i LIBCMT:std_type_info_static.obj
 0001:0000c7ce       ___raise_securityfailure   1000d7ce f   LIBCMT:gs_report.obj
 0001:0000c7f6       ___report_gsfailure        1000d7f6 f   LIBCMT:gs_report.obj
 0001:0000c8f0       ___report_rangecheckfailure 1000d8f0 f   LIBCMT:gs_report.obj
 0001:0000c8fc       ___report_securityfailure  1000d8fc f   LIBCMT:gs_report.obj
 0001:0000cd0b       __DllMainCRTStartup@12     1000dd0b f   LIBCMT:dll_dllmain.obj
 0001:0000cd2e       ??3@YAXPAX@Z               1000dd2e f   LIBCMT:delete_scalar.obj
 0001:0000cd80       ___security_init_cookie    1000dd80 f   LIBCMT:gs_support.obj
 0001:0000cdcb       ?__scrt_initialize_type_info@@YAXXZ 1000ddcb f   LIBCMT:tncleanup.obj
 0001:0000cdd7       ?__scrt_uninitialize_type_info@@YAXXZ 1000ddd7 f   LIBCMT:tncleanup.obj
 0001:0000cde3       ___scrt_initialize_default_local_stdio_options 1000dde3 f   LIBCMT:default_local_stdio_options.obj
 0001:0000ce44       ___scrt_acquire_startup_lock 1000de44 f   LIBCMT:utility.obj
 0001:0000ce76       ___scrt_dllmain_after_initialize_c 1000de76 f   LIBCMT:utility.obj
 0001:0000cea1       ___scrt_dllmain_before_initialize_c 1000dea1 f   LIBCMT:utility.obj
 0001:0000ceaf       ___scrt_dllmain_crt_thread_attach 1000deaf f   LIBCMT:utility.obj
 0001:0000cece       ___scrt_dllmain_crt_thread_detach 1000dece f   LIBCMT:utility.obj
 0001:0000cedb       ___scrt_dllmain_exception_filter 1000dedb f   LIBCMT:utility.obj
 0001:0000cf0f       ___scrt_dllmain_uninitialize_c 1000df0f f   LIBCMT:utility.obj
 0001:0000cf32       ___scrt_dllmain_uninitialize_critical 1000df32 f   LIBCMT:utility.obj
 0001:0000cf3f       ___scrt_initialize_crt     1000df3f f   LIBCMT:utility.obj
 0001:0000cf78       ___scrt_initialize_onexit_tables 1000df78 f   LIBCMT:utility.obj
 0001:0000cfff       ___scrt_is_nonwritable_in_current_image 1000dfff f   LIBCMT:utility.obj
 0001:0000d093       ___scrt_release_startup_lock 1000e093 f   LIBCMT:utility.obj
 0001:0000d0b0       ___scrt_uninitialize_crt   1000e0b0 f   LIBCMT:utility.obj
 0001:0000d0d8       ___scrt_get_dyn_tls_init_callback 1000e0d8 f   LIBCMT:dyn_tls_init.obj
 0001:0000d0de       ___scrt_fastfail           1000e0de f   LIBCMT:utility_desktop.obj
 0001:0000d1f3       __crt_debugger_hook        1000e1f3 f   LIBCMT:utility_desktop.obj
 0001:0000d1fb       __RTC_Initialize           1000e1fb f   LIBCMT:initsect.obj
 0001:0000d227       __RTC_Terminate            1000e227 f   LIBCMT:initsect.obj
 0001:0000d260       __SEH_prolog4              1000e260 f   LIBCMT:sehprolg4.obj
 0001:0000d2a5       @_guard_check_icall_nop@4  1000e2a5 f i LIBCMT:guard_support.obj
 0001:0000d2a8       ___isa_available_init      1000e2a8 f   LIBCMT:cpu_disp.obj
 0001:0000d47c       __get_startup_argv_mode    1000e47c f   LIBCMT:argv_mode.obj
 0001:0000d480       ___scrt_is_ucrt_dll_in_use 1000e480 f   LIBCMT:ucrt_detection.obj
 0001:0000d490       _memcpy                    1000e490 f   libvcruntime:memcpy.obj
 0001:0000d490       _memmove                   1000e490 f   libvcruntime:memmove.obj
 0001:0000da10       _strstr                    1000ea10 f   libvcruntime:strstr.obj
 0001:0000dc7b       ___std_exception_copy      1000ec7b f   libvcruntime:std_exception.obj
 0001:0000dcde       ___std_exception_destroy   1000ecde f   libvcruntime:std_exception.obj
 0001:0000dcfd       __CxxThrowException@8      1000ecfd f   libvcruntime:throw.obj
 0001:0000dd69       ?GetRangeOfTrysToCheck@__FrameHandler3@@SA?AU?$pair@Viterator@TryBlockMap@__FrameHandler3@@V123@@std@@AAVTryBlockMap@1@HPAXPBU_s_FuncInfo@@H@Z 1000ed69 f   libvcruntime:trnsctrl.obj
 0001:0000ddd8       ?_CallCatchBlock2@@YAPAXPAUEHRegistrationNode@@PBU_s_FuncInfo@@PAXHK@Z 1000edd8 f   libvcruntime:trnsctrl.obj
 0001:0000de35       ?_CallSETranslator@@YAHPAUEHExceptionRecord@@PAUEHRegistrationNode@@PAX2PBU_s_FuncInfo@@H1@Z 1000ee35 f   libvcruntime:trnsctrl.obj
 0001:0000df25       ?_JumpToContinuation@@YGXPAXPAUEHRegistrationNode@@@Z 1000ef25 f   libvcruntime:trnsctrl.obj
 0001:0000df55       ?_UnwindNestedFrames@@YGXPAUEHRegistrationNode@@PAUEHExceptionRecord@@@Z 1000ef55 f   libvcruntime:trnsctrl.obj
 0001:0000dfa8       __CatchGuardHandler        1000efa8 f   libvcruntime:trnsctrl.obj
 0001:0000dfd9       __CreateFrameInfo          1000efd9 f   libvcruntime:trnsctrl.obj
 0001:0000dffd       __FindAndUnlinkFrame       1000effd f   libvcruntime:trnsctrl.obj
 0001:0000e045       __TranslatorGuardHandler   1000f045 f   libvcruntime:trnsctrl.obj
 0001:0000e0e2       ___CxxFrameHandler3        1000f0e2 f   libvcruntime:trnsctrl.obj
 0001:0000e120       _memset                    1000f120 f   libvcruntime:memset.obj
 0001:0000e2c0       __except_handler4          1000f2c0 f   libvcruntime:chandler4.obj
 0001:0000e41e       ___std_type_info_compare   1000f41e f   libvcruntime:std_type_info.obj
 0001:0000e45a       ___std_type_info_destroy_list 1000f45a f   libvcruntime:std_type_info.obj
 0001:0000e47d       ___vcrt_initialize         1000f47d f   libvcruntime:initialization.obj
 0001:0000e49c       ___vcrt_thread_attach      1000f49c f   libvcruntime:initialization.obj
 0001:0000e4a7       ___vcrt_thread_detach      1000f4a7 f   libvcruntime:initialization.obj
 0001:0000e4af       ___vcrt_uninitialize       1000f4af f   libvcruntime:initialization.obj
 0001:0000e4c6       ___vcrt_uninitialize_critical 1000f4c6 f   libvcruntime:initialization.obj
 0001:0000e4ce       ___DestructExceptionObject 1000f4ce f   libvcruntime:ehhelpers.obj
 0001:0000e56f       ?_CallMemberFunction0@@YGXQAX0@Z 1000f56f f i libvcruntime:ehhelpers.obj
 0001:0000e5d4       __IsExceptionObjectToBeDestroyed 1000f5d4 f   libvcruntime:ehhelpers.obj
 0001:0000e5fa       ___AdjustPointer           1000f5fa f   libvcruntime:ehhelpers.obj
 0001:0000e61f       ___FrameUnwindFilter       1000f61f f   libvcruntime:ehhelpers.obj
 0001:0000e675       ___std_terminate           1000f675 f   libvcruntime:ehhelpers.obj
 0001:0000e680       _strchr                    1000f680 f   libvcruntime:strchr.obj
 0001:0000e6ee       ___from_strstr_to_strchr   1000f6ee     libvcruntime:strchr.obj
 0001:0000e7ab       ___vcrt_freefls@4          1000f7ab f   libvcruntime:per_thread_data.obj
 0001:0000e7c7       ___vcrt_freeptd_for_this_thread 1000f7c7 f   libvcruntime:per_thread_data.obj
 0001:0000e7f2       ___vcrt_getptd             1000f7f2 f   libvcruntime:per_thread_data.obj
 0001:0000e800       ___vcrt_getptd_noexit      1000f800 f   libvcruntime:per_thread_data.obj
 0001:0000e892       ___vcrt_initialize_ptd     1000f892 f   libvcruntime:per_thread_data.obj
 0001:0000e8c5       ___vcrt_uninitialize_ptd   1000f8c5 f   libvcruntime:per_thread_data.obj
 0001:0000f012       ??$TypeMatchHelper@V__FrameHandler3@@@@YAHPBU_s_HandlerType@@PBU_s_CatchableType@@PBU_s_ThrowInfo@@@Z 10010012 f i libvcruntime:frame.obj
 0001:0000f0a0       ??$__InternalCxxFrameHandler@V__FrameHandler3@@@@YA?AW4_EXCEPTION_DISPOSITION@@PAUEHExceptionRecord@@PAUEHRegistrationNode@@PAU_CONTEXT@@PAXPBU_s_FuncInfo@@H1E@Z 100100a0 f i libvcruntime:frame.obj
 0001:0000f1a2       ??$__InternalCxxFrameHandlerWrapper@V__FrameHandler3@@@@YA?AW4_EXCEPTION_DISPOSITION@@PAUEHExceptionRecord@@PAUEHRegistrationNode@@PAU_CONTEXT@@PAXPBU_s_FuncInfo@@H1E@Z 100101a2 f i libvcruntime:frame.obj
 0001:0000f1ab       ??0bad_exception@std@@QAE@ABV01@@Z 100101ab f i libvcruntime:frame.obj
 0001:0000f1c6       ??0bad_exception@std@@QAE@XZ 100101c6 f i libvcruntime:frame.obj
 0001:0000f1de       ??1bad_exception@std@@UAE@XZ 100101de f i libvcruntime:frame.obj
 0001:0000f1ef       ??8type_info@@QBE_NABV0@@Z 100101ef f i libvcruntime:frame.obj
 0001:0000f20e       ??_Ebad_exception@std@@UAEPAXI@Z 1001020e f i libvcruntime:frame.obj
 0001:0000f20e       ??_Gbad_exception@std@@UAEPAXI@Z 1001020e f i libvcruntime:frame.obj
 0001:0000f493       ?FrameUnwindToEmptyState@__FrameHandler3@@SAXPAUEHRegistrationNode@@PAXPBU_s_FuncInfo@@@Z 10010493 f   libvcruntime:frame.obj
 0001:0000f4ab       ?FrameUnwindToState@__FrameHandler3@@SAXPAUEHRegistrationNode@@PAXPBU_s_FuncInfo@@H@Z 100104ab f   libvcruntime:frame.obj
 0001:0000f62d       ?_CallMemberFunction1@@YGXQAX00@Z 1001062d f i libvcruntime:frame.obj
 0001:0000f63d       ?_CallMemberFunction2@@YGXQAX00H@Z 1001063d f i libvcruntime:frame.obj
 0001:0000f650       ?getESTypes@__FrameHandler3@@SAPBU_s_ESTypeList@@PBU_s_FuncInfo@@@Z 10010650 f i libvcruntime:frame.obj
 0001:0000f660       __CallSettingFrame@12      10010660 f   libvcruntime:lowhelpr.obj
 0001:0000f687       __NLG_Return               10010687     libvcruntime:lowhelpr.obj
 0001:0000f6ac       ___except_validate_context_record 100106ac f   libvcruntime:jbcxrval.obj
 0001:0000f6e0       __local_unwind4            100106e0 f   libvcruntime:exsup4.obj
 0001:0000f7d0       @_EH4_CallFilterFunc@8     100107d0 f   libvcruntime:exsup4.obj
 0001:0000f7f0       @_EH4_TransferToHandler@8  100107f0 f   libvcruntime:exsup4.obj
 0001:0000f810       @_EH4_GlobalUnwind2@8      10010810 f   libvcruntime:exsup4.obj
 0001:0000f830       @_EH4_LocalUnwind@16       10010830 f   libvcruntime:exsup4.obj
 0001:0000f847       ___vcrt_initialize_locks   10010847 f   libvcruntime:locks.obj
 0001:0000f883       ___vcrt_uninitialize_locks 10010883 f   libvcruntime:locks.obj
 0001:0000f99d       ___vcrt_FlsAlloc           1001099d f   libvcruntime:winapi_downlevel.obj
 0001:0000f9d8       ___vcrt_FlsFree            100109d8 f   libvcruntime:winapi_downlevel.obj
 0001:0000fa13       ___vcrt_FlsGetValue        10010a13 f   libvcruntime:winapi_downlevel.obj
 0001:0000fa4e       ___vcrt_FlsSetValue        10010a4e f   libvcruntime:winapi_downlevel.obj
 0001:0000fa8c       ___vcrt_InitializeCriticalSectionEx 10010a8c f   libvcruntime:winapi_downlevel.obj
 0001:0000fad3       _unexpected                10010ad3 f   libvcruntime:unexpected.obj
 0001:0000faf0       ?GetCurrentState@__FrameHandler3@@SAHPAUEHRegistrationNode@@PAXPBU_s_FuncInfo@@@Z 10010af0 f   libvcruntime:ehstate.obj
 0001:0000fb0d       ?SetState@__FrameHandler3@@SAXPAUEHRegistrationNode@@PBU_s_FuncInfo@@H@Z 10010b0d f   libvcruntime:ehstate.obj
 0001:0000fb20       __NLG_Notify1              10010b20 f   libvcruntime:exsup.obj
 0001:0000fb30       __NLG_Notify               10010b30 f   libvcruntime:exsup.obj
 0001:0000fb47       __NLG_Dispatch             10010b47     libvcruntime:exsup.obj
 0001:0000fb47       __NLG_Dispatch2            10010b47     libvcruntime:exsup.obj
 0001:0000fb50       __NLG_Call                 10010b50 f   libvcruntime:exsup.obj
 0001:0000fb52       __NLG_Return2              10010b52     libvcruntime:exsup.obj
 0001:0000fb53       _strcpy_s                  10010b53 f   libucrt:strcpy_s.obj
 0001:0000fd7c       ??$count@D@formatting_buffer@__crt_stdio_output@@QBEIXZ 10010d7c f i libucrt:output.obj
 0001:0000fd94       ??$ensure_buffer_is_big_enough@D@formatting_buffer@__crt_stdio_output@@QAE_NIAAV__crt_cached_ptd_host@@@Z 10010d94 f i libucrt:output.obj
 0001:0000fe15       ??$is_overflow_condition@K@__crt_strtox@@YA_NIK@Z 10010e15 f i libucrt:output.obj
 0001:0000fe46       ??$is_wide_character_specifier@D@__crt_stdio_output@@YA_N_KDW4length_modifier@0@@Z 10010e46 f i libucrt:output.obj
 0001:0000fe77       ??$make_c_string_character_source@DPAPAD@__crt_strtox@@YA?AV?$c_string_character_source@D@0@QBDQAPAD@Z 10010e77 f i libucrt:output.obj
 0001:0000fe92       ??$parse_integer@KV?$c_string_character_source@D@__crt_strtox@@$0A@@__crt_strtox@@YAKAAV__crt_cached_ptd_host@@V?$c_string_character_source@D@0@H_N@Z 10010e92 f i libucrt:output.obj
 0001:000100a1       ??$scratch_data@D@formatting_buffer@__crt_stdio_output@@QAEPADXZ 100110a1 f i libucrt:output.obj
 0001:000100bf       ??$type_case_integer@$07@?$output_processor@DV?$stream_output_adapter@D@__crt_stdio_output@@V?$standard_base@DV?$stream_output_adapter@D@__crt_stdio_output@@@2@@__crt_stdio_output@@AAE_N_N@Z 100110bf f i libucrt:output.obj
 0001:000100bf       ??$type_case_integer@$07@?$output_processor@DV?$string_output_adapter@D@__crt_stdio_output@@V?$standard_base@DV?$string_output_adapter@D@__crt_stdio_output@@@2@@__crt_stdio_output@@AAE_N_N@Z 100110bf f i libucrt:output.obj
 0001:0001023c       ??$type_case_integer@$09@?$output_processor@DV?$stream_output_adapter@D@__crt_stdio_output@@V?$standard_base@DV?$stream_output_adapter@D@__crt_stdio_output@@@2@@__crt_stdio_output@@AAE_N_N@Z 1001123c f i libucrt:output.obj
 0001:0001023c       ??$type_case_integer@$09@?$output_processor@DV?$string_output_adapter@D@__crt_stdio_output@@V?$standard_base@DV?$string_output_adapter@D@__crt_stdio_output@@@2@@__crt_stdio_output@@AAE_N_N@Z 1001123c f i libucrt:output.obj
 0001:000103b9       ??$type_case_integer@$0BA@@?$output_processor@DV?$stream_output_adapter@D@__crt_stdio_output@@V?$standard_base@DV?$stream_output_adapter@D@__crt_stdio_output@@@2@@__crt_stdio_output@@AAE_N_N@Z 100113b9 f i libucrt:output.obj
 0001:000103b9       ??$type_case_integer@$0BA@@?$output_processor@DV?$string_output_adapter@D@__crt_stdio_output@@V?$standard_base@DV?$string_output_adapter@D@__crt_stdio_output@@@2@@__crt_stdio_output@@AAE_N_N@Z 100113b9 f i libucrt:output.obj
 0001:00010536       ??$type_case_integer_parse_into_buffer@I$07@?$output_processor@DV?$stream_output_adapter@D@__crt_stdio_output@@V?$standard_base@DV?$stream_output_adapter@D@__crt_stdio_output@@@2@@__crt_stdio_output@@AAEXI_N@Z 10011536 f i libucrt:output.obj
 0001:00010536       ??$type_case_integer_parse_into_buffer@I$07@?$output_processor@DV?$string_output_adapter@D@__crt_stdio_output@@V?$standard_base@DV?$string_output_adapter@D@__crt_stdio_output@@@2@@__crt_stdio_output@@AAEXI_N@Z 10011536 f i libucrt:output.obj
 0001:000105a0       ??$type_case_integer_parse_into_buffer@I$09@?$output_processor@DV?$stream_output_adapter@D@__crt_stdio_output@@V?$standard_base@DV?$stream_output_adapter@D@__crt_stdio_output@@@2@@__crt_stdio_output@@AAEXI_N@Z 100115a0 f i libucrt:output.obj
 0001:000105a0       ??$type_case_integer_parse_into_buffer@I$09@?$output_processor@DV?$string_output_adapter@D@__crt_stdio_output@@V?$standard_base@DV?$string_output_adapter@D@__crt_stdio_output@@@2@@__crt_stdio_output@@AAEXI_N@Z 100115a0 f i libucrt:output.obj
 0001:0001061a       ??$type_case_integer_parse_into_buffer@I$0BA@@?$output_processor@DV?$stream_output_adapter@D@__crt_stdio_output@@V?$standard_base@DV?$stream_output_adapter@D@__crt_stdio_output@@@2@@__crt_stdio_output@@AAEXI_N@Z 1001161a f i libucrt:output.obj
 0001:0001061a       ??$type_case_integer_parse_into_buffer@I$0BA@@?$output_processor@DV?$string_output_adapter@D@__crt_stdio_output@@V?$standard_base@DV?$string_output_adapter@D@__crt_stdio_output@@@2@@__crt_stdio_output@@AAEXI_N@Z 1001161a f i libucrt:output.obj
 0001:000106a2       ??$type_case_integer_parse_into_buffer@_K$07@?$output_processor@DV?$stream_output_adapter@D@__crt_stdio_output@@V?$standard_base@DV?$stream_output_adapter@D@__crt_stdio_output@@@2@@__crt_stdio_output@@AAEX_K_N@Z 100116a2 f i libucrt:output.obj
 0001:000106a2       ??$type_case_integer_parse_into_buffer@_K$07@?$output_processor@DV?$string_output_adapter@D@__crt_stdio_output@@V?$standard_base@DV?$string_output_adapter@D@__crt_stdio_output@@@2@@__crt_stdio_output@@AAEX_K_N@Z 100116a2 f i libucrt:output.obj
 0001:0001071a       ??$type_case_integer_parse_into_buffer@_K$09@?$output_processor@DV?$stream_output_adapter@D@__crt_stdio_output@@V?$standard_base@DV?$stream_output_adapter@D@__crt_stdio_output@@@2@@__crt_stdio_output@@AAEX_K_N@Z 1001171a f i libucrt:output.obj
 0001:0001071a       ??$type_case_integer_parse_into_buffer@_K$09@?$output_processor@DV?$string_output_adapter@D@__crt_stdio_output@@V?$standard_base@DV?$string_output_adapter@D@__crt_stdio_output@@@2@@__crt_stdio_output@@AAEX_K_N@Z 1001171a f i libucrt:output.obj
 0001:000107b6       ??$type_case_integer_parse_into_buffer@_K$0BA@@?$output_processor@DV?$stream_output_adapter@D@__crt_stdio_output@@V?$standard_base@DV?$stream_output_adapter@D@__crt_stdio_output@@@2@@__crt_stdio_output@@AAEX_K_N@Z 100117b6 f i libucrt:output.obj
 0001:000107b6       ??$type_case_integer_parse_into_buffer@_K$0BA@@?$output_processor@DV?$string_output_adapter@D@__crt_stdio_output@@V?$standard_base@DV?$string_output_adapter@D@__crt_stdio_output@@@2@@__crt_stdio_output@@AAEX_K_N@Z 100117b6 f i libucrt:output.obj
 0001:00010848       ??0?$output_adapter_data@DV?$stream_output_adapter@D@__crt_stdio_output@@@__crt_stdio_output@@IAE@ABV?$stream_output_adapter@D@1@_KQBDAAV__crt_cached_ptd_host@@QAD@Z 10011848 f i libucrt:output.obj
 0001:00010848       ??0?$output_adapter_data@DV?$string_output_adapter@D@__crt_stdio_output@@@__crt_stdio_output@@IAE@ABV?$string_output_adapter@D@1@_KQBDAAV__crt_cached_ptd_host@@QAD@Z 10011848 f i libucrt:output.obj
 0001:000108b0       ??0__crt_cached_ptd_host@@QAE@QAU__crt_locale_pointers@@@Z 100118b0 f i libucrt:output.obj
 0001:00010910       ??1__crt_cached_ptd_host@@QAE@XZ 10011910 f i libucrt:output.obj
 0001:0001094c       ??1formatting_buffer@__crt_stdio_output@@QAE@XZ 1001194c f i libucrt:output.obj
 0001:00010966       ??4?$__crt_unique_heap_ptr@DU__crt_internal_free_policy@@@@QAEAAV0@$$QAV0@@Z 10011966 f i libucrt:output.obj
 0001:00010a26       ?crop_zeroes@__crt_stdio_output@@YAXPADQAU__crt_locale_pointers@@@Z 10011a26 f i libucrt:output.obj
 0001:00010a86       ?find_next_state@?$output_processor@DV?$stream_output_adapter@D@__crt_stdio_output@@V?$standard_base@DV?$stream_output_adapter@D@__crt_stdio_output@@@2@@__crt_stdio_output@@ABE?AW4state@2@DW432@@Z 10011a86 f i libucrt:output.obj
 0001:00010a86       ?find_next_state@?$output_processor@DV?$string_output_adapter@D@__crt_stdio_output@@V?$standard_base@DV?$string_output_adapter@D@__crt_stdio_output@@@2@@__crt_stdio_output@@ABE?AW4state@2@DW432@@Z 10011a86 f i libucrt:output.obj
 0001:00010ac1       ?force_decimal_point@__crt_stdio_output@@YAXPADQAU__crt_locale_pointers@@@Z 10011ac1 f i libucrt:output.obj
 0001:00010b20       ?force_synchronize_per_thread_data@__crt_cached_ptd_host@@AAEPAU__acrt_ptd@@XZ 10011b20 f i libucrt:output.obj
 0001:00010b70       ?get_raw_ptd@__crt_cached_ptd_host@@QAEPAU__acrt_ptd@@XZ 10011b70 f i libucrt:output.obj
 0001:00010bcc       ?parse_int_from_format_string@?$output_processor@DV?$stream_output_adapter@D@__crt_stdio_output@@V?$standard_base@DV?$stream_output_adapter@D@__crt_stdio_output@@@2@@__crt_stdio_output@@AAE_NQAH@Z 10011bcc f i libucrt:output.obj
 0001:00010bcc       ?parse_int_from_format_string@?$output_processor@DV?$string_output_adapter@D@__crt_stdio_output@@V?$standard_base@DV?$string_output_adapter@D@__crt_stdio_output@@@2@@__crt_stdio_output@@AAE_NQAH@Z 10011bcc f i libucrt:output.obj
 0001:00010c44       ?process@?$output_processor@DV?$stream_output_adapter@D@__crt_stdio_output@@V?$standard_base@DV?$stream_output_adapter@D@__crt_stdio_output@@@2@@__crt_stdio_output@@QAEHXZ 10011c44 f i libucrt:output.obj
 0001:00010ef0       ?process@?$output_processor@DV?$string_output_adapter@D@__crt_stdio_output@@V?$standard_base@DV?$string_output_adapter@D@__crt_stdio_output@@@2@@__crt_stdio_output@@QAEHXZ 10011ef0 f i libucrt:output.obj
 0001:000111c4       ?state_case_size@?$output_processor@DV?$stream_output_adapter@D@__crt_stdio_output@@V?$standard_base@DV?$stream_output_adapter@D@__crt_stdio_output@@@2@@__crt_stdio_output@@AAE_NXZ 100121c4 f i libucrt:output.obj
 0001:00011322       ?state_case_size@?$output_processor@DV?$string_output_adapter@D@__crt_stdio_output@@V?$standard_base@DV?$string_output_adapter@D@__crt_stdio_output@@@2@@__crt_stdio_output@@AAE_NXZ 10012322 f i libucrt:output.obj
 0001:00011480       ?state_case_type@?$output_processor@DV?$stream_output_adapter@D@__crt_stdio_output@@V?$standard_base@DV?$stream_output_adapter@D@__crt_stdio_output@@@2@@__crt_stdio_output@@AAE_NXZ 10012480 f i libucrt:output.obj
 0001:000117c8       ?state_case_type@?$output_processor@DV?$string_output_adapter@D@__crt_stdio_output@@V?$standard_base@DV?$string_output_adapter@D@__crt_stdio_output@@@2@@__crt_stdio_output@@AAE_NXZ 100127c8 f i libucrt:output.obj
 0001:00011b56       ?to_integer_size@__crt_stdio_output@@YAIW4length_modifier@1@@Z 10012b56 f i libucrt:output.obj
 0001:00011baa       ?type_case_Z@?$output_processor@DV?$stream_output_adapter@D@__crt_stdio_output@@V?$standard_base@DV?$stream_output_adapter@D@__crt_stdio_output@@@2@@__crt_stdio_output@@AAE_NXZ 10012baa f i libucrt:output.obj
 0001:00011baa       ?type_case_Z@?$output_processor@DV?$string_output_adapter@D@__crt_stdio_output@@V?$standard_base@DV?$string_output_adapter@D@__crt_stdio_output@@@2@@__crt_stdio_output@@AAE_NXZ 10012baa f i libucrt:output.obj
 0001:00011c04       ?type_case_a@?$output_processor@DV?$stream_output_adapter@D@__crt_stdio_output@@V?$standard_base@DV?$stream_output_adapter@D@__crt_stdio_output@@@2@@__crt_stdio_output@@AAE_NXZ 10012c04 f i libucrt:output.obj
 0001:00011c04       ?type_case_a@?$output_processor@DV?$string_output_adapter@D@__crt_stdio_output@@V?$standard_base@DV?$string_output_adapter@D@__crt_stdio_output@@@2@@__crt_stdio_output@@AAE_NXZ 10012c04 f i libucrt:output.obj
 0001:00011d8e       ?type_case_c_tchar@?$output_processor@DV?$stream_output_adapter@D@__crt_stdio_output@@V?$standard_base@DV?$stream_output_adapter@D@__crt_stdio_output@@@2@@__crt_stdio_output@@AAE_ND@Z 10012d8e f i libucrt:output.obj
 0001:00011d8e       ?type_case_c_tchar@?$output_processor@DV?$string_output_adapter@D@__crt_stdio_output@@V?$standard_base@DV?$string_output_adapter@D@__crt_stdio_output@@@2@@__crt_stdio_output@@AAE_ND@Z 10012d8e f i libucrt:output.obj
 0001:00011e23       ?type_case_n@?$output_processor@DV?$stream_output_adapter@D@__crt_stdio_output@@V?$standard_base@DV?$stream_output_adapter@D@__crt_stdio_output@@@2@@__crt_stdio_output@@AAE_NXZ 10012e23 f i libucrt:output.obj
 0001:00011e23       ?type_case_n@?$output_processor@DV?$string_output_adapter@D@__crt_stdio_output@@V?$standard_base@DV?$string_output_adapter@D@__crt_stdio_output@@@2@@__crt_stdio_output@@AAE_NXZ 10012e23 f i libucrt:output.obj
 0001:00011ea7       ?type_case_o@?$output_processor@DV?$stream_output_adapter@D@__crt_stdio_output@@V?$standard_base@DV?$stream_output_adapter@D@__crt_stdio_output@@@2@@__crt_stdio_output@@AAE_NXZ 10012ea7 f i libucrt:output.obj
 0001:00011ea7       ?type_case_o@?$output_processor@DV?$string_output_adapter@D@__crt_stdio_output@@V?$standard_base@DV?$string_output_adapter@D@__crt_stdio_output@@@2@@__crt_stdio_output@@AAE_NXZ 10012ea7 f i libucrt:output.obj
 0001:00011ec4       ?type_case_p@?$output_processor@DV?$stream_output_adapter@D@__crt_stdio_output@@V?$standard_base@DV?$stream_output_adapter@D@__crt_stdio_output@@@2@@__crt_stdio_output@@AAE_NXZ 10012ec4 f i libucrt:output.obj
 0001:00011ec4       ?type_case_p@?$output_processor@DV?$string_output_adapter@D@__crt_stdio_output@@V?$standard_base@DV?$string_output_adapter@D@__crt_stdio_output@@@2@@__crt_stdio_output@@AAE_NXZ 10012ec4 f i libucrt:output.obj
 0001:00011eda       ?type_case_s@?$output_processor@DV?$stream_output_adapter@D@__crt_stdio_output@@V?$standard_base@DV?$stream_output_adapter@D@__crt_stdio_output@@@2@@__crt_stdio_output@@AAE_NXZ 10012eda f i libucrt:output.obj
 0001:00011eda       ?type_case_s@?$output_processor@DV?$string_output_adapter@D@__crt_stdio_output@@V?$standard_base@DV?$string_output_adapter@D@__crt_stdio_output@@@2@@__crt_stdio_output@@AAE_NXZ 10012eda f i libucrt:output.obj
 0001:00011f4b       ?unget@?$c_string_character_source@D@__crt_strtox@@QAEXD@Z 10012f4b f i libucrt:output.obj
 0001:00011f80       ?update_locale_slow@__crt_cached_ptd_host@@AAEXXZ 10012f80 f i libucrt:output.obj
 0001:00011fdb       ?validate@?$c_string_character_source@D@__crt_strtox@@QBE_NXZ 10012fdb f i libucrt:output.obj
 0001:00011ff6       ?validate@?$stream_output_adapter@D@__crt_stdio_output@@QBE_NAAV__crt_cached_ptd_host@@@Z 10012ff6 f i libucrt:output.obj
 0001:0001202e       ?validate@?$string_output_adapter@D@__crt_stdio_output@@QBE_NAAV__crt_cached_ptd_host@@@Z 1001302e f i libucrt:output.obj
 0001:0001205f       ?validate_stream_is_ansi_if_required@?$__acrt_stdio_char_traits@D@@SA_NQAU_iobuf@@@Z 1001305f f i libucrt:output.obj
 0001:000120e6       ?write_character@?$output_adapter_common@DV?$stream_output_adapter@D@__crt_stdio_output@@@__crt_stdio_output@@QBEXDQAHAAV__crt_cached_ptd_host@@@Z 100130e6 f i libucrt:output.obj
 0001:00012108       ?write_character_without_count_update@?$stream_output_adapter@D@__crt_stdio_output@@QBE_NDAAV__crt_cached_ptd_host@@@Z 10013108 f i libucrt:output.obj
 0001:00012142       ?write_string@?$stream_output_adapter@D@__crt_stdio_output@@QBEXQBDHQAHAAV__crt_cached_ptd_host@@@Z 10013142 f i libucrt:output.obj
 0001:0001216e       ?write_string@?$string_output_adapter@D@__crt_stdio_output@@QBEXQBDHQAHAAV__crt_cached_ptd_host@@@Z 1001316e f i libucrt:output.obj
 0001:000121d5       ?write_string_impl@?$output_adapter_common@DV?$stream_output_adapter@D@__crt_stdio_output@@@__crt_stdio_output@@IBEXQBDHQAHAAV__crt_cached_ptd_host@@@Z 100131d5 f i libucrt:output.obj
 0001:00012254       ___acrt_locale_get_ctype_array_value 10013254 f i libucrt:output.obj
 0001:00012276       ___stdio_common_vfprintf   10013276 f   libucrt:output.obj
 0001:0001231a       ___stdio_common_vsprintf   1001331a f   libucrt:output.obj
 0001:0001235b       _malloc                    1001335b f   libucrt:malloc.obj
 0001:00012366       ?check_synchronize_global_state_index@__crt_cached_ptd_host@@AAEIXZ 10013366 f i libucrt:invalid_parameter.obj
 0001:0001238f       ___acrt_call_reportfault   1001338f f   libucrt:invalid_parameter.obj
 0001:000124c8       ___acrt_initialize_invalid_parameter_handler 100134c8 f   libucrt:invalid_parameter.obj
 0001:000124d7       __invalid_parameter        100134d7 f   libucrt:invalid_parameter.obj
 0001:0001250e       __invalid_parameter_internal 1001350e f   libucrt:invalid_parameter.obj
 0001:0001258b       __invalid_parameter_noinfo 1001358b f   libucrt:invalid_parameter.obj
 0001:0001259b       __invoke_watson            1001359b f   libucrt:invalid_parameter.obj
 0001:000126f4       _fclose                    100136f4 f   libucrt:fclose.obj
 0001:000127db       _fopen                     100137db f   libucrt:fopen.obj
 0001:000127f2       __fread_nolock_s           100137f2 f   libucrt:fread.obj
 0001:000129d8       _fread                     100139d8 f   libucrt:fread.obj
 0001:000129f5       _fread_s                   100139f5 f   libucrt:fread.obj
 0001:00012b13       ?LongLongSub@@YAJ_J0PA_J@Z 10013b13 f i libucrt:fseek.obj
 0001:00012dee       _fseek                     10013dee f   libucrt:fseek.obj
 0001:00013436       __ftelli64_nolock_internal 10014436 f   libucrt:ftell.obj
 0001:00013441       _ftell                     10014441 f   libucrt:ftell.obj
 0001:00013557       _rewind                    10014557 f   libucrt:rewind.obj
 0001:00013581       _free                      10014581 f   libucrt:free.obj
 0001:0001359c       ??$is_overflow_condition@_K@__crt_strtox@@YA_NI_K@Z 1001459c f i libucrt:atox.obj
 0001:000135dd       ??$parse_integer@KV?$c_string_character_source@D@__crt_strtox@@$00@__crt_strtox@@YAKAAV__crt_cached_ptd_host@@V?$c_string_character_source@D@0@H_N@Z 100145dd f i libucrt:atox.obj
 0001:00013824       ??$parse_integer@_KV?$c_string_character_source@D@__crt_strtox@@$00@__crt_strtox@@YA_KAAV__crt_cached_ptd_host@@V?$c_string_character_source@D@0@H_N@Z 10014824 f i libucrt:atox.obj
 0001:00013aec       __ischartype_l             10014aec f i libucrt:atox.obj
 0001:00013b43       _atoi                      10014b43 f   libucrt:atox.obj
 0001:00013bdd       ??$assemble_floating_point_snan@N@__crt_strtox@@YAX_NAAN@Z 10014bdd f i libucrt:input.obj
 0001:00013bfe       ??$assemble_floating_point_value_t@M@__crt_strtox@@YA?AW4SLD_STATUS@@_NH_KAAM@Z 10014bfe f i libucrt:input.obj
 0001:00013c2e       ??$assemble_floating_point_value_t@N@__crt_strtox@@YA?AW4SLD_STATUS@@_NH_KAAN@Z 10014c2e f i libucrt:input.obj
 0001:00013c70       ??$convert_decimal_string_to_floating_type@M@__crt_strtox@@YA?AW4SLD_STATUS@@ABUfloating_point_string@0@AAM@Z 10014c70 f i libucrt:input.obj
 0001:00013c91       ??$convert_decimal_string_to_floating_type@N@__crt_strtox@@YA?AW4SLD_STATUS@@ABUfloating_point_string@0@AAN@Z 10014c91 f i libucrt:input.obj
 0001:00013cb2       ??$convert_hexadecimal_string_to_floating_type@M@__crt_strtox@@YA?AW4SLD_STATUS@@ABUfloating_point_string@0@AAM@Z 10014cb2 f i libucrt:input.obj
 0001:00013cd3       ??$convert_hexadecimal_string_to_floating_type@N@__crt_strtox@@YA?AW4SLD_STATUS@@ABUfloating_point_string@0@AAN@Z 10014cd3 f i libucrt:input.obj
 0001:00013cf4       ??$make_input_adapter_character_source@V?$stream_input_adapter@D@__crt_stdio_input@@@__crt_strtox@@YA?AV?$input_adapter_character_source@V?$stream_input_adapter@D@__crt_stdio_input@@@0@QAV?$stream_input_adapter@D@__crt_stdio_input@@_KQA_N@Z 10014cf4 f i libucrt:input.obj
 0001:00013d12       ??$parse_floating_point@V?$input_adapter_character_source@V?$stream_input_adapter@D@__crt_stdio_input@@@__crt_strtox@@M@__crt_strtox@@YA?AW4SLD_STATUS@@QAU__crt_locale_pointers@@V?$input_adapter_character_source@V?$stream_input_adapter@D@__crt_stdio_input@@@0@QAM@Z 10014d12 f i libucrt:input.obj
 0001:00013d9c       ??$parse_floating_point@V?$input_adapter_character_source@V?$stream_input_adapter@D@__crt_stdio_input@@@__crt_strtox@@N@__crt_strtox@@YA?AW4SLD_STATUS@@QAU__crt_locale_pointers@@V?$input_adapter_character_source@V?$stream_input_adapter@D@__crt_stdio_input@@@0@QAN@Z 10014d9c f i libucrt:input.obj
 0001:00013e26       ??$parse_floating_point_from_source@V?$input_adapter_character_source@V?$stream_input_adapter@D@__crt_stdio_input@@@__crt_strtox@@@__crt_strtox@@YA?AW4floating_point_parse_result@0@QAU__crt_locale_pointers@@AAV?$input_adapter_character_source@V?$stream_input_adapter@D@__crt_stdio_input@@@0@AAUfloating_point_string@0@@Z 10014e26 f i libucrt:input.obj
 0001:00014271       ??$parse_floating_point_possible_infinity@DV?$input_adapter_character_source@V?$stream_input_adapter@D@__crt_stdio_input@@@__crt_strtox@@_K@__crt_strtox@@YA?AW4floating_point_parse_result@0@AADAAV?$input_adapter_character_source@V?$stream_input_adapter@D@__crt_stdio_input@@@0@_K@Z 10015271 f i libucrt:input.obj
 0001:00014330       ??$parse_floating_point_possible_nan@DV?$input_adapter_character_source@V?$stream_input_adapter@D@__crt_stdio_input@@@__crt_strtox@@_K@__crt_strtox@@YA?AW4floating_point_parse_result@0@AADAAV?$input_adapter_character_source@V?$stream_input_adapter@D@__crt_stdio_input@@@0@_K@Z 10015330 f i libucrt:input.obj
 0001:00014438       ??$parse_floating_point_possible_nan_is_ind@DV?$input_adapter_character_source@V?$stream_input_adapter@D@__crt_stdio_input@@@__crt_strtox@@@__crt_strtox@@YA_NAADAAV?$input_adapter_character_source@V?$stream_input_adapter@D@__crt_stdio_input@@@0@@Z 10015438 f i libucrt:input.obj
 0001:00014472       ??$parse_floating_point_possible_nan_is_snan@DV?$input_adapter_character_source@V?$stream_input_adapter@D@__crt_stdio_input@@@__crt_strtox@@@__crt_strtox@@YA_NAADAAV?$input_adapter_character_source@V?$stream_input_adapter@D@__crt_stdio_input@@@0@@Z 10015472 f i libucrt:input.obj
 0001:000144ac       ??$parse_floating_point_write_result@M@__crt_strtox@@YA?AW4SLD_STATUS@@W4floating_point_parse_result@0@ABUfloating_point_string@0@QAM@Z 100154ac f i libucrt:input.obj
 0001:00014618       ??$parse_floating_point_write_result@N@__crt_strtox@@YA?AW4SLD_STATUS@@W4floating_point_parse_result@0@ABUfloating_point_string@0@QAN@Z 10015618 f i libucrt:input.obj
 0001:0001473c       ??$parse_integer@_KV?$input_adapter_character_source@V?$stream_input_adapter@D@__crt_stdio_input@@@__crt_strtox@@$00@__crt_strtox@@YA_KAAV__crt_cached_ptd_host@@V?$input_adapter_character_source@V?$stream_input_adapter@D@__crt_stdio_input@@@0@H_N@Z 1001573c f i libucrt:input.obj
 0001:00014a40       ??$parse_integer@_KV?$input_adapter_character_source@V?$stream_input_adapter@D@__crt_stdio_input@@@__crt_strtox@@@__crt_strtox@@YA_KQAU__crt_locale_pointers@@V?$input_adapter_character_source@V?$stream_input_adapter@D@__crt_stdio_input@@@0@H_N@Z 10015a40 f i libucrt:input.obj
 0001:00014a9c       ??$process_floating_point_specifier_t@M@?$input_processor@DV?$stream_input_adapter@D@__crt_stdio_input@@@__crt_stdio_input@@AAE_NXZ 10015a9c f i libucrt:input.obj
 0001:00014b05       ??$process_floating_point_specifier_t@N@?$input_processor@DV?$stream_input_adapter@D@__crt_stdio_input@@@__crt_stdio_input@@AAE_NXZ 10015b05 f i libucrt:input.obj
 0001:00014b6e       ??$process_string_specifier_tchar@D@?$input_processor@DV?$stream_input_adapter@D@__crt_stdio_input@@@__crt_stdio_input@@AAE_NW4conversion_mode@1@D@Z 10015b6e f i libucrt:input.obj
 0001:00014ce5       ??$process_string_specifier_tchar@_W@?$input_processor@DV?$stream_input_adapter@D@__crt_stdio_input@@@__crt_stdio_input@@AAE_NW4conversion_mode@1@_W@Z 10015ce5 f i libucrt:input.obj
 0001:00014e68       ??$skip_whitespace@Vstream_input_adapter@__crt_stdio_input@@D@__crt_stdio_input@@YAHAAV?$stream_input_adapter@D@0@QAU__crt_locale_pointers@@@Z 10015e68 f i libucrt:input.obj
 0001:00014e9f       ??$write_floating_point@M@?$input_processor@DV?$stream_input_adapter@D@__crt_stdio_input@@@__crt_stdio_input@@AAE_NABM@Z 10015e9f f i libucrt:input.obj
 0001:00014ed3       ??$write_floating_point@N@?$input_processor@DV?$stream_input_adapter@D@__crt_stdio_input@@@__crt_stdio_input@@AAE_NABN@Z 10015ed3 f i libucrt:input.obj
 0001:00014f0d       ??0?$format_string_parser@D@__crt_stdio_input@@QAE@_KQBE@Z 10015f0d f i libucrt:input.obj
 0001:00014f57       ??0?$input_adapter_character_source@V?$stream_input_adapter@D@__crt_stdio_input@@@__crt_strtox@@QAE@$$QAV01@@Z 10015f57 f i libucrt:input.obj
 0001:00014f94       ??0?$input_adapter_character_source@V?$stream_input_adapter@D@__crt_stdio_input@@@__crt_strtox@@QAE@QAV?$stream_input_adapter@D@__crt_stdio_input@@_KQA_N@Z 10015f94 f i libucrt:input.obj
 0001:00014fc5       ??0?$input_processor@DV?$stream_input_adapter@D@__crt_stdio_input@@@__crt_stdio_input@@QAE@ABV?$stream_input_adapter@D@1@_KQBDQAU__crt_locale_pointers@@QAD@Z 10015fc5 f i libucrt:input.obj
 0001:0001500e       ??0_LocaleUpdate@@QAE@QAU__crt_locale_pointers@@@Z 1001600e f i libucrt:input.obj
 0001:00015090       ??R<lambda_0b87716a0b73cdfba1cd37fcaaa20711>@@QBE_NXZ 10016090 f i libucrt:input.obj
 0001:00015090       ??R<lambda_c7c3f778895f47e7f4eff38a8fef279a>@@QBE_NXZ 10016090 f i libucrt:input.obj
 0001:00015090       ??R<lambda_e41f1170c8800e4a6fed1afad60fab6f>@@QBE_NXZ 10016090 f i libucrt:input.obj
 0001:0001513a       ?advance@?$format_string_parser@D@__crt_stdio_input@@QAE_NXZ 1001613a f i libucrt:input.obj
 0001:00015252       ?as_double@floating_point_value@__crt_strtox@@QBEAANXZ 10016252 f i libucrt:input.obj
 0001:00015277       ?as_float@floating_point_value@__crt_strtox@@QBEAAMXZ 10016277 f i libucrt:input.obj
 0001:0001529c       ?assemble_floating_point_infinity@__crt_strtox@@YAX_NABVfloating_point_value@1@@Z 1001629c f i libucrt:input.obj
 0001:000152dc       ?assemble_floating_point_value@__crt_strtox@@YA?AW4SLD_STATUS@@_KH_N1ABVfloating_point_value@1@@Z 100162dc f i libucrt:input.obj
 0001:0001562f       ?assemble_floating_point_value_from_big_integer@__crt_strtox@@YA?AW4SLD_STATUS@@ABUbig_integer@1@I_N1ABVfloating_point_value@1@@Z 1001662f f i libucrt:input.obj
 0001:000157c1       ?assemble_floating_point_zero@__crt_strtox@@YAX_NABVfloating_point_value@1@@Z 100167c1 f i libucrt:input.obj
 0001:000157f6       ?convert_decimal_string_to_floating_type_common@__crt_strtox@@YA?AW4SLD_STATUS@@ABUfloating_point_string@1@ABVfloating_point_value@1@@Z 100167f6 f i libucrt:input.obj
 0001:00017515       ?convert_hexadecimal_string_to_floating_type_common@__crt_strtox@@YA?AW4SLD_STATUS@@ABUfloating_point_string@1@ABVfloating_point_value@1@@Z 10018515 f i libucrt:input.obj
 0001:000175bb       ?denormal_mantissa_mask@floating_point_value@__crt_strtox@@QBE_KXZ 100185bb f i libucrt:input.obj
 0001:000175e0       ?divide@__crt_strtox@@YA_KAAUbig_integer@1@ABU21@@Z 100185e0 f i libucrt:input.obj
 0001:00017a68       ?get@?$input_adapter_character_source@V?$stream_input_adapter@D@__crt_stdio_input@@@__crt_strtox@@QAEDXZ 10018a68 f i libucrt:input.obj
 0001:00017aa7       ?is_character_allowed_in_string@?$input_processor@DV?$stream_input_adapter@D@__crt_stdio_input@@@__crt_stdio_input@@ABE_NW4conversion_mode@2@H@Z 10018aa7 f i libucrt:input.obj
 0001:00017af7       ?length@?$format_string_parser@D@__crt_stdio_input@@QBEIXZ 10018af7 f i libucrt:input.obj
 0001:00017b38       ?normal_mantissa_mask@floating_point_value@__crt_strtox@@QBE_KXZ 10018b38 f i libucrt:input.obj
 0001:00017b4f       ?process@?$input_processor@DV?$stream_input_adapter@D@__crt_stdio_input@@@__crt_stdio_input@@QAEHXZ 10018b4f f i libucrt:input.obj
 0001:00017bda       ?process_character_count_specifier@?$input_processor@DV?$stream_input_adapter@D@__crt_stdio_input@@@__crt_stdio_input@@AAE_NXZ 10018bda f i libucrt:input.obj
 0001:00017bee       ?process_conversion_specifier@?$input_processor@DV?$stream_input_adapter@D@__crt_stdio_input@@@__crt_stdio_input@@AAE_NXZ 10018bee f i libucrt:input.obj
 0001:00017c62       ?process_floating_point_specifier@?$input_processor@DV?$stream_input_adapter@D@__crt_stdio_input@@@__crt_stdio_input@@AAE_NXZ 10018c62 f i libucrt:input.obj
 0001:00017c92       ?process_integer_specifier@?$input_processor@DV?$stream_input_adapter@D@__crt_stdio_input@@@__crt_stdio_input@@AAE_NI_N@Z 10018c92 f i libucrt:input.obj
 0001:00017cf7       ?process_literal_character@?$input_processor@DV?$stream_input_adapter@D@__crt_stdio_input@@@__crt_stdio_input@@AAE_NXZ 10018cf7 f i libucrt:input.obj
 0001:00017d2d       ?process_literal_character_tchar@?$input_processor@DV?$stream_input_adapter@D@__crt_stdio_input@@@__crt_stdio_input@@AAE_ND@Z 10018d2d f i libucrt:input.obj
 0001:00017d84       ?process_state@?$input_processor@DV?$stream_input_adapter@D@__crt_stdio_input@@@__crt_stdio_input@@AAE_NXZ 10018d84 f i libucrt:input.obj
 0001:00017dc6       ?process_string_specifier@?$input_processor@DV?$stream_input_adapter@D@__crt_stdio_input@@@__crt_stdio_input@@AAE_NW4conversion_mode@2@@Z 10018dc6 f i libucrt:input.obj
 0001:00017e0e       ?process_whitespace@?$input_processor@DV?$stream_input_adapter@D@__crt_stdio_input@@@__crt_stdio_input@@AAE_NXZ 10018e0e f i libucrt:input.obj
 0001:00017e2b       ?restore_state@?$input_adapter_character_source@V?$stream_input_adapter@D@__crt_stdio_input@@@__crt_strtox@@QAE_N_K@Z 10018e2b f i libucrt:input.obj
 0001:00017e50       ?scan_conversion_specifier@?$format_string_parser@D@__crt_stdio_input@@AAE_NXZ 10018e50 f i libucrt:input.obj
 0001:00017fbb       ?scan_optional_field_width@?$format_string_parser@D@__crt_stdio_input@@AAE_NXZ 10018fbb f i libucrt:input.obj
 0001:0001804f       ?scan_optional_length_modifier@?$format_string_parser@D@__crt_stdio_input@@AAEXXZ 1001904f f i libucrt:input.obj
 0001:00018162       ?scan_optional_literal_character_trail_bytes_tchar@?$format_string_parser@D@__crt_stdio_input@@AAE_ND@Z 10019162 f i libucrt:input.obj
 0001:000181b4       ?scan_optional_wide_modifier@?$format_string_parser@D@__crt_stdio_input@@AAEXXZ 100191b4 f i libucrt:input.obj
 0001:000181d2       ?scan_scanset_range@?$format_string_parser@D@__crt_stdio_input@@AAE_NXZ 100191d2 f i libucrt:input.obj
 0001:00018313       ?set_wide_for_c_s_or_scanset@?$format_string_parser@D@__crt_stdio_input@@AAEXXZ 10019313 f i libucrt:input.obj
 0001:00018334       ?to_floating_point_length@__crt_stdio_input@@YAIW4length_modifier@1@@Z 10019334 f i libucrt:input.obj
 0001:00018357       ?to_integer_length@__crt_stdio_input@@YAIW4length_modifier@1@@Z 10019357 f i libucrt:input.obj
 0001:000183aa       ?unget@?$input_adapter_character_source@V?$stream_input_adapter@D@__crt_stdio_input@@@__crt_strtox@@QAEXD@Z 100193aa f i libucrt:input.obj
 0001:000183f1       ?unget@?$stream_input_adapter@D@__crt_stdio_input@@QAEXH@Z 100193f1 f i libucrt:input.obj
 0001:0001840f       ?validate@?$format_string_parser@D@__crt_stdio_input@@QBE_NXZ 1001940f f i libucrt:input.obj
 0001:0001842b       ?validate@?$input_adapter_character_source@V?$stream_input_adapter@D@__crt_stdio_input@@@__crt_strtox@@QBE_NXZ 1001942b f i libucrt:input.obj
 0001:0001844c       ?validate@?$stream_input_adapter@D@__crt_stdio_input@@QBE_NXZ 1001944c f i libucrt:input.obj
 0001:0001846d       ?write_character@?$input_processor@DV?$stream_input_adapter@D@__crt_stdio_input@@@__crt_stdio_input@@AAE_NQA_WIAAPA_WAAID@Z 1001946d f i libucrt:input.obj
 0001:000184e3       ?write_integer@?$input_processor@DV?$stream_input_adapter@D@__crt_stdio_input@@@__crt_stdio_input@@AAE_N_K@Z 100194e3 f i libucrt:input.obj
 0001:00018551       ___stdio_common_vfscanf    10019551 f   libucrt:input.obj
 0001:0001863a       ??$parse_floating_point@V?$c_string_character_source@D@__crt_strtox@@N@__crt_strtox@@YA?AW4SLD_STATUS@@QAU__crt_locale_pointers@@V?$c_string_character_source@D@0@QAN@Z 1001963a f i libucrt:atof.obj
 0001:000186ba       ??$parse_floating_point_from_source@V?$c_string_character_source@D@__crt_strtox@@@__crt_strtox@@YA?AW4floating_point_parse_result@0@QAU__crt_locale_pointers@@AAV?$c_string_character_source@D@0@AAUfloating_point_string@0@@Z 100196ba f i libucrt:atof.obj
 0001:00018ab2       ??$parse_floating_point_possible_infinity@DV?$c_string_character_source@D@__crt_strtox@@PBD@__crt_strtox@@YA?AW4floating_point_parse_result@0@AADAAV?$c_string_character_source@D@0@PBD@Z 10019ab2 f i libucrt:atof.obj
 0001:00018b65       ??$parse_floating_point_possible_nan@DV?$c_string_character_source@D@__crt_strtox@@PBD@__crt_strtox@@YA?AW4floating_point_parse_result@0@AADAAV?$c_string_character_source@D@0@PBD@Z 10019b65 f i libucrt:atof.obj
 0001:00018c69       ??$parse_floating_point_possible_nan_is_ind@DV?$c_string_character_source@D@__crt_strtox@@@__crt_strtox@@YA_NAADAAV?$c_string_character_source@D@0@@Z 10019c69 f i libucrt:atof.obj
 0001:00018ca5       ??$parse_floating_point_possible_nan_is_snan@DV?$c_string_character_source@D@__crt_strtox@@@__crt_strtox@@YA_NAADAAV?$c_string_character_source@D@0@@Z 10019ca5 f i libucrt:atof.obj
 0001:00018ce1       ??R<lambda_32aa245da1b5b882fa96db788295c8b2>@@QBE_NXZ 10019ce1 f i libucrt:atof.obj
 0001:00018ce1       ??R<lambda_690cf26ff5d754c94c32cf642e9f01bc>@@QBE_NXZ 10019ce1 f i libucrt:atof.obj
 0001:00018ce1       ??R<lambda_e51f7abad2595a5950d3223319845217>@@QBE_NXZ 10019ce1 f i libucrt:atof.obj
 0001:00018d07       _atof                      10019d07 f   libucrt:atof.obj
 0001:00018d1a       ??$__acrt_convert_wcs_mbs_cp@D_WV<lambda_62f6974d9771e494a5ea317cc32e971c>@@U__crt_win32_buffer_internal_dynamic_resizing@@@@YAHQBDAAV?$__crt_win32_buffer@_WU__crt_win32_buffer_internal_dynamic_resizing@@@@ABV<lambda_62f6974d9771e494a5ea317cc32e971c>@@I@Z 10019d1a f i libucrt:access.obj
 0001:00018dcc       ??$__acrt_mbs_to_wcs_cp@U__crt_win32_buffer_internal_dynamic_resizing@@@@YAHQBDAAV?$__crt_win32_buffer@_WU__crt_win32_buffer_internal_dynamic_resizing@@@@I@Z 10019dcc f i libucrt:access.obj
 0001:00018de9       ?__acrt_get_utf8_acp_compatibility_codepage@@YAIXZ 10019de9 f i libucrt:access.obj
 0001:00018e28       ?_deallocate@?$__crt_win32_buffer@DU__crt_win32_buffer_internal_dynamic_resizing@@@@AAEXXZ 10019e28 f i libucrt:argv_wildcards.obj
 0001:00018e28       ?_deallocate@?$__crt_win32_buffer@_WU__crt_win32_buffer_internal_dynamic_resizing@@@@AAEXXZ 10019e28 f i libucrt:access.obj
 0001:00018e42       ?allocate@?$__crt_win32_buffer@_WU__crt_win32_buffer_internal_dynamic_resizing@@@@QAEHI@Z 10019e42 f i libucrt:access.obj
 0001:00018e81       ?allocate@__crt_win32_buffer_internal_dynamic_resizing@@SAHQAPAXIABV__crt_win32_buffer_empty_debug_info@@@Z 10019e81 f i libucrt:access.obj
 0001:00018ea0       __access                   10019ea0 f   libucrt:access.obj
 0001:00018eb8       __access_s                 10019eb8 f   libucrt:access.obj
 0001:00018f2a       ___acrt_initialize_new_handler 10019f2a f   libucrt:new_handler.obj
 0001:00018f39       __callnewh                 10019f39 f   libucrt:new_handler.obj
 0001:00018f66       __query_new_handler        10019f66 f   libucrt:new_handler.obj
 0001:00018fc2       __initterm                 10019fc2 f   libucrt:initterm.obj
 0001:00018fed       __initterm_e               10019fed f   libucrt:initterm.obj
 0001:0001901b       __seh_filter_dll           1001a01b f   libucrt:exception_filter.obj
 0001:0001903b       __seh_filter_exe           1001a03b f   libucrt:exception_filter.obj
 0001:00019468       ___acrt_initialize_thread_local_exit_callback 1001a468 f   libucrt:exit.obj
 0001:00019477       __cexit                    1001a477 f   libucrt:exit.obj
 0001:00019486       __exit                     1001a486 f   libucrt:exit.obj
 0001:0001949c       __is_c_termination_complete 1001a49c f   libucrt:exit.obj
 0001:00019754       ___acrt_allocate_buffer_for_argv 1001a754 f   libucrt:argv_parsing.obj
 0001:000197a3       __configure_narrow_argv    1001a7a3 f   libucrt:argv_parsing.obj
 0001:0001994f       ___dcrt_uninitialize_environments_nolock 1001a94f f   libucrt:environment_initialization.obj
 0001:000199a0       __initialize_narrow_environment 1001a9a0 f   libucrt:environment_initialization.obj
 0001:00019ada       __execute_onexit_table     1001aada f   libucrt:onexit.obj
 0001:00019b18       __initialize_onexit_table  1001ab18 f   libucrt:onexit.obj
 0001:00019b91       ___acrt_uninitialize_command_line 1001ab91 f   libucrt:argv_data.obj
 0001:00019c11       ??$__crt_fast_encode_pointer@PAX@@YAPAXQAX@Z 1001ac11 f i libucrt:initialization.obj
 0001:00019c5e       ___acrt_initialize         1001ac5e f   libucrt:initialization.obj
 0001:00019c70       ___acrt_thread_attach      1001ac70 f   libucrt:initialization.obj
 0001:00019c7b       ___acrt_thread_detach      1001ac7b f   libucrt:initialization.obj
 0001:00019c83       ___acrt_uninitialize       1001ac83 f   libucrt:initialization.obj
 0001:00019cb3       ___acrt_uninitialize_critical 1001acb3 f   libucrt:initialization.obj
 0001:00019cc5       _terminate                 1001acc5 f   libucrt:terminate.obj
 0001:00019d01       _abort                     1001ad01 f   libucrt:abort.obj
 0001:00019d45       _calloc                    1001ad45 f   libucrt:calloc.obj
 0001:00019d50       _strncmp                   1001ad50 f   libucrt:strncmp.obj
 0001:00019dc8       _wcsncmp                   1001adc8 f   libucrt:wcsncmp.obj
 0001:00019e02       ___acrt_errno_from_os_error 1001ae02 f   libucrt:errno.obj
 0001:00019e45       ___acrt_errno_map_os_error 1001ae45 f   libucrt:errno.obj
 0001:00019e68       ___acrt_errno_map_os_error_ptd 1001ae68 f   libucrt:errno.obj
 0001:00019e8c       ___doserrno                1001ae8c f   libucrt:errno.obj
 0001:00019e9f       __errno                    1001ae9f f   libucrt:errno.obj
 0001:00019eb2       __free_base                1001aeb2 f   libucrt:free_base.obj
 0001:00019eec       __malloc_base              1001aeec f   libucrt:malloc_base.obj
 0001:00019f3a       _strnlen                   1001af3a f   libucrt:strnlen.obj
 0001:0001a05c       _wcsnlen                   1001b05c f   libucrt:strnlen.obj
 0001:0001a20c       ___acrt_update_locale_info 1001b20c f   libucrt:locale_update.obj
 0001:0001a239       ___acrt_update_locale_info_explicit 1001b239 f   libucrt:locale_update.obj
 0001:0001a26a       ___acrt_update_multibyte_info 1001b26a f   libucrt:locale_update.obj
 0001:0001a297       ___acrt_update_multibyte_info_explicit 1001b297 f   libucrt:locale_update.obj
 0001:0001a2c8       ?__acrt_fp_classify@@YA?AW4__acrt_fp_class@@ABN@Z 1001b2c8 f i libucrt:cvt.obj
 0001:0001ac91       ___acrt_fp_format          1001bc91 f   libucrt:cvt.obj
 0001:0001ae12       __wctomb_internal          1001be12 f   libucrt:wctomb.obj
 0001:0001af7c       __mbtowc_internal          1001bf7c f   libucrt:mbtowc.obj
 0001:0001b0af       __mbtowc_l                 1001c0af f   libucrt:mbtowc.obj
 0001:0001b0e7       __fileno                   1001c0e7 f   libucrt:fileno.obj
 0001:0001b10e       ___acrt_initialize_stdio   1001c10e f   libucrt:_file.obj
 0001:0001b1d6       ___acrt_iob_func           1001c1d6 f   libucrt:_file.obj
 0001:0001b1e6       ___acrt_uninitialize_stdio 1001c1e6 f   libucrt:_file.obj
 0001:0001b232       __lock_file                1001c232 f   libucrt:_file.obj
 0001:0001b246       __unlock_file              1001c246 f   libucrt:_file.obj
 0001:0001b25a       __get_printf_count_output  1001c25a f   libucrt:printf_count_output.obj
 0001:0001b26f       __fputc_nolock_internal    1001c26f f   libucrt:fputc.obj
 0001:0001b29c       ___acrt_should_use_temporary_buffer 1001c29c f   libucrt:_sftbuf.obj
 0001:0001b2d7       ___acrt_stdio_begin_temporary_buffering_nolock 1001c2d7 f   libucrt:_sftbuf.obj
 0001:0001b383       ___acrt_stdio_end_temporary_buffering_nolock 1001c383 f   libucrt:_sftbuf.obj
 0001:0001b6ff       ___acrt_freeptd            1001c6ff f   libucrt:per_thread_data.obj
 0001:0001b72b       ___acrt_getptd             1001c72b f   libucrt:per_thread_data.obj
 0001:0001b7e6       ___acrt_getptd_head        1001c7e6 f   libucrt:per_thread_data.obj
 0001:0001b87c       ___acrt_getptd_noexit      1001c87c f   libucrt:per_thread_data.obj
 0001:0001b92d       ___acrt_getptd_noexit_explicit 1001c92d f   libucrt:per_thread_data.obj
 0001:0001b9d0       ___acrt_initialize_ptd     1001c9d0 f   libucrt:per_thread_data.obj
 0001:0001b9fc       ___acrt_uninitialize_ptd   1001c9fc f   libucrt:per_thread_data.obj
 0001:0001ba84       ___acrt_set_locale_changed 1001ca84 f   libucrt:wsetlocale.obj
 0001:0001ba8f       ___acrt_uninitialize_locale 1001ca8f f   libucrt:wsetlocale.obj
 0001:0001bc1c       ___acrt_initialize_lowio   1001cc1c f   libucrt:ioinit.obj
 0001:0001bc7c       ___acrt_uninitialize_lowio 1001cc7c f   libucrt:ioinit.obj
 0001:0001bd39       __close_internal           1001cd39 f   libucrt:close.obj
 0001:0001bddc       __close_nolock             1001cddc f   libucrt:close.obj
 0001:0001be0c       __close_nolock_internal    1001ce0c f   libucrt:close.obj
 0001:0001beac       ?__acrt_stdio_allocate_stream@@YA?AV__crt_stdio_stream@@XZ 1001ceac f   libucrt:stream.obj
 0001:0001bf15       ?__acrt_stdio_free_stream@@YAXV__crt_stdio_stream@@@Z 1001cf15 f   libucrt:stream.obj
 0001:0001c012       ___acrt_stdio_free_buffer_nolock 1001d012 f   libucrt:_freebuf.obj
 0001:0001c22f       ___acrt_stdio_flush_nolock 1001d22f f   libucrt:fflush.obj
 0001:0001c298       __fflush_nolock            1001d298 f   libucrt:fflush.obj
 0001:0001c2fd       __flushall                 1001d2fd f   libucrt:fflush.obj
 0001:0001c306       ??$__acrt_stdio_parse_mode@D@@YA?AU__acrt_stdio_stream_mode@@QBD@Z 1001d306 f i libucrt:openfile.obj
 0001:0001c5b3       ?__acrt_stdio_parse_mode_D@@YA_NAAU__acrt_stdio_stream_mode@@@Z 1001d5b3 f i libucrt:openfile.obj
 0001:0001c5ce       ?__acrt_stdio_parse_mode_T@@YA_NAAU__acrt_stdio_stream_mode@@@Z 1001d5ce f i libucrt:openfile.obj
 0001:0001c5ed       ?__acrt_stdio_parse_mode_b@@YA_NAAU__acrt_stdio_stream_mode@@@Z 1001d5ed f i libucrt:openfile.obj
 0001:0001c60d       ?__acrt_stdio_parse_mode_c@@YA_NAAU__acrt_stdio_stream_mode@@AA_N@Z 1001d60d f i libucrt:openfile.obj
 0001:0001c62f       ?__acrt_stdio_parse_mode_n@@YA_NAAU__acrt_stdio_stream_mode@@AA_N@Z 1001d62f f i libucrt:openfile.obj
 0001:0001c651       ?__acrt_stdio_parse_mode_plus@@YA_NAAU__acrt_stdio_stream_mode@@AA_N@Z 1001d651 f i libucrt:openfile.obj
 0001:0001c687       ?__acrt_stdio_parse_mode_t@@YA_NAAU__acrt_stdio_stream_mode@@@Z 1001d687 f i libucrt:openfile.obj
 0001:0001c6a7       ?__acrt_stdio_parse_mode_x@@YA_NAAU__acrt_stdio_stream_mode@@@Z 1001d6a7 f i libucrt:openfile.obj
 0001:0001c6c7       __openfile                 1001d6c7 f   libucrt:openfile.obj
 0001:0001cb98       __read                     1001db98 f   libucrt:read.obj
 0001:0001ccac       __read_nolock              1001dcac f   libucrt:read.obj
 0001:0001d1da       ___acrt_stdio_refill_and_read_narrow_nolock 1001e1da f   libucrt:_filbuf.obj
 0001:0001d57c       __lseek_internal           1001e57c f   libucrt:lseek.obj
 0001:0001d587       __lseeki64                 1001e587 f   libucrt:lseek.obj
 0001:0001d5c7       __lseeki64_internal        1001e5c7 f   libucrt:lseek.obj
 0001:0001d5e5       __lseeki64_nolock          1001e5e5 f   libucrt:lseek.obj
 0001:0001d625       __lseeki64_nolock_internal 1001e625 f   libucrt:lseek.obj
 0001:0001d643       ___pctype_func             1001e643 f   libucrt:ctype.obj
 0001:0001d667       __isctype_l                1001e667 f   libucrt:isctype.obj
 0001:0001d740       _isspace                   1001e740 f   libucrt:_ctype.obj
 0001:0001d7c4       __calloc_base              1001e7c4 f   libucrt:calloc_base.obj
 0001:0001d821       _strtoull                  1001e821 f   libucrt:strtox.obj
 0001:0001d86d       __fgetc_nolock             1001e86d f   libucrt:fgetc.obj
 0001:0001d8a9       __getc_nolock              1001e8a9 f   libucrt:fgetc.obj
 0001:0001d8b4       __ungetc_nolock            1001e8b4 f   libucrt:ungetc.obj
 0001:0001d9ad       _fegetround                1001e9ad f   libucrt:fegetround.obj
 0001:0001d9ba       ___acrt_MultiByteToWideChar 1001e9ba f   libucrt:multibytetowidechar.obj
 0001:0001dbd2       ___acrt_AppPolicyGetProcessTerminationMethodInternal@4 1001ebd2 f   libucrt:winapi_thunks.obj
 0001:0001dc12       ___acrt_AreFileApisANSI@0  1001ec12 f   libucrt:winapi_thunks.obj
 0001:0001dc31       ___acrt_FlsAlloc@4         1001ec31 f   libucrt:winapi_thunks.obj
 0001:0001dc70       ___acrt_FlsFree@4          1001ec70 f   libucrt:winapi_thunks.obj
 0001:0001dcaf       ___acrt_FlsGetValue@4      1001ecaf f   libucrt:winapi_thunks.obj
 0001:0001dcee       ___acrt_FlsSetValue@8      1001ecee f   libucrt:winapi_thunks.obj
 0001:0001dd30       ___acrt_InitializeCriticalSectionEx@12 1001ed30 f   libucrt:winapi_thunks.obj
 0001:0001dd7b       ___acrt_LCMapStringEx@36   1001ed7b f   libucrt:winapi_thunks.obj
 0001:0001ddd8       ___acrt_LocaleNameToLCID@8 1001edd8 f   libucrt:winapi_thunks.obj
 0001:0001de09       ___acrt_initialize_winapi_thunks 1001ee09 f   libucrt:winapi_thunks.obj
 0001:0001de1d       ___acrt_uninitialize_winapi_thunks 1001ee1d f   libucrt:winapi_thunks.obj
 0001:0001de53       __waccess_s                1001ee53 f   libucrt:waccess.obj
 0001:0001df11       ___acrt_initialize_locks   1001ef11 f   libucrt:locks.obj
 0001:0001df52       ___acrt_lock               1001ef52 f   libucrt:locks.obj
 0001:0001df69       ___acrt_uninitialize_locks 1001ef69 f   libucrt:locks.obj
 0001:0001df9a       ___acrt_unlock             1001ef9a f   libucrt:locks.obj
[...]
 0002:00006ff2       _half                      1002fff2     libucrt:87tran.obj
 0002:0000703e       One                        1003003e     libucrt:87disp.obj
 0002:00007046       Three                      10030046     libucrt:87disp.obj
 0002:0000704e       XAMtoTagTab                1003004e     libucrt:87disp.obj
 0002:00007060       One                        10030060     libucrt:common.obj
 0002:00007074       DblMax                     10030074     libucrt:common.obj
 0002:0000707c       DblMin                     1003007c     libucrt:common.obj
 0002:00007084       IeeeAdjO                   10030084     libucrt:common.obj
 0002:0000708c       IeeeAdjU                   1003008c     libucrt:common.obj
 0002:00007094       _infinity                  10030094     libucrt:common.obj
 0002:0000709c       _zero                      1003009c     libucrt:common.obj
 0002:000070e0       _over                      100300e0     libucrt:fpctrl.obj
 0002:000070ec       _under                     100300ec     libucrt:fpctrl.obj
 0002:00007928       ?_names@?1??_get_fname@@9@4QBU<unnamed-type-_names>@?1??1@YAPADI@Z@B 10030928     libucrt:fpexcept.obj
 0002:00007ad0       two32                      10030ad0     LIBCMT:ftol2.obj
 0002:00007ad4       two63                      10030ad4     LIBCMT:ftol2.obj
 0002:00007ad8       _NaN                       10030ad8     LIBCMT:ftol2.obj
 0002:000081c8       __sehtable$?dllmain_crt_process_attach@@YAHQAUHINSTANCE__@@QAX@Z 100311c8     LIBCMT:dll_dllmain.obj
 0002:000081e8       __sehtable$?dllmain_crt_process_detach@@YAH_N@Z 100311e8     LIBCMT:dll_dllmain.obj
 0002:00008210       __sehtable$?dllmain_dispatch@@YAHQAUHINSTANCE__@@KQAX@Z 10031210     LIBCMT:dll_dllmain.obj
 0002:00008230       __sehtable$___scrt_is_nonwritable_in_current_image 10031230     LIBCMT:utility.obj
 0002:00008250       __sehtable$___DestructExceptionObject 10031250     libvcruntime:ehhelpers.obj
 0002:00008270       __sehtable$?FrameUnwindToState@__FrameHandler3@@SAXPAUEHRegistrationNode@@PAXPBU_s_FuncInfo@@H@Z 10031270     libvcruntime:frame.obj
 0002:00008298       __sehtable$?CallCatchBlock@@YAPAXPAUEHExceptionRecord@@PAUEHRegistrationNode@@PAU_CONTEXT@@PBU_s_FuncInfo@@PAXHK@Z 10031298     libvcruntime:frame.obj
 0002:000082c0       __catchsym$?CallUnexpected@@YAXPBU_s_ESTypeList@@@Z$2 100312c0     libvcruntime:frame.obj
 0002:000082d0       __unwindtable$?CallUnexpected@@YAXPBU_s_ESTypeList@@@Z 100312d0     libvcruntime:frame.obj
 0002:000082e0       __tryblocktable$?CallUnexpected@@YAXPBU_s_ESTypeList@@@Z 100312e0     libvcruntime:frame.obj
 0002:000082f4       __ehfuncinfo$?CallUnexpected@@YAXPBU_s_ESTypeList@@@Z 100312f4     libvcruntime:frame.obj
 0002:00008318       __sehtable$??$BuildCatchObjectHelperInternal@V__FrameHandler3@@@@YAHPAUEHExceptionRecord@@PAXPBU_s_HandlerType@@PBU_s_CatchableType@@@Z 10031318     libvcruntime:frame.obj
 0002:00008338       __sehtable$??$BuildCatchObjectInternal@V__FrameHandler3@@@@YAXPAUEHExceptionRecord@@PAXPBU_s_HandlerType@@PBU_s_CatchableType@@@Z 10031338     libvcruntime:frame.obj
 0002:00008390       __sehtable$??$?RV<lambda_62491a2101a2aba6cc4a769149c84f1f>@@AAV<lambda_826c27fce7726908515bbc79a5266961>@@V<lambda_4e64bbd54b50a7b070e3ea8d795375b6>@@@?$__crt_seh_guarded_call@H@@QAEH$$QAV<lambda_62491a2101a2aba6cc4a769149c84f1f>@@AAV<lambda_826c27fce7726908515bbc79a5266961>@@$$QAV<lambda_4e64bbd54b50a7b070e3ea8d795375b6>@@@Z 10031390     libucrt:output.obj
 0002:000083b0       __sehtable$?_fclose_internal@@YAHQAU_iobuf@@AAV__crt_cached_ptd_host@@@Z 100313b0     libucrt:fclose.obj
 0002:000083d0       __sehtable$??$common_fsopen@D@@YAPAU_iobuf@@QBD0H@Z 100313d0     libucrt:fopen.obj
 0002:000083f0       __sehtable$_fread_s        100313f0     libucrt:fread.obj
 0002:00008410       __sehtable$?common_fseek@@YAHV__crt_stdio_stream@@_JHAAV__crt_cached_ptd_host@@@Z 10031410     libucrt:fseek.obj
 0002:00008430       __sehtable$??$common_ftell@J@@YAJV__crt_stdio_stream@@AAV__crt_cached_ptd_host@@@Z 10031430     libucrt:ftell.obj
 0002:00008450       __sehtable$?_rewind_internal@@YAXQAU_iobuf@@AAV__crt_cached_ptd_host@@@Z 10031450     libucrt:rewind.obj
 0002:00008470       __sehtable$??$?RV<lambda_274ecf0a8038e561263518ab346655e8>@@AAV<lambda_21448eb78dd3c4a522ed7c65a98d88e6>@@V<lambda_0ca1de2171e49cefb1e8dc85c06db622>@@@?$__crt_seh_guarded_call@H@@QAEH$$QAV<lambda_274ecf0a8038e561263518ab346655e8>@@AAV<lambda_21448eb78dd3c4a522ed7c65a98d88e6>@@$$QAV<lambda_0ca1de2171e49cefb1e8dc85c06db622>@@@Z 10031470     libucrt:input.obj
 0002:00008490       __sehtable$__query_new_handler 10031490     libucrt:new_handler.obj
 0002:000084ac       __ehfuncinfo$?write_double_translated_ansi_nolock@@YA?AUwrite_result@?A0x17268360@@HQBDIAAV__crt_cached_ptd_host@@@Z 100314ac     libucrt:write.obj
 0002:000084ac       __ehfuncinfo$?try_cor_exit_process@@YAXI@Z 100314ac     libucrt:exit.obj
 0002:000084d0       __unwindtable$?common_exit@@YAXHW4_crt_exit_cleanup_mode@@W4_crt_exit_return_mode@@@Z 100314d0     libucrt:exit.obj
 0002:000084d8       __ehfuncinfo$?common_exit@@YAXHW4_crt_exit_cleanup_mode@@W4_crt_exit_return_mode@@@Z 100314d8     libucrt:exit.obj
 0002:00008500       __sehtable$??R<lambda_6e4b09c48022b2350581041d5f6b0c4c>@@QBE@XZ 10031500     libucrt:exit.obj
 0002:00008520       __sehtable$??$?RV<lambda_03b1d95aef87969028cfba75ccab2455>@@AAV<lambda_6e4b09c48022b2350581041d5f6b0c4c>@@V<lambda_22bdf7517842c4b3e53723af5aa32b9e>@@@?$__crt_seh_guarded_call@X@@QAEX$$QAV<lambda_03b1d95aef87969028cfba75ccab2455>@@AAV<lambda_6e4b09c48022b2350581041d5f6b0c4c>@@$$QAV<lambda_22bdf7517842c4b3e53723af5aa32b9e>@@@Z 10031520     libucrt:exit.obj
 0002:0000853c       __unwindtable$___dcrt_uninitialize_environments_nolock 1003153c     libucrt:environment_initialization.obj
 0002:0000854c       __ehfuncinfo$___dcrt_uninitialize_environments_nolock 1003154c     libucrt:environment_initialization.obj
 0002:00008570       __unwindtable$__execute_onexit_table 10031570     libucrt:onexit.obj
 0002:00008578       __ehfuncinfo$__execute_onexit_table 10031578     libucrt:onexit.obj
 0002:000085a0       __sehtable$??$?RV<lambda_69a2805e680e0e292e8ba93315fe43a8>@@AAV<lambda_f03950bc5685219e0bcd2087efbe011e>@@V<lambda_03fcd07e894ec930e3f35da366ca99d6>@@@?$__crt_seh_guarded_call@H@@QAEH$$QAV<lambda_69a2805e680e0e292e8ba93315fe43a8>@@AAV<lambda_f03950bc5685219e0bcd2087efbe011e>@@$$QAV<lambda_03fcd07e894ec930e3f35da366ca99d6>@@@Z 100315a0     libucrt:onexit.obj
 0002:000085c0       __sehtable$_terminate      100315c0     libucrt:terminate.obj
 0002:000085e0       __sehtable$??$?RV<lambda_15ade71b0218206bbe3333a0c9b79046>@@AAV<lambda_da44e0f8b0f19ba52fefafb335991732>@@V<lambda_207f2d024fc103971653565357d6cd41>@@@?$__crt_seh_guarded_call@X@@QAEX$$QAV<lambda_15ade71b0218206bbe3333a0c9b79046>@@AAV<lambda_da44e0f8b0f19ba52fefafb335991732>@@$$QAV<lambda_207f2d024fc103971653565357d6cd41>@@@Z 100315e0     libucrt:per_thread_data.obj
 0002:00008600       __sehtable$??$?RV<lambda_a7e850c220f1c8d1e6efeecdedd162c6>@@AAV<lambda_46720907175c18b6c9d2717bc0d2d362>@@V<lambda_9048902d66e8d99359bc9897bbb930a8>@@@?$__crt_seh_guarded_call@X@@QAEX$$QAV<lambda_a7e850c220f1c8d1e6efeecdedd162c6>@@AAV<lambda_46720907175c18b6c9d2717bc0d2d362>@@$$QAV<lambda_9048902d66e8d99359bc9897bbb930a8>@@@Z 10031600     libucrt:per_thread_data.obj
 0002:00008620       __sehtable$??$?RV<lambda_38edbb1296d33220d7e4dd0ed76b244a>@@AAV<lambda_5ce1d447e08cb34b2473517608e21441>@@V<lambda_fb385d3da700c9147fc39e65dd577a8c>@@@?$__crt_seh_guarded_call@X@@QAEX$$QAV<lambda_38edbb1296d33220d7e4dd0ed76b244a>@@AAV<lambda_5ce1d447e08cb34b2473517608e21441>@@$$QAV<lambda_fb385d3da700c9147fc39e65dd577a8c>@@@Z 10031620     libucrt:per_thread_data.obj
 0002:00008640       __sehtable$??$?RV<lambda_6affb1475c98b40b75cdec977db92e3c>@@AAV<lambda_b8d4b9c228a6ecc3f80208dbb4b4a104>@@V<lambda_608742c3c92a14382c1684fc64f96c88>@@@?$__crt_seh_guarded_call@X@@QAEX$$QAV<lambda_6affb1475c98b40b75cdec977db92e3c>@@AAV<lambda_b8d4b9c228a6ecc3f80208dbb4b4a104>@@$$QAV<lambda_608742c3c92a14382c1684fc64f96c88>@@@Z 10031640     libucrt:per_thread_data.obj
 0002:00008660       __sehtable$??$?RV<lambda_e5124f882df8998aaf41531e079ba474>@@AAV<lambda_3e16ef9562a7dcce91392c22ab16ea36>@@V<lambda_e25ca0880e6ef98be67edffd8c599615>@@@?$__crt_seh_guarded_call@X@@QAEX$$QAV<lambda_e5124f882df8998aaf41531e079ba474>@@AAV<lambda_3e16ef9562a7dcce91392c22ab16ea36>@@$$QAV<lambda_e25ca0880e6ef98be67edffd8c599615>@@@Z 10031660     libucrt:wsetlocale.obj
 0002:00008680       __sehtable$___acrt_initialize_lowio 10031680     libucrt:ioinit.obj
 0002:000086a0       __sehtable$??$?RV<lambda_d422a76eb4c3bf3ad751449ab71a6ea4>@@AAV<lambda_c9ba49e555ba839a7b07aa3fbecb7617>@@V<lambda_9476263c8ee91a25d21c55370bdb50de>@@@?$__crt_seh_guarded_call@H@@QAEH$$QAV<lambda_d422a76eb4c3bf3ad751449ab71a6ea4>@@AAV<lambda_c9ba49e555ba839a7b07aa3fbecb7617>@@$$QAV<lambda_9476263c8ee91a25d21c55370bdb50de>@@@Z 100316a0     libucrt:close.obj
 0002:000086c0       __sehtable$?__acrt_stdio_allocate_stream@@YA?AV__crt_stdio_stream@@XZ 100316c0     libucrt:stream.obj
 0002:000086e0       __sehtable$??$?RV<lambda_2866be3712abc81a800a822484c830d8>@@AAV<lambda_39ca0ed439415581b5b15c265174cece>@@V<lambda_2b24c74d71094a6cd0cb82e44167d71b>@@@?$__crt_seh_guarded_call@X@@QAEX$$QAV<lambda_2866be3712abc81a800a822484c830d8>@@AAV<lambda_39ca0ed439415581b5b15c265174cece>@@$$QAV<lambda_2b24c74d71094a6cd0cb82e44167d71b>@@@Z 100316e0     libucrt:fflush.obj
 0002:00008700       __sehtable$??$?RV<lambda_2cc53f568c5a2bb6f192f930a45d44ea>@@AAV<lambda_ab61a845afdef5b7c387490eaf3616ee>@@V<lambda_c2ffc0b7726aa6be21d5f0026187e748>@@@?$__crt_seh_guarded_call@X@@QAEX$$QAV<lambda_2cc53f568c5a2bb6f192f930a45d44ea>@@AAV<lambda_ab61a845afdef5b7c387490eaf3616ee>@@$$QAV<lambda_c2ffc0b7726aa6be21d5f0026187e748>@@@Z 10031700     libucrt:fflush.obj
 0002:00008720       __sehtable$__read          10031720     libucrt:read.obj
 0002:00008740       __sehtable$??$common_lseek@J@@YAJHJHAAV__crt_cached_ptd_host@@@Z 10031740     libucrt:lseek.obj
 0002:00008760       __sehtable$??$common_lseek@_J@@YA_JH_JHAAV__crt_cached_ptd_host@@@Z 10031760     libucrt:lseek.obj
 0002:00008780       __sehtable$?update_thread_multibyte_data_internal@@YAPAU__crt_multibyte_data@@QAU__acrt_ptd@@QAPAU1@@Z 10031780     libucrt:mbctype.obj
 0002:000087a0       __sehtable$??$?RV<lambda_ceb1ee4838e85a9d631eb091e2fbe199>@@AAV<lambda_ae742caa10f662c28703da3d2ea5e57e>@@V<lambda_cd08b5d6af4937fe54fc07d0c9bf6b37>@@@?$__crt_seh_guarded_call@X@@QAEX$$QAV<lambda_ceb1ee4838e85a9d631eb091e2fbe199>@@AAV<lambda_ae742caa10f662c28703da3d2ea5e57e>@@$$QAV<lambda_cd08b5d6af4937fe54fc07d0c9bf6b37>@@@Z 100317a0     libucrt:mbctype.obj
 0002:000087c0       __sehtable$_raise          100317c0     libucrt:signal.obj
 0002:000087e0       __sehtable$??$?RV<lambda_cbab9ec6f41b0180b23cc171c22676b0>@@AAV<lambda_44731a7d0e6d81c3e6aa82d741081786>@@V<lambda_4b292cb8dd18144e164572427af410ab>@@@?$__crt_seh_guarded_call@P6AXH@Z@@QAEP6AXH@Z$$QAV<lambda_cbab9ec6f41b0180b23cc171c22676b0>@@AAV<lambda_44731a7d0e6d81c3e6aa82d741081786>@@$$QAV<lambda_4b292cb8dd18144e164572427af410ab>@@@Z 100317e0     libucrt:signal.obj
 0002:00008800       __sehtable$___acrt_update_thread_locale_data 10031800     libucrt:locale_refcounting.obj
 0002:00008820       __sehtable$__fcloseall     10031820     libucrt:closeall.obj
 0002:00008840       __sehtable$__alloc_osfhnd  10031840     libucrt:osfinfo.obj
 0002:00008860       __sehtable$___acrt_lowio_ensure_fh_exists 10031860     libucrt:osfinfo.obj
 0002:00008880       __sehtable$??$?RV<lambda_9e9de3de5fa147e2223d7db92bc10aa6>@@AAV<lambda_38ce7e780aa69e748d6df282ebc68efe>@@V<lambda_8ca6da459f0f6780f1cff60fdc3d00e5>@@@?$__crt_seh_guarded_call@H@@QAEH$$QAV<lambda_9e9de3de5fa147e2223d7db92bc10aa6>@@AAV<lambda_38ce7e780aa69e748d6df282ebc68efe>@@$$QAV<lambda_8ca6da459f0f6780f1cff60fdc3d00e5>@@@Z 10031880     libucrt:commit.obj
 0002:000088a0       __sehtable$__write_internal 100318a0     libucrt:write.obj
 0002:000088c0       __sehtable$??$common_sopen_dispatch@D@@YAHQBDHHHQAHH@Z 100318c0     libucrt:open.obj
 0002:000088e0       __sehtable$___set_fpsr_sse2 100318e0     libucrt:fpctrl.obj
 0002:00008900       __sehtable$__IsNonwritableInCurrentImage 10031900     LIBCMT:pesect.obj
 0002:00008920       .edata                     10031920     amethyst2_4.exp
 0002:00008948       rgpv                       10031948     amethyst2_4.exp
 0002:00008968       rgszName                   10031968     amethyst2_4.exp
 0002:00008988       rgwOrd                     10031988     amethyst2_4.exp
 0002:00008998       szName                     10031998     amethyst2_4.exp
 0002:000089a8       $N00001                    100319a8     amethyst2_4.exp
 0002:000089bc       $N00002                    100319bc     amethyst2_4.exp
 0002:000089ce       $N00003                    100319ce     amethyst2_4.exp
 0002:000089e2       $N00004                    100319e2     amethyst2_4.exp
 0002:000089f3       $N00005                    100319f3     amethyst2_4.exp
 0002:00008a03       $N00006                    10031a03     amethyst2_4.exp
 0002:00008a0f       $N00007                    10031a0f     amethyst2_4.exp
 0002:00008a23       $N00008                    10031a23     amethyst2_4.exp
 0002:00008c0c       .idata$6                   10031c0c     kernel32:KERNEL32.dll
 0002:00008c28       .idata$6                   10031c28     user32:USER32.dll
 0003:00000b28       ?i@?1??fake_new@@YAHH@Z@4HA 10033b28     core.obj
 0003:000010c8       ?SG_Shift@@3PAY01HA        100340c8     Summon.obj
 0003:00002d80       ?first_time@?1??CreateAdditionalTables@@YAXXZ@4_NA 10035d80     tables.obj
 0003:000030e0       ?__vcrt_flsindex@@3KA      100360e0     libvcruntime:per_thread_data.obj
 0003:00003110       ?errno_no_memory@@3HA      10036110     libucrt:errno.obj
 0003:00003114       ?doserrno_no_memory@@3KA   10036114     libucrt:errno.obj
 0003:000031c0       ?__acrt_flsindex@@3KA      100361c0     libucrt:per_thread_data.obj
 0003:000035e8       __mbctypes                 100365e8     libucrt:mbctype.obj
 0003:000036f0       __mbcasemaps               100366f0     libucrt:mbctype.obj
 0003:000037f0       ?__rgctypeflag@@3PADA      100367f0     libucrt:mbctype.obj
 0003:000037f8       ?__rgcode_page_info@@3PAUcode_page_info@@A 100367f8     libucrt:mbctype.obj
 0003:00003950       ?__dcrt_lowio_console_output_handle@@3PAXA 10036950     libucrt:initcon.obj
 0003:00003954       ?__DAZ_ENABLED@?1??__set_fpsr_sse2@@9@9 10036954     libucrt:fpctrl.obj
 0003:00134a94       ?__once__@?1??ReloadExperienceConfig2@@YGXXZ@4_NA 10167a94     dllmain.obj
 0003:00194d58       ?SC_Type@@3HA              101c7d58     Summon.obj
 0003:00194d5c       ?SC_Num@@3HA               101c7d5c     Summon.obj
 0003:00194d60       ?SC_Pos@@3HA               101c7d60     Summon.obj
 0003:00194d64       ?SC_Side@@3HA              101c7d64     Summon.obj
 0003:00194d68       ?SC_Slot@@3HA              101c7d68     Summon.obj
 0003:00194d6c       ?SC_Redraw@@3HA            101c7d6c     Summon.obj
 0003:00194d70       ?SC_Flags@@3HA             101c7d70     Summon.obj
 0003:00194d74       ?SC_MStruct@@3PAEA         101c7d74     Summon.obj
 0003:0060e860       ?SAT_MonID@@3JA            10641860     tables.obj
 0003:0060e864       ?SAT_MonPTR@@3PAEA         10641864     tables.obj
 0003:0060e868       ?SAT_Ret@@3DA              10641868     tables.obj
 0003:0060ec70       _GS_ExceptionRecord        10641c70     LIBCMT:gs_report.obj
 0003:0060ecc0       _GS_ContextRecord          10641cc0     LIBCMT:gs_report.obj
 0003:0060ef8c       ?__proc_attached@@3HA      10641f8c     LIBCMT:dll_dllmain.obj
 0003:0060efa0       ?is_initialized_as_dll@@3_NA 10641fa0     LIBCMT:utility.obj
 0003:0060efa1       ?module_local_atexit_table_initialized@@3_NA 10641fa1     LIBCMT:utility.obj
 0003:0060efa4       ?module_local_atexit_table@@3U_onexit_table_t@@A 10641fa4     LIBCMT:utility.obj
 0003:0060efb0       ?module_local_at_quick_exit_table@@3U_onexit_table_t@@A 10641fb0     LIBCMT:utility.obj
 0003:0060efcc       ?__vcrt_startup_thread_ptd@@3U__vcrt_ptd@@A 10641fcc     libvcruntime:per_thread_data.obj
 0003:0060f01c       ?heap@@3V_HeapManager@@A   1064201c     libvcruntime:undname.obj
 0003:0060f030       ___vcrt_lock_table         10642030     libvcruntime:locks.obj
 0003:0060f048       ___vcrt_locks_initialized  10642048     libvcruntime:locks.obj
 0003:0060f04c       ?module_handles@@3PAPAUHINSTANCE__@@A 1064204c     libvcruntime:winapi_downlevel.obj
 0003:0060f058       ?function_pointers@@3PAPAXA 10642058     libvcruntime:winapi_downlevel.obj
 0003:0060f070       ?__acrt_invalid_parameter_handler@@3V?$dual_state_global@P6AXPB_W00II@Z@__crt_state_management@@A 10642070     libucrt:invalid_parameter.obj
 0003:0060f074       ?__acrt_new_handler@@3V?$dual_state_global@P6AHI@Z@__crt_state_management@@A 10642074     libucrt:new_handler.obj
 0003:0060f078       ?c_termination_complete@@3JA 10642078     libucrt:exit.obj
 0003:0060f07c       ?thread_local_exit_callback_func@@3P6GXPAXK0@ZA 1064207c     libucrt:exit.obj
 0003:0060f088       ?program_name@?1???$common_configure_argv@D@@YAHW4_crt_argv_mode@@@Z@4PADA 10642088     libucrt:argv_parsing.obj
 0003:0060f1b8       ?internal_state@?1??_mbtowc_internal@@9@4U_Mbstatet@@A 106421b8     libucrt:mbtowc.obj
 0003:0060f1cc       ?enable_percent_n@@3IA     106421cc     libucrt:printf_count_output.obj
 0003:0060f3e8       ?module_handles@@3PAPAUHINSTANCE__@@A 106423e8     libucrt:winapi_thunks.obj
 0003:0060f438       ?encoded_function_pointers@@3PAPAXA 10642438     libucrt:winapi_thunks.obj
 0003:0060f4c0       ?__acrt_lock_table@@3PAU_RTL_CRITICAL_SECTION@@A 106424c0     libucrt:locks.obj
 0003:0060f610       ?__acrt_locks_initialized@@3IA 10642610     libucrt:locks.obj
 0003:0060f620       ?fSystemSet@@3HA           10642620     libucrt:mbctype.obj
 0003:0060f624       ?initialized@?1??__acrt_initialize_multibyte@@9@4_NA 10642624     libucrt:mbctype.obj
 0003:0060f644       ?ctrlc_action@@3V?$dual_state_global@P6AXH@Z@__crt_state_management@@A 10642644     libucrt:signal.obj
 0003:0060f648       ?ctrlbreak_action@@3V?$dual_state_global@P6AXH@Z@__crt_state_management@@A 10642648     libucrt:signal.obj
 0003:0060f64c       ?abort_action@@3V?$dual_state_global@P6AXH@Z@__crt_state_management@@A 1064264c     libucrt:signal.obj
 0003:0060f650       ?term_action@@3V?$dual_state_global@P6AXH@Z@__crt_state_management@@A 10642650     libucrt:signal.obj
 0003:0060f654       ?user_matherr@@3V?$dual_state_global@P6AHPAU_exception@@@Z@__crt_state_management@@A 10642654     libucrt:matherr.obj
 0003:0060f658       ?__acrt_global_new_mode@@3V?$dual_state_global@J@__crt_state_management@@A 10642658     libucrt:new_mode.obj
 0003:0060f668       ?internal_pst@?1??__mbrtoc32_utf8@__crt_mbstring@@YAIPA_UPBDIPAU_Mbstatet@@AAV__crt_cached_ptd_host@@@Z@4U3@A 10642668     libucrt:mbrtoc32.obj
 0003:0060f670       ?__acrt_app_type@@3W4_crt_app_type@@A 10642670     libucrt:report_runtime_error.obj
 0003:0060f67c       __pmatherr_set             1064267c     libucrt:libm_error.obj
 0004:00000060       $R000000                   10643060     * linker generated manifest res *

 Exports

  ordinal    name

        1    _ChangeCreatureTable
               exported name: ChangeCreatureTable
        2    _Creature2Artifact
               exported name: Creature2Artifact
        3    _Creature2Artifact_2
               exported name: Creature2Artifact_2
        4    _InitNecromancy15
               exported name: InitNecromancy15
        5    __hasSantaGuards
               exported name: _hasSantaGuards
        6    _check_harpy
               exported name: check_harpy
        7    _isCreatureConstruct
               exported name: isCreatureConstruct
        8    _isReceptive
               exported name: isReceptive
