 amethyst2_4

 Timestamp is 63da9f18 (Wed Feb  1 18:19:20 2023)

 Preferred load address is 10000000

 Start         Length     Name                   Class
 0001:00000000 00000380H .text$di                CODE
 0001:00000380 00028390H .text$mn                CODE
 0001:00028710 000000bbH .text$x                 CODE
 0002:00000000 00000134H .idata$5                DATA
 0002:00000134 00000004H .00cfg                  DATA
 0002:00000138 00000004H .CRT$XCA                DATA
 0002:0000013c 00000004H .CRT$XCU                DATA
 0002:00000140 00000004H .CRT$XCZ                DATA
 0002:00000144 00000004H .CRT$XIA                DATA
 0002:00000148 00000010H .CRT$XIC                DATA
 0002:00000158 00000004H .CRT$XIZ                DATA
 0002:0000015c 00000004H .CRT$XPA                DATA
 0002:00000160 00000008H .CRT$XPX                DATA
 0002:00000168 00000004H .CRT$XPXA               DATA
 0002:0000016c 00000004H .CRT$XPZ                DATA
 0002:00000170 00000004H .CRT$XTA                DATA
 0002:00000174 0000000cH .CRT$XTZ                DATA
 0002:00000178 00000000H .gfids$y                DATA
 0002:00000180 00007b00H .rdata                  DATA
 0002:00007c80 00000000H .rdata$CastGuardVftablesA DATA
 0002:00007c80 00000000H .rdata$CastGuardVftablesC DATA
 0002:00007c80 000000dcH .rdata$r                DATA
 0002:00007d5c 00000028H .rdata$sxdata           DATA
 0002:00007d84 00000298H .rdata$voltmd           DATA
 0002:0000801c 00000360H .rdata$zzzdbg           DATA
 0002:0000837c 00000004H .rtc$IAA                DATA
 0002:00008380 00000004H .rtc$IZZ                DATA
 0002:00008384 00000004H .rtc$TAA                DATA
 0002:00008388 00000008H .rtc$TZZ                DATA
 0002:00008390 00000780H .xdata$x                DATA
 0002:00008b10 00000110H .edata                  DATA
 0002:00008c20 00000028H .idata$2                DATA
 0002:00008c48 00000014H .idata$3                DATA
 0002:00008c5c 00000134H .idata$4                DATA
 0002:00008d90 0000056cH .idata$6                DATA
 0003:00000000 00003920H .data                   DATA
 0003:00003920 0000003cH .data$r                 DATA
 0003:0000395c 0000001cH .data$rs                DATA
 0003:00003978 0060bce4H .bss                    DATA
 0004:00000000 00000060H .rsrc$01                DATA
 0004:00000060 00000180H .rsrc$02                DATA

  Address         Publics by Value              Rva+Base       Lib:Object

 0000:00000000       ___guard_fids_count        00000000     <absolute>
 0000:00000000       ___guard_eh_cont_table     00000000     <absolute>
 0000:00000000       ___guard_longjmp_table     00000000     <absolute>
 0000:00000000       ___guard_iat_count         00000000     <absolute>
 0000:00000000       ___arm64x_extra_rfe_table  00000000     <absolute>
 0000:00000000       ___arm64x_redirection_metadata 00000000     <absolute>
 0000:00000000       ___guard_eh_cont_count     00000000     <absolute>
 0000:00000000       __except_list              00000000     <absolute>
 0000:00000000       ___x64_code_ranges_to_entry_points_count 00000000     <absolute>
 0000:00000000       ___hybrid_code_map_count   00000000     <absolute>
 0000:00000000       ___x64_code_ranges_to_entry_points 00000000     <absolute>
 0000:00000000       ___guard_iat_table         00000000     <absolute>
 0000:00000000       ___arm64x_native_entrypoint 00000000     <absolute>
 0000:00000000       ___hybrid_code_map         00000000     <absolute>
 0000:00000000       ___arm64x_extra_rfe_table_size 00000000     <absolute>
 0000:00000000       ___guard_longjmp_count     00000000     <absolute>
 0000:00000000       ___guard_check_icall_a64n_fptr 00000000     <absolute>
 0000:00000000       ___arm64x_redirection_metadata_count 00000000     <absolute>
 0000:00000000       ___hybrid_auxiliary_iat    00000000     <absolute>
 0000:00000000       ___dynamic_value_reloc_table 00000000     <absolute>
 0000:00000000       ___AbsoluteZero            00000000     <absolute>
 0000:00000000       ___enclave_config          00000000     <absolute>
 0000:00000000       ___guard_fids_table        00000000     <absolute>
 0000:00000000       ___hybrid_auxiliary_iat_copy 00000000     <absolute>
 0000:0000000a       ___safe_se_handler_count   0000000a     <absolute>
 0000:00000100       ___guard_flags             00000100     <absolute>
 0000:00000000       ___ImageBase               10000000     <linker-defined>
 0001:00000380       ?GetHeroRecord@@YAPADH@Z   10001380 f   heroes.obj
 0001:000003a0       ?WriteHook@@YAXPAX0D@Z     100013a0 f   heroes.obj
 0001:000003e0       ?_alldiv__patched@@YGH_JIH@Z 100013e0 f   BugFix.obj
 0001:00000410       ?apply_fixes@@YAXXZ        10001410 f   BugFix.obj
 0001:00000590       ?hook_00426020@@YGHPAVLoHook@@PAUHookContext@@@Z 10001590 f   BugFix.obj
 0001:000005b0       ?hook_0042626A@@YGHPAVLoHook@@PAUHookContext@@@Z 100015b0 f   BugFix.obj
 0001:000005d0       ?hook_00435D7F@@YGHPAVLoHook@@PAUHookContext@@@Z 100015d0 f   BugFix.obj
 0001:000005d0       ?hook_00442D62@@YGHPAVLoHook@@PAUHookContext@@@Z 100015d0 f   BugFix.obj
 0001:000005f0       ?hook_00435DBE@@YGHPAVLoHook@@PAUHookContext@@@Z 100015f0 f   BugFix.obj
 0001:00000610       ?hook_00468A1B@@YGHPAVLoHook@@PAUHookContext@@@Z 10001610 f   BugFix.obj
 0001:00000650       ?hook_00468DBD@@YGHPAVLoHook@@PAUHookContext@@@Z 10001650 f   BugFix.obj
 0001:00000690       ?hook_004D9508@@YGHPAVLoHook@@PAUHookContext@@@Z 10001690 f   BugFix.obj
 0001:000006f0       ?hook_005A6BD3@@YGHPAVLoHook@@PAUHookContext@@@Z 100016f0 f   BugFix.obj
 0001:00000760       ?hook_005A6D89@@YGHPAVLoHook@@PAUHookContext@@@Z 10001760 f   BugFix.obj
 0001:000007b0       ??$strcpy_s@$0BAA@@@YAHAAY0BAA@DPBD@Z 100017b0 f i core.obj
 0001:000007d0       ??$strcpy_s@$0EA@@@YAHAAY0EA@DPBD@Z 100017d0 f i core.obj
 0001:000007f0       ?CreateNewTable@@YAXXZ     100017f0 f   core.obj
 0001:00000c00       ?LoadCrTraitsRow_hook@@YGHPAVHiHook@@HH@Z 10001c00 f   core.obj
 0001:00000d40       ?NewMissiles_Body@@YIHPADH@Z 10001d40 f   core.obj
 0001:00000e70       ?NewMonstersMissiles@@YAXXZ 10001e70 f   core.obj
 0001:00000e90       ?Pop@HookContext@@QAEHXZ   10001e90 f i core.obj
 0001:00000ec0       ?_ebx@@YAHXZ               10001ec0 f   core.obj
 0001:00000ed0       ?fake_new@@YAHH@Z          10001ed0 f   core.obj
 0001:00000f10       ?fake_new_hook@@YGHPAVLoHook@@PAUHookContext@@@Z 10001f10 f   core.obj
 0001:00000f30       ?fix_amethyst_crexpmod@@YAXXZ 10001f30 f   core.obj
 0001:000010e0       ?install_CrState@@YAXXZ    100020e0 f   core.obj
 0001:00001160       ?set_erm_limits@@YAXXZ     10002160 f   core.obj
 0001:000011d0       ___local_stdio_printf_options 100021d0 f i core.obj
 0001:000011e0       __vsnprintf_l              100021e0 f i core.obj
 0001:00001230       __vsprintf_l               10002230 f i core.obj
 0001:00001250       _sprintf                   10002250 f i core.obj
 0001:00001290       ?creexpo1024@@YAXXZ        10002290 f   creexpo1024.obj
 0001:000018d0       ??$StructAt@UH3Main@h3@@@h3@@YAPAUH3Main@0@I@Z 100028d0 f i dllmain.obj
 0001:000018d0       ??$StructAt@UH3CombatManager@h3@@@h3@@YAPAUH3CombatManager@0@I@Z 100028d0 f i tables.obj
 0001:000018e0       ??0exception@std@@QAE@ABV01@@Z 100028e0 f i dllmain.obj
 0001:00001920       ??1exception@std@@UAE@XZ   10002920 f i dllmain.obj
 0001:00001950       ??_Eexception@std@@UAEPAXI@Z 10002950 f i dllmain.obj
 0001:00001950       ??_Gexception@std@@UAEPAXI@Z 10002950 f i dllmain.obj
 0001:00001980       ?Block_Redirection@@YGXPAUTEvent@Era@@@Z 10002980 f   dllmain.obj
 0001:00001a30       ?ConnectEra@Era@@YAXXZ     10002a30 f   dllmain.obj
 0001:00001dd0       ?Daily_Res@@YGXPAUTEvent@Era@@@Z 10002dd0 f   dllmain.obj
 0001:00002200       ?Fix_Random_Creature_Generation@@YGXPAUTEvent@Era@@@Z 10003200 f   dllmain.obj
 0001:00002280       ?Get@H3Main@h3@@SAPAU12@XZ 10003280 f i dllmain.obj
 0001:000022a0       ?GetPatcher@@YAPAVPatcher@@XZ 100032a0 f i dllmain.obj
 0001:00002300       ?InitMainConfig@@YAXPAD@Z  10003300 f   dllmain.obj
 0001:00002570       ?MonsterRandomGeneration2@@YAXXZ 10003570 f   dllmain.obj
 0001:00002590       ?MonsterRandomGeneration@@YAXXZ 10003590 f   dllmain.obj
 0001:000025b0       ?ReloadExperienceConfig2@@YGXXZ 100035b0 f   dllmain.obj
 0001:00002650       ?RestoreData@@YGXPAUTEvent@Era@@@Z 10003650 f   dllmain.obj
 0001:000026a0       ?ShareStatsEvent@@YGXPAUTEvent@Era@@@Z 100036a0 f   dllmain.obj
 0001:00002770       ?StoreData@@YGXPAUTEvent@Era@@@Z 10003770 f   dllmain.obj
 0001:000027c0       ?battle_late_begin@@YGXPAUTEvent@Era@@@Z 100037c0 f   dllmain.obj
 0001:00002860       ?battle_start_event@@YGXPAUTEvent@Era@@@Z 10003860 f   dllmain.obj
 0001:000028a0       ?begin@?$H3Vector@UH3Town@h3@@@h3@@QAEPAUH3Town@2@XZ 100038a0 f i dllmain.obj
 0001:000028c0       ?drop_html_creature_list@@YGXPAUTEvent@Era@@@Z 100038c0 f   dllmain.obj
 0001:000028e0       ?end@?$H3Vector@UH3Town@h3@@@h3@@QAEPAUH3Town@2@XZ 100038e0 f i dllmain.obj
 0001:00002900       ?fix_vanilla_creatures@@YGXPAUTEvent@Era@@@Z 10003900 f   dllmain.obj
 0001:00002aa0       ?hook_005A7A5A@@YGHPAVLoHook@@PAUHookContext@@@Z 10003aa0 f   dllmain.obj
 0001:00002b30       ?hook_ecx_batman_dialogue_fix@@YGHPAVLoHook@@PAUHookContext@@@Z 10003b30 f   dllmain.obj
 0001:00002b60       ?hook_ecx_batman_fix@@YGHPAVLoHook@@PAUHookContext@@@Z 10003b60 f   dllmain.obj
 0001:00002b80       ?hook_esi_batman_fix@@YGHPAVLoHook@@PAUHookContext@@@Z 10003b80 f   dllmain.obj
 0001:00002ba0       ?install_CrState@@YGXPAUTEvent@Era@@@Z 10003ba0 f   dllmain.obj
 0001:00002bc0       ?load_things_late@@YGXPAUTEvent@Era@@@Z 10003bc0 f   dllmain.obj
 0001:00002ca0       ?ranged_retaliation_event_30303@@YGXPAUTEvent@Era@@@Z 10003ca0 f   dllmain.obj
 0001:00002d70       ?ranged_retaliation_event_30304@@YGXPAUTEvent@Era@@@Z 10003d70 f   dllmain.obj
 0001:00002e40       ?strstr@@YAPADQADQBD@Z     10003e40 f i dllmain.obj
 0001:00002e60       ?what@exception@std@@UBEPBDXZ 10003e60 f i dllmain.obj
 0001:00002e90       _DllMain@12                10003e90 f   dllmain.obj
 0001:00003010       ?drop_html_creature_list@@YAXPBD@Z 10004010 f   DropHtml.obj
 0001:000030d0       __vfprintf_l               100040d0 f i DropHtml.obj
 0001:00003100       _fprintf                   10004100 f i DropHtml.obj
 0001:00003140       ?GameMgr_GetRandMonster_ByLevel@@YGHPAVHiHook@@PAXHH@Z 10004140 f   GameMgr_GetRandMonster_ByLevel.obj
 0001:000032d0       ?v_MsgBox@@YAXPADH@Z       100042d0 f i GameMgr_GetRandMonster_ByLevel.obj
 0001:00003300       ?MiscCreatureHooks_apply@@YAXXZ 10004300 f   MiscCreatureHooks.obj
 0001:00003340       ?MiscCreatureHooks_apply_strings@@YAXXZ 10004340 f   MiscCreatureHooks.obj
 0001:000033d0       ?hook_UN_G1_reset@@YGHPAVLoHook@@PAUHookContext@@@Z 100043d0 f   MiscCreatureHooks.obj
 0001:00003490       ?hook_UN_G1_set@@YGHPAVLoHook@@PAUHookContext@@@Z 10004490 f   MiscCreatureHooks.obj
 0001:00003560       ?M2B_CheckPosCode@@YAHHH@Z 10004560 f   Summon.obj
 0001:000035b0       ?M2B_FindPos@@YAHHPAH0@Z   100045b0 f   Summon.obj
 0001:00003630       ?M2B_GetPosCode@@YAHHH@Z   10004630 f   Summon.obj
 0001:00003750       ?MakeDalionsGuards@@YGXPAE0H@Z 10004750 f   Summon.obj
 0001:00003790       ?MakeMonGuards@@YAXPAE0HH@Z 10004790 f   Summon.obj
 0001:00003a10       ?MakeMonGuards_proxy@0@YAXXZ 10004a10 f   Summon.obj
 0001:00003a80       ?MakeSGGuards_unstack@@YAXPAE0H@Z 10004a80 f   Summon.obj
 0001:00003a80       ?PEr__Del@@YAXXZ           10004a80 f   Summon.obj
 0001:00003a90       ?SammonCreature@@YAPAEHHHHHH@Z 10004a90 f   Summon.obj
 0001:00003ac0       ?SammonCreatureEx@@YAPAEHHHHHHH@Z 10004ac0 f   Summon.obj
 0001:00003b50       ?Spell_1_mode_exact_expert@@YAXXZ 10004b50 f   tables.obj
 0001:00003b80       ?Spell_1_mode_exact@@YAXXZ 10004b80 f   tables.obj
 0001:00003bb0       ?Spell_1_mode_exact_twice@@YAXXZ 10004bb0 f   tables.obj
 0001:00003c10       ?Spell_1_mode_elemental@@YAXXZ 10004c10 f   tables.obj
 0001:00003c70       ?Spell_1_mode_Heavenly_Inspiration@@YAXXZ 10004c70 f   tables.obj
 0001:00003d00       ?Spell_1_mode_enchant@@YAXXZ 10004d00 f   tables.obj
 0001:00003dd0       ?Spell_1_mode_enchant_minor@@YAXXZ 10004dd0 f   tables.obj
 0001:00003e80       ?Spell_1_mode_enchant_major@@YAXXZ 10004e80 f   tables.obj
 0001:00003f70       ?Spell_1_mode_rush@@YAXXZ  10004f70 f   tables.obj
 0001:00004020       ?Spell_1_mode_1_extended@@YAXXZ 10005020 f   tables.obj
 0001:00004100       ?Spell_1_mode_Dragon_Will@@YAXXZ 10005100 f   tables.obj
 0001:00004200       ?Spell_1_mode_overclock@@YAXXZ 10005200 f   tables.obj
 0001:00004300       ?Spell_1_mode_repair_and_overclock@@YAXXZ 10005300 f   tables.obj
 0001:00004380       ?Spell_2_raise_undead@@YAXXZ 10005380 f   tables.obj
 0001:000043f0       ?Spell_2_repair_constructs@@YAXXZ 100053f0 f   tables.obj
 0001:000044b0       ?Spell_2_gate_infernals@@YAXXZ 100054b0 f   tables.obj
 0001:00004520       ?Spell_2_damage_spell@@YAXXZ 10005520 f   tables.obj
 0001:00004590       ?Spell_2_FriendlyNonDragons@@YAXXZ 10005590 f   tables.obj
 0001:000045d0       ?Spell_2_FriendlyConstructs@@YAXXZ 100055d0 f   tables.obj
 0001:00004620       ?Spell_3_debuff@@YAXXZ     10005620 f   tables.obj
 0001:00004650       ?Spell_3_custom_buff@@YAXXZ 10005650 f   tables.obj
 0001:00004680       ?resistance_dwarf60@@YAXXZ 10005680 f   tables.obj
 0001:000046b0       ?resistance_dwarf80@@YAXXZ 100056b0 f   tables.obj
 0001:000046e0       ?resistance_dwarf100@@YAXXZ 100056e0 f   tables.obj
 0001:00004710       ?resistance_level_1@@YAXXZ 10005710 f   tables.obj
 0001:00004730       ?resistance_level_1_2@@YAXXZ 10005730 f   tables.obj
 0001:00004750       ?resistance_speed@@YAXXZ   10005750 f   tables.obj
 0001:00004780       ?resistance_toxic@@YAXXZ   10005780 f   tables.obj
 0001:000047b0       ?resistance_will@@YAXXZ    100057b0 f   tables.obj
 0001:000047e0       ?resistance_no_eyes@@YAXXZ 100057e0 f   tables.obj
 0001:00004800       ?resistance_mass_damage@@YAXXZ 10005800 f   tables.obj
 0001:00004820       ?resistance_to_dispel@@YAXXZ 10005820 f   tables.obj
 0001:00004840       ?resistance_to_debuff@@YAXXZ 10005840 f   tables.obj
 0001:000048b0       ?vulnerability_125@@YAXXZ  100058b0 f   tables.obj
 0001:000048d0       ?vulnerability_150@@YAXXZ  100058d0 f   tables.obj
 0001:000048e0       ?vulnerability_200@@YAXXZ  100058e0 f   tables.obj
 0001:000048f0       ?vulnerability_300@@YAXXZ  100058f0 f   tables.obj
 0001:00004900       ?vulnerability_400@@YAXXZ  10005900 f   tables.obj
 0001:00004920       ?vulnerability_500@@YAXXZ  10005920 f   tables.obj
 0001:00004940       ?vulnerability_600@@YAXXZ  10005940 f   tables.obj
 0001:00004960       ?vulnerability_700@@YAXXZ  10005960 f   tables.obj
 0001:00004980       ?vulnerability_900@@YAXXZ  10005980 f   tables.obj
 0001:000049a0       ?AI_Battle_GetStackCustomBuffValue@@YADPAXHPAHH@Z 100059a0 f   tables.obj
 0001:00004ca0       ?AI_Battle_GetStackDeBuffValue@@YADPAXHPAHH@Z 10005ca0 f   tables.obj
 0001:00004fb0       ?AlwaysPositiveLuck2@@YAXXZ 10005fb0 f   tables.obj
 0001:00004fd0       ?AlwaysPositiveLuck3@@YAXXZ 10005fd0 f   tables.obj
 0001:00004ff0       ?AlwaysPositiveLuck@@YAXXZ 10005ff0 f   tables.obj
 0001:00005040       ?AlwaysPositiveMorale2@@YAXXZ 10006040 f   tables.obj
 0001:00005060       ?AlwaysPositiveMorale3@@YAXXZ 10006060 f   tables.obj
 0001:00005080       ?AlwaysPositiveMorale@@YAXXZ 10006080 f   tables.obj
 0001:000050a0       ?AmmoCart_43F718_Hook@@YAXXZ 100060a0 f   tables.obj
 0001:000050c0       ?Ang1@@YAXXZ               100060c0 f   tables.obj
 0001:00005150       ?Ang2@@YAXXZ               10006150 f   tables.obj
 0001:000051a0       ?AngDem1@@YAXXZ            100061a0 f   tables.obj
 0001:000051e0       ?AngDem2@@YAXXZ            100061e0 f   tables.obj
 0001:00005330       ?AngDem3@@YAXXZ            10006330 f   tables.obj
 0001:00005480       ?AngDem4@@YAXXZ            10006480 f   tables.obj
 0001:000054d0       ?AngDem5@@YAXXZ            100064d0 f   tables.obj
 0001:000055c0       ?Angel4_004482D3@@YAXXZ    100065c0 f   tables.obj
 0001:00005620       ?ApplySharedStats@@YAXHH@Z 10006620 f   tables.obj
 0001:00005650       ?Before_Melee@@YAXXZ       10006650 f   tables.obj
 0001:00005670       ?Before_strike@@YAXXZ      10006670 f   tables.obj
 0001:00005760       ?CheckCreature2Leave_hook@@YGHPAVHiHook@@H@Z 10006760 f   tables.obj
 0001:000057b0       ?CounterStrike2@@YAXXZ     100067b0 f   tables.obj
 0001:000057f0       ?CounterStrike@@YAXXZ      100067f0 f   tables.obj
 0001:00005830       ?CrExpBon_DwarfResistFriendly_WoG_hook@@YGHPAVHiHook@@HHH@Z 10006830 f   tables.obj
 0001:00005880       ?CreateAdditionalTables@@YAXXZ 10006880 f   tables.obj
 0001:000076a0       ?Creature_SpellPower_5A0145@@YGHPAVLoHook@@PAUHookContext@@@Z 100086a0 f   tables.obj
 0001:000077b0       ?DeathBlow@@YAXXZ          100087b0 f   tables.obj
 0001:000077f0       ?DeathBlowCorrect@@YAXXZ   100087f0 f   tables.obj
 0001:00007810       ?Dem1@@YAXXZ               10008810 f   tables.obj
 0001:00007830       ?Dem2@@YAXXZ               10008830 f   tables.obj
 0001:00007930       ?Dem3@@YAXXZ               10008930 f   tables.obj
 0001:00007950       ?Dem4@@YAXXZ               10008950 f   tables.obj
 0001:000079e0       ?Dem5@@YAXXZ               100089e0 f   tables.obj
 0001:00007a00       ?Dem6@@YAXXZ               10008a00 f   tables.obj
 0001:00007a20       ?Demon2@@YAXXZ             10008a20 f   tables.obj
 0001:00007a50       ?Demon3@@YAXXZ             10008a50 f   tables.obj
 0001:00007a70       ?Demon@@YAXXZ              10008a70 f   tables.obj
 0001:00007a90       ?Dlg_RecruitMonster_Hook_5502EE@@YAXXZ 10008a90 f   tables.obj
 0001:00007ac0       ?ERM2String@@YAPADPADHPAH@Z 10008ac0 f i tables.obj
 0001:00007ae0       ?Fear@@YAXXZ               10008ae0 f   tables.obj
 0001:00007b20       ?Fearless@@YAXXZ           10008b20 f   tables.obj
 0001:00007b60       ?FileExists@@YA_NPBD@Z     10008b60 f i tables.obj
 0001:00007b90       ?FillTables@@YAXXZ         10008b90 f   tables.obj
 0001:00007c50       ?Firewall_byte@@YAXXZ      10008c50 f   tables.obj
 0001:00007c70       ?Gate2@@YAXXZ              10008c70 f   tables.obj
 0001:00007cb0       ?Get@H3CombatManager@h3@@SAPAU12@XZ 10008cb0 f i tables.obj
 0001:00007cd0       ?GetFireShield@@YGHHPAH@Z  10008cd0 f   tables.obj
 0001:00007d10       ?GetShotType@@YIHHPAH@Z    10008d10 f   tables.obj
 0001:00007d30       ?Hate_Hook_766DFF@@YAXXZ   10008d30 f   tables.obj
 0001:00007e20       ?Hill_Fort_47AA50_Hook@@YAXXZ 10008e20 f   tables.obj
 0001:00007e40       ?ImmunToJoustingBonus@@YAXXZ 10008e40 f   tables.obj
 0001:00007e60       ?ImposedSpells1@@YAXXZ     10008e60 f   tables.obj
 0001:00007e70       ?ImposedSpells2@@YAXXZ     10008e70 f   tables.obj
 0001:00007e80       ?ImposedSpellsGeneral@@YAXXZ 10008e80 f   tables.obj
 0001:00007ec0       ?Index@H3CombatCreature@h3@@QBEHXZ 10008ec0 f i tables.obj
 0001:00007ef0       ?InitNecromancy@@YAXXZ     10008ef0 f   tables.obj
 0001:00008190       ?IsAngel3_Minus@@YAXXZ     10009190 f   tables.obj
 0001:000081f0       ?JoustingBonus@@YAXXZ      100091f0 f   tables.obj
 0001:00008220       ?LoadCreatureConfig@@YAXH@Z 10009220 f   tables.obj
 0001:00008330       ?MagicAura@@YAXXZ          10009330 f   tables.obj
 0001:00008350       ?MagicChannel@@YAXXZ       10009350 f   tables.obj
 0001:00008370       ?MagicMirror@@YAXXZ        10009370 f   tables.obj
 0001:00008390       ?ManaDrain2@@YAXXZ         10009390 f   tables.obj
 0001:000083b0       ?ManaDrainPlus@@YAXXZ      100093b0 f   tables.obj
 0001:000083e0       ?NPCDeathStare_hook@@YGHPAVHiHook@@HH@Z 100093e0 f   tables.obj
 0001:00008420       ?NoWallPenalty@@YAXXZ      10009420 f   tables.obj
 0001:00008440       ?Passive_474541_Hook@@YAXXZ 10009440 f   tables.obj
 0001:00008460       ?Push@HookContext@@QAEXH@Z 10009460 f i tables.obj
 0001:00008490       ?Rebirth_Plus@@YAXXZ       10009490 f   tables.obj
 0001:00008510       ?ReduceTargetDefense2@@YAXXZ 10009510 f   tables.obj
 0001:00008550       ?ReduceTargetDefense@@YAXXZ 10009550 f   tables.obj
 0001:00008590       ?Regeneration@@YAXXZ       10009590 f   tables.obj
 0001:000085c0       ?ResetAdditionalTables_BattleOnly@@YAXXZ 100095c0 f   tables.obj
 0001:000087b0       ?ResistanceHook@@YGNPAVHiHook@@HHPAUHERO@@1@Z 100097b0 f   tables.obj
 0001:00008830       ?SantaFixPlus@@YAXXZ       10009830 f   tables.obj
 0001:00008860       ?Sharpshooters@@YAXXZ      10009860 f   tables.obj
 0001:00008880       ?ShootAnyTime2@@YGDH@Z     10009880 f   tables.obj
 0001:000088f0       ?ShootAnyTime@@YGDH@Z      100098f0 f   tables.obj
 0001:00008960       ?Spells3@@YAXXZ            10009960 f   tables.obj
 0001:00008990       ?Spells4@@YAXXZ            10009990 f   tables.obj
 0001:000089c0       ?SpellsCostDump@@YAXXZ     100099c0 f   tables.obj
 0001:000089f0       ?SpellsCostLess@@YAXXZ     100099f0 f   tables.obj
 0001:00008a40       ?ThreeHeadedAttack2@@YAXXZ 10009a40 f   tables.obj
 0001:00008a60       ?ThreeHeadedAttack@@YAXXZ  10009a60 f   tables.obj
 0001:00008a80       ?WoG_CastSpell_Monster@@YAXHHHHHH@Z 10009a80 f   tables.obj
 0001:00008b50       ?f41ED5A_Hook@@YAXXZ       10009b50 f   tables.obj
 0001:00008b80       ?f4225D6_Hook@@YAXXZ       10009b80 f   tables.obj
 0001:00008ba0       ?f43F72C_Hook@@YAXXZ       10009ba0 f   tables.obj
 0001:00008bd0       ?f442E61_Hook@@YAXXZ       10009bd0 f   tables.obj
 0001:00008bf0       ?f_433438_Hook@@YAXXZ      10009bf0 f   tables.obj
 0001:00008c00       ?f_4650dd_Hook@@YAXXZ      10009c00 f   tables.obj
 0001:00008c30       ?f_4e3ed0_Hook@@YAXXZ      10009c30 f   tables.obj
 0001:00008ce0       ?f_756B1F_Hook@@YAXXZ      10009ce0 f   tables.obj
 0001:00008d10       ?f_75C96C_Hook@@YAXXZ      10009d10 f   tables.obj
 0001:00008d40       ?fix_hp_overflow@@YAXXZ    10009d40 f   tables.obj
 0001:00008db0       ?fun_4E609E_Rogue_Hook@@YAXXZ 10009db0 f   tables.obj
 0001:00008de0       ?get_can_gate@@YAXXZ       10009de0 f   tables.obj
 0001:00008f40       ?get_raise_undead@@YAXXZ   10009f40 f   tables.obj
 0001:000090e0       ?get_repair_constructs@@YAXXZ 1000a0e0 f   tables.obj
 0001:000092c0       ?harpy_hook_0075E063@@YGHPAVLoHook@@PAUHookContext@@@Z 1000a2c0 f   tables.obj
 0001:00009320       ?harpy_hook_00762940@@YGHPAVLoHook@@PAUHookContext@@@Z 1000a320 f   tables.obj
 0001:00009390       ?has_wog_resist@@YA_NPBDH@Z 1000a390 f   tables.obj
 0001:000096c0       ?hook_00440245@@YGHPAVLoHook@@PAUHookContext@@@Z 1000a6c0 f   tables.obj
 0001:00009710       ?hook_00440BDB@@YGHPAVLoHook@@PAUHookContext@@@Z 1000a710 f   tables.obj
 0001:00009760       ?hook_004470B5_Demonology@@YGHPAVLoHook@@PAUHookContext@@@Z 1000a760 f   tables.obj
 0001:000097c0       ?hook_004755E7@@YAXXZ      1000a7c0 f   tables.obj
 0001:000097e0       ?hook_004E6307@@YAXXZ      1000a7e0 f   tables.obj
 0001:00009800       ?hook_005A03A8@@YGHPAVLoHook@@PAUHookContext@@@Z 1000a800 f   tables.obj
 0001:00009880       ?isAmmoCart_on_BF@@YAXXZ   1000a880 f   tables.obj
 0001:000098d0       ?ranged_retaliation_event@@YAXHHHHH@Z 1000a8d0 f   tables.obj
 0001:00009d20       ?rebirth_004690B8@@YGHPAVLoHook@@PAUHookContext@@@Z 1000ad20 f   tables.obj
 0001:00009d90       ?rebirth_004690CF@@YGHPAVLoHook@@PAUHookContext@@@Z 1000ad90 f   tables.obj
 0001:00009e00       ?shooting_resistance_hook@@YAHPAEH@Z 1000ae00 f   tables.obj
 0001:00009fe0       ?zShootAnyTime@@YAHPAE@Z   1000afe0 f   tables.obj
 0001:00009ff0       ?z_756BA0_hook@@YGHPAVLoHook@@PAUHookContext@@@Z 1000aff0 f   tables.obj
 0001:0000a020       ?z_Hook_004403A7@@YGHPAVLoHook@@PAUHookContext@@@Z 1000b020 f   tables.obj
 0001:0000a070       ?z_Hook_00443E36@@YGHPAVLoHook@@PAUHookContext@@@Z 1000b070 f   tables.obj
 0001:0000a200       ?z_Hook_00479231@@YGHPAVLoHook@@PAUHookContext@@@Z 1000b200 f   tables.obj
 0001:0000a370       ?z_Hook_00492A7D@@YGHPAVLoHook@@PAUHookContext@@@Z 1000b370 f   tables.obj
 0001:0000a3a0       ?z_Hook_after_melee@@YGHPAVLoHook@@PAUHookContext@@@Z 1000b3a0 f   tables.obj
 0001:0000a620       ?z_Hook_after_shot@@YGHPAVLoHook@@PAUHookContext@@@Z 1000b620 f   tables.obj
 0001:0000a890       ?z_hook_004476E9@@YGHPAVLoHook@@PAUHookContext@@@Z 1000b890 f   tables.obj
 0001:0000a970       ?z_hook_0046453E@@YGHPAVLoHook@@PAUHookContext@@@Z 1000b970 f   tables.obj
 0001:0000abf0       ?z_hook_004645BA@@YGHPAVLoHook@@PAUHookContext@@@Z 1000bbf0 f   tables.obj
 0001:0000acf0       ?z_hook_00476F67@@YGHPAVLoHook@@PAUHookContext@@@Z 1000bcf0 f   tables.obj
 0001:0000ad50       ?z_hook_00478C9E@@YGHPAVLoHook@@PAUHookContext@@@Z 1000bd50 f   tables.obj
 0001:0000adb0       ?z_hook_0071CC52@@YGHPAVLoHook@@PAUHookContext@@@Z 1000bdb0 f   tables.obj
 0001:0000ae60       ?z_hook_00756D06@@YGHPAVLoHook@@PAUHookContext@@@Z 1000be60 f   tables.obj
 0001:0000aea0       ?z_hook_0075F840@@YGHPAVLoHook@@PAUHookContext@@@Z 1000bea0 f   tables.obj
 0001:0000af40       ?z_hook_00760412@@YGHPAVLoHook@@PAUHookContext@@@Z 1000bf40 f   tables.obj
 0001:0000af80       ?z_hook_007609E0@@YGHPAVLoHook@@PAUHookContext@@@Z 1000bf80 f   tables.obj
 0001:0000afc0       _ChangeCreatureTable       1000bfc0 f   tables.obj
 0001:0000d4e0       _Creature2Artifact         1000e4e0 f   tables.obj
 0001:0000d500       _Creature2Artifact_2       1000e500 f   tables.obj
 0001:0000d520       _InitNecromancy15          1000e520 f   tables.obj
 0001:0000d610       ___local_stdio_scanf_options 1000e610 f i tables.obj
 0001:0000d620       __hasSantaGuards           1000e620 f   tables.obj
 0001:0000d630       __vfscanf_l                1000e630 f i tables.obj
 0001:0000d660       _check_harpy               1000e660 f   tables.obj
 0001:0000d6b0       _fscanf                    1000e6b0 f i tables.obj
 0001:0000d6f0       _isCreatureConstruct       1000e6f0 f   tables.obj
 0001:0000d730       _isReceptive               1000e730 f   tables.obj
 0001:0000d73f       @__security_check_cookie@4 1000e73f f   LIBCMT:secchk.obj
 0001:0000d74d       ??3@YAXPAXI@Z              1000e74d f   LIBCMT:delete_scalar_size.obj
 0001:0000d75b       ??_Gtype_info@@UAEPAXI@Z   1000e75b f i LIBCMT:std_type_info_static.obj
 0001:0000d75b       ??_Etype_info@@UAEPAXI@Z   1000e75b f i LIBCMT:std_type_info_static.obj
 0001:0000d77e       ___raise_securityfailure   1000e77e f   LIBCMT:gs_report.obj
 0001:0000d7a6       ___report_gsfailure        1000e7a6 f   LIBCMT:gs_report.obj
 0001:0000d8a0       ___report_rangecheckfailure 1000e8a0 f   LIBCMT:gs_report.obj
 0001:0000d8ac       ___report_securityfailure  1000e8ac f   LIBCMT:gs_report.obj
 0001:0000dcbb       __DllMainCRTStartup@12     1000ecbb f   LIBCMT:dll_dllmain.obj
 0001:0000dcde       ??3@YAXPAX@Z               1000ecde f   LIBCMT:delete_scalar.obj
 0001:0000dd30       ___security_init_cookie    1000ed30 f   LIBCMT:gs_support.obj
 0001:0000dd7b       ?__scrt_initialize_type_info@@YAXXZ 1000ed7b f   LIBCMT:tncleanup.obj
 0001:0000dd87       ?__scrt_uninitialize_type_info@@YAXXZ 1000ed87 f   LIBCMT:tncleanup.obj
 0001:0000dd93       ___scrt_initialize_default_local_stdio_options 1000ed93 f   LIBCMT:default_local_stdio_options.obj
 0001:0000ddf4       ___scrt_acquire_startup_lock 1000edf4 f   LIBCMT:utility.obj
 0001:0000de26       ___scrt_dllmain_after_initialize_c 1000ee26 f   LIBCMT:utility.obj
 0001:0000de51       ___scrt_dllmain_before_initialize_c 1000ee51 f   LIBCMT:utility.obj
 0001:0000de5f       ___scrt_dllmain_crt_thread_attach 1000ee5f f   LIBCMT:utility.obj
 0001:0000de7e       ___scrt_dllmain_crt_thread_detach 1000ee7e f   LIBCMT:utility.obj
 0001:0000de8b       ___scrt_dllmain_exception_filter 1000ee8b f   LIBCMT:utility.obj
 0001:0000debf       ___scrt_dllmain_uninitialize_c 1000eebf f   LIBCMT:utility.obj
 0001:0000dee2       ___scrt_dllmain_uninitialize_critical 1000eee2 f   LIBCMT:utility.obj
 0001:0000deef       ___scrt_initialize_crt     1000eeef f   LIBCMT:utility.obj
 0001:0000df28       ___scrt_initialize_onexit_tables 1000ef28 f   LIBCMT:utility.obj
 0001:0000dfaf       ___scrt_is_nonwritable_in_current_image 1000efaf f   LIBCMT:utility.obj
 0001:0000e043       ___scrt_release_startup_lock 1000f043 f   LIBCMT:utility.obj
 0001:0000e060       ___scrt_uninitialize_crt   1000f060 f   LIBCMT:utility.obj
 0001:0000e088       ___scrt_get_dyn_tls_init_callback 1000f088 f   LIBCMT:dyn_tls_init.obj
 0001:0000e08e       ___scrt_fastfail           1000f08e f   LIBCMT:utility_desktop.obj
 0001:0000e1a9       __crt_debugger_hook        1000f1a9 f   LIBCMT:utility_desktop.obj
 0001:0000e1b1       __RTC_Initialize           1000f1b1 f   LIBCMT:initsect.obj
 0001:0000e1dd       __RTC_Terminate            1000f1dd f   LIBCMT:initsect.obj
 0001:0000e210       __SEH_prolog4              1000f210 f   LIBCMT:sehprolg4.obj
 0001:0000e255       @_guard_check_icall_nop@4  1000f255 f i LIBCMT:guard_support.obj
 0001:0000e258       ___isa_available_init      1000f258 f   LIBCMT:cpu_disp.obj
 0001:0000e429       __get_startup_argv_mode    1000f429 f   LIBCMT:argv_mode.obj
 0001:0000e42d       ___scrt_is_ucrt_dll_in_use 1000f42d f   LIBCMT:ucrt_detection.obj
 0001:0000e440       _memmove                   1000f440 f   libvcruntime:memmove.obj
 0001:0000e440       _memcpy                    1000f440 f   libvcruntime:memcpy.obj
 0001:0000e9c0       _strstr                    1000f9c0 f   libvcruntime:strstr.obj
 0001:0000ec2b       ___std_exception_copy      1000fc2b f   libvcruntime:std_exception.obj
 0001:0000ec8e       ___std_exception_destroy   1000fc8e f   libvcruntime:std_exception.obj
 0001:0000ecad       __CxxThrowException@8      1000fcad f   libvcruntime:throw.obj
 0001:0000ed19       ?GetRangeOfTrysToCheck@__FrameHandler3@@SA?AU?$pair@Viterator@TryBlockMap@__FrameHandler3@@V123@@std@@AAVTryBlockMap@1@HPAXPBU_s_FuncInfo@@H@Z 1000fd19 f   libvcruntime:trnsctrl.obj
 0001:0000ed89       ?_CallCatchBlock2@@YAPAXPAUEHRegistrationNode@@PBU_s_FuncInfo@@PAXHK@Z 1000fd89 f   libvcruntime:trnsctrl.obj
 0001:0000ede6       ?_CallSETranslator@@YAHPAUEHExceptionRecord@@PAUEHRegistrationNode@@PAX2PBU_s_FuncInfo@@H1@Z 1000fde6 f   libvcruntime:trnsctrl.obj
 0001:0000eedc       ?_JumpToContinuation@@YGXPAXPAUEHRegistrationNode@@@Z 1000fedc f   libvcruntime:trnsctrl.obj
 0001:0000ef0c       ?_UnwindNestedFrames@@YGXPAUEHRegistrationNode@@PAUEHExceptionRecord@@@Z 1000ff0c f   libvcruntime:trnsctrl.obj
 0001:0000ef5f       __CatchGuardHandler        1000ff5f f   libvcruntime:trnsctrl.obj
 0001:0000ef90       __CreateFrameInfo          1000ff90 f   libvcruntime:trnsctrl.obj
 0001:0000efb4       __FindAndUnlinkFrame       1000ffb4 f   libvcruntime:trnsctrl.obj
 0001:0000effc       __TranslatorGuardHandler   1000fffc f   libvcruntime:trnsctrl.obj
 0001:0000f099       ___CxxFrameHandler3        10010099 f   libvcruntime:trnsctrl.obj
 0001:0000f0d0       _memset                    100100d0 f   libvcruntime:memset.obj
 0001:0000f270       __except_handler4          10010270 f   libvcruntime:chandler4.obj
 0001:0000f3ce       ___std_type_info_compare   100103ce f   libvcruntime:std_type_info.obj
 0001:0000f40a       ___std_type_info_destroy_list 1001040a f   libvcruntime:std_type_info.obj
 0001:0000f42d       ___vcrt_initialize         1001042d f   libvcruntime:initialization.obj
 0001:0000f44c       ___vcrt_thread_attach      1001044c f   libvcruntime:initialization.obj
 0001:0000f457       ___vcrt_thread_detach      10010457 f   libvcruntime:initialization.obj
 0001:0000f462       ___vcrt_uninitialize       10010462 f   libvcruntime:initialization.obj
 0001:0000f479       ___vcrt_uninitialize_critical 10010479 f   libvcruntime:initialization.obj
 0001:0000f481       ___DestructExceptionObject 10010481 f   libvcruntime:ehhelpers.obj
 0001:0000f522       ?_CallMemberFunction0@@YGXQAX0@Z 10010522 f i libvcruntime:ehhelpers.obj
 0001:0000f587       __IsExceptionObjectToBeDestroyed 10010587 f   libvcruntime:ehhelpers.obj
 0001:0000f5ad       ___AdjustPointer           100105ad f   libvcruntime:ehhelpers.obj
 0001:0000f5d2       ___FrameUnwindFilter       100105d2 f   libvcruntime:ehhelpers.obj
 0001:0000f628       ___std_terminate           10010628 f   libvcruntime:ehhelpers.obj
 0001:0000f630       _strchr                    10010630 f   libvcruntime:strchr.obj
 0001:0000f69e       ___from_strstr_to_strchr   1001069e     libvcruntime:strchr.obj
 0001:0000f75b       ___vcrt_freefls@4          1001075b f   libvcruntime:per_thread_data.obj
 0001:0000f777       ___vcrt_freeptd            10010777 f   libvcruntime:per_thread_data.obj
 0001:0000f7ad       ___vcrt_getptd             100107ad f   libvcruntime:per_thread_data.obj
 0001:0000f7bb       ___vcrt_getptd_noexit      100107bb f   libvcruntime:per_thread_data.obj
 0001:0000f84d       ___vcrt_initialize_ptd     1001084d f   libvcruntime:per_thread_data.obj
 0001:0000f880       ___vcrt_uninitialize_ptd   10010880 f   libvcruntime:per_thread_data.obj
 0001:0000ffd2       ??$TypeMatchHelper@V__FrameHandler3@@@@YAHPBU_s_HandlerType@@PBU_s_CatchableType@@PBU_s_ThrowInfo@@@Z 10010fd2 f i libvcruntime:frame.obj
 0001:00010060       ??$__InternalCxxFrameHandler@V__FrameHandler3@@@@YA?AW4_EXCEPTION_DISPOSITION@@PAUEHExceptionRecord@@PAUEHRegistrationNode@@PAU_CONTEXT@@PAXPBU_s_FuncInfo@@H1E@Z 10011060 f i libvcruntime:frame.obj
 0001:00010162       ??0bad_exception@std@@QAE@ABV01@@Z 10011162 f i libvcruntime:frame.obj
 0001:0001017d       ??0bad_exception@std@@QAE@XZ 1001117d f i libvcruntime:frame.obj
 0001:00010195       ??1bad_exception@std@@UAE@XZ 10011195 f i libvcruntime:frame.obj
 0001:000101a6       ??8type_info@@QBE_NABV0@@Z 100111a6 f i libvcruntime:frame.obj
 0001:000101c5       ??_Gbad_exception@std@@UAEPAXI@Z 100111c5 f i libvcruntime:frame.obj
 0001:000101c5       ??_Ebad_exception@std@@UAEPAXI@Z 100111c5 f i libvcruntime:frame.obj
 0001:0001043f       ?FrameUnwindToEmptyState@__FrameHandler3@@SAXPAUEHRegistrationNode@@PAXPBU_s_FuncInfo@@@Z 1001143f f   libvcruntime:frame.obj
 0001:00010457       ?FrameUnwindToState@__FrameHandler3@@SAXPAUEHRegistrationNode@@PAXPBU_s_FuncInfo@@H@Z 10011457 f   libvcruntime:frame.obj
 0001:000105d9       ?_CallMemberFunction1@@YGXQAX00@Z 100115d9 f i libvcruntime:frame.obj
 0001:000105e9       ?_CallMemberFunction2@@YGXQAX00H@Z 100115e9 f i libvcruntime:frame.obj
 0001:000105fc       ?getESTypes@__FrameHandler3@@SAPBU_s_ESTypeList@@PBU_s_FuncInfo@@@Z 100115fc f i libvcruntime:frame.obj
 0001:00010610       __CallSettingFrame@12      10011610 f   libvcruntime:lowhelpr.obj
 0001:00010637       __NLG_Return               10011637     libvcruntime:lowhelpr.obj
 0001:0001065c       ___except_validate_context_record 1001165c f   libvcruntime:jbcxrval.obj
 0001:00010690       __local_unwind4            10011690 f   libvcruntime:exsup4.obj
 0001:00010780       @_EH4_CallFilterFunc@8     10011780 f   libvcruntime:exsup4.obj
 0001:000107a0       @_EH4_TransferToHandler@8  100117a0 f   libvcruntime:exsup4.obj
 0001:000107c0       @_EH4_GlobalUnwind2@8      100117c0 f   libvcruntime:exsup4.obj
 0001:000107e0       @_EH4_LocalUnwind@16       100117e0 f   libvcruntime:exsup4.obj
 0001:000107f7       ___vcrt_initialize_locks   100117f7 f   libvcruntime:locks.obj
 0001:00010833       ___vcrt_uninitialize_locks 10011833 f   libvcruntime:locks.obj
 0001:00010945       ___vcrt_FlsAlloc           10011945 f   libvcruntime:winapi_downlevel.obj
 0001:00010980       ___vcrt_FlsFree            10011980 f   libvcruntime:winapi_downlevel.obj
 0001:000109bb       ___vcrt_FlsGetValue        100119bb f   libvcruntime:winapi_downlevel.obj
 0001:000109f6       ___vcrt_FlsSetValue        100119f6 f   libvcruntime:winapi_downlevel.obj
 0001:00010a34       ___vcrt_InitializeCriticalSectionEx 10011a34 f   libvcruntime:winapi_downlevel.obj
 0001:00010a7b       _unexpected                10011a7b f   libvcruntime:unexpected.obj
 0001:00010a98       ?GetCurrentState@__FrameHandler3@@SAHPAUEHRegistrationNode@@PAXPBU_s_FuncInfo@@@Z 10011a98 f   libvcruntime:ehstate.obj
 0001:00010ab5       ?SetState@__FrameHandler3@@SAXPAUEHRegistrationNode@@PBU_s_FuncInfo@@H@Z 10011ab5 f   libvcruntime:ehstate.obj
 0001:00010ad0       __NLG_Notify1              10011ad0 f   libvcruntime:exsup.obj
 0001:00010ae0       __NLG_Notify               10011ae0 f   libvcruntime:exsup.obj
 0001:00010af7       __NLG_Dispatch             10011af7     libvcruntime:exsup.obj
 0001:00010af7       __NLG_Dispatch2            10011af7     libvcruntime:exsup.obj
 0001:00010b00       __NLG_Call                 10011b00 f   libvcruntime:exsup.obj
 0001:00010b02       __NLG_Return2              10011b02     libvcruntime:exsup.obj
 0001:00010b03       _strcpy_s                  10011b03 f   libucrt:strcpy_s.obj
 0001:00010d2c       ??$count@D@formatting_buffer@__crt_stdio_output@@QBEIXZ 10011d2c f i libucrt:output.obj
 0001:00010d44       ??$ensure_buffer_is_big_enough@D@formatting_buffer@__crt_stdio_output@@QAE_NIAAV__crt_cached_ptd_host@@@Z 10011d44 f i libucrt:output.obj
 0001:00010dc5       ??$is_overflow_condition@K@__crt_strtox@@YA_NIK@Z 10011dc5 f i libucrt:output.obj
 0001:00010df9       ??$is_wide_character_specifier@D@__crt_stdio_output@@YA_N_KDW4length_modifier@0@@Z 10011df9 f i libucrt:output.obj
 0001:00010e2a       ??$make_c_string_character_source@DPAPAD@__crt_strtox@@YA?AV?$c_string_character_source@D@0@QBDQAPAD@Z 10011e2a f i libucrt:output.obj
 0001:00010e45       ??$parse_integer@KV?$c_string_character_source@D@__crt_strtox@@$0A@@__crt_strtox@@YAKAAV__crt_cached_ptd_host@@V?$c_string_character_source@D@0@H_N@Z 10011e45 f i libucrt:output.obj
 0001:00011054       ??$scratch_data@D@formatting_buffer@__crt_stdio_output@@QAEPADXZ 10012054 f i libucrt:output.obj
 0001:00011072       ??$type_case_integer@$07@?$output_processor@DV?$string_output_adapter@D@__crt_stdio_output@@V?$standard_base@DV?$string_output_adapter@D@__crt_stdio_output@@@2@@__crt_stdio_output@@AAE_N_N@Z 10012072 f i libucrt:output.obj
 0001:00011072       ??$type_case_integer@$07@?$output_processor@DV?$stream_output_adapter@D@__crt_stdio_output@@V?$standard_base@DV?$stream_output_adapter@D@__crt_stdio_output@@@2@@__crt_stdio_output@@AAE_N_N@Z 10012072 f i libucrt:output.obj
 0001:000111ff       ??$type_case_integer@$09@?$output_processor@DV?$stream_output_adapter@D@__crt_stdio_output@@V?$standard_base@DV?$stream_output_adapter@D@__crt_stdio_output@@@2@@__crt_stdio_output@@AAE_N_N@Z 100121ff f i libucrt:output.obj
 0001:000111ff       ??$type_case_integer@$09@?$output_processor@DV?$string_output_adapter@D@__crt_stdio_output@@V?$standard_base@DV?$string_output_adapter@D@__crt_stdio_output@@@2@@__crt_stdio_output@@AAE_N_N@Z 100121ff f i libucrt:output.obj
 0001:0001138c       ??$type_case_integer@$0BA@@?$output_processor@DV?$stream_output_adapter@D@__crt_stdio_output@@V?$standard_base@DV?$stream_output_adapter@D@__crt_stdio_output@@@2@@__crt_stdio_output@@AAE_N_N@Z 1001238c f i libucrt:output.obj
 0001:0001138c       ??$type_case_integer@$0BA@@?$output_processor@DV?$string_output_adapter@D@__crt_stdio_output@@V?$standard_base@DV?$string_output_adapter@D@__crt_stdio_output@@@2@@__crt_stdio_output@@AAE_N_N@Z 1001238c f i libucrt:output.obj
 0001:00011519       ??$type_case_integer_parse_into_buffer@I$07@?$output_processor@DV?$string_output_adapter@D@__crt_stdio_output@@V?$standard_base@DV?$string_output_adapter@D@__crt_stdio_output@@@2@@__crt_stdio_output@@AAEXI_N@Z 10012519 f i libucrt:output.obj
 0001:00011519       ??$type_case_integer_parse_into_buffer@I$07@?$output_processor@DV?$stream_output_adapter@D@__crt_stdio_output@@V?$standard_base@DV?$stream_output_adapter@D@__crt_stdio_output@@@2@@__crt_stdio_output@@AAEXI_N@Z 10012519 f i libucrt:output.obj
 0001:0001157c       ??$type_case_integer_parse_into_buffer@I$09@?$output_processor@DV?$string_output_adapter@D@__crt_stdio_output@@V?$standard_base@DV?$string_output_adapter@D@__crt_stdio_output@@@2@@__crt_stdio_output@@AAEXI_N@Z 1001257c f i libucrt:output.obj
 0001:0001157c       ??$type_case_integer_parse_into_buffer@I$09@?$output_processor@DV?$stream_output_adapter@D@__crt_stdio_output@@V?$standard_base@DV?$stream_output_adapter@D@__crt_stdio_output@@@2@@__crt_stdio_output@@AAEXI_N@Z 1001257c f i libucrt:output.obj
 0001:00011603       ??$type_case_integer_parse_into_buffer@I$0BA@@?$output_processor@DV?$stream_output_adapter@D@__crt_stdio_output@@V?$standard_base@DV?$stream_output_adapter@D@__crt_stdio_output@@@2@@__crt_stdio_output@@AAEXI_N@Z 10012603 f i libucrt:output.obj
 0001:00011603       ??$type_case_integer_parse_into_buffer@I$0BA@@?$output_processor@DV?$string_output_adapter@D@__crt_stdio_output@@V?$standard_base@DV?$string_output_adapter@D@__crt_stdio_output@@@2@@__crt_stdio_output@@AAEXI_N@Z 10012603 f i libucrt:output.obj
 0001:00011680       ??$type_case_integer_parse_into_buffer@_K$07@?$output_processor@DV?$string_output_adapter@D@__crt_stdio_output@@V?$standard_base@DV?$string_output_adapter@D@__crt_stdio_output@@@2@@__crt_stdio_output@@AAEX_K_N@Z 10012680 f i libucrt:output.obj
 0001:00011680       ??$type_case_integer_parse_into_buffer@_K$07@?$output_processor@DV?$stream_output_adapter@D@__crt_stdio_output@@V?$standard_base@DV?$stream_output_adapter@D@__crt_stdio_output@@@2@@__crt_stdio_output@@AAEX_K_N@Z 10012680 f i libucrt:output.obj
 0001:000116f8       ??$type_case_integer_parse_into_buffer@_K$09@?$output_processor@DV?$stream_output_adapter@D@__crt_stdio_output@@V?$standard_base@DV?$stream_output_adapter@D@__crt_stdio_output@@@2@@__crt_stdio_output@@AAEX_K_N@Z 100126f8 f i libucrt:output.obj
 0001:000116f8       ??$type_case_integer_parse_into_buffer@_K$09@?$output_processor@DV?$string_output_adapter@D@__crt_stdio_output@@V?$standard_base@DV?$string_output_adapter@D@__crt_stdio_output@@@2@@__crt_stdio_output@@AAEX_K_N@Z 100126f8 f i libucrt:output.obj
 0001:0001179f       ??$type_case_integer_parse_into_buffer@_K$0BA@@?$output_processor@DV?$stream_output_adapter@D@__crt_stdio_output@@V?$standard_base@DV?$stream_output_adapter@D@__crt_stdio_output@@@2@@__crt_stdio_output@@AAEX_K_N@Z 1001279f f i libucrt:output.obj
 0001:0001179f       ??$type_case_integer_parse_into_buffer@_K$0BA@@?$output_processor@DV?$string_output_adapter@D@__crt_stdio_output@@V?$standard_base@DV?$string_output_adapter@D@__crt_stdio_output@@@2@@__crt_stdio_output@@AAEX_K_N@Z 1001279f f i libucrt:output.obj
 0001:00011829       ??0?$output_adapter_data@DV?$stream_output_adapter@D@__crt_stdio_output@@@__crt_stdio_output@@IAE@ABV?$stream_output_adapter@D@1@_KQBDAAV__crt_cached_ptd_host@@QAD@Z 10012829 f i libucrt:output.obj
 0001:00011829       ??0?$output_adapter_data@DV?$string_output_adapter@D@__crt_stdio_output@@@__crt_stdio_output@@IAE@ABV?$string_output_adapter@D@1@_KQBDAAV__crt_cached_ptd_host@@QAD@Z 10012829 f i libucrt:output.obj
 0001:00011890       ??0__crt_cached_ptd_host@@QAE@QAU__crt_locale_pointers@@@Z 10012890 f i libucrt:output.obj
 0001:000118f0       ??1__crt_cached_ptd_host@@QAE@XZ 100128f0 f i libucrt:output.obj
 0001:0001192c       ??1formatting_buffer@__crt_stdio_output@@QAE@XZ 1001292c f i libucrt:output.obj
 0001:00011946       ??4?$__crt_unique_heap_ptr@DU__crt_internal_free_policy@@@@QAEAAV0@$$QAV0@@Z 10012946 f i libucrt:output.obj
 0001:00011a06       ?crop_zeroes@__crt_stdio_output@@YAXPADQAU__crt_locale_pointers@@@Z 10012a06 f i libucrt:output.obj
 0001:00011a66       ?find_next_state@?$output_processor@DV?$string_output_adapter@D@__crt_stdio_output@@V?$standard_base@DV?$string_output_adapter@D@__crt_stdio_output@@@2@@__crt_stdio_output@@ABE?AW4state@2@DW432@@Z 10012a66 f i libucrt:output.obj
 0001:00011a66       ?find_next_state@?$output_processor@DV?$stream_output_adapter@D@__crt_stdio_output@@V?$standard_base@DV?$stream_output_adapter@D@__crt_stdio_output@@@2@@__crt_stdio_output@@ABE?AW4state@2@DW432@@Z 10012a66 f i libucrt:output.obj
 0001:00011aa1       ?force_decimal_point@__crt_stdio_output@@YAXPADQAU__crt_locale_pointers@@@Z 10012aa1 f i libucrt:output.obj
 0001:00011b00       ?force_synchronize_per_thread_data@__crt_cached_ptd_host@@AAEPAU__acrt_ptd@@XZ 10012b00 f i libucrt:output.obj
 0001:00011b50       ?get_raw_ptd@__crt_cached_ptd_host@@QAEPAU__acrt_ptd@@XZ 10012b50 f i libucrt:output.obj
 0001:00011bac       ?parse_int_from_format_string@?$output_processor@DV?$stream_output_adapter@D@__crt_stdio_output@@V?$standard_base@DV?$stream_output_adapter@D@__crt_stdio_output@@@2@@__crt_stdio_output@@AAE_NQAH@Z 10012bac f i libucrt:output.obj
 0001:00011bac       ?parse_int_from_format_string@?$output_processor@DV?$string_output_adapter@D@__crt_stdio_output@@V?$standard_base@DV?$string_output_adapter@D@__crt_stdio_output@@@2@@__crt_stdio_output@@AAE_NQAH@Z 10012bac f i libucrt:output.obj
 0001:00011c24       ?process@?$output_processor@DV?$stream_output_adapter@D@__crt_stdio_output@@V?$standard_base@DV?$stream_output_adapter@D@__crt_stdio_output@@@2@@__crt_stdio_output@@QAEHXZ 10012c24 f i libucrt:output.obj
 0001:00011ed4       ?process@?$output_processor@DV?$string_output_adapter@D@__crt_stdio_output@@V?$standard_base@DV?$string_output_adapter@D@__crt_stdio_output@@@2@@__crt_stdio_output@@QAEHXZ 10012ed4 f i libucrt:output.obj
 0001:000121a8       ?state_case_size@?$output_processor@DV?$stream_output_adapter@D@__crt_stdio_output@@V?$standard_base@DV?$stream_output_adapter@D@__crt_stdio_output@@@2@@__crt_stdio_output@@AAE_NXZ 100131a8 f i libucrt:output.obj
 0001:00012301       ?state_case_size@?$output_processor@DV?$string_output_adapter@D@__crt_stdio_output@@V?$standard_base@DV?$string_output_adapter@D@__crt_stdio_output@@@2@@__crt_stdio_output@@AAE_NXZ 10013301 f i libucrt:output.obj
 0001:0001245a       ?state_case_type@?$output_processor@DV?$stream_output_adapter@D@__crt_stdio_output@@V?$standard_base@DV?$stream_output_adapter@D@__crt_stdio_output@@@2@@__crt_stdio_output@@AAE_NXZ 1001345a f i libucrt:output.obj
 0001:0001279c       ?state_case_type@?$output_processor@DV?$string_output_adapter@D@__crt_stdio_output@@V?$standard_base@DV?$string_output_adapter@D@__crt_stdio_output@@@2@@__crt_stdio_output@@AAE_NXZ 1001379c f i libucrt:output.obj
 0001:00012afb       ?to_integer_size@__crt_stdio_output@@YAIW4length_modifier@1@@Z 10013afb f i libucrt:output.obj
 0001:00012b4f       ?type_case_Z@?$output_processor@DV?$string_output_adapter@D@__crt_stdio_output@@V?$standard_base@DV?$string_output_adapter@D@__crt_stdio_output@@@2@@__crt_stdio_output@@AAE_NXZ 10013b4f f i libucrt:output.obj
 0001:00012b4f       ?type_case_Z@?$output_processor@DV?$stream_output_adapter@D@__crt_stdio_output@@V?$standard_base@DV?$stream_output_adapter@D@__crt_stdio_output@@@2@@__crt_stdio_output@@AAE_NXZ 10013b4f f i libucrt:output.obj
 0001:00012bb2       ?type_case_a@?$output_processor@DV?$string_output_adapter@D@__crt_stdio_output@@V?$standard_base@DV?$string_output_adapter@D@__crt_stdio_output@@@2@@__crt_stdio_output@@AAE_NXZ 10013bb2 f i libucrt:output.obj
 0001:00012bb2       ?type_case_a@?$output_processor@DV?$stream_output_adapter@D@__crt_stdio_output@@V?$standard_base@DV?$stream_output_adapter@D@__crt_stdio_output@@@2@@__crt_stdio_output@@AAE_NXZ 10013bb2 f i libucrt:output.obj
 0001:00012d43       ?type_case_c_tchar@?$output_processor@DV?$string_output_adapter@D@__crt_stdio_output@@V?$standard_base@DV?$string_output_adapter@D@__crt_stdio_output@@@2@@__crt_stdio_output@@AAE_ND@Z 10013d43 f i libucrt:output.obj
 0001:00012d43       ?type_case_c_tchar@?$output_processor@DV?$stream_output_adapter@D@__crt_stdio_output@@V?$standard_base@DV?$stream_output_adapter@D@__crt_stdio_output@@@2@@__crt_stdio_output@@AAE_ND@Z 10013d43 f i libucrt:output.obj
 0001:00012dd8       ?type_case_n@?$output_processor@DV?$stream_output_adapter@D@__crt_stdio_output@@V?$standard_base@DV?$stream_output_adapter@D@__crt_stdio_output@@@2@@__crt_stdio_output@@AAE_NXZ 10013dd8 f i libucrt:output.obj
 0001:00012dd8       ?type_case_n@?$output_processor@DV?$string_output_adapter@D@__crt_stdio_output@@V?$standard_base@DV?$string_output_adapter@D@__crt_stdio_output@@@2@@__crt_stdio_output@@AAE_NXZ 10013dd8 f i libucrt:output.obj
 0001:00012e5d       ?type_case_o@?$output_processor@DV?$stream_output_adapter@D@__crt_stdio_output@@V?$standard_base@DV?$stream_output_adapter@D@__crt_stdio_output@@@2@@__crt_stdio_output@@AAE_NXZ 10013e5d f i libucrt:output.obj
 0001:00012e5d       ?type_case_o@?$output_processor@DV?$string_output_adapter@D@__crt_stdio_output@@V?$standard_base@DV?$string_output_adapter@D@__crt_stdio_output@@@2@@__crt_stdio_output@@AAE_NXZ 10013e5d f i libucrt:output.obj
 0001:00012e7a       ?type_case_p@?$output_processor@DV?$string_output_adapter@D@__crt_stdio_output@@V?$standard_base@DV?$string_output_adapter@D@__crt_stdio_output@@@2@@__crt_stdio_output@@AAE_NXZ 10013e7a f i libucrt:output.obj
 0001:00012e7a       ?type_case_p@?$output_processor@DV?$stream_output_adapter@D@__crt_stdio_output@@V?$standard_base@DV?$stream_output_adapter@D@__crt_stdio_output@@@2@@__crt_stdio_output@@AAE_NXZ 10013e7a f i libucrt:output.obj
 0001:00012e90       ?type_case_s@?$output_processor@DV?$string_output_adapter@D@__crt_stdio_output@@V?$standard_base@DV?$string_output_adapter@D@__crt_stdio_output@@@2@@__crt_stdio_output@@AAE_NXZ 10013e90 f i libucrt:output.obj
 0001:00012e90       ?type_case_s@?$output_processor@DV?$stream_output_adapter@D@__crt_stdio_output@@V?$standard_base@DV?$stream_output_adapter@D@__crt_stdio_output@@@2@@__crt_stdio_output@@AAE_NXZ 10013e90 f i libucrt:output.obj
 0001:00012f02       ?unget@?$c_string_character_source@D@__crt_strtox@@QAEXD@Z 10013f02 f i libucrt:output.obj
 0001:00012f30       ?update_locale_slow@__crt_cached_ptd_host@@AAEXXZ 10013f30 f i libucrt:output.obj
 0001:00012f8b       ?validate@?$c_string_character_source@D@__crt_strtox@@QBE_NXZ 10013f8b f i libucrt:output.obj
 0001:00012fa6       ?validate@?$stream_output_adapter@D@__crt_stdio_output@@QBE_NAAV__crt_cached_ptd_host@@@Z 10013fa6 f i libucrt:output.obj
 0001:00012fde       ?validate@?$string_output_adapter@D@__crt_stdio_output@@QBE_NAAV__crt_cached_ptd_host@@@Z 10013fde f i libucrt:output.obj
 0001:0001300f       ?validate_stream_is_ansi_if_required@?$__acrt_stdio_char_traits@D@@SA_NQAU_iobuf@@@Z 1001400f f i libucrt:output.obj
 0001:00013096       ?write_character@?$output_adapter_common@DV?$stream_output_adapter@D@__crt_stdio_output@@@__crt_stdio_output@@QBEXDQAHAAV__crt_cached_ptd_host@@@Z 10014096 f i libucrt:output.obj
 0001:000130b8       ?write_character_without_count_update@?$stream_output_adapter@D@__crt_stdio_output@@QBE_NDAAV__crt_cached_ptd_host@@@Z 100140b8 f i libucrt:output.obj
 0001:000130f2       ?write_string@?$stream_output_adapter@D@__crt_stdio_output@@QBEXQBDHQAHAAV__crt_cached_ptd_host@@@Z 100140f2 f i libucrt:output.obj
 0001:0001311e       ?write_string@?$string_output_adapter@D@__crt_stdio_output@@QBEXQBDHQAHAAV__crt_cached_ptd_host@@@Z 1001411e f i libucrt:output.obj
 0001:00013185       ?write_string_impl@?$output_adapter_common@DV?$stream_output_adapter@D@__crt_stdio_output@@@__crt_stdio_output@@IBEXQBDHQAHAAV__crt_cached_ptd_host@@@Z 10014185 f i libucrt:output.obj
 0001:00013204       ___acrt_locale_get_ctype_array_value 10014204 f i libucrt:output.obj
 0001:00013226       ___stdio_common_vfprintf   10014226 f   libucrt:output.obj
 0001:000132ca       ___stdio_common_vsprintf   100142ca f   libucrt:output.obj
 0001:0001330b       _malloc                    1001430b f   libucrt:malloc.obj
 0001:00013316       ?check_synchronize_global_state_index@__crt_cached_ptd_host@@AAEIXZ 10014316 f i libucrt:invalid_parameter.obj
 0001:0001333f       ___acrt_call_reportfault   1001433f f   libucrt:invalid_parameter.obj
 0001:00013478       ___acrt_initialize_invalid_parameter_handler 10014478 f   libucrt:invalid_parameter.obj
 0001:00013487       __invalid_parameter        10014487 f   libucrt:invalid_parameter.obj
 0001:000134be       __invalid_parameter_internal 100144be f   libucrt:invalid_parameter.obj
 0001:0001353b       __invalid_parameter_noinfo 1001453b f   libucrt:invalid_parameter.obj
 0001:0001354b       __invoke_watson            1001454b f   libucrt:invalid_parameter.obj
 0001:000136a4       _fclose                    100146a4 f   libucrt:fclose.obj
 0001:0001378b       _fopen                     1001478b f   libucrt:fopen.obj
 0001:000137a2       __fread_nolock_s           100147a2 f   libucrt:fread.obj
 0001:0001397b       _fread                     1001497b f   libucrt:fread.obj
 0001:00013998       _fread_s                   10014998 f   libucrt:fread.obj
 0001:00013ab6       ?LongLongSub@@YAJ_J0PA_J@Z 10014ab6 f i libucrt:fseek.obj
 0001:00013d9f       _fseek                     10014d9f f   libucrt:fseek.obj
 0001:000143f3       __ftelli64_nolock_internal 100153f3 f   libucrt:ftell.obj
 0001:000143fe       _ftell                     100153fe f   libucrt:ftell.obj
 0001:00014514       _rewind                    10015514 f   libucrt:rewind.obj
 0001:0001453e       _free                      1001553e f   libucrt:free.obj
 0001:00014559       ??$is_overflow_condition@_K@__crt_strtox@@YA_NI_K@Z 10015559 f i libucrt:atox.obj
 0001:0001459a       ??$parse_integer@KV?$c_string_character_source@D@__crt_strtox@@$00@__crt_strtox@@YAKAAV__crt_cached_ptd_host@@V?$c_string_character_source@D@0@H_N@Z 1001559a f i libucrt:atox.obj
 0001:000147e1       ??$parse_integer@_KV?$c_string_character_source@D@__crt_strtox@@$00@__crt_strtox@@YA_KAAV__crt_cached_ptd_host@@V?$c_string_character_source@D@0@H_N@Z 100157e1 f i libucrt:atox.obj
 0001:00014aa9       __ischartype_l             10015aa9 f i libucrt:atox.obj
 0001:00014b00       _atoi                      10015b00 f   libucrt:atox.obj
 0001:00014b9a       ??$assemble_floating_point_snan@N@__crt_strtox@@YAX_NAAN@Z 10015b9a f i libucrt:input.obj
 0001:00014bbb       ??$assemble_floating_point_value_t@M@__crt_strtox@@YA?AW4SLD_STATUS@@_NH_KAAM@Z 10015bbb f i libucrt:input.obj
 0001:00014beb       ??$assemble_floating_point_value_t@N@__crt_strtox@@YA?AW4SLD_STATUS@@_NH_KAAN@Z 10015beb f i libucrt:input.obj
 0001:00014c2d       ??$convert_decimal_string_to_floating_type@M@__crt_strtox@@YA?AW4SLD_STATUS@@ABUfloating_point_string@0@AAM@Z 10015c2d f i libucrt:input.obj
 0001:00014c4e       ??$convert_decimal_string_to_floating_type@N@__crt_strtox@@YA?AW4SLD_STATUS@@ABUfloating_point_string@0@AAN@Z 10015c4e f i libucrt:input.obj
 0001:00014c6f       ??$convert_hexadecimal_string_to_floating_type@M@__crt_strtox@@YA?AW4SLD_STATUS@@ABUfloating_point_string@0@AAM@Z 10015c6f f i libucrt:input.obj
 0001:00014c90       ??$convert_hexadecimal_string_to_floating_type@N@__crt_strtox@@YA?AW4SLD_STATUS@@ABUfloating_point_string@0@AAN@Z 10015c90 f i libucrt:input.obj
 0001:00014cb1       ??$make_input_adapter_character_source@V?$stream_input_adapter@D@__crt_stdio_input@@@__crt_strtox@@YA?AV?$input_adapter_character_source@V?$stream_input_adapter@D@__crt_stdio_input@@@0@QAV?$stream_input_adapter@D@__crt_stdio_input@@_KQA_N@Z 10015cb1 f i libucrt:input.obj
 0001:00014ccf       ??$parse_floating_point@V?$input_adapter_character_source@V?$stream_input_adapter@D@__crt_stdio_input@@@__crt_strtox@@M@__crt_strtox@@YA?AW4SLD_STATUS@@QAU__crt_locale_pointers@@V?$input_adapter_character_source@V?$stream_input_adapter@D@__crt_stdio_input@@@0@QAM@Z 10015ccf f i libucrt:input.obj
 0001:00014d59       ??$parse_floating_point@V?$input_adapter_character_source@V?$stream_input_adapter@D@__crt_stdio_input@@@__crt_strtox@@N@__crt_strtox@@YA?AW4SLD_STATUS@@QAU__crt_locale_pointers@@V?$input_adapter_character_source@V?$stream_input_adapter@D@__crt_stdio_input@@@0@QAN@Z 10015d59 f i libucrt:input.obj
 0001:00014de3       ??$parse_floating_point_from_source@V?$input_adapter_character_source@V?$stream_input_adapter@D@__crt_stdio_input@@@__crt_strtox@@@__crt_strtox@@YA?AW4floating_point_parse_result@0@QAU__crt_locale_pointers@@AAV?$input_adapter_character_source@V?$stream_input_adapter@D@__crt_stdio_input@@@0@AAUfloating_point_string@0@@Z 10015de3 f i libucrt:input.obj
 0001:00015245       ??$parse_floating_point_possible_infinity@DV?$input_adapter_character_source@V?$stream_input_adapter@D@__crt_stdio_input@@@__crt_strtox@@_K@__crt_strtox@@YA?AW4floating_point_parse_result@0@AADAAV?$input_adapter_character_source@V?$stream_input_adapter@D@__crt_stdio_input@@@0@_K@Z 10016245 f i libucrt:input.obj
 0001:00015304       ??$parse_floating_point_possible_nan@DV?$input_adapter_character_source@V?$stream_input_adapter@D@__crt_stdio_input@@@__crt_strtox@@_K@__crt_strtox@@YA?AW4floating_point_parse_result@0@AADAAV?$input_adapter_character_source@V?$stream_input_adapter@D@__crt_stdio_input@@@0@_K@Z 10016304 f i libucrt:input.obj
 0001:0001540c       ??$parse_floating_point_possible_nan_is_ind@DV?$input_adapter_character_source@V?$stream_input_adapter@D@__crt_stdio_input@@@__crt_strtox@@@__crt_strtox@@YA_NAADAAV?$input_adapter_character_source@V?$stream_input_adapter@D@__crt_stdio_input@@@0@@Z 1001640c f i libucrt:input.obj
 0001:00015446       ??$parse_floating_point_possible_nan_is_snan@DV?$input_adapter_character_source@V?$stream_input_adapter@D@__crt_stdio_input@@@__crt_strtox@@@__crt_strtox@@YA_NAADAAV?$input_adapter_character_source@V?$stream_input_adapter@D@__crt_stdio_input@@@0@@Z 10016446 f i libucrt:input.obj
 0001:00015480       ??$parse_floating_point_write_result@M@__crt_strtox@@YA?AW4SLD_STATUS@@W4floating_point_parse_result@0@ABUfloating_point_string@0@QAM@Z 10016480 f i libucrt:input.obj
 0001:000155ec       ??$parse_floating_point_write_result@N@__crt_strtox@@YA?AW4SLD_STATUS@@W4floating_point_parse_result@0@ABUfloating_point_string@0@QAN@Z 100165ec f i libucrt:input.obj
 0001:00015710       ??$parse_integer@_KV?$input_adapter_character_source@V?$stream_input_adapter@D@__crt_stdio_input@@@__crt_strtox@@$00@__crt_strtox@@YA_KAAV__crt_cached_ptd_host@@V?$input_adapter_character_source@V?$stream_input_adapter@D@__crt_stdio_input@@@0@H_N@Z 10016710 f i libucrt:input.obj
 0001:00015a14       ??$parse_integer@_KV?$input_adapter_character_source@V?$stream_input_adapter@D@__crt_stdio_input@@@__crt_strtox@@@__crt_strtox@@YA_KQAU__crt_locale_pointers@@V?$input_adapter_character_source@V?$stream_input_adapter@D@__crt_stdio_input@@@0@H_N@Z 10016a14 f i libucrt:input.obj
 0001:00015a70       ??$process_floating_point_specifier_t@M@?$input_processor@DV?$stream_input_adapter@D@__crt_stdio_input@@@__crt_stdio_input@@AAE_NXZ 10016a70 f i libucrt:input.obj
 0001:00015ad9       ??$process_floating_point_specifier_t@N@?$input_processor@DV?$stream_input_adapter@D@__crt_stdio_input@@@__crt_stdio_input@@AAE_NXZ 10016ad9 f i libucrt:input.obj
 0001:00015b42       ??$process_string_specifier_tchar@D@?$input_processor@DV?$stream_input_adapter@D@__crt_stdio_input@@@__crt_stdio_input@@AAE_NW4conversion_mode@1@D@Z 10016b42 f i libucrt:input.obj
 0001:00015cb8       ??$process_string_specifier_tchar@_W@?$input_processor@DV?$stream_input_adapter@D@__crt_stdio_input@@@__crt_stdio_input@@AAE_NW4conversion_mode@1@_W@Z 10016cb8 f i libucrt:input.obj
 0001:00015e3a       ??$skip_whitespace@Vstream_input_adapter@__crt_stdio_input@@D@__crt_stdio_input@@YAHAAV?$stream_input_adapter@D@0@QAU__crt_locale_pointers@@@Z 10016e3a f i libucrt:input.obj
 0001:00015e71       ??$write_floating_point@M@?$input_processor@DV?$stream_input_adapter@D@__crt_stdio_input@@@__crt_stdio_input@@AAE_NABM@Z 10016e71 f i libucrt:input.obj
 0001:00015ea6       ??$write_floating_point@N@?$input_processor@DV?$stream_input_adapter@D@__crt_stdio_input@@@__crt_stdio_input@@AAE_NABN@Z 10016ea6 f i libucrt:input.obj
 0001:00015ee1       ??0?$format_string_parser@D@__crt_stdio_input@@QAE@_KQBE@Z 10016ee1 f i libucrt:input.obj
 0001:00015f2b       ??0?$input_adapter_character_source@V?$stream_input_adapter@D@__crt_stdio_input@@@__crt_strtox@@QAE@$$QAV01@@Z 10016f2b f i libucrt:input.obj
 0001:00015f68       ??0?$input_adapter_character_source@V?$stream_input_adapter@D@__crt_stdio_input@@@__crt_strtox@@QAE@QAV?$stream_input_adapter@D@__crt_stdio_input@@_KQA_N@Z 10016f68 f i libucrt:input.obj
 0001:00015f99       ??0?$input_processor@DV?$stream_input_adapter@D@__crt_stdio_input@@@__crt_stdio_input@@QAE@ABV?$stream_input_adapter@D@1@_KQBDQAU__crt_locale_pointers@@QAD@Z 10016f99 f i libucrt:input.obj
 0001:00015fe2       ??0_LocaleUpdate@@QAE@QAU__crt_locale_pointers@@@Z 10016fe2 f i libucrt:input.obj
 0001:00016064       ??R<lambda_e41f1170c8800e4a6fed1afad60fab6f>@@QBE@XZ 10017064 f i libucrt:input.obj
 0001:00016064       ??R<lambda_c7c3f778895f47e7f4eff38a8fef279a>@@QBE@XZ 10017064 f i libucrt:input.obj
 0001:00016064       ??R<lambda_0b87716a0b73cdfba1cd37fcaaa20711>@@QBE@XZ 10017064 f i libucrt:input.obj
 0001:0001610e       ?advance@?$format_string_parser@D@__crt_stdio_input@@QAE_NXZ 1001710e f i libucrt:input.obj
 0001:00016226       ?as_double@floating_point_value@__crt_strtox@@QBEAANXZ 10017226 f i libucrt:input.obj
 0001:0001624b       ?as_float@floating_point_value@__crt_strtox@@QBEAAMXZ 1001724b f i libucrt:input.obj
 0001:00016270       ?assemble_floating_point_infinity@__crt_strtox@@YAX_NABVfloating_point_value@1@@Z 10017270 f i libucrt:input.obj
 0001:000162b0       ?assemble_floating_point_value@__crt_strtox@@YA?AW4SLD_STATUS@@_KH_N1ABVfloating_point_value@1@@Z 100172b0 f i libucrt:input.obj
 0001:00016609       ?assemble_floating_point_value_from_big_integer@__crt_strtox@@YA?AW4SLD_STATUS@@ABUbig_integer@1@I_N1ABVfloating_point_value@1@@Z 10017609 f i libucrt:input.obj
 0001:0001679b       ?assemble_floating_point_zero@__crt_strtox@@YAX_NABVfloating_point_value@1@@Z 1001779b f i libucrt:input.obj
 0001:000167d0       ?convert_decimal_string_to_floating_type_common@__crt_strtox@@YA?AW4SLD_STATUS@@ABUfloating_point_string@1@ABVfloating_point_value@1@@Z 100177d0 f i libucrt:input.obj
 0001:00018576       ?convert_hexadecimal_string_to_floating_type_common@__crt_strtox@@YA?AW4SLD_STATUS@@ABUfloating_point_string@1@ABVfloating_point_value@1@@Z 10019576 f i libucrt:input.obj
 0001:0001861c       ?denormal_mantissa_mask@floating_point_value@__crt_strtox@@QBE_KXZ 1001961c f i libucrt:input.obj
 0001:00018640       ?divide@__crt_strtox@@YA_KAAUbig_integer@1@ABU21@@Z 10019640 f i libucrt:input.obj
 0001:00018aeb       ?get@?$input_adapter_character_source@V?$stream_input_adapter@D@__crt_stdio_input@@@__crt_strtox@@QAEDXZ 10019aeb f i libucrt:input.obj
 0001:00018b2a       ?is_character_allowed_in_string@?$input_processor@DV?$stream_input_adapter@D@__crt_stdio_input@@@__crt_stdio_input@@ABE_NW4conversion_mode@2@H@Z 10019b2a f i libucrt:input.obj
 0001:00018b7a       ?length@?$format_string_parser@D@__crt_stdio_input@@QBEIXZ 10019b7a f i libucrt:input.obj
 0001:00018bc8       ?normal_mantissa_mask@floating_point_value@__crt_strtox@@QBE_KXZ 10019bc8 f i libucrt:input.obj
 0001:00018bdf       ?process@?$input_processor@DV?$stream_input_adapter@D@__crt_stdio_input@@@__crt_stdio_input@@QAEHXZ 10019bdf f i libucrt:input.obj
 0001:00018c6a       ?process_character_count_specifier@?$input_processor@DV?$stream_input_adapter@D@__crt_stdio_input@@@__crt_stdio_input@@AAE_NXZ 10019c6a f i libucrt:input.obj
 0001:00018c7e       ?process_conversion_specifier@?$input_processor@DV?$stream_input_adapter@D@__crt_stdio_input@@@__crt_stdio_input@@AAE_NXZ 10019c7e f i libucrt:input.obj
 0001:00018cf2       ?process_floating_point_specifier@?$input_processor@DV?$stream_input_adapter@D@__crt_stdio_input@@@__crt_stdio_input@@AAE_NXZ 10019cf2 f i libucrt:input.obj
 0001:00018d22       ?process_integer_specifier@?$input_processor@DV?$stream_input_adapter@D@__crt_stdio_input@@@__crt_stdio_input@@AAE_NI_N@Z 10019d22 f i libucrt:input.obj
 0001:00018d87       ?process_literal_character@?$input_processor@DV?$stream_input_adapter@D@__crt_stdio_input@@@__crt_stdio_input@@AAE_NXZ 10019d87 f i libucrt:input.obj
 0001:00018dbd       ?process_literal_character_tchar@?$input_processor@DV?$stream_input_adapter@D@__crt_stdio_input@@@__crt_stdio_input@@AAE_ND@Z 10019dbd f i libucrt:input.obj
 0001:00018e14       ?process_state@?$input_processor@DV?$stream_input_adapter@D@__crt_stdio_input@@@__crt_stdio_input@@AAE_NXZ 10019e14 f i libucrt:input.obj
 0001:00018e56       ?process_string_specifier@?$input_processor@DV?$stream_input_adapter@D@__crt_stdio_input@@@__crt_stdio_input@@AAE_NW4conversion_mode@2@@Z 10019e56 f i libucrt:input.obj
 0001:00018e9e       ?process_whitespace@?$input_processor@DV?$stream_input_adapter@D@__crt_stdio_input@@@__crt_stdio_input@@AAE_NXZ 10019e9e f i libucrt:input.obj
 0001:00018ebb       ?restore_state@?$input_adapter_character_source@V?$stream_input_adapter@D@__crt_stdio_input@@@__crt_strtox@@QAE_N_K@Z 10019ebb f i libucrt:input.obj
 0001:00018ee0       ?scan_conversion_specifier@?$format_string_parser@D@__crt_stdio_input@@AAE_NXZ 10019ee0 f i libucrt:input.obj
 0001:0001905c       ?scan_optional_field_width@?$format_string_parser@D@__crt_stdio_input@@AAE_NXZ 1001a05c f i libucrt:input.obj
 0001:000190f0       ?scan_optional_length_modifier@?$format_string_parser@D@__crt_stdio_input@@AAEXXZ 1001a0f0 f i libucrt:input.obj
 0001:00019210       ?scan_optional_literal_character_trail_bytes_tchar@?$format_string_parser@D@__crt_stdio_input@@AAE_ND@Z 1001a210 f i libucrt:input.obj
 0001:00019262       ?scan_optional_wide_modifier@?$format_string_parser@D@__crt_stdio_input@@AAEXXZ 1001a262 f i libucrt:input.obj
 0001:00019280       ?scan_scanset_range@?$format_string_parser@D@__crt_stdio_input@@AAE_NXZ 1001a280 f i libucrt:input.obj
 0001:000193b9       ?set@?$scanset_buffer@E@__crt_stdio_input@@QAEXE@Z 1001a3b9 f i libucrt:input.obj
 0001:000193e4       ?set_wide_for_c_s_or_scanset@?$format_string_parser@D@__crt_stdio_input@@AAEXXZ 1001a3e4 f i libucrt:input.obj
 0001:00019405       ?to_floating_point_length@__crt_stdio_input@@YAIW4length_modifier@1@@Z 1001a405 f i libucrt:input.obj
 0001:00019428       ?to_integer_length@__crt_stdio_input@@YAIW4length_modifier@1@@Z 1001a428 f i libucrt:input.obj
 0001:0001947b       ?unget@?$input_adapter_character_source@V?$stream_input_adapter@D@__crt_stdio_input@@@__crt_strtox@@QAEXD@Z 1001a47b f i libucrt:input.obj
 0001:000194c2       ?unget@?$stream_input_adapter@D@__crt_stdio_input@@QAEXH@Z 1001a4c2 f i libucrt:input.obj
 0001:000194e0       ?validate@?$format_string_parser@D@__crt_stdio_input@@QBE_NXZ 1001a4e0 f i libucrt:input.obj
 0001:000194fc       ?validate@?$input_adapter_character_source@V?$stream_input_adapter@D@__crt_stdio_input@@@__crt_strtox@@QBE_NXZ 1001a4fc f i libucrt:input.obj
 0001:0001951d       ?validate@?$stream_input_adapter@D@__crt_stdio_input@@QBE_NXZ 1001a51d f i libucrt:input.obj
 0001:0001953e       ?write_character@?$input_processor@DV?$stream_input_adapter@D@__crt_stdio_input@@@__crt_stdio_input@@AAE_NQA_WIAAPA_WAAID@Z 1001a53e f i libucrt:input.obj
 0001:000195b4       ?write_integer@?$input_processor@DV?$stream_input_adapter@D@__crt_stdio_input@@@__crt_stdio_input@@AAE_N_K@Z 1001a5b4 f i libucrt:input.obj
 0001:00019623       ___stdio_common_vfscanf    1001a623 f   libucrt:input.obj
 0001:0001970c       ??$parse_floating_point@V?$c_string_character_source@D@__crt_strtox@@N@__crt_strtox@@YA?AW4SLD_STATUS@@QAU__crt_locale_pointers@@V?$c_string_character_source@D@0@QAN@Z 1001a70c f i libucrt:atof.obj
 0001:0001978c       ??$parse_floating_point_from_source@V?$c_string_character_source@D@__crt_strtox@@@__crt_strtox@@YA?AW4floating_point_parse_result@0@QAU__crt_locale_pointers@@AAV?$c_string_character_source@D@0@AAUfloating_point_string@0@@Z 1001a78c f i libucrt:atof.obj
 0001:00019ba4       ??$parse_floating_point_possible_infinity@DV?$c_string_character_source@D@__crt_strtox@@PBD@__crt_strtox@@YA?AW4floating_point_parse_result@0@AADAAV?$c_string_character_source@D@0@PBD@Z 1001aba4 f i libucrt:atof.obj
 0001:00019c57       ??$parse_floating_point_possible_nan@DV?$c_string_character_source@D@__crt_strtox@@PBD@__crt_strtox@@YA?AW4floating_point_parse_result@0@AADAAV?$c_string_character_source@D@0@PBD@Z 1001ac57 f i libucrt:atof.obj
 0001:00019d5b       ??$parse_floating_point_possible_nan_is_ind@DV?$c_string_character_source@D@__crt_strtox@@@__crt_strtox@@YA_NAADAAV?$c_string_character_source@D@0@@Z 1001ad5b f i libucrt:atof.obj
 0001:00019d97       ??$parse_floating_point_possible_nan_is_snan@DV?$c_string_character_source@D@__crt_strtox@@@__crt_strtox@@YA_NAADAAV?$c_string_character_source@D@0@@Z 1001ad97 f i libucrt:atof.obj
 0001:00019dd3       ??R<lambda_690cf26ff5d754c94c32cf642e9f01bc>@@QBE@XZ 1001add3 f i libucrt:atof.obj
 0001:00019dd3       ??R<lambda_e51f7abad2595a5950d3223319845217>@@QBE@XZ 1001add3 f i libucrt:atof.obj
 0001:00019dd3       ??R<lambda_32aa245da1b5b882fa96db788295c8b2>@@QBE@XZ 1001add3 f i libucrt:atof.obj
 0001:00019df9       _atof                      1001adf9 f   libucrt:atof.obj
 0001:00019e0c       ??$__acrt_convert_wcs_mbs_cp@D_WV<lambda_62f6974d9771e494a5ea317cc32e971c>@@U__crt_win32_buffer_internal_dynamic_resizing@@@@YAHQBDAAV?$__crt_win32_buffer@_WU__crt_win32_buffer_internal_dynamic_resizing@@@@ABV<lambda_62f6974d9771e494a5ea317cc32e971c>@@I@Z 1001ae0c f i libucrt:access.obj
 0001:00019ebe       ??$__acrt_mbs_to_wcs_cp@U__crt_win32_buffer_internal_dynamic_resizing@@@@YAHQBDAAV?$__crt_win32_buffer@_WU__crt_win32_buffer_internal_dynamic_resizing@@@@I@Z 1001aebe f i libucrt:access.obj
 0001:00019edb       ?__acrt_get_utf8_acp_compatibility_codepage@@YAIXZ 1001aedb f i libucrt:access.obj
 0001:00019f1a       ?_deallocate@?$__crt_win32_buffer@DU__crt_win32_buffer_internal_dynamic_resizing@@@@AAEXXZ 1001af1a f i libucrt:argv_wildcards.obj
 0001:00019f1a       ?_deallocate@?$__crt_win32_buffer@_WU__crt_win32_buffer_internal_dynamic_resizing@@@@AAEXXZ 1001af1a f i libucrt:access.obj
 0001:00019f34       ?allocate@?$__crt_win32_buffer@_WU__crt_win32_buffer_internal_dynamic_resizing@@@@QAEHI@Z 1001af34 f i libucrt:access.obj
 0001:00019f73       ?allocate@__crt_win32_buffer_internal_dynamic_resizing@@SAHQAPAXIABV__crt_win32_buffer_empty_debug_info@@@Z 1001af73 f i libucrt:access.obj
 0001:00019f92       __access                   1001af92 f   libucrt:access.obj
 0001:00019faa       __access_s                 1001afaa f   libucrt:access.obj
 0001:0001a01c       ??$__crt_fast_decode_pointer@P6GXPAXK0@Z@@YAP6GXPAXK0@ZQ6GX0K0@Z@Z 1001b01c f i libucrt:exit.obj
 0001:0001a01c       ??$__crt_fast_decode_pointer@P6AHI@Z@@YAP6AHI@ZQ6AHI@Z@Z 1001b01c f i libucrt:new_handler.obj
 0001:0001a01c       ??$__crt_fast_decode_pointer@P6AXH@Z@@YAP6AXH@ZQ6AXH@Z@Z 1001b01c f i libucrt:signal.obj
 0001:0001a037       ___acrt_initialize_new_handler 1001b037 f   libucrt:new_handler.obj
 0001:0001a046       __callnewh                 1001b046 f   libucrt:new_handler.obj
 0001:0001a072       __query_new_handler        1001b072 f   libucrt:new_handler.obj
 0001:0001a0c9       __initterm                 1001b0c9 f   libucrt:initterm.obj
 0001:0001a0f4       __initterm_e               1001b0f4 f   libucrt:initterm.obj
 0001:0001a122       __seh_filter_dll           1001b122 f   libucrt:exception_filter.obj
 0001:0001a142       __seh_filter_exe           1001b142 f   libucrt:exception_filter.obj
 0001:0001a562       ___acrt_initialize_thread_local_exit_callback 1001b562 f   libucrt:exit.obj
 0001:0001a571       __cexit                    1001b571 f   libucrt:exit.obj
 0001:0001a580       __exit                     1001b580 f   libucrt:exit.obj
 0001:0001a596       __is_c_termination_complete 1001b596 f   libucrt:exit.obj
 0001:0001a84e       ___acrt_allocate_buffer_for_argv 1001b84e f   libucrt:argv_parsing.obj
 0001:0001a89d       __configure_narrow_argv    1001b89d f   libucrt:argv_parsing.obj
 0001:0001aa49       ___dcrt_uninitialize_environments_nolock 1001ba49 f   libucrt:environment_initialization.obj
 0001:0001aa9a       __initialize_narrow_environment 1001ba9a f   libucrt:environment_initialization.obj
 0001:0001abd4       __execute_onexit_table     1001bbd4 f   libucrt:onexit.obj
 0001:0001ac12       __initialize_onexit_table  1001bc12 f   libucrt:onexit.obj
 0001:0001ac62       ___acrt_uninitialize_command_line 1001bc62 f   libucrt:argv_data.obj
 0001:0001ad0b       ??$__crt_fast_encode_pointer@PAX@@YAPAXQAX@Z 1001bd0b f i libucrt:initialization.obj
 0001:0001ad58       ___acrt_initialize         1001bd58 f   libucrt:initialization.obj
 0001:0001ad6a       ___acrt_thread_attach      1001bd6a f   libucrt:initialization.obj
 0001:0001ad75       ___acrt_thread_detach      1001bd75 f   libucrt:initialization.obj
 0001:0001ad7d       ___acrt_uninitialize       1001bd7d f   libucrt:initialization.obj
 0001:0001adad       ___acrt_uninitialize_critical 1001bdad f   libucrt:initialization.obj
 0001:0001adbf       _terminate                 1001bdbf f   libucrt:terminate.obj
 0001:0001adfb       _abort                     1001bdfb f   libucrt:abort.obj
 0001:0001ae3f       _calloc                    1001be3f f   libucrt:calloc.obj
 0001:0001ae50       _strncmp                   1001be50 f   libucrt:strncmp.obj
 0001:0001aec8       _wcsncmp                   1001bec8 f   libucrt:wcsncmp.obj
 0001:0001af02       ___acrt_errno_from_os_error 1001bf02 f   libucrt:errno.obj
 0001:0001af45       ___acrt_errno_map_os_error 1001bf45 f   libucrt:errno.obj
 0001:0001af68       ___acrt_errno_map_os_error_ptd 1001bf68 f   libucrt:errno.obj
 0001:0001af8c       ___doserrno                1001bf8c f   libucrt:errno.obj
 0001:0001af9f       __errno                    1001bf9f f   libucrt:errno.obj
 0001:0001afb2       __free_base                1001bfb2 f   libucrt:free_base.obj
 0001:0001afec       __malloc_base              1001bfec f   libucrt:malloc_base.obj
 0001:0001b03a       _strnlen                   1001c03a f   libucrt:strnlen.obj
 0001:0001b15c       _wcsnlen                   1001c15c f   libucrt:strnlen.obj
 0001:0001b30c       ___acrt_update_locale_info 1001c30c f   libucrt:locale_update.obj
 0001:0001b339       ___acrt_update_locale_info_explicit 1001c339 f   libucrt:locale_update.obj
 0001:0001b36a       ___acrt_update_multibyte_info 1001c36a f   libucrt:locale_update.obj
 0001:0001b397       ___acrt_update_multibyte_info_explicit 1001c397 f   libucrt:locale_update.obj
 0001:0001b3c8       ?__acrt_fp_classify@@YA?AW4__acrt_fp_class@@ABN@Z 1001c3c8 f i libucrt:cvt.obj
 0001:0001bda0       ___acrt_fp_format          1001cda0 f   libucrt:cvt.obj
 0001:0001bf21       __wctomb_internal          1001cf21 f   libucrt:wctomb.obj
 0001:0001c08b       __mbtowc_internal          1001d08b f   libucrt:mbtowc.obj
 0001:0001c1be       __mbtowc_l                 1001d1be f   libucrt:mbtowc.obj
 0001:0001c1f6       __fileno                   1001d1f6 f   libucrt:fileno.obj
 0001:0001c21d       ___acrt_initialize_stdio   1001d21d f   libucrt:_file.obj
 0001:0001c2e5       ___acrt_iob_func           1001d2e5 f   libucrt:_file.obj
 0001:0001c2f5       ___acrt_uninitialize_stdio 1001d2f5 f   libucrt:_file.obj
 0001:0001c341       __lock_file                1001d341 f   libucrt:_file.obj
 0001:0001c355       __unlock_file              1001d355 f   libucrt:_file.obj
 0001:0001c369       __get_printf_count_output  1001d369 f   libucrt:printf_count_output.obj
 0001:0001c37e       __fputc_nolock_internal    1001d37e f   libucrt:fputc.obj
 0001:0001c3ab       ___acrt_should_use_temporary_buffer 1001d3ab f   libucrt:_sftbuf.obj
 0001:0001c3e9       ___acrt_stdio_begin_temporary_buffering_nolock 1001d3e9 f   libucrt:_sftbuf.obj
 0001:0001c494       ___acrt_stdio_end_temporary_buffering_nolock 1001d494 f   libucrt:_sftbuf.obj
 0001:0001c810       ___acrt_freeptd            1001d810 f   libucrt:per_thread_data.obj
 0001:0001c83c       ___acrt_getptd             1001d83c f   libucrt:per_thread_data.obj
 0001:0001c8f7       ___acrt_getptd_head        1001d8f7 f   libucrt:per_thread_data.obj
 0001:0001c98d       ___acrt_getptd_noexit      1001d98d f   libucrt:per_thread_data.obj
 0001:0001ca3e       ___acrt_getptd_noexit_explicit 1001da3e f   libucrt:per_thread_data.obj
 0001:0001cae1       ___acrt_initialize_ptd     1001dae1 f   libucrt:per_thread_data.obj
 0001:0001cb0d       ___acrt_uninitialize_ptd   1001db0d f   libucrt:per_thread_data.obj
 0001:0001cb95       ___acrt_set_locale_changed 1001db95 f   libucrt:wsetlocale.obj
 0001:0001cba0       ___acrt_uninitialize_locale 1001dba0 f   libucrt:wsetlocale.obj
 0001:0001cd2d       ___acrt_initialize_lowio   1001dd2d f   libucrt:ioinit.obj
 0001:0001cd8d       ___acrt_uninitialize_lowio 1001dd8d f   libucrt:ioinit.obj
 0001:0001ce4a       __close_internal           1001de4a f   libucrt:close.obj
 0001:0001ceed       __close_nolock             1001deed f   libucrt:close.obj
 0001:0001cf1d       __close_nolock_internal    1001df1d f   libucrt:close.obj
 0001:0001cfbd       ?__acrt_stdio_allocate_stream@@YA?AV__crt_stdio_stream@@XZ 1001dfbd f   libucrt:stream.obj
 0001:0001d026       ?__acrt_stdio_free_stream@@YAXV__crt_stdio_stream@@@Z 1001e026 f   libucrt:stream.obj
 0001:0001d123       ___acrt_stdio_free_buffer_nolock 1001e123 f   libucrt:_freebuf.obj
 0001:0001d33c       ___acrt_stdio_flush_nolock 1001e33c f   libucrt:fflush.obj
 0001:0001d3a5       __fflush_nolock            1001e3a5 f   libucrt:fflush.obj
 0001:0001d40a       __flushall                 1001e40a f   libucrt:fflush.obj
 0001:0001d413       ??$__acrt_stdio_parse_mode@D@@YA?AU__acrt_stdio_stream_mode@@QBD@Z 1001e413 f i libucrt:openfile.obj
 0001:0001d6c0       ?__acrt_stdio_parse_mode_D@@YA_NAAU__acrt_stdio_stream_mode@@@Z 1001e6c0 f i libucrt:openfile.obj
 0001:0001d6db       ?__acrt_stdio_parse_mode_T@@YA_NAAU__acrt_stdio_stream_mode@@@Z 1001e6db f i libucrt:openfile.obj
 0001:0001d6fa       ?__acrt_stdio_parse_mode_b@@YA_NAAU__acrt_stdio_stream_mode@@@Z 1001e6fa f i libucrt:openfile.obj
 0001:0001d71a       ?__acrt_stdio_parse_mode_c@@YA_NAAU__acrt_stdio_stream_mode@@AA_N@Z 1001e71a f i libucrt:openfile.obj
 0001:0001d73c       ?__acrt_stdio_parse_mode_n@@YA_NAAU__acrt_stdio_stream_mode@@AA_N@Z 1001e73c f i libucrt:openfile.obj
 0001:0001d75e       ?__acrt_stdio_parse_mode_plus@@YA_NAAU__acrt_stdio_stream_mode@@AA_N@Z 1001e75e f i libucrt:openfile.obj
 0001:0001d794       ?__acrt_stdio_parse_mode_t@@YA_NAAU__acrt_stdio_stream_mode@@@Z 1001e794 f i libucrt:openfile.obj
 0001:0001d7b4       ?__acrt_stdio_parse_mode_x@@YA_NAAU__acrt_stdio_stream_mode@@@Z 1001e7b4 f i libucrt:openfile.obj
 0001:0001d7d4       __openfile                 1001e7d4 f   libucrt:openfile.obj
 0001:0001dcbb       __read                     1001ecbb f   libucrt:read.obj
 0001:0001ddd4       __read_nolock              1001edd4 f   libucrt:read.obj
 0001:0001e2ee       ___acrt_stdio_refill_and_read_narrow_nolock 1001f2ee f   libucrt:_filbuf.obj
 0001:0001e698       __lseek_internal           1001f698 f   libucrt:lseek.obj
 0001:0001e6a3       __lseeki64                 1001f6a3 f   libucrt:lseek.obj
 0001:0001e6e3       __lseeki64_internal        1001f6e3 f   libucrt:lseek.obj
 0001:0001e701       __lseeki64_nolock          1001f701 f   libucrt:lseek.obj
 0001:0001e741       __lseeki64_nolock_internal 1001f741 f   libucrt:lseek.obj
 0001:0001e75f       ___pctype_func             1001f75f f   libucrt:ctype.obj
 0001:0001e783       __isctype_l                1001f783 f   libucrt:isctype.obj
 0001:0001e850       _isspace                   1001f850 f   libucrt:_ctype.obj
 0001:0001e8d4       __calloc_base              1001f8d4 f   libucrt:calloc_base.obj
 0001:0001e931       _strtoull                  1001f931 f   libucrt:strtox.obj
 0001:0001e97d       __fgetc_nolock             1001f97d f   libucrt:fgetc.obj
 0001:0001e9b9       __getc_nolock              1001f9b9 f   libucrt:fgetc.obj
 0001:0001e9c4       __ungetc_nolock            1001f9c4 f   libucrt:ungetc.obj
 0001:0001eab8       _fegetround                1001fab8 f   libucrt:fegetround.obj
 0001:0001eb5d       ___acrt_MultiByteToWideChar 1001fb5d f   libucrt:multibytetowidechar.obj
 0001:0001ed25       ___acrt_AppPolicyGetProcessTerminationMethodInternal@4 1001fd25 f   libucrt:winapi_thunks.obj
[...]
 0002:0000709e       One                        1003109e     libucrt:87disp.obj
 0002:000070a6       Three                      100310a6     libucrt:87disp.obj
 0002:000070ae       XAMtoTagTab                100310ae     libucrt:87disp.obj
 0002:000070c0       One                        100310c0     libucrt:common.obj
 0002:000070d4       DblMax                     100310d4     libucrt:common.obj
 0002:000070dc       DblMin                     100310dc     libucrt:common.obj
 0002:000070e4       IeeeAdjO                   100310e4     libucrt:common.obj
 0002:000070ec       IeeeAdjU                   100310ec     libucrt:common.obj
 0002:000070f4       _infinity                  100310f4     libucrt:common.obj
 0002:000070fc       _zero                      100310fc     libucrt:common.obj
 0002:00007140       _over                      10031140     libucrt:fpctrl.obj
 0002:0000714c       _under                     1003114c     libucrt:fpctrl.obj
 0002:00007988       ?_names@?1??_get_fname@@9@4QBU<unnamed-type-_names>@?1??1@YAPADI@Z@B 10031988     libucrt:fpexcept.obj
 0002:00007b30       two32                      10031b30     LIBCMT:ftol2.obj
 0002:00007b34       two63                      10031b34     LIBCMT:ftol2.obj
 0002:00007b38       _NaN                       10031b38     LIBCMT:ftol2.obj
 0002:000083b0       __sehtable$?dllmain_crt_process_attach@@YAHQAUHINSTANCE__@@QAX@Z 100323b0     LIBCMT:dll_dllmain.obj
 0002:000083d0       __sehtable$?dllmain_crt_process_detach@@YAH_N@Z 100323d0     LIBCMT:dll_dllmain.obj
 0002:000083f8       __sehtable$?dllmain_dispatch@@YAHQAUHINSTANCE__@@KQAX@Z 100323f8     LIBCMT:dll_dllmain.obj
 0002:00008418       __sehtable$___scrt_is_nonwritable_in_current_image 10032418     LIBCMT:utility.obj
 0002:00008438       __sehtable$___DestructExceptionObject 10032438     libvcruntime:ehhelpers.obj
 0002:00008458       __sehtable$?FrameUnwindToState@__FrameHandler3@@SAXPAUEHRegistrationNode@@PAXPBU_s_FuncInfo@@H@Z 10032458     libvcruntime:frame.obj
 0002:00008480       __sehtable$?CallCatchBlock@@YAPAXPAUEHExceptionRecord@@PAUEHRegistrationNode@@PAU_CONTEXT@@PBU_s_FuncInfo@@PAXHK@Z 10032480     libvcruntime:frame.obj
 0002:000084a8       __catchsym$?CallUnexpected@@YAXPBU_s_ESTypeList@@@Z$2 100324a8     libvcruntime:frame.obj
 0002:000084b8       __unwindtable$?CallUnexpected@@YAXPBU_s_ESTypeList@@@Z 100324b8     libvcruntime:frame.obj
 0002:000084c8       __tryblocktable$?CallUnexpected@@YAXPBU_s_ESTypeList@@@Z 100324c8     libvcruntime:frame.obj
 0002:000084dc       __ehfuncinfo$?CallUnexpected@@YAXPBU_s_ESTypeList@@@Z 100324dc     libvcruntime:frame.obj
 0002:00008500       __sehtable$??$BuildCatchObjectHelperInternal@V__FrameHandler3@@@@YAHPAUEHExceptionRecord@@PAXPBU_s_HandlerType@@PBU_s_CatchableType@@@Z 10032500     libvcruntime:frame.obj
 0002:00008520       __sehtable$??$BuildCatchObjectInternal@V__FrameHandler3@@@@YAXPAUEHExceptionRecord@@PAXPBU_s_HandlerType@@PBU_s_CatchableType@@@Z 10032520     libvcruntime:frame.obj
 0002:00008578       __sehtable$??$?RV<lambda_62491a2101a2aba6cc4a769149c84f1f>@@AAV<lambda_826c27fce7726908515bbc79a5266961>@@V<lambda_4e64bbd54b50a7b070e3ea8d795375b6>@@@?$__crt_seh_guarded_call@H@@QAEH$$QAV<lambda_62491a2101a2aba6cc4a769149c84f1f>@@AAV<lambda_826c27fce7726908515bbc79a5266961>@@$$QAV<lambda_4e64bbd54b50a7b070e3ea8d795375b6>@@@Z 10032578     libucrt:output.obj
 0002:00008598       __sehtable$?_fclose_internal@@YAHQAU_iobuf@@AAV__crt_cached_ptd_host@@@Z 10032598     libucrt:fclose.obj
 0002:000085b8       __sehtable$??$common_fsopen@D@@YAPAU_iobuf@@QBD0H@Z 100325b8     libucrt:fopen.obj
 0002:000085d8       __sehtable$_fread_s        100325d8     libucrt:fread.obj
 0002:000085f8       __sehtable$?common_fseek@@YAHV__crt_stdio_stream@@_JHAAV__crt_cached_ptd_host@@@Z 100325f8     libucrt:fseek.obj
 0002:00008618       __sehtable$??$common_ftell@J@@YAJV__crt_stdio_stream@@AAV__crt_cached_ptd_host@@@Z 10032618     libucrt:ftell.obj
 0002:00008638       __sehtable$?_rewind_internal@@YAXQAU_iobuf@@AAV__crt_cached_ptd_host@@@Z 10032638     libucrt:rewind.obj
 0002:00008658       __sehtable$??$?RV<lambda_274ecf0a8038e561263518ab346655e8>@@AAV<lambda_21448eb78dd3c4a522ed7c65a98d88e6>@@V<lambda_0ca1de2171e49cefb1e8dc85c06db622>@@@?$__crt_seh_guarded_call@H@@QAEH$$QAV<lambda_274ecf0a8038e561263518ab346655e8>@@AAV<lambda_21448eb78dd3c4a522ed7c65a98d88e6>@@$$QAV<lambda_0ca1de2171e49cefb1e8dc85c06db622>@@@Z 10032658     libucrt:input.obj
 0002:00008678       __sehtable$__query_new_handler 10032678     libucrt:new_handler.obj
 0002:00008694       __ehfuncinfo$?write_double_translated_ansi_nolock@@YA?AUwrite_result@?A0x17268360@@HQBDIAAV__crt_cached_ptd_host@@@Z 10032694     libucrt:write.obj
 0002:00008694       __ehfuncinfo$?try_cor_exit_process@@YAXI@Z 10032694     libucrt:exit.obj
 0002:000086b8       __unwindtable$?common_exit@@YAXHW4_crt_exit_cleanup_mode@@W4_crt_exit_return_mode@@@Z 100326b8     libucrt:exit.obj
 0002:000086c0       __ehfuncinfo$?common_exit@@YAXHW4_crt_exit_cleanup_mode@@W4_crt_exit_return_mode@@@Z 100326c0     libucrt:exit.obj
 0002:000086e8       __sehtable$??R<lambda_6e4b09c48022b2350581041d5f6b0c4c>@@QBE@XZ 100326e8     libucrt:exit.obj
 0002:00008708       __sehtable$??$?RV<lambda_03b1d95aef87969028cfba75ccab2455>@@AAV<lambda_6e4b09c48022b2350581041d5f6b0c4c>@@V<lambda_22bdf7517842c4b3e53723af5aa32b9e>@@@?$__crt_seh_guarded_call@X@@QAEX$$QAV<lambda_03b1d95aef87969028cfba75ccab2455>@@AAV<lambda_6e4b09c48022b2350581041d5f6b0c4c>@@$$QAV<lambda_22bdf7517842c4b3e53723af5aa32b9e>@@@Z 10032708     libucrt:exit.obj
 0002:00008724       __unwindtable$___dcrt_uninitialize_environments_nolock 10032724     libucrt:environment_initialization.obj
 0002:00008734       __ehfuncinfo$___dcrt_uninitialize_environments_nolock 10032734     libucrt:environment_initialization.obj
 0002:00008758       __unwindtable$__execute_onexit_table 10032758     libucrt:onexit.obj
 0002:00008760       __ehfuncinfo$__execute_onexit_table 10032760     libucrt:onexit.obj
 0002:00008788       __sehtable$??$?RV<lambda_69a2805e680e0e292e8ba93315fe43a8>@@AAV<lambda_f03950bc5685219e0bcd2087efbe011e>@@V<lambda_03fcd07e894ec930e3f35da366ca99d6>@@@?$__crt_seh_guarded_call@H@@QAEH$$QAV<lambda_69a2805e680e0e292e8ba93315fe43a8>@@AAV<lambda_f03950bc5685219e0bcd2087efbe011e>@@$$QAV<lambda_03fcd07e894ec930e3f35da366ca99d6>@@@Z 10032788     libucrt:onexit.obj
 0002:000087a8       __sehtable$_terminate      100327a8     libucrt:terminate.obj
 0002:000087c8       __sehtable$??$?RV<lambda_15ade71b0218206bbe3333a0c9b79046>@@AAV<lambda_da44e0f8b0f19ba52fefafb335991732>@@V<lambda_207f2d024fc103971653565357d6cd41>@@@?$__crt_seh_guarded_call@X@@QAEX$$QAV<lambda_15ade71b0218206bbe3333a0c9b79046>@@AAV<lambda_da44e0f8b0f19ba52fefafb335991732>@@$$QAV<lambda_207f2d024fc103971653565357d6cd41>@@@Z 100327c8     libucrt:per_thread_data.obj
 0002:000087e8       __sehtable$??$?RV<lambda_a7e850c220f1c8d1e6efeecdedd162c6>@@AAV<lambda_46720907175c18b6c9d2717bc0d2d362>@@V<lambda_9048902d66e8d99359bc9897bbb930a8>@@@?$__crt_seh_guarded_call@X@@QAEX$$QAV<lambda_a7e850c220f1c8d1e6efeecdedd162c6>@@AAV<lambda_46720907175c18b6c9d2717bc0d2d362>@@$$QAV<lambda_9048902d66e8d99359bc9897bbb930a8>@@@Z 100327e8     libucrt:per_thread_data.obj
 0002:00008808       __sehtable$??$?RV<lambda_38edbb1296d33220d7e4dd0ed76b244a>@@AAV<lambda_5ce1d447e08cb34b2473517608e21441>@@V<lambda_fb385d3da700c9147fc39e65dd577a8c>@@@?$__crt_seh_guarded_call@X@@QAEX$$QAV<lambda_38edbb1296d33220d7e4dd0ed76b244a>@@AAV<lambda_5ce1d447e08cb34b2473517608e21441>@@$$QAV<lambda_fb385d3da700c9147fc39e65dd577a8c>@@@Z 10032808     libucrt:per_thread_data.obj
 0002:00008828       __sehtable$??$?RV<lambda_6affb1475c98b40b75cdec977db92e3c>@@AAV<lambda_b8d4b9c228a6ecc3f80208dbb4b4a104>@@V<lambda_608742c3c92a14382c1684fc64f96c88>@@@?$__crt_seh_guarded_call@X@@QAEX$$QAV<lambda_6affb1475c98b40b75cdec977db92e3c>@@AAV<lambda_b8d4b9c228a6ecc3f80208dbb4b4a104>@@$$QAV<lambda_608742c3c92a14382c1684fc64f96c88>@@@Z 10032828     libucrt:per_thread_data.obj
 0002:00008848       __sehtable$??$?RV<lambda_e5124f882df8998aaf41531e079ba474>@@AAV<lambda_3e16ef9562a7dcce91392c22ab16ea36>@@V<lambda_e25ca0880e6ef98be67edffd8c599615>@@@?$__crt_seh_guarded_call@X@@QAEX$$QAV<lambda_e5124f882df8998aaf41531e079ba474>@@AAV<lambda_3e16ef9562a7dcce91392c22ab16ea36>@@$$QAV<lambda_e25ca0880e6ef98be67edffd8c599615>@@@Z 10032848     libucrt:wsetlocale.obj
 0002:00008868       __sehtable$___acrt_initialize_lowio 10032868     libucrt:ioinit.obj
 0002:00008888       __sehtable$??$?RV<lambda_d422a76eb4c3bf3ad751449ab71a6ea4>@@AAV<lambda_c9ba49e555ba839a7b07aa3fbecb7617>@@V<lambda_9476263c8ee91a25d21c55370bdb50de>@@@?$__crt_seh_guarded_call@H@@QAEH$$QAV<lambda_d422a76eb4c3bf3ad751449ab71a6ea4>@@AAV<lambda_c9ba49e555ba839a7b07aa3fbecb7617>@@$$QAV<lambda_9476263c8ee91a25d21c55370bdb50de>@@@Z 10032888     libucrt:close.obj
 0002:000088a8       __sehtable$?__acrt_stdio_allocate_stream@@YA?AV__crt_stdio_stream@@XZ 100328a8     libucrt:stream.obj
 0002:000088c8       __sehtable$??$?RV<lambda_2866be3712abc81a800a822484c830d8>@@AAV<lambda_39ca0ed439415581b5b15c265174cece>@@V<lambda_2b24c74d71094a6cd0cb82e44167d71b>@@@?$__crt_seh_guarded_call@X@@QAEX$$QAV<lambda_2866be3712abc81a800a822484c830d8>@@AAV<lambda_39ca0ed439415581b5b15c265174cece>@@$$QAV<lambda_2b24c74d71094a6cd0cb82e44167d71b>@@@Z 100328c8     libucrt:fflush.obj
 0002:000088e8       __sehtable$??$?RV<lambda_2cc53f568c5a2bb6f192f930a45d44ea>@@AAV<lambda_ab61a845afdef5b7c387490eaf3616ee>@@V<lambda_c2ffc0b7726aa6be21d5f0026187e748>@@@?$__crt_seh_guarded_call@X@@QAEX$$QAV<lambda_2cc53f568c5a2bb6f192f930a45d44ea>@@AAV<lambda_ab61a845afdef5b7c387490eaf3616ee>@@$$QAV<lambda_c2ffc0b7726aa6be21d5f0026187e748>@@@Z 100328e8     libucrt:fflush.obj
 0002:00008908       __sehtable$__read          10032908     libucrt:read.obj
 0002:00008928       __sehtable$??$common_lseek@J@@YAJHJHAAV__crt_cached_ptd_host@@@Z 10032928     libucrt:lseek.obj
 0002:00008948       __sehtable$??$common_lseek@_J@@YA_JH_JHAAV__crt_cached_ptd_host@@@Z 10032948     libucrt:lseek.obj
 0002:00008968       __sehtable$?update_thread_multibyte_data_internal@@YAPAU__crt_multibyte_data@@QAU__acrt_ptd@@QAPAU1@@Z 10032968     libucrt:mbctype.obj
 0002:00008988       __sehtable$??$?RV<lambda_ceb1ee4838e85a9d631eb091e2fbe199>@@AAV<lambda_ae742caa10f662c28703da3d2ea5e57e>@@V<lambda_cd08b5d6af4937fe54fc07d0c9bf6b37>@@@?$__crt_seh_guarded_call@X@@QAEX$$QAV<lambda_ceb1ee4838e85a9d631eb091e2fbe199>@@AAV<lambda_ae742caa10f662c28703da3d2ea5e57e>@@$$QAV<lambda_cd08b5d6af4937fe54fc07d0c9bf6b37>@@@Z 10032988     libucrt:mbctype.obj
 0002:000089a8       __sehtable$_raise          100329a8     libucrt:signal.obj
 0002:000089c8       __sehtable$??$?RV<lambda_cbab9ec6f41b0180b23cc171c22676b0>@@AAV<lambda_44731a7d0e6d81c3e6aa82d741081786>@@V<lambda_4b292cb8dd18144e164572427af410ab>@@@?$__crt_seh_guarded_call@P6AXH@Z@@QAEP6AXH@Z$$QAV<lambda_cbab9ec6f41b0180b23cc171c22676b0>@@AAV<lambda_44731a7d0e6d81c3e6aa82d741081786>@@$$QAV<lambda_4b292cb8dd18144e164572427af410ab>@@@Z 100329c8     libucrt:signal.obj
 0002:000089e8       __sehtable$___acrt_update_thread_locale_data 100329e8     libucrt:locale_refcounting.obj
 0002:00008a08       __sehtable$__fcloseall     10032a08     libucrt:closeall.obj
 0002:00008a28       __sehtable$__alloc_osfhnd  10032a28     libucrt:osfinfo.obj
 0002:00008a48       __sehtable$___acrt_lowio_ensure_fh_exists 10032a48     libucrt:osfinfo.obj
 0002:00008a68       __sehtable$??$?RV<lambda_9e9de3de5fa147e2223d7db92bc10aa6>@@AAV<lambda_38ce7e780aa69e748d6df282ebc68efe>@@V<lambda_8ca6da459f0f6780f1cff60fdc3d00e5>@@@?$__crt_seh_guarded_call@H@@QAEH$$QAV<lambda_9e9de3de5fa147e2223d7db92bc10aa6>@@AAV<lambda_38ce7e780aa69e748d6df282ebc68efe>@@$$QAV<lambda_8ca6da459f0f6780f1cff60fdc3d00e5>@@@Z 10032a68     libucrt:commit.obj
 0002:00008a88       __sehtable$__write_internal 10032a88     libucrt:write.obj
 0002:00008aa8       __sehtable$??$common_sopen_dispatch@D@@YAHQBDHHHQAHH@Z 10032aa8     libucrt:open.obj
 0002:00008ac8       __sehtable$___set_fpsr_sse2 10032ac8     libucrt:fpctrl.obj
 0002:00008ae8       __sehtable$__IsNonwritableInCurrentImage 10032ae8     LIBCMT:pesect.obj
 0002:00008b10       .edata                     10032b10     amethyst2_4.exp
 0002:00008b38       rgpv                       10032b38     amethyst2_4.exp
 0002:00008b58       rgszName                   10032b58     amethyst2_4.exp
 0002:00008b78       rgwOrd                     10032b78     amethyst2_4.exp
 0002:00008b88       szName                     10032b88     amethyst2_4.exp
 0002:00008b98       $N00001                    10032b98     amethyst2_4.exp
 0002:00008bac       $N00002                    10032bac     amethyst2_4.exp
 0002:00008bbe       $N00003                    10032bbe     amethyst2_4.exp
 0002:00008bd2       $N00004                    10032bd2     amethyst2_4.exp
 0002:00008be3       $N00005                    10032be3     amethyst2_4.exp
 0002:00008bf3       $N00006                    10032bf3     amethyst2_4.exp
 0002:00008bff       $N00007                    10032bff     amethyst2_4.exp
 0002:00008c13       $N00008                    10032c13     amethyst2_4.exp
 0002:00008dfc       .idata$6                   10032dfc     kernel32:KERNEL32.dll
 0002:00008e18       .idata$6                   10032e18     user32:USER32.dll
 0003:00000b28       ?i@?1??fake_new@@YAHH@Z@4HA 10034b28     core.obj
 0003:000010c8       ?SG_Shift@@3PAY01HA        100350c8     Summon.obj
 0003:00002d80       ?first_time@?1??CreateAdditionalTables@@YAXXZ@4_NA 10036d80     tables.obj
 0003:000030a0       ?__vcrt_flsindex@@3KA      100370a0     libvcruntime:per_thread_data.obj
 0003:000030d0       ?errno_no_memory@@3HA      100370d0     libucrt:errno.obj
 0003:000030d4       ?doserrno_no_memory@@3KA   100370d4     libucrt:errno.obj
 0003:00003180       ?__acrt_flsindex@@3KA      10037180     libucrt:per_thread_data.obj
 0003:000035a8       __mbctypes                 100375a8     libucrt:mbctype.obj
 0003:000036b0       __mbcasemaps               100376b0     libucrt:mbctype.obj
 0003:000037b0       ?__rgctypeflag@@3PADA      100377b0     libucrt:mbctype.obj
 0003:000037b8       ?__rgcode_page_info@@3PAUcode_page_info@@A 100377b8     libucrt:mbctype.obj
 0003:00003910       ?__dcrt_lowio_console_output_handle@@3PAXA 10037910     libucrt:initcon.obj
 0003:00003914       ?__DAZ_ENABLED@?1??__set_fpsr_sse2@@9@9 10037914     libucrt:fpctrl.obj
 0003:00134a54       ?__once__@?1??ReloadExperienceConfig2@@YGXXZ@4_NA 10168a54     dllmain.obj
 0003:00194d18       ?SC_Type@@3HA              101c8d18     Summon.obj
 0003:00194d1c       ?SC_Num@@3HA               101c8d1c     Summon.obj
 0003:00194d20       ?SC_Pos@@3HA               101c8d20     Summon.obj
 0003:00194d24       ?SC_Side@@3HA              101c8d24     Summon.obj
 0003:00194d28       ?SC_Slot@@3HA              101c8d28     Summon.obj
 0003:00194d2c       ?SC_Redraw@@3HA            101c8d2c     Summon.obj
 0003:00194d30       ?SC_Flags@@3HA             101c8d30     Summon.obj
 0003:00194d34       ?SC_MStruct@@3PAEA         101c8d34     Summon.obj
 0003:0060e81c       ?SAT_MonID@@3JA            1064281c     tables.obj
 0003:0060e820       ?SAT_MonPTR@@3PAEA         10642820     tables.obj
 0003:0060e824       ?SAT_Ret@@3DA              10642824     tables.obj
 0003:0060ec28       _GS_ExceptionRecord        10642c28     LIBCMT:gs_report.obj
 0003:0060ec78       _GS_ContextRecord          10642c78     LIBCMT:gs_report.obj
 0003:0060ef44       ?__proc_attached@@3HA      10642f44     LIBCMT:dll_dllmain.obj
 0003:0060ef58       ?is_initialized_as_dll@@3_NA 10642f58     LIBCMT:utility.obj
 0003:0060ef59       ?module_local_atexit_table_initialized@@3_NA 10642f59     LIBCMT:utility.obj
 0003:0060ef5c       ?module_local_atexit_table@@3U_onexit_table_t@@A 10642f5c     LIBCMT:utility.obj
 0003:0060ef68       ?module_local_at_quick_exit_table@@3U_onexit_table_t@@A 10642f68     LIBCMT:utility.obj
 0003:0060ef88       ?__vcrt_startup_thread_ptd@@3U__vcrt_ptd@@A 10642f88     libvcruntime:per_thread_data.obj
 0003:0060efd8       ?heap@@3V_HeapManager@@A   10642fd8     libvcruntime:undname.obj
 0003:0060efec       ___vcrt_lock_table         10642fec     libvcruntime:locks.obj
 0003:0060f004       ___vcrt_locks_initialized  10643004     libvcruntime:locks.obj
 0003:0060f008       ?module_handles@@3PAPAUHINSTANCE__@@A 10643008     libvcruntime:winapi_downlevel.obj
 0003:0060f014       ?function_pointers@@3PAPAXA 10643014     libvcruntime:winapi_downlevel.obj
 0003:0060f02c       ?__acrt_invalid_parameter_handler@@3V?$dual_state_global@P6AXPB_W00II@Z@__crt_state_management@@A 1064302c     libucrt:invalid_parameter.obj
 0003:0060f030       ?__acrt_new_handler@@3V?$dual_state_global@P6AHI@Z@__crt_state_management@@A 10643030     libucrt:new_handler.obj
 0003:0060f034       ?c_termination_complete@@3JA 10643034     libucrt:exit.obj
 0003:0060f038       ?thread_local_exit_callback_func@@3P6GXPAXK0@ZA 10643038     libucrt:exit.obj
 0003:0060f03c       ?c_exit_complete@?1???R<lambda_6e4b09c48022b2350581041d5f6b0c4c>@@QBE@XZ@4_NA 1064303c     libucrt:exit.obj
 0003:0060f040       ?program_name@?1???$common_configure_argv@D@@YAHW4_crt_argv_mode@@@Z@4PADA 10643040     libucrt:argv_parsing.obj
 0003:0060f170       ?internal_state@?1??_mbtowc_internal@@9@4U_Mbstatet@@A 10643170     libucrt:mbtowc.obj
 0003:0060f184       ?enable_percent_n@@3IA     10643184     libucrt:printf_count_output.obj
 0003:0060f3a0       ?module_handles@@3PAPAUHINSTANCE__@@A 106433a0     libucrt:winapi_thunks.obj
 0003:0060f3f8       ?encoded_function_pointers@@3PAPAXA 106433f8     libucrt:winapi_thunks.obj
 0003:0060f488       ?__acrt_lock_table@@3PAU_RTL_CRITICAL_SECTION@@A 10643488     libucrt:locks.obj
 0003:0060f5d8       ?__acrt_locks_initialized@@3IA 106435d8     libucrt:locks.obj
 0003:0060f5e8       ?fSystemSet@@3HA           106435e8     libucrt:mbctype.obj
 0003:0060f5ec       ?initialized@?1??__acrt_initialize_multibyte@@9@4_NA 106435ec     libucrt:mbctype.obj
 0003:0060f60c       ?ctrlc_action@@3V?$dual_state_global@P6AXH@Z@__crt_state_management@@A 1064360c     libucrt:signal.obj
 0003:0060f610       ?ctrlbreak_action@@3V?$dual_state_global@P6AXH@Z@__crt_state_management@@A 10643610     libucrt:signal.obj
 0003:0060f614       ?abort_action@@3V?$dual_state_global@P6AXH@Z@__crt_state_management@@A 10643614     libucrt:signal.obj
 0003:0060f618       ?term_action@@3V?$dual_state_global@P6AXH@Z@__crt_state_management@@A 10643618     libucrt:signal.obj
 0003:0060f61c       ?user_matherr@@3V?$dual_state_global@P6AHPAU_exception@@@Z@__crt_state_management@@A 1064361c     libucrt:matherr.obj
 0003:0060f620       ?__acrt_global_new_mode@@3V?$dual_state_global@J@__crt_state_management@@A 10643620     libucrt:new_mode.obj
 0003:0060f630       ?internal_pst@?1??__mbrtoc32_utf8@__crt_mbstring@@YAIPA_UPBDIPAU_Mbstatet@@AAV__crt_cached_ptd_host@@@Z@4U3@A 10643630     libucrt:mbrtoc32.obj
 0003:0060f638       ?__acrt_app_type@@3W4_crt_app_type@@A 10643638     libucrt:report_runtime_error.obj
 0003:0060f644       __pmatherr_set             10643644     libucrt:libm_error.obj
 0004:00000060       $R000000                   10644060     * linker generated manifest res *

 Exports

  ordinal    name

        1    _ChangeCreatureTable
               exported name: ChangeCreatureTable
        2    _Creature2Artifact
               exported name: Creature2Artifact
        3    _Creature2Artifact_2
               exported name: Creature2Artifact_2
        4    _InitNecromancy15
               exported name: InitNecromancy15
        5    __hasSantaGuards
               exported name: _hasSantaGuards
        6    _check_harpy
               exported name: check_harpy
        7    _isCreatureConstruct
               exported name: isCreatureConstruct
        8    _isReceptive
               exported name: isReceptive
