 amethyst2_4

 Timestamp is 67179502 (Tue Oct 22 20:05:22 2024)

 Preferred load address is 10000000

 Start         Length     Name                   Class
 0001:00000000 00000380H .text$di                CODE
 0001:00000380 00026880H .text$mn                CODE
 0001:00026c00 000000bbH .text$x                 CODE
 0002:00000000 00000134H .idata$5                DATA
 0002:00000134 00000008H .00cfg                  DATA
 0002:0000013c 00000004H .CRT$XCA                DATA
 0002:00000140 00000004H .CRT$XCU                DATA
 0002:00000144 00000004H .CRT$XCZ                DATA
 0002:00000148 00000004H .CRT$XIA                DATA
 0002:0000014c 00000010H .CRT$XIC                DATA
 0002:0000015c 00000004H .CRT$XIZ                DATA
 0002:00000160 00000004H .CRT$XPA                DATA
 0002:00000164 00000008H .CRT$XPX                DATA
 0002:0000016c 00000004H .CRT$XPXA               DATA
 0002:00000170 00000004H .CRT$XPZ                DATA
 0002:00000174 00000004H .CRT$XTA                DATA
 0002:00000178 00000008H .CRT$XTZ                DATA
 0002:0000017c 00000000H .gfids$y                DATA
 0002:00000180 00007ac0H .rdata                  DATA
 0002:00007c40 00000000H .rdata$CastGuardVftablesA DATA
 0002:00007c40 00000000H .rdata$CastGuardVftablesC DATA
 0002:00007c40 000000dcH .rdata$r                DATA
 0002:00007d1c 00000028H .rdata$sxdata           DATA
 0002:00007d44 000000f8H .rdata$voltmd           DATA
 0002:00007e3c 0000036cH .rdata$zzzdbg           DATA
 0002:000081a8 00000004H .rtc$IAA                DATA
 0002:000081ac 00000004H .rtc$IZZ                DATA
 0002:000081b0 00000004H .rtc$TAA                DATA
 0002:000081b4 00000004H .rtc$TZZ                DATA
 0002:000081b8 00000778H .xdata$x                DATA
 0002:00008930 00000110H .edata                  DATA
 0002:00008a40 00000028H .idata$2                DATA
 0002:00008a68 00000014H .idata$3                DATA
 0002:00008a7c 00000134H .idata$4                DATA
 0002:00008bb0 0000056cH .idata$6                DATA
 0003:00000000 00003960H .data                   DATA
 0003:00003960 0000003cH .data$r                 DATA
 0003:0000399c 0000001cH .data$rs                DATA
 0003:000039b8 0060bcdcH .bss                    DATA
 0004:00000000 00000060H .rsrc$01                DATA
 0004:00000060 00000180H .rsrc$02                DATA

  Address         Publics by Value              Rva+Base       Lib:Object

 0000:00000000       ___AbsoluteZero            00000000     <absolute>
 0000:00000000       ___arm64x_extra_rfe_table  00000000     <absolute>
 0000:00000000       ___arm64x_extra_rfe_table_size 00000000     <absolute>
 0000:00000000       ___arm64x_native_entrypoint 00000000     <absolute>
 0000:00000000       ___arm64x_redirection_metadata 00000000     <absolute>
 0000:00000000       ___arm64x_redirection_metadata_count 00000000     <absolute>
 0000:00000000       ___dynamic_value_reloc_table 00000000     <absolute>
 0000:00000000       ___enclave_config          00000000     <absolute>
 0000:00000000       ___guard_check_icall_a64n_fptr 00000000     <absolute>
 0000:00000000       ___guard_eh_cont_count     00000000     <absolute>
 0000:00000000       ___guard_eh_cont_table     00000000     <absolute>
 0000:00000000       ___guard_fids_count        00000000     <absolute>
 0000:00000000       ___guard_fids_table        00000000     <absolute>
 0000:00000000       ___guard_iat_count         00000000     <absolute>
 0000:00000000       ___guard_iat_table         00000000     <absolute>
 0000:00000000       ___guard_longjmp_count     00000000     <absolute>
 0000:00000000       ___guard_longjmp_table     00000000     <absolute>
 0000:00000000       ___hybrid_auxiliary_delayload_iat 00000000     <absolute>
 0000:00000000       ___hybrid_auxiliary_delayload_iat_copy 00000000     <absolute>
 0000:00000000       ___hybrid_auxiliary_iat    00000000     <absolute>
 0000:00000000       ___hybrid_auxiliary_iat_copy 00000000     <absolute>
 0000:00000000       ___hybrid_code_map         00000000     <absolute>
 0000:00000000       ___hybrid_code_map_count   00000000     <absolute>
 0000:00000000       ___hybrid_image_info_bitfield 00000000     <absolute>
 0000:00000000       ___x64_code_ranges_to_entry_points 00000000     <absolute>
 0000:00000000       ___x64_code_ranges_to_entry_points_count 00000000     <absolute>
 0000:00000000       __except_list              00000000     <absolute>
 0000:0000000a       ___safe_se_handler_count   0000000a     <absolute>
 0000:00000100       ___guard_flags             00000100     <absolute>
 0000:00000000       ___ImageBase               10000000     <linker-defined>
 0001:00000380       ?GetHeroRecord@@YAPADH@Z   10001380 f   heroes.obj
 0001:000003a0       ?WriteHook@@YAXPAX0D@Z     100013a0 f   heroes.obj
 0001:000003e0       ?_alldiv__patched@@YGH_JIH@Z 100013e0 f   BugFix.obj
 0001:00000410       ?apply_fixes@@YAXXZ        10001410 f   BugFix.obj
 0001:00000590       ?hook_00426020@@YGHPAVLoHook@@PAUHookContext@@@Z 10001590 f   BugFix.obj
 0001:000005b0       ?hook_0042626A@@YGHPAVLoHook@@PAUHookContext@@@Z 100015b0 f   BugFix.obj
 0001:000005d0       ?hook_00435D7F@@YGHPAVLoHook@@PAUHookContext@@@Z 100015d0 f   BugFix.obj
 0001:000005d0       ?hook_00442D62@@YGHPAVLoHook@@PAUHookContext@@@Z 100015d0 f   BugFix.obj
 0001:000005f0       ?hook_00435DBE@@YGHPAVLoHook@@PAUHookContext@@@Z 100015f0 f   BugFix.obj
 0001:00000610       ?hook_00468A1B@@YGHPAVLoHook@@PAUHookContext@@@Z 10001610 f   BugFix.obj
 0001:00000650       ?hook_00468DBD@@YGHPAVLoHook@@PAUHookContext@@@Z 10001650 f   BugFix.obj
 0001:00000690       ?hook_004D9508@@YGHPAVLoHook@@PAUHookContext@@@Z 10001690 f   BugFix.obj
 0001:000006f0       ?hook_005A6BD3@@YGHPAVLoHook@@PAUHookContext@@@Z 100016f0 f   BugFix.obj
 0001:00000760       ?hook_005A6D89@@YGHPAVLoHook@@PAUHookContext@@@Z 10001760 f   BugFix.obj
 0001:000007b0       ??$strcpy_s@$0BAA@@@YAHAAY0BAA@DPBD@Z 100017b0 f i core.obj
 0001:000007d0       ??$strcpy_s@$0EA@@@YAHAAY0EA@DPBD@Z 100017d0 f i core.obj
 0001:000007f0       ?CreateNewTable@@YAXXZ     100017f0 f   core.obj
 0001:00000c00       ?LoadCrTraitsRow_hook@@YGHPAVHiHook@@HH@Z 10001c00 f   core.obj
 0001:00000d40       ?NewMissiles_Body@@YIHPADH@Z 10001d40 f   core.obj
 0001:00000e70       ?NewMonstersMissiles@@YAXXZ 10001e70 f   core.obj
 0001:00000e90       ?Pop@HookContext@@QAEHXZ   10001e90 f i core.obj
 0001:00000ec0       ?_ebx@@YAHXZ               10001ec0 f   core.obj
 0001:00000ed0       ?fake_new@@YAHH@Z          10001ed0 f   core.obj
 0001:00000f10       ?fake_new_hook@@YGHPAVLoHook@@PAUHookContext@@@Z 10001f10 f   core.obj
 0001:00000f30       ?fix_amethyst_crexpmod@@YAXXZ 10001f30 f   core.obj
 0001:000010e0       ?install_CrState@@YAXXZ    100020e0 f   core.obj
 0001:00001160       ?set_erm_limits@@YAXXZ     10002160 f   core.obj
 0001:000011d0       ___local_stdio_printf_options 100021d0 f i core.obj
 0001:000011e0       __vsnprintf_l              100021e0 f i core.obj
 0001:00001230       __vsprintf_l               10002230 f i core.obj
 0001:00001250       _sprintf                   10002250 f i core.obj
 0001:00001290       ?creexpo1024@@YAXXZ        10002290 f   creexpo1024.obj
 0001:000018d0       ??$StructAt@UH3Main@h3@@@h3@@YAPAUH3Main@0@I@Z 100028d0 f i dllmain.obj
 0001:000018e0       ??0exception@std@@QAE@ABV01@@Z 100028e0 f i dllmain.obj
 0001:00001920       ??1exception@std@@UAE@XZ   10002920 f i dllmain.obj
 0001:00001950       ??_Eexception@std@@UAEPAXI@Z 10002950 f i dllmain.obj
 0001:00001950       ??_Gexception@std@@UAEPAXI@Z 10002950 f i dllmain.obj
 0001:00001980       ?Block_Redirection@@YGXPAUTEvent@Era@@@Z 10002980 f   dllmain.obj
 0001:00001a30       ?ConnectEra@Era@@YAXXZ     10002a30 f   dllmain.obj
 0001:00001dd0       ?Daily_Res@@YGXPAUTEvent@Era@@@Z 10002dd0 f   dllmain.obj
 0001:00002210       ?Fix_Random_Creature_Generation@@YGXPAUTEvent@Era@@@Z 10003210 f   dllmain.obj
 0001:00002290       ?Get@H3Main@h3@@SAPAU12@XZ 10003290 f i dllmain.obj
 0001:000022b0       ?GetPatcher@@YAPAVPatcher@@XZ 100032b0 f i dllmain.obj
 0001:00002310       ?InitMainConfig@@YAXPAD@Z  10003310 f   dllmain.obj
 0001:00002580       ?MonsterRandomGeneration2@@YAXXZ 10003580 f   dllmain.obj
 0001:000025a0       ?MonsterRandomGeneration@@YAXXZ 100035a0 f   dllmain.obj
 0001:000025c0       ?ReloadExperienceConfig2@@YGXXZ 100035c0 f   dllmain.obj
 0001:00002670       ?RestoreData@@YGXPAUTEvent@Era@@@Z 10003670 f   dllmain.obj
 0001:000026c0       ?ShareStatsEvent@@YGXPAUTEvent@Era@@@Z 100036c0 f   dllmain.obj
 0001:00002790       ?StoreData@@YGXPAUTEvent@Era@@@Z 10003790 f   dllmain.obj
 0001:000027e0       ?battle_late_begin@@YGXPAUTEvent@Era@@@Z 100037e0 f   dllmain.obj
 0001:00002880       ?battle_start_event@@YGXPAUTEvent@Era@@@Z 10003880 f   dllmain.obj
 0001:000028c0       ?begin@?$H3Vector@UH3Town@h3@@@h3@@QAEPAUH3Town@2@XZ 100038c0 f i dllmain.obj
 0001:000028e0       ?drop_html_creature_list@@YGXPAUTEvent@Era@@@Z 100038e0 f   dllmain.obj
 0001:00002900       ?end@?$H3Vector@UH3Town@h3@@@h3@@QAEPAUH3Town@2@XZ 10003900 f i dllmain.obj
 0001:00002920       ?fix_vanilla_creatures@@YGXPAUTEvent@Era@@@Z 10003920 f   dllmain.obj
 0001:00002ac0       ?hook_005A7A5A@@YGHPAVLoHook@@PAUHookContext@@@Z 10003ac0 f   dllmain.obj
 0001:00002b50       ?hook_ecx_batman_dialogue_fix@@YGHPAVLoHook@@PAUHookContext@@@Z 10003b50 f   dllmain.obj
 0001:00002b80       ?hook_ecx_batman_fix@@YGHPAVLoHook@@PAUHookContext@@@Z 10003b80 f   dllmain.obj
 0001:00002ba0       ?hook_esi_batman_fix@@YGHPAVLoHook@@PAUHookContext@@@Z 10003ba0 f   dllmain.obj
 0001:00002bc0       ?install_CrState@@YGXPAUTEvent@Era@@@Z 10003bc0 f   dllmain.obj
 0001:00002be0       ?load_things_late@@YGXPAUTEvent@Era@@@Z 10003be0 f   dllmain.obj
 0001:00002cc0       ?strstr@@YAPADQADQBD@Z     10003cc0 f i dllmain.obj
 0001:00002ce0       ?what@exception@std@@UBEPBDXZ 10003ce0 f i dllmain.obj
 0001:00002d10       _DllMain@12                10003d10 f   dllmain.obj
 0001:00002e70       ?drop_html_creature_list@@YAXPBD@Z 10003e70 f   DropHtml.obj
 0001:00002f30       __vfprintf_l               10003f30 f i DropHtml.obj
 0001:00002f60       _fprintf                   10003f60 f i DropHtml.obj
 0001:00002fa0       ?GameMgr_GetRandMonster_ByLevel@@YGHPAVHiHook@@PAXHH@Z 10003fa0 f   GameMgr_GetRandMonster_ByLevel.obj
 0001:00003130       ?v_MsgBox@@YAXPADH@Z       10004130 f i GameMgr_GetRandMonster_ByLevel.obj
 0001:00003160       ?MiscCreatureHooks_apply@@YAXXZ 10004160 f   MiscCreatureHooks.obj
 0001:000031a0       ?MiscCreatureHooks_apply_strings@@YAXXZ 100041a0 f   MiscCreatureHooks.obj
 0001:00003230       ?hook_UN_G1_reset@@YGHPAVLoHook@@PAUHookContext@@@Z 10004230 f   MiscCreatureHooks.obj
 0001:000032f0       ?hook_UN_G1_set@@YGHPAVLoHook@@PAUHookContext@@@Z 100042f0 f   MiscCreatureHooks.obj
 0001:000033c0       ?Spell_1_mode_exact_expert@@YAXXZ 100043c0 f   tables.obj
 0001:000033f0       ?Spell_1_mode_exact@@YAXXZ 100043f0 f   tables.obj
 0001:00003420       ?Spell_1_mode_exact_twice@@YAXXZ 10004420 f   tables.obj
 0001:00003480       ?Spell_1_mode_elemental@@YAXXZ 10004480 f   tables.obj
 0001:000034e0       ?Spell_1_mode_Heavenly_Inspiration@@YAXXZ 100044e0 f   tables.obj
 0001:00003570       ?Spell_1_mode_enchant@@YAXXZ 10004570 f   tables.obj
 0001:00003640       ?Spell_1_mode_enchant_minor@@YAXXZ 10004640 f   tables.obj
 0001:000036f0       ?Spell_1_mode_enchant_major@@YAXXZ 100046f0 f   tables.obj
 0001:000037e0       ?Spell_1_mode_rush@@YAXXZ  100047e0 f   tables.obj
 0001:00003890       ?Spell_1_mode_1_extended@@YAXXZ 10004890 f   tables.obj
 0001:00003970       ?Spell_1_mode_Dragon_Will@@YAXXZ 10004970 f   tables.obj
 0001:00003a70       ?Spell_1_mode_overclock@@YAXXZ 10004a70 f   tables.obj
 0001:00003b70       ?Spell_1_mode_repair_and_overclock@@YAXXZ 10004b70 f   tables.obj
 0001:00003bf0       ?Spell_2_raise_undead@@YAXXZ 10004bf0 f   tables.obj
 0001:00003c60       ?Spell_2_repair_constructs@@YAXXZ 10004c60 f   tables.obj
 0001:00003d20       ?Spell_2_gate_infernals@@YAXXZ 10004d20 f   tables.obj
 0001:00003d90       ?Spell_2_damage_spell@@YAXXZ 10004d90 f   tables.obj
 0001:00003e00       ?Spell_2_FriendlyNonDragons@@YAXXZ 10004e00 f   tables.obj
 0001:00003e40       ?Spell_2_FriendlyConstructs@@YAXXZ 10004e40 f   tables.obj
 0001:00003e90       ?Spell_3_debuff@@YAXXZ     10004e90 f   tables.obj
 0001:00003ec0       ?Spell_3_custom_buff@@YAXXZ 10004ec0 f   tables.obj
 0001:00003ef0       ?resistance_dwarf60@@YAXXZ 10004ef0 f   tables.obj
 0001:00003f20       ?resistance_dwarf80@@YAXXZ 10004f20 f   tables.obj
 0001:00003f50       ?resistance_dwarf100@@YAXXZ 10004f50 f   tables.obj
 0001:00003f80       ?resistance_level_1@@YAXXZ 10004f80 f   tables.obj
 0001:00003fa0       ?resistance_level_1_2@@YAXXZ 10004fa0 f   tables.obj
 0001:00003fc0       ?resistance_speed@@YAXXZ   10004fc0 f   tables.obj
 0001:00003ff0       ?resistance_toxic@@YAXXZ   10004ff0 f   tables.obj
 0001:00004020       ?resistance_will@@YAXXZ    10005020 f   tables.obj
 0001:00004050       ?resistance_no_eyes@@YAXXZ 10005050 f   tables.obj
 0001:00004070       ?resistance_mass_damage@@YAXXZ 10005070 f   tables.obj
 0001:00004090       ?resistance_to_dispel@@YAXXZ 10005090 f   tables.obj
 0001:000040b0       ?resistance_to_debuff@@YAXXZ 100050b0 f   tables.obj
 0001:00004120       ?vulnerability_125@@YAXXZ  10005120 f   tables.obj
 0001:00004140       ?vulnerability_150@@YAXXZ  10005140 f   tables.obj
 0001:00004150       ?vulnerability_200@@YAXXZ  10005150 f   tables.obj
 0001:00004160       ?vulnerability_300@@YAXXZ  10005160 f   tables.obj
 0001:00004170       ?vulnerability_400@@YAXXZ  10005170 f   tables.obj
 0001:00004190       ?vulnerability_500@@YAXXZ  10005190 f   tables.obj
 0001:000041b0       ?vulnerability_600@@YAXXZ  100051b0 f   tables.obj
 0001:000041d0       ?vulnerability_700@@YAXXZ  100051d0 f   tables.obj
 0001:000041f0       ?vulnerability_900@@YAXXZ  100051f0 f   tables.obj
 0001:00004210       ?AI_Battle_GetStackCustomBuffValue@@YADPAXHPAHH@Z 10005210 f   tables.obj
 0001:00004510       ?AI_Battle_GetStackDeBuffValue@@YADPAXHPAHH@Z 10005510 f   tables.obj
 0001:00004820       ?AlwaysPositiveLuck2@@YAXXZ 10005820 f   tables.obj
 0001:00004840       ?AlwaysPositiveLuck3@@YAXXZ 10005840 f   tables.obj
 0001:00004860       ?AlwaysPositiveLuck@@YAXXZ 10005860 f   tables.obj
 0001:000048b0       ?AlwaysPositiveMorale2@@YAXXZ 100058b0 f   tables.obj
 0001:000048d0       ?AlwaysPositiveMorale3@@YAXXZ 100058d0 f   tables.obj
 0001:000048f0       ?AlwaysPositiveMorale@@YAXXZ 100058f0 f   tables.obj
 0001:00004910       ?Ang1@@YAXXZ               10005910 f   tables.obj
 0001:000049a0       ?Ang2@@YAXXZ               100059a0 f   tables.obj
 0001:000049f0       ?AngDem1@@YAXXZ            100059f0 f   tables.obj
 0001:00004a30       ?AngDem2@@YAXXZ            10005a30 f   tables.obj
 0001:00004b80       ?AngDem3@@YAXXZ            10005b80 f   tables.obj
 0001:00004cd0       ?AngDem4@@YAXXZ            10005cd0 f   tables.obj
 0001:00004d20       ?AngDem5@@YAXXZ            10005d20 f   tables.obj
 0001:00004e10       ?Angel4_004482D3@@YAXXZ    10005e10 f   tables.obj
 0001:00004e70       ?ApplySharedStats@@YAXHH@Z 10005e70 f   tables.obj
 0001:00004ea0       ?Before_Melee@@YAXXZ       10005ea0 f   tables.obj
 0001:00004ec0       ?Before_strike@@YAXXZ      10005ec0 f   tables.obj
 0001:00004fb0       ?CheckCreature2Leave_hook@@YGHPAVHiHook@@H@Z 10005fb0 f   tables.obj
 0001:00005000       ?CounterStrike2@@YAXXZ     10006000 f   tables.obj
 0001:00005040       ?CounterStrike@@YAXXZ      10006040 f   tables.obj
 0001:00005080       ?CrExpBon_DwarfResistFriendly_WoG_hook@@YGHPAVHiHook@@HHH@Z 10006080 f   tables.obj
 0001:000050d0       ?CreateAdditionalTables@@YAXXZ 100060d0 f   tables.obj
 0001:00006b20       ?DeathBlow@@YAXXZ          10007b20 f   tables.obj
 0001:00006b60       ?DeathBlowCorrect@@YAXXZ   10007b60 f   tables.obj
 0001:00006b80       ?Dem1@@YAXXZ               10007b80 f   tables.obj
 0001:00006ba0       ?Dem2@@YAXXZ               10007ba0 f   tables.obj
 0001:00006ca0       ?Dem3@@YAXXZ               10007ca0 f   tables.obj
 0001:00006cc0       ?Dem4@@YAXXZ               10007cc0 f   tables.obj
 0001:00006d50       ?Dem5@@YAXXZ               10007d50 f   tables.obj
 0001:00006d70       ?Dem6@@YAXXZ               10007d70 f   tables.obj
 0001:00006d90       ?Demon2@@YAXXZ             10007d90 f   tables.obj
 0001:00006dc0       ?Demon3@@YAXXZ             10007dc0 f   tables.obj
 0001:00006de0       ?Demon@@YAXXZ              10007de0 f   tables.obj
 0001:00006e00       ?Dlg_RecruitMonster_Hook_5502EE@@YAXXZ 10007e00 f   tables.obj
 0001:00006e30       ?ERM2String@@YAPADPADHPAH@Z 10007e30 f i tables.obj
 0001:00006e50       ?Fear@@YAXXZ               10007e50 f   tables.obj
 0001:00006e90       ?Fearless@@YAXXZ           10007e90 f   tables.obj
 0001:00006ed0       ?FileExists@@YA_NPBD@Z     10007ed0 f i tables.obj
 0001:00006f00       ?FillTables@@YAXXZ         10007f00 f   tables.obj
 0001:00006fc0       ?Firewall_byte@@YAXXZ      10007fc0 f   tables.obj
 0001:00006ff0       ?GetFireShield@@YGHHPAH@Z  10007ff0 f   tables.obj
 0001:00007030       ?GetShotType@@YIHHPAH@Z    10008030 f   tables.obj
 0001:00007050       ?Hate_Hook_766DFF@@YAXXZ   10008050 f   tables.obj
 0001:00007140       ?Hill_Fort_47AA50_Hook@@YAXXZ 10008140 f   tables.obj
 0001:00007160       ?ImmunToJoustingBonus@@YAXXZ 10008160 f   tables.obj
 0001:00007180       ?ImposedSpells1@@YAXXZ     10008180 f   tables.obj
 0001:00007190       ?ImposedSpells2@@YAXXZ     10008190 f   tables.obj
 0001:000071a0       ?ImposedSpellsGeneral@@YAXXZ 100081a0 f   tables.obj
 0001:000071e0       ?IsAngel3_Minus@@YAXXZ     100081e0 f   tables.obj
 0001:00007240       ?JoustingBonus@@YAXXZ      10008240 f   tables.obj
 0001:00007270       ?LoadCreatureConfig@@YAXH@Z 10008270 f   tables.obj
 0001:00007380       ?MagicAura@@YAXXZ          10008380 f   tables.obj
 0001:000073a0       ?MagicChannel@@YAXXZ       100083a0 f   tables.obj
 0001:000073c0       ?MagicMirror@@YAXXZ        100083c0 f   tables.obj
 0001:000073e0       ?ManaDrain2@@YAXXZ         100083e0 f   tables.obj
 0001:00007400       ?ManaDrainPlus@@YAXXZ      10008400 f   tables.obj
 0001:00007430       ?NPCDeathStare_hook@@YGHPAVHiHook@@HH@Z 10008430 f   tables.obj
 0001:00007470       ?NoWallPenalty@@YAXXZ      10008470 f   tables.obj
 0001:00007490       ?Passive_474541_Hook@@YAXXZ 10008490 f   tables.obj
 0001:000074b0       ?Push@HookContext@@QAEXH@Z 100084b0 f i tables.obj
 0001:000074e0       ?ResetAdditionalTables_BattleOnly@@YAXXZ 100084e0 f   tables.obj
 0001:000076e0       ?ResistanceHook@@YGNPAVHiHook@@HHPAUHERO@@1@Z 100086e0 f   tables.obj
 0001:00007760       ?Sharpshooters@@YAXXZ      10008760 f   tables.obj
 0001:00007780       ?ShootAnyTime2@@YGDH@Z     10008780 f   tables.obj
 0001:00007800       ?ShootAnyTime@@YGDH@Z      10008800 f   tables.obj
 0001:00007880       ?SpellsCostDump@@YAXXZ     10008880 f   tables.obj
 0001:000078b0       ?SpellsCostLess@@YAXXZ     100088b0 f   tables.obj
 0001:00007900       ?ThreeHeadedAttack2@@YAXXZ 10008900 f   tables.obj
 0001:00007920       ?ThreeHeadedAttack@@YAXXZ  10008920 f   tables.obj
 0001:00007940       ?WoG_CastSpell_Monster@@YAXHHHHHH@Z 10008940 f   tables.obj
 0001:00007a10       ?f41ED5A_Hook@@YAXXZ       10008a10 f   tables.obj
 0001:00007a40       ?f4225D6_Hook@@YAXXZ       10008a40 f   tables.obj
 0001:00007a60       ?f43F72C_Hook@@YAXXZ       10008a60 f   tables.obj
 0001:00007a90       ?f442E61_Hook@@YAXXZ       10008a90 f   tables.obj
 0001:00007ab0       ?f_4650dd_Hook@@YAXXZ      10008ab0 f   tables.obj
 0001:00007ae0       ?f_756B1F_Hook@@YAXXZ      10008ae0 f   tables.obj
 0001:00007b10       ?f_75C96C_Hook@@YAXXZ      10008b10 f   tables.obj
 0001:00007b40       ?fun_4E609E_Rogue_Hook@@YAXXZ 10008b40 f   tables.obj
 0001:00007b70       ?get_can_gate@@YAXXZ       10008b70 f   tables.obj
 0001:00007cd0       ?get_raise_undead@@YAXXZ   10008cd0 f   tables.obj
 0001:00007e70       ?get_repair_constructs@@YAXXZ 10008e70 f   tables.obj
 0001:00008050       ?harpy_hook_0075E063@@YGHPAVLoHook@@PAUHookContext@@@Z 10009050 f   tables.obj
 0001:000080b0       ?harpy_hook_00762940@@YGHPAVLoHook@@PAUHookContext@@@Z 100090b0 f   tables.obj
 0001:00008120       ?has_wog_resist@@YA_NPBDH@Z 10009120 f   tables.obj
 0001:00008450       ?hook_004470B5_Demonology@@YGHPAVLoHook@@PAUHookContext@@@Z 10009450 f   tables.obj
 0001:000084b0       ?hook_004675FE@@YGHPAVLoHook@@PAUHookContext@@@Z 100094b0 f   tables.obj
 0001:000084e0       ?hook_004755E7@@YAXXZ      100094e0 f   tables.obj
 0001:00008500       ?shooting_resistance_hook@@YAHPAEH@Z 10009500 f   tables.obj
 0001:000086e0       ?zShootAnyTime@@YAHPAE@Z   100096e0 f   tables.obj
 0001:000086f0       ?z_756BA0_hook@@YGHPAVLoHook@@PAUHookContext@@@Z 100096f0 f   tables.obj
 0001:00008720       ?z_Hook_004403A7@@YGHPAVLoHook@@PAUHookContext@@@Z 10009720 f   tables.obj
 0001:00008770       ?z_Hook_00443E36@@YGHPAVLoHook@@PAUHookContext@@@Z 10009770 f   tables.obj
 0001:00008900       ?z_Hook_00479231@@YGHPAVLoHook@@PAUHookContext@@@Z 10009900 f   tables.obj
 0001:00008a70       ?z_Hook_00492A7D@@YGHPAVLoHook@@PAUHookContext@@@Z 10009a70 f   tables.obj
 0001:00008aa0       ?z_Hook_after_melee@@YGHPAVLoHook@@PAUHookContext@@@Z 10009aa0 f   tables.obj
 0001:00008d30       ?z_Hook_after_shot@@YGHPAVLoHook@@PAUHookContext@@@Z 10009d30 f   tables.obj
 0001:00008fa0       ?z_hook_0046453E@@YGHPAVLoHook@@PAUHookContext@@@Z 10009fa0 f   tables.obj
 0001:00009220       ?z_hook_004645BA@@YGHPAVLoHook@@PAUHookContext@@@Z 1000a220 f   tables.obj
 0001:00009320       ?z_hook_00478C9E@@YGHPAVLoHook@@PAUHookContext@@@Z 1000a320 f   tables.obj
 0001:00009380       ?z_hook_0071CC52@@YGHPAVLoHook@@PAUHookContext@@@Z 1000a380 f   tables.obj
 0001:00009430       ?z_hook_0075642C@@YGHPAVLoHook@@PAUHookContext@@@Z 1000a430 f   tables.obj
 0001:000094c0       ?z_hook_00756D06@@YGHPAVLoHook@@PAUHookContext@@@Z 1000a4c0 f   tables.obj
 0001:00009500       ?z_hook_0075F840@@YGHPAVLoHook@@PAUHookContext@@@Z 1000a500 f   tables.obj
 0001:000095a0       ?z_hook_00760412@@YGHPAVLoHook@@PAUHookContext@@@Z 1000a5a0 f   tables.obj
 0001:000095e0       ?z_hook_007609E0@@YGHPAVLoHook@@PAUHookContext@@@Z 1000a5e0 f   tables.obj
 0001:00009620       _ChangeCreatureTable       1000a620 f   tables.obj
 0001:0000bb30       _Creature2Artifact         1000cb30 f   tables.obj
 0001:0000bb50       _Creature2Artifact_2       1000cb50 f   tables.obj
 0001:0000bb70       _InitNecromancy15          1000cb70 f   tables.obj
 0001:0000bc60       ___local_stdio_scanf_options 1000cc60 f i tables.obj
 0001:0000bc70       __hasSantaGuards           1000cc70 f   tables.obj
 0001:0000bc80       __vfscanf_l                1000cc80 f i tables.obj
 0001:0000bcb0       _check_harpy               1000ccb0 f   tables.obj
 0001:0000bd00       _fscanf                    1000cd00 f i tables.obj
 0001:0000bd40       _isCreatureConstruct       1000cd40 f   tables.obj
 0001:0000bd80       _isReceptive               1000cd80 f   tables.obj
 0001:0000bd8f       @__security_check_cookie@4 1000cd8f f   LIBCMT:secchk.obj
 0001:0000bd9d       ??3@YAXPAXI@Z              1000cd9d f   LIBCMT:delete_scalar_size.obj
 0001:0000bdab       ??_Etype_info@@UAEPAXI@Z   1000cdab f i LIBCMT:std_type_info_static.obj
 0001:0000bdab       ??_Gtype_info@@UAEPAXI@Z   1000cdab f i LIBCMT:std_type_info_static.obj
 0001:0000bdce       ___raise_securityfailure   1000cdce f   LIBCMT:gs_report.obj
 0001:0000bdf6       ___report_gsfailure        1000cdf6 f   LIBCMT:gs_report.obj
 0001:0000bef1       ___report_rangecheckfailure 1000cef1 f   LIBCMT:gs_report.obj
 0001:0000befe       ___report_securityfailure  1000cefe f   LIBCMT:gs_report.obj
 0001:0000c30e       __DllMainCRTStartup@12     1000d30e f   LIBCMT:dll_dllmain.obj
 0001:0000c331       ??3@YAXPAX@Z               1000d331 f   LIBCMT:delete_scalar.obj
 0001:0000c383       ___security_init_cookie    1000d383 f   LIBCMT:gs_support.obj
 0001:0000c3ce       ?__scrt_initialize_type_info@@YAXXZ 1000d3ce f   LIBCMT:tncleanup.obj
 0001:0000c3da       ?__scrt_uninitialize_type_info@@YAXXZ 1000d3da f   LIBCMT:tncleanup.obj
 0001:0000c3e6       ___scrt_initialize_default_local_stdio_options 1000d3e6 f   LIBCMT:default_local_stdio_options.obj
 0001:0000c447       ___scrt_acquire_startup_lock 1000d447 f   LIBCMT:utility.obj
 0001:0000c479       ___scrt_dllmain_after_initialize_c 1000d479 f   LIBCMT:utility.obj
 0001:0000c4a4       ___scrt_dllmain_before_initialize_c 1000d4a4 f   LIBCMT:utility.obj
 0001:0000c4b2       ___scrt_dllmain_crt_thread_attach 1000d4b2 f   LIBCMT:utility.obj
 0001:0000c4d1       ___scrt_dllmain_crt_thread_detach 1000d4d1 f   LIBCMT:utility.obj
 0001:0000c4de       ___scrt_dllmain_exception_filter 1000d4de f   LIBCMT:utility.obj
 0001:0000c512       ___scrt_dllmain_uninitialize_c 1000d512 f   LIBCMT:utility.obj
 0001:0000c535       ___scrt_dllmain_uninitialize_critical 1000d535 f   LIBCMT:utility.obj
 0001:0000c542       ___scrt_initialize_crt     1000d542 f   LIBCMT:utility.obj
 0001:0000c57b       ___scrt_initialize_onexit_tables 1000d57b f   LIBCMT:utility.obj
 0001:0000c602       ___scrt_is_nonwritable_in_current_image 1000d602 f   LIBCMT:utility.obj
 0001:0000c696       ___scrt_release_startup_lock 1000d696 f   LIBCMT:utility.obj
 0001:0000c6b3       ___scrt_uninitialize_crt   1000d6b3 f   LIBCMT:utility.obj
 0001:0000c6db       ___scrt_get_dyn_tls_init_callback 1000d6db f   LIBCMT:dyn_tls_init.obj
 0001:0000c6e1       ___scrt_fastfail           1000d6e1 f   LIBCMT:utility_desktop.obj
 0001:0000c7f6       __crt_debugger_hook        1000d7f6 f   LIBCMT:utility_desktop.obj
 0001:0000c7fe       __RTC_Initialize           1000d7fe f   LIBCMT:initsect.obj
 0001:0000c82a       __RTC_Terminate            1000d82a f   LIBCMT:initsect.obj
 0001:0000c860       __SEH_prolog4              1000d860 f   LIBCMT:sehprolg4.obj
 0001:0000c8a5       @_guard_check_icall_nop@4  1000d8a5 f i LIBCMT:guard_support.obj
 0001:0000c8a8       ___isa_available_init      1000d8a8 f   LIBCMT:cpu_disp.obj
 0001:0000cbd5       __get_startup_argv_mode    1000dbd5 f   LIBCMT:argv_mode.obj
 0001:0000cbd9       ___scrt_is_ucrt_dll_in_use 1000dbd9 f   LIBCMT:ucrt_detection.obj
 0001:0000cbf0       _memcpy                    1000dbf0 f   libvcruntime:memcpy.obj
 0001:0000cbf0       _memmove                   1000dbf0 f   libvcruntime:memmove.obj
 0001:0000d170       _strstr                    1000e170 f   libvcruntime:strstr.obj
 0001:0000d3db       ___std_exception_copy      1000e3db f   libvcruntime:std_exception.obj
 0001:0000d43e       ___std_exception_destroy   1000e43e f   libvcruntime:std_exception.obj
 0001:0000d45d       __CxxThrowException@8      1000e45d f   libvcruntime:throw.obj
 0001:0000d4c9       ?GetRangeOfTrysToCheck@__FrameHandler3@@SA?AU?$pair@Viterator@TryBlockMap@__FrameHandler3@@V123@@std@@AAVTryBlockMap@1@HPAXPBU_s_FuncInfo@@H@Z 1000e4c9 f   libvcruntime:trnsctrl.obj
 0001:0000d538       ?_CallCatchBlock2@@YAPAXPAUEHRegistrationNode@@PBU_s_FuncInfo@@PAXHK@Z 1000e538 f   libvcruntime:trnsctrl.obj
 0001:0000d595       ?_CallSETranslator@@YAHPAUEHExceptionRecord@@PAUEHRegistrationNode@@PAX2PBU_s_FuncInfo@@H1@Z 1000e595 f   libvcruntime:trnsctrl.obj
 0001:0000d685       ?_JumpToContinuation@@YGXPAXPAUEHRegistrationNode@@@Z 1000e685 f   libvcruntime:trnsctrl.obj
 0001:0000d6b5       ?_UnwindNestedFrames@@YGXPAUEHRegistrationNode@@PAUEHExceptionRecord@@@Z 1000e6b5 f   libvcruntime:trnsctrl.obj
 0001:0000d709       __CatchGuardHandler        1000e709 f   libvcruntime:trnsctrl.obj
 0001:0000d73a       __CreateFrameInfo          1000e73a f   libvcruntime:trnsctrl.obj
 0001:0000d75e       __FindAndUnlinkFrame       1000e75e f   libvcruntime:trnsctrl.obj
 0001:0000d7a6       __TranslatorGuardHandler   1000e7a6 f   libvcruntime:trnsctrl.obj
 0001:0000d845       ___CxxFrameHandler3        1000e845 f   libvcruntime:trnsctrl.obj
 0001:0000d880       _memset                    1000e880 f   libvcruntime:memset.obj
 0001:0000da20       __except_handler4          1000ea20 f   libvcruntime:chandler4.obj
 0001:0000db7e       ___std_type_info_compare   1000eb7e f   libvcruntime:std_type_info.obj
 0001:0000dbba       ___std_type_info_destroy_list 1000ebba f   libvcruntime:std_type_info.obj
 0001:0000dbdd       ___vcrt_initialize         1000ebdd f   libvcruntime:initialization.obj
 0001:0000dbfc       ___vcrt_thread_attach      1000ebfc f   libvcruntime:initialization.obj
 0001:0000dc07       ___vcrt_thread_detach      1000ec07 f   libvcruntime:initialization.obj
 0001:0000dc0f       ___vcrt_uninitialize       1000ec0f f   libvcruntime:initialization.obj
 0001:0000dc26       ___vcrt_uninitialize_critical 1000ec26 f   libvcruntime:initialization.obj
 0001:0000dc2e       ___DestructExceptionObject 1000ec2e f   libvcruntime:ehhelpers.obj
 0001:0000dccf       ?_CallMemberFunction0@@YGXQAX0@Z 1000eccf f i libvcruntime:ehhelpers.obj
 0001:0000dd34       __IsExceptionObjectToBeDestroyed 1000ed34 f   libvcruntime:ehhelpers.obj
 0001:0000dd5a       ___AdjustPointer           1000ed5a f   libvcruntime:ehhelpers.obj
 0001:0000dd7f       ___FrameUnwindFilter       1000ed7f f   libvcruntime:ehhelpers.obj
 0001:0000ddd5       ___std_terminate           1000edd5 f   libvcruntime:ehhelpers.obj
 0001:0000dde0       _strchr                    1000ede0 f   libvcruntime:strchr.obj
 0001:0000de4e       ___from_strstr_to_strchr   1000ee4e     libvcruntime:strchr.obj
 0001:0000df0b       ___vcrt_freefls@4          1000ef0b f   libvcruntime:per_thread_data.obj
 0001:0000df27       ___vcrt_freeptd_for_this_thread 1000ef27 f   libvcruntime:per_thread_data.obj
 0001:0000df52       ___vcrt_getptd             1000ef52 f   libvcruntime:per_thread_data.obj
 0001:0000df60       ___vcrt_getptd_noexit      1000ef60 f   libvcruntime:per_thread_data.obj
 0001:0000dff5       ___vcrt_initialize_ptd     1000eff5 f   libvcruntime:per_thread_data.obj
 0001:0000e028       ___vcrt_uninitialize_ptd   1000f028 f   libvcruntime:per_thread_data.obj
 0001:0000e775       ??$TypeMatchHelper@V__FrameHandler3@@@@YAHPBU_s_HandlerType@@PBU_s_CatchableType@@PBU_s_ThrowInfo@@@Z 1000f775 f i libvcruntime:frame.obj
 0001:0000e803       ??$__InternalCxxFrameHandler@V__FrameHandler3@@@@YA?AW4_EXCEPTION_DISPOSITION@@PAUEHExceptionRecord@@PAUEHRegistrationNode@@PAU_CONTEXT@@PAXPBU_s_FuncInfo@@H1E@Z 1000f803 f i libvcruntime:frame.obj
 0001:0000e905       ??$__InternalCxxFrameHandlerWrapper@V__FrameHandler3@@@@YA?AW4_EXCEPTION_DISPOSITION@@PAUEHExceptionRecord@@PAUEHRegistrationNode@@PAU_CONTEXT@@PAXPBU_s_FuncInfo@@H1E@Z 1000f905 f i libvcruntime:frame.obj
 0001:0000e90e       ??0bad_exception@std@@QAE@ABV01@@Z 1000f90e f i libvcruntime:frame.obj
 0001:0000e929       ??0bad_exception@std@@QAE@XZ 1000f929 f i libvcruntime:frame.obj
 0001:0000e941       ??1bad_exception@std@@UAE@XZ 1000f941 f i libvcruntime:frame.obj
 0001:0000e952       ??8type_info@@QBE_NABV0@@Z 1000f952 f i libvcruntime:frame.obj
 0001:0000e971       ??_Ebad_exception@std@@UAEPAXI@Z 1000f971 f i libvcruntime:frame.obj
 0001:0000e971       ??_Gbad_exception@std@@UAEPAXI@Z 1000f971 f i libvcruntime:frame.obj
 0001:0000ebf6       ?FrameUnwindToEmptyState@__FrameHandler3@@SAXPAUEHRegistrationNode@@PAXPBU_s_FuncInfo@@@Z 1000fbf6 f   libvcruntime:frame.obj
 0001:0000ec0e       ?FrameUnwindToState@__FrameHandler3@@SAXPAUEHRegistrationNode@@PAXPBU_s_FuncInfo@@H@Z 1000fc0e f   libvcruntime:frame.obj
 0001:0000ed90       ?_CallMemberFunction1@@YGXQAX00@Z 1000fd90 f i libvcruntime:frame.obj
 0001:0000eda0       ?_CallMemberFunction2@@YGXQAX00H@Z 1000fda0 f i libvcruntime:frame.obj
 0001:0000edb3       ?getESTypes@__FrameHandler3@@SAPBU_s_ESTypeList@@PBU_s_FuncInfo@@@Z 1000fdb3 f i libvcruntime:frame.obj
 0001:0000edc0       __CallSettingFrame@12      1000fdc0 f   libvcruntime:lowhelpr.obj
 0001:0000ede7       __NLG_Return               1000fde7     libvcruntime:lowhelpr.obj
 0001:0000ee0c       ___except_validate_context_record 1000fe0c f   libvcruntime:jbcxrval.obj
 0001:0000ee40       __local_unwind4            1000fe40 f   libvcruntime:exsup4.obj
 0001:0000ef30       @_EH4_CallFilterFunc@8     1000ff30 f   libvcruntime:exsup4.obj
 0001:0000ef50       @_EH4_TransferToHandler@8  1000ff50 f   libvcruntime:exsup4.obj
 0001:0000ef70       @_EH4_GlobalUnwind2@8      1000ff70 f   libvcruntime:exsup4.obj
 0001:0000ef90       @_EH4_LocalUnwind@16       1000ff90 f   libvcruntime:exsup4.obj
 0001:0000efa7       ___vcrt_initialize_locks   1000ffa7 f   libvcruntime:locks.obj
 0001:0000efe3       ___vcrt_uninitialize_locks 1000ffe3 f   libvcruntime:locks.obj
 0001:0000f0fd       ___vcrt_FlsAlloc           100100fd f   libvcruntime:winapi_downlevel.obj
 0001:0000f138       ___vcrt_FlsFree            10010138 f   libvcruntime:winapi_downlevel.obj
 0001:0000f173       ___vcrt_FlsGetValue        10010173 f   libvcruntime:winapi_downlevel.obj
 0001:0000f1ae       ___vcrt_FlsSetValue        100101ae f   libvcruntime:winapi_downlevel.obj
 0001:0000f1ec       ___vcrt_InitializeCriticalSectionEx 100101ec f   libvcruntime:winapi_downlevel.obj
 0001:0000f233       _unexpected                10010233 f   libvcruntime:unexpected.obj
 0001:0000f250       ?GetCurrentState@__FrameHandler3@@SAHPAUEHRegistrationNode@@PAXPBU_s_FuncInfo@@@Z 10010250 f   libvcruntime:ehstate.obj
 0001:0000f26d       ?SetState@__FrameHandler3@@SAXPAUEHRegistrationNode@@PBU_s_FuncInfo@@H@Z 1001026d f   libvcruntime:ehstate.obj
 0001:0000f280       __NLG_Notify1              10010280 f   libvcruntime:exsup.obj
 0001:0000f290       __NLG_Notify               10010290 f   libvcruntime:exsup.obj
 0001:0000f2a7       __NLG_Dispatch             100102a7     libvcruntime:exsup.obj
 0001:0000f2a7       __NLG_Dispatch2            100102a7     libvcruntime:exsup.obj
 0001:0000f2b0       __NLG_Call                 100102b0 f   libvcruntime:exsup.obj
 0001:0000f2b2       __NLG_Return2              100102b2     libvcruntime:exsup.obj
 0001:0000f2b3       _strcpy_s                  100102b3 f   libucrt:strcpy_s.obj
 0001:0000f4dc       ??$count@D@formatting_buffer@__crt_stdio_output@@QBEIXZ 100104dc f i libucrt:output.obj
 0001:0000f4f4       ??$ensure_buffer_is_big_enough@D@formatting_buffer@__crt_stdio_output@@QAE_NIAAV__crt_cached_ptd_host@@@Z 100104f4 f i libucrt:output.obj
 0001:0000f575       ??$is_overflow_condition@K@__crt_strtox@@YA_NIK@Z 10010575 f i libucrt:output.obj
 0001:0000f5a6       ??$is_wide_character_specifier@D@__crt_stdio_output@@YA_N_KDW4length_modifier@0@@Z 100105a6 f i libucrt:output.obj
 0001:0000f5d7       ??$make_c_string_character_source@DPAPAD@__crt_strtox@@YA?AV?$c_string_character_source@D@0@QBDQAPAD@Z 100105d7 f i libucrt:output.obj
 0001:0000f5f2       ??$parse_integer@KV?$c_string_character_source@D@__crt_strtox@@$0A@@__crt_strtox@@YAKAAV__crt_cached_ptd_host@@V?$c_string_character_source@D@0@H_N@Z 100105f2 f i libucrt:output.obj
 0001:0000f801       ??$scratch_data@D@formatting_buffer@__crt_stdio_output@@QAEPADXZ 10010801 f i libucrt:output.obj
 0001:0000f81f       ??$type_case_integer@$07@?$output_processor@DV?$stream_output_adapter@D@__crt_stdio_output@@V?$standard_base@DV?$stream_output_adapter@D@__crt_stdio_output@@@2@@__crt_stdio_output@@AAE_N_N@Z 1001081f f i libucrt:output.obj
 0001:0000f81f       ??$type_case_integer@$07@?$output_processor@DV?$string_output_adapter@D@__crt_stdio_output@@V?$standard_base@DV?$string_output_adapter@D@__crt_stdio_output@@@2@@__crt_stdio_output@@AAE_N_N@Z 1001081f f i libucrt:output.obj
 0001:0000f99c       ??$type_case_integer@$09@?$output_processor@DV?$stream_output_adapter@D@__crt_stdio_output@@V?$standard_base@DV?$stream_output_adapter@D@__crt_stdio_output@@@2@@__crt_stdio_output@@AAE_N_N@Z 1001099c f i libucrt:output.obj
 0001:0000f99c       ??$type_case_integer@$09@?$output_processor@DV?$string_output_adapter@D@__crt_stdio_output@@V?$standard_base@DV?$string_output_adapter@D@__crt_stdio_output@@@2@@__crt_stdio_output@@AAE_N_N@Z 1001099c f i libucrt:output.obj
 0001:0000fb19       ??$type_case_integer@$0BA@@?$output_processor@DV?$stream_output_adapter@D@__crt_stdio_output@@V?$standard_base@DV?$stream_output_adapter@D@__crt_stdio_output@@@2@@__crt_stdio_output@@AAE_N_N@Z 10010b19 f i libucrt:output.obj
 0001:0000fb19       ??$type_case_integer@$0BA@@?$output_processor@DV?$string_output_adapter@D@__crt_stdio_output@@V?$standard_base@DV?$string_output_adapter@D@__crt_stdio_output@@@2@@__crt_stdio_output@@AAE_N_N@Z 10010b19 f i libucrt:output.obj
 0001:0000fc96       ??$type_case_integer_parse_into_buffer@I$07@?$output_processor@DV?$stream_output_adapter@D@__crt_stdio_output@@V?$standard_base@DV?$stream_output_adapter@D@__crt_stdio_output@@@2@@__crt_stdio_output@@AAEXI_N@Z 10010c96 f i libucrt:output.obj
 0001:0000fc96       ??$type_case_integer_parse_into_buffer@I$07@?$output_processor@DV?$string_output_adapter@D@__crt_stdio_output@@V?$standard_base@DV?$string_output_adapter@D@__crt_stdio_output@@@2@@__crt_stdio_output@@AAEXI_N@Z 10010c96 f i libucrt:output.obj
 0001:0000fd00       ??$type_case_integer_parse_into_buffer@I$09@?$output_processor@DV?$stream_output_adapter@D@__crt_stdio_output@@V?$standard_base@DV?$stream_output_adapter@D@__crt_stdio_output@@@2@@__crt_stdio_output@@AAEXI_N@Z 10010d00 f i libucrt:output.obj
 0001:0000fd00       ??$type_case_integer_parse_into_buffer@I$09@?$output_processor@DV?$string_output_adapter@D@__crt_stdio_output@@V?$standard_base@DV?$string_output_adapter@D@__crt_stdio_output@@@2@@__crt_stdio_output@@AAEXI_N@Z 10010d00 f i libucrt:output.obj
 0001:0000fd7a       ??$type_case_integer_parse_into_buffer@I$0BA@@?$output_processor@DV?$stream_output_adapter@D@__crt_stdio_output@@V?$standard_base@DV?$stream_output_adapter@D@__crt_stdio_output@@@2@@__crt_stdio_output@@AAEXI_N@Z 10010d7a f i libucrt:output.obj
 0001:0000fd7a       ??$type_case_integer_parse_into_buffer@I$0BA@@?$output_processor@DV?$string_output_adapter@D@__crt_stdio_output@@V?$standard_base@DV?$string_output_adapter@D@__crt_stdio_output@@@2@@__crt_stdio_output@@AAEXI_N@Z 10010d7a f i libucrt:output.obj
 0001:0000fe02       ??$type_case_integer_parse_into_buffer@_K$07@?$output_processor@DV?$stream_output_adapter@D@__crt_stdio_output@@V?$standard_base@DV?$stream_output_adapter@D@__crt_stdio_output@@@2@@__crt_stdio_output@@AAEX_K_N@Z 10010e02 f i libucrt:output.obj
 0001:0000fe02       ??$type_case_integer_parse_into_buffer@_K$07@?$output_processor@DV?$string_output_adapter@D@__crt_stdio_output@@V?$standard_base@DV?$string_output_adapter@D@__crt_stdio_output@@@2@@__crt_stdio_output@@AAEX_K_N@Z 10010e02 f i libucrt:output.obj
 0001:0000fe7a       ??$type_case_integer_parse_into_buffer@_K$09@?$output_processor@DV?$stream_output_adapter@D@__crt_stdio_output@@V?$standard_base@DV?$stream_output_adapter@D@__crt_stdio_output@@@2@@__crt_stdio_output@@AAEX_K_N@Z 10010e7a f i libucrt:output.obj
 0001:0000fe7a       ??$type_case_integer_parse_into_buffer@_K$09@?$output_processor@DV?$string_output_adapter@D@__crt_stdio_output@@V?$standard_base@DV?$string_output_adapter@D@__crt_stdio_output@@@2@@__crt_stdio_output@@AAEX_K_N@Z 10010e7a f i libucrt:output.obj
 0001:0000ff16       ??$type_case_integer_parse_into_buffer@_K$0BA@@?$output_processor@DV?$stream_output_adapter@D@__crt_stdio_output@@V?$standard_base@DV?$stream_output_adapter@D@__crt_stdio_output@@@2@@__crt_stdio_output@@AAEX_K_N@Z 10010f16 f i libucrt:output.obj
 0001:0000ff16       ??$type_case_integer_parse_into_buffer@_K$0BA@@?$output_processor@DV?$string_output_adapter@D@__crt_stdio_output@@V?$standard_base@DV?$string_output_adapter@D@__crt_stdio_output@@@2@@__crt_stdio_output@@AAEX_K_N@Z 10010f16 f i libucrt:output.obj
 0001:0000ffa8       ??0?$output_adapter_data@DV?$stream_output_adapter@D@__crt_stdio_output@@@__crt_stdio_output@@IAE@ABV?$stream_output_adapter@D@1@_KQBDAAV__crt_cached_ptd_host@@QAD@Z 10010fa8 f i libucrt:output.obj
 0001:0000ffa8       ??0?$output_adapter_data@DV?$string_output_adapter@D@__crt_stdio_output@@@__crt_stdio_output@@IAE@ABV?$string_output_adapter@D@1@_KQBDAAV__crt_cached_ptd_host@@QAD@Z 10010fa8 f i libucrt:output.obj
 0001:00010010       ??0__crt_cached_ptd_host@@QAE@QAU__crt_locale_pointers@@@Z 10011010 f i libucrt:output.obj
 0001:00010070       ??1__crt_cached_ptd_host@@QAE@XZ 10011070 f i libucrt:output.obj
 0001:000100ac       ??1formatting_buffer@__crt_stdio_output@@QAE@XZ 100110ac f i libucrt:output.obj
 0001:000100c6       ??4?$__crt_unique_heap_ptr@DU__crt_internal_free_policy@@@@QAEAAV0@$$QAV0@@Z 100110c6 f i libucrt:output.obj
 0001:00010186       ?crop_zeroes@__crt_stdio_output@@YAXPADQAU__crt_locale_pointers@@@Z 10011186 f i libucrt:output.obj
 0001:000101e6       ?find_next_state@?$output_processor@DV?$stream_output_adapter@D@__crt_stdio_output@@V?$standard_base@DV?$stream_output_adapter@D@__crt_stdio_output@@@2@@__crt_stdio_output@@ABE?AW4state@2@DW432@@Z 100111e6 f i libucrt:output.obj
 0001:000101e6       ?find_next_state@?$output_processor@DV?$string_output_adapter@D@__crt_stdio_output@@V?$standard_base@DV?$string_output_adapter@D@__crt_stdio_output@@@2@@__crt_stdio_output@@ABE?AW4state@2@DW432@@Z 100111e6 f i libucrt:output.obj
 0001:00010221       ?force_decimal_point@__crt_stdio_output@@YAXPADQAU__crt_locale_pointers@@@Z 10011221 f i libucrt:output.obj
 0001:00010280       ?force_synchronize_per_thread_data@__crt_cached_ptd_host@@AAEPAU__acrt_ptd@@XZ 10011280 f i libucrt:output.obj
 0001:000102d0       ?get_raw_ptd@__crt_cached_ptd_host@@QAEPAU__acrt_ptd@@XZ 100112d0 f i libucrt:output.obj
 0001:0001032c       ?parse_int_from_format_string@?$output_processor@DV?$stream_output_adapter@D@__crt_stdio_output@@V?$standard_base@DV?$stream_output_adapter@D@__crt_stdio_output@@@2@@__crt_stdio_output@@AAE_NQAH@Z 1001132c f i libucrt:output.obj
 0001:0001032c       ?parse_int_from_format_string@?$output_processor@DV?$string_output_adapter@D@__crt_stdio_output@@V?$standard_base@DV?$string_output_adapter@D@__crt_stdio_output@@@2@@__crt_stdio_output@@AAE_NQAH@Z 1001132c f i libucrt:output.obj
 0001:000103a4       ?process@?$output_processor@DV?$stream_output_adapter@D@__crt_stdio_output@@V?$standard_base@DV?$stream_output_adapter@D@__crt_stdio_output@@@2@@__crt_stdio_output@@QAEHXZ 100113a4 f i libucrt:output.obj
 0001:00010650       ?process@?$output_processor@DV?$string_output_adapter@D@__crt_stdio_output@@V?$standard_base@DV?$string_output_adapter@D@__crt_stdio_output@@@2@@__crt_stdio_output@@QAEHXZ 10011650 f i libucrt:output.obj
 0001:00010924       ?state_case_size@?$output_processor@DV?$stream_output_adapter@D@__crt_stdio_output@@V?$standard_base@DV?$stream_output_adapter@D@__crt_stdio_output@@@2@@__crt_stdio_output@@AAE_NXZ 10011924 f i libucrt:output.obj
 0001:00010a82       ?state_case_size@?$output_processor@DV?$string_output_adapter@D@__crt_stdio_output@@V?$standard_base@DV?$string_output_adapter@D@__crt_stdio_output@@@2@@__crt_stdio_output@@AAE_NXZ 10011a82 f i libucrt:output.obj
 0001:00010be0       ?state_case_type@?$output_processor@DV?$stream_output_adapter@D@__crt_stdio_output@@V?$standard_base@DV?$stream_output_adapter@D@__crt_stdio_output@@@2@@__crt_stdio_output@@AAE_NXZ 10011be0 f i libucrt:output.obj
 0001:00010f28       ?state_case_type@?$output_processor@DV?$string_output_adapter@D@__crt_stdio_output@@V?$standard_base@DV?$string_output_adapter@D@__crt_stdio_output@@@2@@__crt_stdio_output@@AAE_NXZ 10011f28 f i libucrt:output.obj
 0001:000112b6       ?to_integer_size@__crt_stdio_output@@YAIW4length_modifier@1@@Z 100122b6 f i libucrt:output.obj
 0001:0001130a       ?type_case_Z@?$output_processor@DV?$stream_output_adapter@D@__crt_stdio_output@@V?$standard_base@DV?$stream_output_adapter@D@__crt_stdio_output@@@2@@__crt_stdio_output@@AAE_NXZ 1001230a f i libucrt:output.obj
 0001:0001130a       ?type_case_Z@?$output_processor@DV?$string_output_adapter@D@__crt_stdio_output@@V?$standard_base@DV?$string_output_adapter@D@__crt_stdio_output@@@2@@__crt_stdio_output@@AAE_NXZ 1001230a f i libucrt:output.obj
 0001:00011364       ?type_case_a@?$output_processor@DV?$stream_output_adapter@D@__crt_stdio_output@@V?$standard_base@DV?$stream_output_adapter@D@__crt_stdio_output@@@2@@__crt_stdio_output@@AAE_NXZ 10012364 f i libucrt:output.obj
 0001:00011364       ?type_case_a@?$output_processor@DV?$string_output_adapter@D@__crt_stdio_output@@V?$standard_base@DV?$string_output_adapter@D@__crt_stdio_output@@@2@@__crt_stdio_output@@AAE_NXZ 10012364 f i libucrt:output.obj
 0001:000114ee       ?type_case_c_tchar@?$output_processor@DV?$stream_output_adapter@D@__crt_stdio_output@@V?$standard_base@DV?$stream_output_adapter@D@__crt_stdio_output@@@2@@__crt_stdio_output@@AAE_ND@Z 100124ee f i libucrt:output.obj
 0001:000114ee       ?type_case_c_tchar@?$output_processor@DV?$string_output_adapter@D@__crt_stdio_output@@V?$standard_base@DV?$string_output_adapter@D@__crt_stdio_output@@@2@@__crt_stdio_output@@AAE_ND@Z 100124ee f i libucrt:output.obj
 0001:00011583       ?type_case_n@?$output_processor@DV?$stream_output_adapter@D@__crt_stdio_output@@V?$standard_base@DV?$stream_output_adapter@D@__crt_stdio_output@@@2@@__crt_stdio_output@@AAE_NXZ 10012583 f i libucrt:output.obj
 0001:00011583       ?type_case_n@?$output_processor@DV?$string_output_adapter@D@__crt_stdio_output@@V?$standard_base@DV?$string_output_adapter@D@__crt_stdio_output@@@2@@__crt_stdio_output@@AAE_NXZ 10012583 f i libucrt:output.obj
 0001:00011607       ?type_case_o@?$output_processor@DV?$stream_output_adapter@D@__crt_stdio_output@@V?$standard_base@DV?$stream_output_adapter@D@__crt_stdio_output@@@2@@__crt_stdio_output@@AAE_NXZ 10012607 f i libucrt:output.obj
 0001:00011607       ?type_case_o@?$output_processor@DV?$string_output_adapter@D@__crt_stdio_output@@V?$standard_base@DV?$string_output_adapter@D@__crt_stdio_output@@@2@@__crt_stdio_output@@AAE_NXZ 10012607 f i libucrt:output.obj
 0001:00011624       ?type_case_p@?$output_processor@DV?$stream_output_adapter@D@__crt_stdio_output@@V?$standard_base@DV?$stream_output_adapter@D@__crt_stdio_output@@@2@@__crt_stdio_output@@AAE_NXZ 10012624 f i libucrt:output.obj
 0001:00011624       ?type_case_p@?$output_processor@DV?$string_output_adapter@D@__crt_stdio_output@@V?$standard_base@DV?$string_output_adapter@D@__crt_stdio_output@@@2@@__crt_stdio_output@@AAE_NXZ 10012624 f i libucrt:output.obj
 0001:0001163a       ?type_case_s@?$output_processor@DV?$stream_output_adapter@D@__crt_stdio_output@@V?$standard_base@DV?$stream_output_adapter@D@__crt_stdio_output@@@2@@__crt_stdio_output@@AAE_NXZ 1001263a f i libucrt:output.obj
 0001:0001163a       ?type_case_s@?$output_processor@DV?$string_output_adapter@D@__crt_stdio_output@@V?$standard_base@DV?$string_output_adapter@D@__crt_stdio_output@@@2@@__crt_stdio_output@@AAE_NXZ 1001263a f i libucrt:output.obj
 0001:000116ab       ?unget@?$c_string_character_source@D@__crt_strtox@@QAEXD@Z 100126ab f i libucrt:output.obj
 0001:000116e0       ?update_locale_slow@__crt_cached_ptd_host@@AAEXXZ 100126e0 f i libucrt:output.obj
 0001:0001173b       ?validate@?$c_string_character_source@D@__crt_strtox@@QBE_NXZ 1001273b f i libucrt:output.obj
 0001:00011756       ?validate@?$stream_output_adapter@D@__crt_stdio_output@@QBE_NAAV__crt_cached_ptd_host@@@Z 10012756 f i libucrt:output.obj
 0001:0001178e       ?validate@?$string_output_adapter@D@__crt_stdio_output@@QBE_NAAV__crt_cached_ptd_host@@@Z 1001278e f i libucrt:output.obj
 0001:000117bf       ?validate_stream_is_ansi_if_required@?$__acrt_stdio_char_traits@D@@SA_NQAU_iobuf@@@Z 100127bf f i libucrt:output.obj
 0001:00011846       ?write_character@?$output_adapter_common@DV?$stream_output_adapter@D@__crt_stdio_output@@@__crt_stdio_output@@QBEXDQAHAAV__crt_cached_ptd_host@@@Z 10012846 f i libucrt:output.obj
 0001:00011868       ?write_character_without_count_update@?$stream_output_adapter@D@__crt_stdio_output@@QBE_NDAAV__crt_cached_ptd_host@@@Z 10012868 f i libucrt:output.obj
 0001:000118a2       ?write_string@?$stream_output_adapter@D@__crt_stdio_output@@QBEXQBDHQAHAAV__crt_cached_ptd_host@@@Z 100128a2 f i libucrt:output.obj
 0001:000118ce       ?write_string@?$string_output_adapter@D@__crt_stdio_output@@QBEXQBDHQAHAAV__crt_cached_ptd_host@@@Z 100128ce f i libucrt:output.obj
 0001:00011935       ?write_string_impl@?$output_adapter_common@DV?$stream_output_adapter@D@__crt_stdio_output@@@__crt_stdio_output@@IBEXQBDHQAHAAV__crt_cached_ptd_host@@@Z 10012935 f i libucrt:output.obj
 0001:000119b4       ___acrt_locale_get_ctype_array_value 100129b4 f i libucrt:output.obj
 0001:000119d6       ___stdio_common_vfprintf   100129d6 f   libucrt:output.obj
 0001:00011a7a       ___stdio_common_vsprintf   10012a7a f   libucrt:output.obj
 0001:00011abb       _malloc                    10012abb f   libucrt:malloc.obj
 0001:00011ac6       ?check_synchronize_global_state_index@__crt_cached_ptd_host@@AAEIXZ 10012ac6 f i libucrt:invalid_parameter.obj
 0001:00011aef       ___acrt_call_reportfault   10012aef f   libucrt:invalid_parameter.obj
 0001:00011c28       ___acrt_initialize_invalid_parameter_handler 10012c28 f   libucrt:invalid_parameter.obj
 0001:00011c37       __invalid_parameter        10012c37 f   libucrt:invalid_parameter.obj
 0001:00011c6e       __invalid_parameter_internal 10012c6e f   libucrt:invalid_parameter.obj
 0001:00011ceb       __invalid_parameter_noinfo 10012ceb f   libucrt:invalid_parameter.obj
 0001:00011cfb       __invoke_watson            10012cfb f   libucrt:invalid_parameter.obj
 0001:00011e54       _fclose                    10012e54 f   libucrt:fclose.obj
 0001:00011f3b       _fopen                     10012f3b f   libucrt:fopen.obj
 0001:00011f52       __fread_nolock_s           10012f52 f   libucrt:fread.obj
 0001:00012138       _fread                     10013138 f   libucrt:fread.obj
 0001:00012155       _fread_s                   10013155 f   libucrt:fread.obj
 0001:00012273       ?LongLongSub@@YAJ_J0PA_J@Z 10013273 f i libucrt:fseek.obj
 0001:0001254e       _fseek                     1001354e f   libucrt:fseek.obj
 0001:00012b96       __ftelli64_nolock_internal 10013b96 f   libucrt:ftell.obj
 0001:00012ba1       _ftell                     10013ba1 f   libucrt:ftell.obj
 0001:00012cb7       _rewind                    10013cb7 f   libucrt:rewind.obj
 0001:00012ce1       _free                      10013ce1 f   libucrt:free.obj
 0001:00012cfc       ??$is_overflow_condition@_K@__crt_strtox@@YA_NI_K@Z 10013cfc f i libucrt:atox.obj
 0001:00012d3d       ??$parse_integer@KV?$c_string_character_source@D@__crt_strtox@@$00@__crt_strtox@@YAKAAV__crt_cached_ptd_host@@V?$c_string_character_source@D@0@H_N@Z 10013d3d f i libucrt:atox.obj
 0001:00012f84       ??$parse_integer@_KV?$c_string_character_source@D@__crt_strtox@@$00@__crt_strtox@@YA_KAAV__crt_cached_ptd_host@@V?$c_string_character_source@D@0@H_N@Z 10013f84 f i libucrt:atox.obj
 0001:0001324c       __ischartype_l             1001424c f i libucrt:atox.obj
 0001:000132a3       _atoi                      100142a3 f   libucrt:atox.obj
 0001:0001333d       ??$assemble_floating_point_snan@N@__crt_strtox@@YAX_NAAN@Z 1001433d f i libucrt:input.obj
 0001:0001335e       ??$assemble_floating_point_value_t@M@__crt_strtox@@YA?AW4SLD_STATUS@@_NH_KAAM@Z 1001435e f i libucrt:input.obj
 0001:0001338e       ??$assemble_floating_point_value_t@N@__crt_strtox@@YA?AW4SLD_STATUS@@_NH_KAAN@Z 1001438e f i libucrt:input.obj
 0001:000133d0       ??$convert_decimal_string_to_floating_type@M@__crt_strtox@@YA?AW4SLD_STATUS@@ABUfloating_point_string@0@AAM@Z 100143d0 f i libucrt:input.obj
 0001:000133f1       ??$convert_decimal_string_to_floating_type@N@__crt_strtox@@YA?AW4SLD_STATUS@@ABUfloating_point_string@0@AAN@Z 100143f1 f i libucrt:input.obj
 0001:00013412       ??$convert_hexadecimal_string_to_floating_type@M@__crt_strtox@@YA?AW4SLD_STATUS@@ABUfloating_point_string@0@AAM@Z 10014412 f i libucrt:input.obj
 0001:00013433       ??$convert_hexadecimal_string_to_floating_type@N@__crt_strtox@@YA?AW4SLD_STATUS@@ABUfloating_point_string@0@AAN@Z 10014433 f i libucrt:input.obj
 0001:00013454       ??$make_input_adapter_character_source@V?$stream_input_adapter@D@__crt_stdio_input@@@__crt_strtox@@YA?AV?$input_adapter_character_source@V?$stream_input_adapter@D@__crt_stdio_input@@@0@QAV?$stream_input_adapter@D@__crt_stdio_input@@_KQA_N@Z 10014454 f i libucrt:input.obj
 0001:00013472       ??$parse_floating_point@V?$input_adapter_character_source@V?$stream_input_adapter@D@__crt_stdio_input@@@__crt_strtox@@M@__crt_strtox@@YA?AW4SLD_STATUS@@QAU__crt_locale_pointers@@V?$input_adapter_character_source@V?$stream_input_adapter@D@__crt_stdio_input@@@0@QAM@Z 10014472 f i libucrt:input.obj
 0001:000134fc       ??$parse_floating_point@V?$input_adapter_character_source@V?$stream_input_adapter@D@__crt_stdio_input@@@__crt_strtox@@N@__crt_strtox@@YA?AW4SLD_STATUS@@QAU__crt_locale_pointers@@V?$input_adapter_character_source@V?$stream_input_adapter@D@__crt_stdio_input@@@0@QAN@Z 100144fc f i libucrt:input.obj
 0001:00013586       ??$parse_floating_point_from_source@V?$input_adapter_character_source@V?$stream_input_adapter@D@__crt_stdio_input@@@__crt_strtox@@@__crt_strtox@@YA?AW4floating_point_parse_result@0@QAU__crt_locale_pointers@@AAV?$input_adapter_character_source@V?$stream_input_adapter@D@__crt_stdio_input@@@0@AAUfloating_point_string@0@@Z 10014586 f i libucrt:input.obj
 0001:000139d1       ??$parse_floating_point_possible_infinity@DV?$input_adapter_character_source@V?$stream_input_adapter@D@__crt_stdio_input@@@__crt_strtox@@_K@__crt_strtox@@YA?AW4floating_point_parse_result@0@AADAAV?$input_adapter_character_source@V?$stream_input_adapter@D@__crt_stdio_input@@@0@_K@Z 100149d1 f i libucrt:input.obj
 0001:00013a90       ??$parse_floating_point_possible_nan@DV?$input_adapter_character_source@V?$stream_input_adapter@D@__crt_stdio_input@@@__crt_strtox@@_K@__crt_strtox@@YA?AW4floating_point_parse_result@0@AADAAV?$input_adapter_character_source@V?$stream_input_adapter@D@__crt_stdio_input@@@0@_K@Z 10014a90 f i libucrt:input.obj
 0001:00013b98       ??$parse_floating_point_possible_nan_is_ind@DV?$input_adapter_character_source@V?$stream_input_adapter@D@__crt_stdio_input@@@__crt_strtox@@@__crt_strtox@@YA_NAADAAV?$input_adapter_character_source@V?$stream_input_adapter@D@__crt_stdio_input@@@0@@Z 10014b98 f i libucrt:input.obj
 0001:00013bd2       ??$parse_floating_point_possible_nan_is_snan@DV?$input_adapter_character_source@V?$stream_input_adapter@D@__crt_stdio_input@@@__crt_strtox@@@__crt_strtox@@YA_NAADAAV?$input_adapter_character_source@V?$stream_input_adapter@D@__crt_stdio_input@@@0@@Z 10014bd2 f i libucrt:input.obj
 0001:00013c0c       ??$parse_floating_point_write_result@M@__crt_strtox@@YA?AW4SLD_STATUS@@W4floating_point_parse_result@0@ABUfloating_point_string@0@QAM@Z 10014c0c f i libucrt:input.obj
 0001:00013d78       ??$parse_floating_point_write_result@N@__crt_strtox@@YA?AW4SLD_STATUS@@W4floating_point_parse_result@0@ABUfloating_point_string@0@QAN@Z 10014d78 f i libucrt:input.obj
 0001:00013e9c       ??$parse_integer@_KV?$input_adapter_character_source@V?$stream_input_adapter@D@__crt_stdio_input@@@__crt_strtox@@$00@__crt_strtox@@YA_KAAV__crt_cached_ptd_host@@V?$input_adapter_character_source@V?$stream_input_adapter@D@__crt_stdio_input@@@0@H_N@Z 10014e9c f i libucrt:input.obj
 0001:000141a0       ??$parse_integer@_KV?$input_adapter_character_source@V?$stream_input_adapter@D@__crt_stdio_input@@@__crt_strtox@@@__crt_strtox@@YA_KQAU__crt_locale_pointers@@V?$input_adapter_character_source@V?$stream_input_adapter@D@__crt_stdio_input@@@0@H_N@Z 100151a0 f i libucrt:input.obj
 0001:000141fc       ??$process_floating_point_specifier_t@M@?$input_processor@DV?$stream_input_adapter@D@__crt_stdio_input@@@__crt_stdio_input@@AAE_NXZ 100151fc f i libucrt:input.obj
 0001:00014265       ??$process_floating_point_specifier_t@N@?$input_processor@DV?$stream_input_adapter@D@__crt_stdio_input@@@__crt_stdio_input@@AAE_NXZ 10015265 f i libucrt:input.obj
 0001:000142ce       ??$process_string_specifier_tchar@D@?$input_processor@DV?$stream_input_adapter@D@__crt_stdio_input@@@__crt_stdio_input@@AAE_NW4conversion_mode@1@D@Z 100152ce f i libucrt:input.obj
 0001:00014445       ??$process_string_specifier_tchar@_W@?$input_processor@DV?$stream_input_adapter@D@__crt_stdio_input@@@__crt_stdio_input@@AAE_NW4conversion_mode@1@_W@Z 10015445 f i libucrt:input.obj
 0001:000145c8       ??$skip_whitespace@Vstream_input_adapter@__crt_stdio_input@@D@__crt_stdio_input@@YAHAAV?$stream_input_adapter@D@0@QAU__crt_locale_pointers@@@Z 100155c8 f i libucrt:input.obj
 0001:000145ff       ??$write_floating_point@M@?$input_processor@DV?$stream_input_adapter@D@__crt_stdio_input@@@__crt_stdio_input@@AAE_NABM@Z 100155ff f i libucrt:input.obj
 0001:00014633       ??$write_floating_point@N@?$input_processor@DV?$stream_input_adapter@D@__crt_stdio_input@@@__crt_stdio_input@@AAE_NABN@Z 10015633 f i libucrt:input.obj
 0001:0001466d       ??0?$format_string_parser@D@__crt_stdio_input@@QAE@_KQBE@Z 1001566d f i libucrt:input.obj
 0001:000146b7       ??0?$input_adapter_character_source@V?$stream_input_adapter@D@__crt_stdio_input@@@__crt_strtox@@QAE@$$QAV01@@Z 100156b7 f i libucrt:input.obj
 0001:000146f4       ??0?$input_adapter_character_source@V?$stream_input_adapter@D@__crt_stdio_input@@@__crt_strtox@@QAE@QAV?$stream_input_adapter@D@__crt_stdio_input@@_KQA_N@Z 100156f4 f i libucrt:input.obj
 0001:00014725       ??0?$input_processor@DV?$stream_input_adapter@D@__crt_stdio_input@@@__crt_stdio_input@@QAE@ABV?$stream_input_adapter@D@1@_KQBDQAU__crt_locale_pointers@@QAD@Z 10015725 f i libucrt:input.obj
 0001:0001476e       ??0_LocaleUpdate@@QAE@QAU__crt_locale_pointers@@@Z 1001576e f i libucrt:input.obj
 0001:000147f0       ??R<lambda_0b87716a0b73cdfba1cd37fcaaa20711>@@QBE_NXZ 100157f0 f i libucrt:input.obj
 0001:000147f0       ??R<lambda_c7c3f778895f47e7f4eff38a8fef279a>@@QBE_NXZ 100157f0 f i libucrt:input.obj
 0001:000147f0       ??R<lambda_e41f1170c8800e4a6fed1afad60fab6f>@@QBE_NXZ 100157f0 f i libucrt:input.obj
 0001:0001489a       ?advance@?$format_string_parser@D@__crt_stdio_input@@QAE_NXZ 1001589a f i libucrt:input.obj
 0001:000149b2       ?as_double@floating_point_value@__crt_strtox@@QBEAANXZ 100159b2 f i libucrt:input.obj
 0001:000149d7       ?as_float@floating_point_value@__crt_strtox@@QBEAAMXZ 100159d7 f i libucrt:input.obj
 0001:000149fc       ?assemble_floating_point_infinity@__crt_strtox@@YAX_NABVfloating_point_value@1@@Z 100159fc f i libucrt:input.obj
 0001:00014a3c       ?assemble_floating_point_value@__crt_strtox@@YA?AW4SLD_STATUS@@_KH_N1ABVfloating_point_value@1@@Z 10015a3c f i libucrt:input.obj
 0001:00014d8f       ?assemble_floating_point_value_from_big_integer@__crt_strtox@@YA?AW4SLD_STATUS@@ABUbig_integer@1@I_N1ABVfloating_point_value@1@@Z 10015d8f f i libucrt:input.obj
 0001:00014f21       ?assemble_floating_point_zero@__crt_strtox@@YAX_NABVfloating_point_value@1@@Z 10015f21 f i libucrt:input.obj
 0001:00014f56       ?convert_decimal_string_to_floating_type_common@__crt_strtox@@YA?AW4SLD_STATUS@@ABUfloating_point_string@1@ABVfloating_point_value@1@@Z 10015f56 f i libucrt:input.obj
 0001:00016c75       ?convert_hexadecimal_string_to_floating_type_common@__crt_strtox@@YA?AW4SLD_STATUS@@ABUfloating_point_string@1@ABVfloating_point_value@1@@Z 10017c75 f i libucrt:input.obj
 0001:00016d1b       ?denormal_mantissa_mask@floating_point_value@__crt_strtox@@QBE_KXZ 10017d1b f i libucrt:input.obj
 0001:00016d40       ?divide@__crt_strtox@@YA_KAAUbig_integer@1@ABU21@@Z 10017d40 f i libucrt:input.obj
 0001:000171c8       ?get@?$input_adapter_character_source@V?$stream_input_adapter@D@__crt_stdio_input@@@__crt_strtox@@QAEDXZ 100181c8 f i libucrt:input.obj
 0001:00017207       ?is_character_allowed_in_string@?$input_processor@DV?$stream_input_adapter@D@__crt_stdio_input@@@__crt_stdio_input@@ABE_NW4conversion_mode@2@H@Z 10018207 f i libucrt:input.obj
 0001:00017257       ?length@?$format_string_parser@D@__crt_stdio_input@@QBEIXZ 10018257 f i libucrt:input.obj
 0001:00017298       ?normal_mantissa_mask@floating_point_value@__crt_strtox@@QBE_KXZ 10018298 f i libucrt:input.obj
 0001:000172af       ?process@?$input_processor@DV?$stream_input_adapter@D@__crt_stdio_input@@@__crt_stdio_input@@QAEHXZ 100182af f i libucrt:input.obj
 0001:0001733a       ?process_character_count_specifier@?$input_processor@DV?$stream_input_adapter@D@__crt_stdio_input@@@__crt_stdio_input@@AAE_NXZ 1001833a f i libucrt:input.obj
 0001:0001734e       ?process_conversion_specifier@?$input_processor@DV?$stream_input_adapter@D@__crt_stdio_input@@@__crt_stdio_input@@AAE_NXZ 1001834e f i libucrt:input.obj
 0001:000173c2       ?process_floating_point_specifier@?$input_processor@DV?$stream_input_adapter@D@__crt_stdio_input@@@__crt_stdio_input@@AAE_NXZ 100183c2 f i libucrt:input.obj
 0001:000173f2       ?process_integer_specifier@?$input_processor@DV?$stream_input_adapter@D@__crt_stdio_input@@@__crt_stdio_input@@AAE_NI_N@Z 100183f2 f i libucrt:input.obj
 0001:00017457       ?process_literal_character@?$input_processor@DV?$stream_input_adapter@D@__crt_stdio_input@@@__crt_stdio_input@@AAE_NXZ 10018457 f i libucrt:input.obj
 0001:0001748d       ?process_literal_character_tchar@?$input_processor@DV?$stream_input_adapter@D@__crt_stdio_input@@@__crt_stdio_input@@AAE_ND@Z 1001848d f i libucrt:input.obj
 0001:000174e4       ?process_state@?$input_processor@DV?$stream_input_adapter@D@__crt_stdio_input@@@__crt_stdio_input@@AAE_NXZ 100184e4 f i libucrt:input.obj
 0001:00017526       ?process_string_specifier@?$input_processor@DV?$stream_input_adapter@D@__crt_stdio_input@@@__crt_stdio_input@@AAE_NW4conversion_mode@2@@Z 10018526 f i libucrt:input.obj
 0001:0001756e       ?process_whitespace@?$input_processor@DV?$stream_input_adapter@D@__crt_stdio_input@@@__crt_stdio_input@@AAE_NXZ 1001856e f i libucrt:input.obj
 0001:0001758b       ?restore_state@?$input_adapter_character_source@V?$stream_input_adapter@D@__crt_stdio_input@@@__crt_strtox@@QAE_N_K@Z 1001858b f i libucrt:input.obj
 0001:000175b0       ?scan_conversion_specifier@?$format_string_parser@D@__crt_stdio_input@@AAE_NXZ 100185b0 f i libucrt:input.obj
 0001:0001771b       ?scan_optional_field_width@?$format_string_parser@D@__crt_stdio_input@@AAE_NXZ 1001871b f i libucrt:input.obj
 0001:000177af       ?scan_optional_length_modifier@?$format_string_parser@D@__crt_stdio_input@@AAEXXZ 100187af f i libucrt:input.obj
 0001:000178c2       ?scan_optional_literal_character_trail_bytes_tchar@?$format_string_parser@D@__crt_stdio_input@@AAE_ND@Z 100188c2 f i libucrt:input.obj
 0001:00017914       ?scan_optional_wide_modifier@?$format_string_parser@D@__crt_stdio_input@@AAEXXZ 10018914 f i libucrt:input.obj
 0001:00017932       ?scan_scanset_range@?$format_string_parser@D@__crt_stdio_input@@AAE_NXZ 10018932 f i libucrt:input.obj
 0001:00017a73       ?set_wide_for_c_s_or_scanset@?$format_string_parser@D@__crt_stdio_input@@AAEXXZ 10018a73 f i libucrt:input.obj
 0001:00017a94       ?to_floating_point_length@__crt_stdio_input@@YAIW4length_modifier@1@@Z 10018a94 f i libucrt:input.obj
 0001:00017ab7       ?to_integer_length@__crt_stdio_input@@YAIW4length_modifier@1@@Z 10018ab7 f i libucrt:input.obj
 0001:00017b0a       ?unget@?$input_adapter_character_source@V?$stream_input_adapter@D@__crt_stdio_input@@@__crt_strtox@@QAEXD@Z 10018b0a f i libucrt:input.obj
 0001:00017b51       ?unget@?$stream_input_adapter@D@__crt_stdio_input@@QAEXH@Z 10018b51 f i libucrt:input.obj
 0001:00017b6f       ?validate@?$format_string_parser@D@__crt_stdio_input@@QBE_NXZ 10018b6f f i libucrt:input.obj
 0001:00017b8b       ?validate@?$input_adapter_character_source@V?$stream_input_adapter@D@__crt_stdio_input@@@__crt_strtox@@QBE_NXZ 10018b8b f i libucrt:input.obj
 0001:00017bac       ?validate@?$stream_input_adapter@D@__crt_stdio_input@@QBE_NXZ 10018bac f i libucrt:input.obj
 0001:00017bcd       ?write_character@?$input_processor@DV?$stream_input_adapter@D@__crt_stdio_input@@@__crt_stdio_input@@AAE_NQA_WIAAPA_WAAID@Z 10018bcd f i libucrt:input.obj
 0001:00017c43       ?write_integer@?$input_processor@DV?$stream_input_adapter@D@__crt_stdio_input@@@__crt_stdio_input@@AAE_N_K@Z 10018c43 f i libucrt:input.obj
 0001:00017cb1       ___stdio_common_vfscanf    10018cb1 f   libucrt:input.obj
 0001:00017d9a       ??$parse_floating_point@V?$c_string_character_source@D@__crt_strtox@@N@__crt_strtox@@YA?AW4SLD_STATUS@@QAU__crt_locale_pointers@@V?$c_string_character_source@D@0@QAN@Z 10018d9a f i libucrt:atof.obj
 0001:00017e1a       ??$parse_floating_point_from_source@V?$c_string_character_source@D@__crt_strtox@@@__crt_strtox@@YA?AW4floating_point_parse_result@0@QAU__crt_locale_pointers@@AAV?$c_string_character_source@D@0@AAUfloating_point_string@0@@Z 10018e1a f i libucrt:atof.obj
 0001:00018212       ??$parse_floating_point_possible_infinity@DV?$c_string_character_source@D@__crt_strtox@@PBD@__crt_strtox@@YA?AW4floating_point_parse_result@0@AADAAV?$c_string_character_source@D@0@PBD@Z 10019212 f i libucrt:atof.obj
 0001:000182c5       ??$parse_floating_point_possible_nan@DV?$c_string_character_source@D@__crt_strtox@@PBD@__crt_strtox@@YA?AW4floating_point_parse_result@0@AADAAV?$c_string_character_source@D@0@PBD@Z 100192c5 f i libucrt:atof.obj
 0001:000183c9       ??$parse_floating_point_possible_nan_is_ind@DV?$c_string_character_source@D@__crt_strtox@@@__crt_strtox@@YA_NAADAAV?$c_string_character_source@D@0@@Z 100193c9 f i libucrt:atof.obj
 0001:00018405       ??$parse_floating_point_possible_nan_is_snan@DV?$c_string_character_source@D@__crt_strtox@@@__crt_strtox@@YA_NAADAAV?$c_string_character_source@D@0@@Z 10019405 f i libucrt:atof.obj
 0001:00018441       ??R<lambda_32aa245da1b5b882fa96db788295c8b2>@@QBE_NXZ 10019441 f i libucrt:atof.obj
 0001:00018441       ??R<lambda_690cf26ff5d754c94c32cf642e9f01bc>@@QBE_NXZ 10019441 f i libucrt:atof.obj
 0001:00018441       ??R<lambda_e51f7abad2595a5950d3223319845217>@@QBE_NXZ 10019441 f i libucrt:atof.obj
 0001:00018467       _atof                      10019467 f   libucrt:atof.obj
 0001:0001847a       ??$__acrt_convert_wcs_mbs_cp@D_WV<lambda_62f6974d9771e494a5ea317cc32e971c>@@U__crt_win32_buffer_internal_dynamic_resizing@@@@YAHQBDAAV?$__crt_win32_buffer@_WU__crt_win32_buffer_internal_dynamic_resizing@@@@ABV<lambda_62f6974d9771e494a5ea317cc32e971c>@@I@Z 1001947a f i libucrt:access.obj
 0001:0001852c       ??$__acrt_mbs_to_wcs_cp@U__crt_win32_buffer_internal_dynamic_resizing@@@@YAHQBDAAV?$__crt_win32_buffer@_WU__crt_win32_buffer_internal_dynamic_resizing@@@@I@Z 1001952c f i libucrt:access.obj
 0001:00018549       ?__acrt_get_utf8_acp_compatibility_codepage@@YAIXZ 10019549 f i libucrt:access.obj
 0001:00018588       ?_deallocate@?$__crt_win32_buffer@DU__crt_win32_buffer_internal_dynamic_resizing@@@@AAEXXZ 10019588 f i libucrt:argv_wildcards.obj
 0001:00018588       ?_deallocate@?$__crt_win32_buffer@_WU__crt_win32_buffer_internal_dynamic_resizing@@@@AAEXXZ 10019588 f i libucrt:access.obj
 0001:000185a2       ?allocate@?$__crt_win32_buffer@_WU__crt_win32_buffer_internal_dynamic_resizing@@@@QAEHI@Z 100195a2 f i libucrt:access.obj
 0001:000185e1       ?allocate@__crt_win32_buffer_internal_dynamic_resizing@@SAHQAPAXIABV__crt_win32_buffer_empty_debug_info@@@Z 100195e1 f i libucrt:access.obj
 0001:00018600       __access                   10019600 f   libucrt:access.obj
 0001:00018618       __access_s                 10019618 f   libucrt:access.obj
 0001:0001868a       ___acrt_initialize_new_handler 1001968a f   libucrt:new_handler.obj
 0001:00018699       __callnewh                 10019699 f   libucrt:new_handler.obj
 0001:000186c6       __query_new_handler        100196c6 f   libucrt:new_handler.obj
 0001:00018722       __initterm                 10019722 f   libucrt:initterm.obj
 0001:0001874d       __initterm_e               1001974d f   libucrt:initterm.obj
 0001:0001877b       __seh_filter_dll           1001977b f   libucrt:exception_filter.obj
 0001:0001879b       __seh_filter_exe           1001979b f   libucrt:exception_filter.obj
 0001:00018bc8       ___acrt_initialize_thread_local_exit_callback 10019bc8 f   libucrt:exit.obj
 0001:00018bd7       __cexit                    10019bd7 f   libucrt:exit.obj
 0001:00018be6       __exit                     10019be6 f   libucrt:exit.obj
 0001:00018bfc       __is_c_termination_complete 10019bfc f   libucrt:exit.obj
 0001:00018eb4       ___acrt_allocate_buffer_for_argv 10019eb4 f   libucrt:argv_parsing.obj
 0001:00018f03       __configure_narrow_argv    10019f03 f   libucrt:argv_parsing.obj
 0001:000190af       ___dcrt_uninitialize_environments_nolock 1001a0af f   libucrt:environment_initialization.obj
 0001:00019100       __initialize_narrow_environment 1001a100 f   libucrt:environment_initialization.obj
 0001:0001923a       __execute_onexit_table     1001a23a f   libucrt:onexit.obj
 0001:00019278       __initialize_onexit_table  1001a278 f   libucrt:onexit.obj
 0001:000192f1       ___acrt_uninitialize_command_line 1001a2f1 f   libucrt:argv_data.obj
 0001:00019371       ??$__crt_fast_encode_pointer@PAX@@YAPAXQAX@Z 1001a371 f i libucrt:initialization.obj
 0001:000193be       ___acrt_initialize         1001a3be f   libucrt:initialization.obj
 0001:000193d0       ___acrt_thread_attach      1001a3d0 f   libucrt:initialization.obj
 0001:000193db       ___acrt_thread_detach      1001a3db f   libucrt:initialization.obj
 0001:000193e3       ___acrt_uninitialize       1001a3e3 f   libucrt:initialization.obj
 0001:00019413       ___acrt_uninitialize_critical 1001a413 f   libucrt:initialization.obj
 0001:00019425       _terminate                 1001a425 f   libucrt:terminate.obj
 0001:00019461       _abort                     1001a461 f   libucrt:abort.obj
 0001:000194a5       _calloc                    1001a4a5 f   libucrt:calloc.obj
 0001:000194b0       _strncmp                   1001a4b0 f   libucrt:strncmp.obj
 0001:00019528       _wcsncmp                   1001a528 f   libucrt:wcsncmp.obj
 0001:00019562       ___acrt_errno_from_os_error 1001a562 f   libucrt:errno.obj
 0001:000195a5       ___acrt_errno_map_os_error 1001a5a5 f   libucrt:errno.obj
 0001:000195c8       ___acrt_errno_map_os_error_ptd 1001a5c8 f   libucrt:errno.obj
 0001:000195ec       ___doserrno                1001a5ec f   libucrt:errno.obj
 0001:000195ff       __errno                    1001a5ff f   libucrt:errno.obj
 0001:00019612       __free_base                1001a612 f   libucrt:free_base.obj
 0001:0001964c       __malloc_base              1001a64c f   libucrt:malloc_base.obj
 0001:0001969a       _strnlen                   1001a69a f   libucrt:strnlen.obj
 0001:000197bc       _wcsnlen                   1001a7bc f   libucrt:strnlen.obj
 0001:0001996c       ___acrt_update_locale_info 1001a96c f   libucrt:locale_update.obj
 0001:00019999       ___acrt_update_locale_info_explicit 1001a999 f   libucrt:locale_update.obj
 0001:000199ca       ___acrt_update_multibyte_info 1001a9ca f   libucrt:locale_update.obj
 0001:000199f7       ___acrt_update_multibyte_info_explicit 1001a9f7 f   libucrt:locale_update.obj
 0001:00019a28       ?__acrt_fp_classify@@YA?AW4__acrt_fp_class@@ABN@Z 1001aa28 f i libucrt:cvt.obj
 0001:0001a3f1       ___acrt_fp_format          1001b3f1 f   libucrt:cvt.obj
 0001:0001a572       __wctomb_internal          1001b572 f   libucrt:wctomb.obj
 0001:0001a6dc       __mbtowc_internal          1001b6dc f   libucrt:mbtowc.obj
 0001:0001a80f       __mbtowc_l                 1001b80f f   libucrt:mbtowc.obj
 0001:0001a847       __fileno                   1001b847 f   libucrt:fileno.obj
 0001:0001a86e       ___acrt_initialize_stdio   1001b86e f   libucrt:_file.obj
 0001:0001a936       ___acrt_iob_func           1001b936 f   libucrt:_file.obj
 0001:0001a946       ___acrt_uninitialize_stdio 1001b946 f   libucrt:_file.obj
 0001:0001a992       __lock_file                1001b992 f   libucrt:_file.obj
 0001:0001a9a6       __unlock_file              1001b9a6 f   libucrt:_file.obj
 0001:0001a9ba       __get_printf_count_output  1001b9ba f   libucrt:printf_count_output.obj
 0001:0001a9cf       __fputc_nolock_internal    1001b9cf f   libucrt:fputc.obj
 0001:0001a9fc       ___acrt_should_use_temporary_buffer 1001b9fc f   libucrt:_sftbuf.obj
 0001:0001aa37       ___acrt_stdio_begin_temporary_buffering_nolock 1001ba37 f   libucrt:_sftbuf.obj
 0001:0001aae3       ___acrt_stdio_end_temporary_buffering_nolock 1001bae3 f   libucrt:_sftbuf.obj
 0001:0001ae5f       ___acrt_freeptd            1001be5f f   libucrt:per_thread_data.obj
 0001:0001ae8b       ___acrt_getptd             1001be8b f   libucrt:per_thread_data.obj
 0001:0001af46       ___acrt_getptd_head        1001bf46 f   libucrt:per_thread_data.obj
 0001:0001afdc       ___acrt_getptd_noexit      1001bfdc f   libucrt:per_thread_data.obj
 0001:0001b08d       ___acrt_getptd_noexit_explicit 1001c08d f   libucrt:per_thread_data.obj
 0001:0001b130       ___acrt_initialize_ptd     1001c130 f   libucrt:per_thread_data.obj
 0001:0001b15c       ___acrt_uninitialize_ptd   1001c15c f   libucrt:per_thread_data.obj
 0001:0001b1e4       ___acrt_set_locale_changed 1001c1e4 f   libucrt:wsetlocale.obj
 0001:0001b1ef       ___acrt_uninitialize_locale 1001c1ef f   libucrt:wsetlocale.obj
 0001:0001b37c       ___acrt_initialize_lowio   1001c37c f   libucrt:ioinit.obj
 0001:0001b3dc       ___acrt_uninitialize_lowio 1001c3dc f   libucrt:ioinit.obj
 0001:0001b499       __close_internal           1001c499 f   libucrt:close.obj
 0001:0001b53c       __close_nolock             1001c53c f   libucrt:close.obj
 0001:0001b56c       __close_nolock_internal    1001c56c f   libucrt:close.obj
 0001:0001b60c       ?__acrt_stdio_allocate_stream@@YA?AV__crt_stdio_stream@@XZ 1001c60c f   libucrt:stream.obj
 0001:0001b675       ?__acrt_stdio_free_stream@@YAXV__crt_stdio_stream@@@Z 1001c675 f   libucrt:stream.obj
 0001:0001b772       ___acrt_stdio_free_buffer_nolock 1001c772 f   libucrt:_freebuf.obj
 0001:0001b98f       ___acrt_stdio_flush_nolock 1001c98f f   libucrt:fflush.obj
 0001:0001b9f8       __fflush_nolock            1001c9f8 f   libucrt:fflush.obj
 0001:0001ba5d       __flushall                 1001ca5d f   libucrt:fflush.obj
 0001:0001ba66       ??$__acrt_stdio_parse_mode@D@@YA?AU__acrt_stdio_stream_mode@@QBD@Z 1001ca66 f i libucrt:openfile.obj
 0001:0001bd13       ?__acrt_stdio_parse_mode_D@@YA_NAAU__acrt_stdio_stream_mode@@@Z 1001cd13 f i libucrt:openfile.obj
 0001:0001bd2e       ?__acrt_stdio_parse_mode_T@@YA_NAAU__acrt_stdio_stream_mode@@@Z 1001cd2e f i libucrt:openfile.obj
 0001:0001bd4d       ?__acrt_stdio_parse_mode_b@@YA_NAAU__acrt_stdio_stream_mode@@@Z 1001cd4d f i libucrt:openfile.obj
 0001:0001bd6d       ?__acrt_stdio_parse_mode_c@@YA_NAAU__acrt_stdio_stream_mode@@AA_N@Z 1001cd6d f i libucrt:openfile.obj
 0001:0001bd8f       ?__acrt_stdio_parse_mode_n@@YA_NAAU__acrt_stdio_stream_mode@@AA_N@Z 1001cd8f f i libucrt:openfile.obj
 0001:0001bdb1       ?__acrt_stdio_parse_mode_plus@@YA_NAAU__acrt_stdio_stream_mode@@AA_N@Z 1001cdb1 f i libucrt:openfile.obj
 0001:0001bde7       ?__acrt_stdio_parse_mode_t@@YA_NAAU__acrt_stdio_stream_mode@@@Z 1001cde7 f i libucrt:openfile.obj
 0001:0001be07       ?__acrt_stdio_parse_mode_x@@YA_NAAU__acrt_stdio_stream_mode@@@Z 1001ce07 f i libucrt:openfile.obj
 0001:0001be27       __openfile                 1001ce27 f   libucrt:openfile.obj
 0001:0001c2f8       __read                     1001d2f8 f   libucrt:read.obj
 0001:0001c40c       __read_nolock              1001d40c f   libucrt:read.obj
 0001:0001c93a       ___acrt_stdio_refill_and_read_narrow_nolock 1001d93a f   libucrt:_filbuf.obj
 0001:0001ccdc       __lseek_internal           1001dcdc f   libucrt:lseek.obj
 0001:0001cce7       __lseeki64                 1001dce7 f   libucrt:lseek.obj
 0001:0001cd27       __lseeki64_internal        1001dd27 f   libucrt:lseek.obj
 0001:0001cd45       __lseeki64_nolock          1001dd45 f   libucrt:lseek.obj
 0001:0001cd85       __lseeki64_nolock_internal 1001dd85 f   libucrt:lseek.obj
 0001:0001cda3       ___pctype_func             1001dda3 f   libucrt:ctype.obj
 0001:0001cdc7       __isctype_l                1001ddc7 f   libucrt:isctype.obj
 0001:0001cea0       _isspace                   1001dea0 f   libucrt:_ctype.obj
 0001:0001cf24       __calloc_base              1001df24 f   libucrt:calloc_base.obj
 0001:0001cf81       _strtoull                  1001df81 f   libucrt:strtox.obj
 0001:0001cfcd       __fgetc_nolock             1001dfcd f   libucrt:fgetc.obj
 0001:0001d009       __getc_nolock              1001e009 f   libucrt:fgetc.obj
 0001:0001d014       __ungetc_nolock            1001e014 f   libucrt:ungetc.obj
 0001:0001d10d       _fegetround                1001e10d f   libucrt:fegetround.obj
 0001:0001d11a       ___acrt_MultiByteToWideChar 1001e11a f   libucrt:multibytetowidechar.obj
 0001:0001d332       ___acrt_AppPolicyGetProcessTerminationMethodInternal@4 1001e332 f   libucrt:winapi_thunks.obj
 0001:0001d372       ___acrt_AreFileApisANSI@0  1001e372 f   libucrt:winapi_thunks.obj
 0001:0001d391       ___acrt_FlsAlloc@4         1001e391 f   libucrt:winapi_thunks.obj
 0001:0001d3d0       ___acrt_FlsFree@4          1001e3d0 f   libucrt:winapi_thunks.obj
 0001:0001d40f       ___acrt_FlsGetValue@4      1001e40f f   libucrt:winapi_thunks.obj
 0001:0001d44e       ___acrt_FlsSetValue@8      1001e44e f   libucrt:winapi_thunks.obj
 0001:0001d490       ___acrt_InitializeCriticalSectionEx@12 1001e490 f   libucrt:winapi_thunks.obj
 0001:0001d4db       ___acrt_LCMapStringEx@36   1001e4db f   libucrt:winapi_thunks.obj
 0001:0001d538       ___acrt_LocaleNameToLCID@8 1001e538 f   libucrt:winapi_thunks.obj
 0001:0001d569       ___acrt_initialize_winapi_thunks 1001e569 f   libucrt:winapi_thunks.obj
 0001:0001d57d       ___acrt_uninitialize_winapi_thunks 1001e57d f   libucrt:winapi_thunks.obj
 0001:0001d5b3       __waccess_s                1001e5b3 f   libucrt:waccess.obj
 0001:0001d671       ___acrt_initialize_locks   1001e671 f   libucrt:locks.obj
 0001:0001d6b2       ___acrt_lock               1001e6b2 f   libucrt:locks.obj
 0001:0001d6c9       ___acrt_uninitialize_locks 1001e6c9 f   libucrt:locks.obj
 0001:0001d6fa       ___acrt_unlock             1001e6fa f   libucrt:locks.obj
 0001:0001d711       ___acrt_get_process_end_policy 1001e711 f   libucrt:win_policies.obj
 0001:0001d75a       ??$__acrt_convert_wcs_mbs_cp@_WDV<lambda_28bda7af82a03b66c1cb3803a755f95d>@@U__crt_win32_buffer_internal_dynamic_resizing@@@@YAHQB_WAAV?$__crt_win32_buffer@DU__crt_win32_buffer_internal_dynamic_resizing@@@@ABV<lambda_28bda7af82a03b66c1cb3803a755f95d>@@I@Z 1001e75a f i libucrt:argv_wildcards.obj
 0001:0001dcfc       ??R<lambda_0fec1a7b3f42a53036604e18c2d5e07e>@@QBEHIQB_WQADI@Z 1001ecfc f i libucrt:getmodulefilenamea.obj
 0001:0001dcfc       ??R<lambda_28bda7af82a03b66c1cb3803a755f95d>@@QBEHIQB_WQADI@Z 1001ecfc f i libucrt:argv_wildcards.obj
 0001:0001dd20       ?allocate@?$__crt_win32_buffer@DU__crt_win32_buffer_internal_dynamic_resizing@@@@QAEHI@Z 1001ed20 f i libucrt:argv_wildcards.obj
 0001:0001dde3       ___acrt_expand_narrow_argv_wildcards 1001ede3 f   libucrt:argv_wildcards.obj
 0001:0001ddee       ??$__acrt_convert_wcs_mbs_cp@_WDV<lambda_0fec1a7b3f42a53036604e18c2d5e07e>@@U__crt_win32_buffer_no_resizing@@@@YAHQB_WAAV?$__crt_win32_buffer@DU__crt_win32_buffer_no_resizing@@@@ABV<lambda_0fec1a7b3f42a53036604e18c2d5e07e>@@I@Z 1001edee f i libucrt:getmodulefilenamea.obj
 0001:0001deb0       ?allocate@?$__crt_win32_buffer@DU__crt_win32_buffer_no_resizing@@@@QAEHI@Z 1001eeb0 f i libucrt:getmodulefilenamea.obj
 0001:0001ded7       ?set_to_nullptr@?$__crt_win32_buffer@DU__crt_win32_buffer_no_resizing@@@@QAEXXZ 1001eed7 f i libucrt:getmodulefilenamea.obj
 0001:0001deeb       ___acrt_GetModuleFileNameA 1001eeeb f   libucrt:getmodulefilenamea.obj
[...]
 0002:00006ff2       _half                      1002eff2     libucrt:87tran.obj
 0002:0000703e       One                        1002f03e     libucrt:87disp.obj
 0002:00007046       Three                      1002f046     libucrt:87disp.obj
 0002:0000704e       XAMtoTagTab                1002f04e     libucrt:87disp.obj
 0002:00007060       One                        1002f060     libucrt:common.obj
 0002:00007074       DblMax                     1002f074     libucrt:common.obj
 0002:0000707c       DblMin                     1002f07c     libucrt:common.obj
 0002:00007084       IeeeAdjO                   1002f084     libucrt:common.obj
 0002:0000708c       IeeeAdjU                   1002f08c     libucrt:common.obj
 0002:00007094       _infinity                  1002f094     libucrt:common.obj
 0002:0000709c       _zero                      1002f09c     libucrt:common.obj
 0002:000070e0       _over                      1002f0e0     libucrt:fpctrl.obj
 0002:000070ec       _under                     1002f0ec     libucrt:fpctrl.obj
 0002:00007928       ?_names@?1??_get_fname@@9@4QBU<unnamed-type-_names>@?1??1@YAPADI@Z@B 1002f928     libucrt:fpexcept.obj
 0002:00007ad0       two32                      1002fad0     LIBCMT:ftol2.obj
 0002:00007ad4       two63                      1002fad4     LIBCMT:ftol2.obj
 0002:00007ad8       _NaN                       1002fad8     LIBCMT:ftol2.obj
 0002:000081d8       __sehtable$?dllmain_crt_process_attach@@YAHQAUHINSTANCE__@@QAX@Z 100301d8     LIBCMT:dll_dllmain.obj
 0002:000081f8       __sehtable$?dllmain_crt_process_detach@@YAH_N@Z 100301f8     LIBCMT:dll_dllmain.obj
 0002:00008220       __sehtable$?dllmain_dispatch@@YAHQAUHINSTANCE__@@KQAX@Z 10030220     LIBCMT:dll_dllmain.obj
 0002:00008240       __sehtable$___scrt_is_nonwritable_in_current_image 10030240     LIBCMT:utility.obj
 0002:00008260       __sehtable$___DestructExceptionObject 10030260     libvcruntime:ehhelpers.obj
 0002:00008280       __sehtable$?FrameUnwindToState@__FrameHandler3@@SAXPAUEHRegistrationNode@@PAXPBU_s_FuncInfo@@H@Z 10030280     libvcruntime:frame.obj
 0002:000082a8       __sehtable$?CallCatchBlock@@YAPAXPAUEHExceptionRecord@@PAUEHRegistrationNode@@PAU_CONTEXT@@PBU_s_FuncInfo@@PAXHK@Z 100302a8     libvcruntime:frame.obj
 0002:000082d0       __catchsym$?CallUnexpected@@YAXPBU_s_ESTypeList@@@Z$2 100302d0     libvcruntime:frame.obj
 0002:000082e0       __unwindtable$?CallUnexpected@@YAXPBU_s_ESTypeList@@@Z 100302e0     libvcruntime:frame.obj
 0002:000082f0       __tryblocktable$?CallUnexpected@@YAXPBU_s_ESTypeList@@@Z 100302f0     libvcruntime:frame.obj
 0002:00008304       __ehfuncinfo$?CallUnexpected@@YAXPBU_s_ESTypeList@@@Z 10030304     libvcruntime:frame.obj
 0002:00008328       __sehtable$??$BuildCatchObjectHelperInternal@V__FrameHandler3@@@@YAHPAUEHExceptionRecord@@PAXPBU_s_HandlerType@@PBU_s_CatchableType@@@Z 10030328     libvcruntime:frame.obj
 0002:00008348       __sehtable$??$BuildCatchObjectInternal@V__FrameHandler3@@@@YAXPAUEHExceptionRecord@@PAXPBU_s_HandlerType@@PBU_s_CatchableType@@@Z 10030348     libvcruntime:frame.obj
 0002:000083a0       __sehtable$??$?RV<lambda_62491a2101a2aba6cc4a769149c84f1f>@@AAV<lambda_826c27fce7726908515bbc79a5266961>@@V<lambda_4e64bbd54b50a7b070e3ea8d795375b6>@@@?$__crt_seh_guarded_call@H@@QAEH$$QAV<lambda_62491a2101a2aba6cc4a769149c84f1f>@@AAV<lambda_826c27fce7726908515bbc79a5266961>@@$$QAV<lambda_4e64bbd54b50a7b070e3ea8d795375b6>@@@Z 100303a0     libucrt:output.obj
 0002:000083c0       __sehtable$?_fclose_internal@@YAHQAU_iobuf@@AAV__crt_cached_ptd_host@@@Z 100303c0     libucrt:fclose.obj
 0002:000083e0       __sehtable$??$common_fsopen@D@@YAPAU_iobuf@@QBD0H@Z 100303e0     libucrt:fopen.obj
 0002:00008400       __sehtable$_fread_s        10030400     libucrt:fread.obj
 0002:00008420       __sehtable$?common_fseek@@YAHV__crt_stdio_stream@@_JHAAV__crt_cached_ptd_host@@@Z 10030420     libucrt:fseek.obj
 0002:00008440       __sehtable$??$common_ftell@J@@YAJV__crt_stdio_stream@@AAV__crt_cached_ptd_host@@@Z 10030440     libucrt:ftell.obj
 0002:00008460       __sehtable$?_rewind_internal@@YAXQAU_iobuf@@AAV__crt_cached_ptd_host@@@Z 10030460     libucrt:rewind.obj
 0002:00008480       __sehtable$??$?RV<lambda_274ecf0a8038e561263518ab346655e8>@@AAV<lambda_21448eb78dd3c4a522ed7c65a98d88e6>@@V<lambda_0ca1de2171e49cefb1e8dc85c06db622>@@@?$__crt_seh_guarded_call@H@@QAEH$$QAV<lambda_274ecf0a8038e561263518ab346655e8>@@AAV<lambda_21448eb78dd3c4a522ed7c65a98d88e6>@@$$QAV<lambda_0ca1de2171e49cefb1e8dc85c06db622>@@@Z 10030480     libucrt:input.obj
 0002:000084a0       __sehtable$__query_new_handler 100304a0     libucrt:new_handler.obj
 0002:000084bc       __ehfuncinfo$?write_double_translated_ansi_nolock@@YA?AUwrite_result@?A0x17268360@@HQBDIAAV__crt_cached_ptd_host@@@Z 100304bc     libucrt:write.obj
 0002:000084bc       __ehfuncinfo$?try_cor_exit_process@@YAXI@Z 100304bc     libucrt:exit.obj
 0002:000084e0       __unwindtable$?common_exit@@YAXHW4_crt_exit_cleanup_mode@@W4_crt_exit_return_mode@@@Z 100304e0     libucrt:exit.obj
 0002:000084e8       __ehfuncinfo$?common_exit@@YAXHW4_crt_exit_cleanup_mode@@W4_crt_exit_return_mode@@@Z 100304e8     libucrt:exit.obj
 0002:00008510       __sehtable$??R<lambda_6e4b09c48022b2350581041d5f6b0c4c>@@QBE@XZ 10030510     libucrt:exit.obj
 0002:00008530       __sehtable$??$?RV<lambda_03b1d95aef87969028cfba75ccab2455>@@AAV<lambda_6e4b09c48022b2350581041d5f6b0c4c>@@V<lambda_22bdf7517842c4b3e53723af5aa32b9e>@@@?$__crt_seh_guarded_call@X@@QAEX$$QAV<lambda_03b1d95aef87969028cfba75ccab2455>@@AAV<lambda_6e4b09c48022b2350581041d5f6b0c4c>@@$$QAV<lambda_22bdf7517842c4b3e53723af5aa32b9e>@@@Z 10030530     libucrt:exit.obj
 0002:0000854c       __unwindtable$___dcrt_uninitialize_environments_nolock 1003054c     libucrt:environment_initialization.obj
 0002:0000855c       __ehfuncinfo$___dcrt_uninitialize_environments_nolock 1003055c     libucrt:environment_initialization.obj
 0002:00008580       __unwindtable$__execute_onexit_table 10030580     libucrt:onexit.obj
 0002:00008588       __ehfuncinfo$__execute_onexit_table 10030588     libucrt:onexit.obj
 0002:000085b0       __sehtable$??$?RV<lambda_69a2805e680e0e292e8ba93315fe43a8>@@AAV<lambda_f03950bc5685219e0bcd2087efbe011e>@@V<lambda_03fcd07e894ec930e3f35da366ca99d6>@@@?$__crt_seh_guarded_call@H@@QAEH$$QAV<lambda_69a2805e680e0e292e8ba93315fe43a8>@@AAV<lambda_f03950bc5685219e0bcd2087efbe011e>@@$$QAV<lambda_03fcd07e894ec930e3f35da366ca99d6>@@@Z 100305b0     libucrt:onexit.obj
 0002:000085d0       __sehtable$_terminate      100305d0     libucrt:terminate.obj
 0002:000085f0       __sehtable$??$?RV<lambda_15ade71b0218206bbe3333a0c9b79046>@@AAV<lambda_da44e0f8b0f19ba52fefafb335991732>@@V<lambda_207f2d024fc103971653565357d6cd41>@@@?$__crt_seh_guarded_call@X@@QAEX$$QAV<lambda_15ade71b0218206bbe3333a0c9b79046>@@AAV<lambda_da44e0f8b0f19ba52fefafb335991732>@@$$QAV<lambda_207f2d024fc103971653565357d6cd41>@@@Z 100305f0     libucrt:per_thread_data.obj
 0002:00008610       __sehtable$??$?RV<lambda_a7e850c220f1c8d1e6efeecdedd162c6>@@AAV<lambda_46720907175c18b6c9d2717bc0d2d362>@@V<lambda_9048902d66e8d99359bc9897bbb930a8>@@@?$__crt_seh_guarded_call@X@@QAEX$$QAV<lambda_a7e850c220f1c8d1e6efeecdedd162c6>@@AAV<lambda_46720907175c18b6c9d2717bc0d2d362>@@$$QAV<lambda_9048902d66e8d99359bc9897bbb930a8>@@@Z 10030610     libucrt:per_thread_data.obj
 0002:00008630       __sehtable$??$?RV<lambda_38edbb1296d33220d7e4dd0ed76b244a>@@AAV<lambda_5ce1d447e08cb34b2473517608e21441>@@V<lambda_fb385d3da700c9147fc39e65dd577a8c>@@@?$__crt_seh_guarded_call@X@@QAEX$$QAV<lambda_38edbb1296d33220d7e4dd0ed76b244a>@@AAV<lambda_5ce1d447e08cb34b2473517608e21441>@@$$QAV<lambda_fb385d3da700c9147fc39e65dd577a8c>@@@Z 10030630     libucrt:per_thread_data.obj
 0002:00008650       __sehtable$??$?RV<lambda_6affb1475c98b40b75cdec977db92e3c>@@AAV<lambda_b8d4b9c228a6ecc3f80208dbb4b4a104>@@V<lambda_608742c3c92a14382c1684fc64f96c88>@@@?$__crt_seh_guarded_call@X@@QAEX$$QAV<lambda_6affb1475c98b40b75cdec977db92e3c>@@AAV<lambda_b8d4b9c228a6ecc3f80208dbb4b4a104>@@$$QAV<lambda_608742c3c92a14382c1684fc64f96c88>@@@Z 10030650     libucrt:per_thread_data.obj
 0002:00008670       __sehtable$??$?RV<lambda_e5124f882df8998aaf41531e079ba474>@@AAV<lambda_3e16ef9562a7dcce91392c22ab16ea36>@@V<lambda_e25ca0880e6ef98be67edffd8c599615>@@@?$__crt_seh_guarded_call@X@@QAEX$$QAV<lambda_e5124f882df8998aaf41531e079ba474>@@AAV<lambda_3e16ef9562a7dcce91392c22ab16ea36>@@$$QAV<lambda_e25ca0880e6ef98be67edffd8c599615>@@@Z 10030670     libucrt:wsetlocale.obj
 0002:00008690       __sehtable$___acrt_initialize_lowio 10030690     libucrt:ioinit.obj
 0002:000086b0       __sehtable$??$?RV<lambda_d422a76eb4c3bf3ad751449ab71a6ea4>@@AAV<lambda_c9ba49e555ba839a7b07aa3fbecb7617>@@V<lambda_9476263c8ee91a25d21c55370bdb50de>@@@?$__crt_seh_guarded_call@H@@QAEH$$QAV<lambda_d422a76eb4c3bf3ad751449ab71a6ea4>@@AAV<lambda_c9ba49e555ba839a7b07aa3fbecb7617>@@$$QAV<lambda_9476263c8ee91a25d21c55370bdb50de>@@@Z 100306b0     libucrt:close.obj
 0002:000086d0       __sehtable$?__acrt_stdio_allocate_stream@@YA?AV__crt_stdio_stream@@XZ 100306d0     libucrt:stream.obj
 0002:000086f0       __sehtable$??$?RV<lambda_2866be3712abc81a800a822484c830d8>@@AAV<lambda_39ca0ed439415581b5b15c265174cece>@@V<lambda_2b24c74d71094a6cd0cb82e44167d71b>@@@?$__crt_seh_guarded_call@X@@QAEX$$QAV<lambda_2866be3712abc81a800a822484c830d8>@@AAV<lambda_39ca0ed439415581b5b15c265174cece>@@$$QAV<lambda_2b24c74d71094a6cd0cb82e44167d71b>@@@Z 100306f0     libucrt:fflush.obj
 0002:00008710       __sehtable$??$?RV<lambda_2cc53f568c5a2bb6f192f930a45d44ea>@@AAV<lambda_ab61a845afdef5b7c387490eaf3616ee>@@V<lambda_c2ffc0b7726aa6be21d5f0026187e748>@@@?$__crt_seh_guarded_call@X@@QAEX$$QAV<lambda_2cc53f568c5a2bb6f192f930a45d44ea>@@AAV<lambda_ab61a845afdef5b7c387490eaf3616ee>@@$$QAV<lambda_c2ffc0b7726aa6be21d5f0026187e748>@@@Z 10030710     libucrt:fflush.obj
 0002:00008730       __sehtable$__read          10030730     libucrt:read.obj
 0002:00008750       __sehtable$??$common_lseek@J@@YAJHJHAAV__crt_cached_ptd_host@@@Z 10030750     libucrt:lseek.obj
 0002:00008770       __sehtable$??$common_lseek@_J@@YA_JH_JHAAV__crt_cached_ptd_host@@@Z 10030770     libucrt:lseek.obj
 0002:00008790       __sehtable$?update_thread_multibyte_data_internal@@YAPAU__crt_multibyte_data@@QAU__acrt_ptd@@QAPAU1@@Z 10030790     libucrt:mbctype.obj
 0002:000087b0       __sehtable$??$?RV<lambda_ceb1ee4838e85a9d631eb091e2fbe199>@@AAV<lambda_ae742caa10f662c28703da3d2ea5e57e>@@V<lambda_cd08b5d6af4937fe54fc07d0c9bf6b37>@@@?$__crt_seh_guarded_call@X@@QAEX$$QAV<lambda_ceb1ee4838e85a9d631eb091e2fbe199>@@AAV<lambda_ae742caa10f662c28703da3d2ea5e57e>@@$$QAV<lambda_cd08b5d6af4937fe54fc07d0c9bf6b37>@@@Z 100307b0     libucrt:mbctype.obj
 0002:000087d0       __sehtable$_raise          100307d0     libucrt:signal.obj
 0002:000087f0       __sehtable$??$?RV<lambda_cbab9ec6f41b0180b23cc171c22676b0>@@AAV<lambda_44731a7d0e6d81c3e6aa82d741081786>@@V<lambda_4b292cb8dd18144e164572427af410ab>@@@?$__crt_seh_guarded_call@P6AXH@Z@@QAEP6AXH@Z$$QAV<lambda_cbab9ec6f41b0180b23cc171c22676b0>@@AAV<lambda_44731a7d0e6d81c3e6aa82d741081786>@@$$QAV<lambda_4b292cb8dd18144e164572427af410ab>@@@Z 100307f0     libucrt:signal.obj
 0002:00008810       __sehtable$___acrt_update_thread_locale_data 10030810     libucrt:locale_refcounting.obj
 0002:00008830       __sehtable$__fcloseall     10030830     libucrt:closeall.obj
 0002:00008850       __sehtable$__alloc_osfhnd  10030850     libucrt:osfinfo.obj
 0002:00008870       __sehtable$___acrt_lowio_ensure_fh_exists 10030870     libucrt:osfinfo.obj
 0002:00008890       __sehtable$??$?RV<lambda_9e9de3de5fa147e2223d7db92bc10aa6>@@AAV<lambda_38ce7e780aa69e748d6df282ebc68efe>@@V<lambda_8ca6da459f0f6780f1cff60fdc3d00e5>@@@?$__crt_seh_guarded_call@H@@QAEH$$QAV<lambda_9e9de3de5fa147e2223d7db92bc10aa6>@@AAV<lambda_38ce7e780aa69e748d6df282ebc68efe>@@$$QAV<lambda_8ca6da459f0f6780f1cff60fdc3d00e5>@@@Z 10030890     libucrt:commit.obj
 0002:000088b0       __sehtable$__write_internal 100308b0     libucrt:write.obj
 0002:000088d0       __sehtable$??$common_sopen_dispatch@D@@YAHQBDHHHQAHH@Z 100308d0     libucrt:open.obj
 0002:000088f0       __sehtable$___set_fpsr_sse2 100308f0     libucrt:fpctrl.obj
 0002:00008910       __sehtable$__IsNonwritableInCurrentImage 10030910     LIBCMT:pesect.obj
 0002:00008930       .edata                     10030930     amethyst2_4.exp
 0002:00008958       rgpv                       10030958     amethyst2_4.exp
 0002:00008978       rgszName                   10030978     amethyst2_4.exp
 0002:00008998       rgwOrd                     10030998     amethyst2_4.exp
 0002:000089a8       szName                     100309a8     amethyst2_4.exp
 0002:000089b8       $N00001                    100309b8     amethyst2_4.exp
 0002:000089cc       $N00002                    100309cc     amethyst2_4.exp
 0002:000089de       $N00003                    100309de     amethyst2_4.exp
 0002:000089f2       $N00004                    100309f2     amethyst2_4.exp
 0002:00008a03       $N00005                    10030a03     amethyst2_4.exp
 0002:00008a13       $N00006                    10030a13     amethyst2_4.exp
 0002:00008a1f       $N00007                    10030a1f     amethyst2_4.exp
 0002:00008a33       $N00008                    10030a33     amethyst2_4.exp
 0002:00008c1c       .idata$6                   10030c1c     kernel32:KERNEL32.dll
 0002:00008c38       .idata$6                   10030c38     user32:USER32.dll
 0003:00000b28       ?i@?1??fake_new@@YAHH@Z@4HA 10032b28     core.obj
 0003:000010c8       ?SG_Shift@@3PAY01HA        100330c8     Summon.obj
 0003:00002d80       ?first_time@?1??CreateAdditionalTables@@YAXXZ@4_NA 10034d80     tables.obj
 0003:000030e0       ?__vcrt_flsindex@@3KA      100350e0     libvcruntime:per_thread_data.obj
 0003:00003110       ?errno_no_memory@@3HA      10035110     libucrt:errno.obj
 0003:00003114       ?doserrno_no_memory@@3KA   10035114     libucrt:errno.obj
 0003:000031c0       ?__acrt_flsindex@@3KA      100351c0     libucrt:per_thread_data.obj
 0003:000035e8       __mbctypes                 100355e8     libucrt:mbctype.obj
 0003:000036f0       __mbcasemaps               100356f0     libucrt:mbctype.obj
 0003:000037f0       ?__rgctypeflag@@3PADA      100357f0     libucrt:mbctype.obj
 0003:000037f8       ?__rgcode_page_info@@3PAUcode_page_info@@A 100357f8     libucrt:mbctype.obj
 0003:00003950       ?__dcrt_lowio_console_output_handle@@3PAXA 10035950     libucrt:initcon.obj
 0003:00003954       ?__DAZ_ENABLED@?1??__set_fpsr_sse2@@9@9 10035954     libucrt:fpctrl.obj
 0003:00134a94       ?__once__@?1??ReloadExperienceConfig2@@YGXXZ@4_NA 10166a94     dllmain.obj
 0003:00194d58       ?SC_Type@@3HA              101c6d58     Summon.obj
 0003:00194d5c       ?SC_Num@@3HA               101c6d5c     Summon.obj
 0003:00194d60       ?SC_Pos@@3HA               101c6d60     Summon.obj
 0003:00194d64       ?SC_Side@@3HA              101c6d64     Summon.obj
 0003:00194d68       ?SC_Slot@@3HA              101c6d68     Summon.obj
 0003:00194d6c       ?SC_Redraw@@3HA            101c6d6c     Summon.obj
 0003:00194d70       ?SC_Flags@@3HA             101c6d70     Summon.obj
 0003:00194d74       ?SC_MStruct@@3PAEA         101c6d74     Summon.obj
 0003:0060e864       ?SAT_MonID@@3JA            10640864     tables.obj
 0003:0060e868       ?SAT_MonPTR@@3PAEA         10640868     tables.obj
 0003:0060e86c       ?SAT_Ret@@3DA              1064086c     tables.obj
 0003:0060ec70       _GS_ExceptionRecord        10640c70     LIBCMT:gs_report.obj
 0003:0060ecc0       _GS_ContextRecord          10640cc0     LIBCMT:gs_report.obj
 0003:0060ef8c       ?__proc_attached@@3HA      10640f8c     LIBCMT:dll_dllmain.obj
 0003:0060efa0       ?is_initialized_as_dll@@3_NA 10640fa0     LIBCMT:utility.obj
 0003:0060efa1       ?module_local_atexit_table_initialized@@3_NA 10640fa1     LIBCMT:utility.obj
 0003:0060efa4       ?module_local_atexit_table@@3U_onexit_table_t@@A 10640fa4     LIBCMT:utility.obj
 0003:0060efb0       ?module_local_at_quick_exit_table@@3U_onexit_table_t@@A 10640fb0     LIBCMT:utility.obj
 0003:0060efd0       ?__vcrt_startup_thread_ptd@@3U__vcrt_ptd@@A 10640fd0     libvcruntime:per_thread_data.obj
 0003:0060f020       ?heap@@3V_HeapManager@@A   10641020     libvcruntime:undname.obj
 0003:0060f034       ___vcrt_lock_table         10641034     libvcruntime:locks.obj
 0003:0060f04c       ___vcrt_locks_initialized  1064104c     libvcruntime:locks.obj
 0003:0060f050       ?module_handles@@3PAPAUHINSTANCE__@@A 10641050     libvcruntime:winapi_downlevel.obj
 0003:0060f05c       ?function_pointers@@3PAPAXA 1064105c     libvcruntime:winapi_downlevel.obj
 0003:0060f074       ?__acrt_invalid_parameter_handler@@3V?$dual_state_global@P6AXPB_W00II@Z@__crt_state_management@@A 10641074     libucrt:invalid_parameter.obj
 0003:0060f078       ?__acrt_new_handler@@3V?$dual_state_global@P6AHI@Z@__crt_state_management@@A 10641078     libucrt:new_handler.obj
 0003:0060f07c       ?c_termination_complete@@3JA 1064107c     libucrt:exit.obj
 0003:0060f080       ?thread_local_exit_callback_func@@3P6GXPAXK0@ZA 10641080     libucrt:exit.obj
 0003:0060f088       ?program_name@?1???$common_configure_argv@D@@YAHW4_crt_argv_mode@@@Z@4PADA 10641088     libucrt:argv_parsing.obj
 0003:0060f1b8       ?internal_state@?1??_mbtowc_internal@@9@4U_Mbstatet@@A 106411b8     libucrt:mbtowc.obj
 0003:0060f1cc       ?enable_percent_n@@3IA     106411cc     libucrt:printf_count_output.obj
 0003:0060f3e8       ?module_handles@@3PAPAUHINSTANCE__@@A 106413e8     libucrt:winapi_thunks.obj
 0003:0060f438       ?encoded_function_pointers@@3PAPAXA 10641438     libucrt:winapi_thunks.obj
 0003:0060f4c0       ?__acrt_lock_table@@3PAU_RTL_CRITICAL_SECTION@@A 106414c0     libucrt:locks.obj
 0003:0060f610       ?__acrt_locks_initialized@@3IA 10641610     libucrt:locks.obj
 0003:0060f620       ?fSystemSet@@3HA           10641620     libucrt:mbctype.obj
 0003:0060f624       ?initialized@?1??__acrt_initialize_multibyte@@9@4_NA 10641624     libucrt:mbctype.obj
 0003:0060f644       ?ctrlc_action@@3V?$dual_state_global@P6AXH@Z@__crt_state_management@@A 10641644     libucrt:signal.obj
 0003:0060f648       ?ctrlbreak_action@@3V?$dual_state_global@P6AXH@Z@__crt_state_management@@A 10641648     libucrt:signal.obj
 0003:0060f64c       ?abort_action@@3V?$dual_state_global@P6AXH@Z@__crt_state_management@@A 1064164c     libucrt:signal.obj
 0003:0060f650       ?term_action@@3V?$dual_state_global@P6AXH@Z@__crt_state_management@@A 10641650     libucrt:signal.obj
 0003:0060f654       ?user_matherr@@3V?$dual_state_global@P6AHPAU_exception@@@Z@__crt_state_management@@A 10641654     libucrt:matherr.obj
 0003:0060f658       ?__acrt_global_new_mode@@3V?$dual_state_global@J@__crt_state_management@@A 10641658     libucrt:new_mode.obj
 0003:0060f668       ?internal_pst@?1??__mbrtoc32_utf8@__crt_mbstring@@YAIPA_UPBDIPAU_Mbstatet@@AAV__crt_cached_ptd_host@@@Z@4U3@A 10641668     libucrt:mbrtoc32.obj
 0003:0060f670       ?__acrt_app_type@@3W4_crt_app_type@@A 10641670     libucrt:report_runtime_error.obj
 0003:0060f67c       __pmatherr_set             1064167c     libucrt:libm_error.obj
 0004:00000060       $R000000                   10642060     * linker generated manifest res *

 Exports

  ordinal    name

        1    _ChangeCreatureTable
               exported name: ChangeCreatureTable
        2    _Creature2Artifact
               exported name: Creature2Artifact
        3    _Creature2Artifact_2
               exported name: Creature2Artifact_2
        4    _InitNecromancy15
               exported name: InitNecromancy15
        5    __hasSantaGuards
               exported name: _hasSantaGuards
        6    _check_harpy
               exported name: check_harpy
        7    _isCreatureConstruct
               exported name: isCreatureConstruct
        8    _isReceptive
               exported name: isReceptive
