 amethyst2_4

 Timestamp is 66640fa9 (Sat Jun  8 17:30:41 2024)

 Preferred load address is 10000000

 Start         Length     Name                   Class
 0001:00000000 00000380H .text$di                CODE
 0001:00000380 00026680H .text$mn                CODE
 0001:00026a00 000000bbH .text$x                 CODE
 0002:00000000 00000134H .idata$5                DATA
 0002:00000134 00000008H .00cfg                  DATA
 0002:0000013c 00000004H .CRT$XCA                DATA
 0002:00000140 00000004H .CRT$XCU                DATA
 0002:00000144 00000004H .CRT$XCZ                DATA
 0002:00000148 00000004H .CRT$XIA                DATA
 0002:0000014c 00000010H .CRT$XIC                DATA
 0002:0000015c 00000004H .CRT$XIZ                DATA
 0002:00000160 00000004H .CRT$XPA                DATA
 0002:00000164 00000008H .CRT$XPX                DATA
 0002:0000016c 00000004H .CRT$XPXA               DATA
 0002:00000170 00000004H .CRT$XPZ                DATA
 0002:00000174 00000004H .CRT$XTA                DATA
 0002:00000178 00000008H .CRT$XTZ                DATA
 0002:0000017c 00000000H .gfids$y                DATA
 0002:00000180 00007ac0H .rdata                  DATA
 0002:00007c40 00000000H .rdata$CastGuardVftablesA DATA
 0002:00007c40 00000000H .rdata$CastGuardVftablesC DATA
 0002:00007c40 000000dcH .rdata$r                DATA
 0002:00007d1c 00000028H .rdata$sxdata           DATA
 0002:00007d44 000000e8H .rdata$voltmd           DATA
 0002:00007e2c 0000036cH .rdata$zzzdbg           DATA
 0002:00008198 00000004H .rtc$IAA                DATA
 0002:0000819c 00000004H .rtc$IZZ                DATA
 0002:000081a0 00000004H .rtc$TAA                DATA
 0002:000081a4 00000004H .rtc$TZZ                DATA
 0002:000081a8 00000778H .xdata$x                DATA
 0002:00008920 00000110H .edata                  DATA
 0002:00008a30 00000028H .idata$2                DATA
 0002:00008a58 00000014H .idata$3                DATA
 0002:00008a6c 00000134H .idata$4                DATA
 0002:00008ba0 0000056cH .idata$6                DATA
 0003:00000000 00003960H .data                   DATA
 0003:00003960 0000003cH .data$r                 DATA
 0003:0000399c 0000001cH .data$rs                DATA
 0003:000039b8 0060bcdcH .bss                    DATA
 0004:00000000 00000060H .rsrc$01                DATA
 0004:00000060 00000180H .rsrc$02                DATA

  Address         Publics by Value              Rva+Base       Lib:Object

 0000:00000000       ___AbsoluteZero            00000000     <absolute>
 0000:00000000       ___arm64x_extra_rfe_table  00000000     <absolute>
 0000:00000000       ___arm64x_extra_rfe_table_size 00000000     <absolute>
 0000:00000000       ___arm64x_native_entrypoint 00000000     <absolute>
 0000:00000000       ___arm64x_redirection_metadata 00000000     <absolute>
 0000:00000000       ___arm64x_redirection_metadata_count 00000000     <absolute>
 0000:00000000       ___dynamic_value_reloc_table 00000000     <absolute>
 0000:00000000       ___enclave_config          00000000     <absolute>
 0000:00000000       ___guard_check_icall_a64n_fptr 00000000     <absolute>
 0000:00000000       ___guard_eh_cont_count     00000000     <absolute>
 0000:00000000       ___guard_eh_cont_table     00000000     <absolute>
 0000:00000000       ___guard_fids_count        00000000     <absolute>
 0000:00000000       ___guard_fids_table        00000000     <absolute>
 0000:00000000       ___guard_iat_count         00000000     <absolute>
 0000:00000000       ___guard_iat_table         00000000     <absolute>
 0000:00000000       ___guard_longjmp_count     00000000     <absolute>
 0000:00000000       ___guard_longjmp_table     00000000     <absolute>
 0000:00000000       ___hybrid_auxiliary_delayload_iat 00000000     <absolute>
 0000:00000000       ___hybrid_auxiliary_delayload_iat_copy 00000000     <absolute>
 0000:00000000       ___hybrid_auxiliary_iat    00000000     <absolute>
 0000:00000000       ___hybrid_auxiliary_iat_copy 00000000     <absolute>
 0000:00000000       ___hybrid_code_map         00000000     <absolute>
 0000:00000000       ___hybrid_code_map_count   00000000     <absolute>
 0000:00000000       ___hybrid_image_info_bitfield 00000000     <absolute>
 0000:00000000       ___x64_code_ranges_to_entry_points 00000000     <absolute>
 0000:00000000       ___x64_code_ranges_to_entry_points_count 00000000     <absolute>
 0000:00000000       __except_list              00000000     <absolute>
 0000:0000000a       ___safe_se_handler_count   0000000a     <absolute>
 0000:00000100       ___guard_flags             00000100     <absolute>
 0000:00000000       ___ImageBase               10000000     <linker-defined>
 0001:00000380       ?GetHeroRecord@@YAPADH@Z   10001380 f   heroes.obj
 0001:000003a0       ?WriteHook@@YAXPAX0D@Z     100013a0 f   heroes.obj
 0001:000003e0       ?_alldiv__patched@@YGH_JIH@Z 100013e0 f   BugFix.obj
 0001:00000410       ?apply_fixes@@YAXXZ        10001410 f   BugFix.obj
 0001:00000590       ?hook_00426020@@YGHPAVLoHook@@PAUHookContext@@@Z 10001590 f   BugFix.obj
 0001:000005b0       ?hook_0042626A@@YGHPAVLoHook@@PAUHookContext@@@Z 100015b0 f   BugFix.obj
 0001:000005d0       ?hook_00435D7F@@YGHPAVLoHook@@PAUHookContext@@@Z 100015d0 f   BugFix.obj
 0001:000005d0       ?hook_00442D62@@YGHPAVLoHook@@PAUHookContext@@@Z 100015d0 f   BugFix.obj
 0001:000005f0       ?hook_00435DBE@@YGHPAVLoHook@@PAUHookContext@@@Z 100015f0 f   BugFix.obj
 0001:00000610       ?hook_00468A1B@@YGHPAVLoHook@@PAUHookContext@@@Z 10001610 f   BugFix.obj
 0001:00000650       ?hook_00468DBD@@YGHPAVLoHook@@PAUHookContext@@@Z 10001650 f   BugFix.obj
 0001:00000690       ?hook_004D9508@@YGHPAVLoHook@@PAUHookContext@@@Z 10001690 f   BugFix.obj
 0001:000006f0       ?hook_005A6BD3@@YGHPAVLoHook@@PAUHookContext@@@Z 100016f0 f   BugFix.obj
 0001:00000760       ?hook_005A6D89@@YGHPAVLoHook@@PAUHookContext@@@Z 10001760 f   BugFix.obj
 0001:000007b0       ??$strcpy_s@$0BAA@@@YAHAAY0BAA@DPBD@Z 100017b0 f i core.obj
 0001:000007d0       ??$strcpy_s@$0EA@@@YAHAAY0EA@DPBD@Z 100017d0 f i core.obj
 0001:000007f0       ?CreateNewTable@@YAXXZ     100017f0 f   core.obj
 0001:00000c00       ?LoadCrTraitsRow_hook@@YGHPAVHiHook@@HH@Z 10001c00 f   core.obj
 0001:00000d40       ?NewMissiles_Body@@YIHPADH@Z 10001d40 f   core.obj
 0001:00000e70       ?NewMonstersMissiles@@YAXXZ 10001e70 f   core.obj
 0001:00000e90       ?Pop@HookContext@@QAEHXZ   10001e90 f i core.obj
 0001:00000ec0       ?_ebx@@YAHXZ               10001ec0 f   core.obj
 0001:00000ed0       ?fake_new@@YAHH@Z          10001ed0 f   core.obj
 0001:00000f10       ?fake_new_hook@@YGHPAVLoHook@@PAUHookContext@@@Z 10001f10 f   core.obj
 0001:00000f30       ?fix_amethyst_crexpmod@@YAXXZ 10001f30 f   core.obj
 0001:000010e0       ?install_CrState@@YAXXZ    100020e0 f   core.obj
 0001:00001160       ?set_erm_limits@@YAXXZ     10002160 f   core.obj
 0001:000011d0       ___local_stdio_printf_options 100021d0 f i core.obj
 0001:000011e0       __vsnprintf_l              100021e0 f i core.obj
 0001:00001230       __vsprintf_l               10002230 f i core.obj
 0001:00001250       _sprintf                   10002250 f i core.obj
 0001:00001290       ?creexpo1024@@YAXXZ        10002290 f   creexpo1024.obj
 0001:000018d0       ??$StructAt@UH3Main@h3@@@h3@@YAPAUH3Main@0@I@Z 100028d0 f i dllmain.obj
 0001:000018e0       ??0exception@std@@QAE@ABV01@@Z 100028e0 f i dllmain.obj
 0001:00001920       ??1exception@std@@UAE@XZ   10002920 f i dllmain.obj
 0001:00001950       ??_Eexception@std@@UAEPAXI@Z 10002950 f i dllmain.obj
 0001:00001950       ??_Gexception@std@@UAEPAXI@Z 10002950 f i dllmain.obj
 0001:00001980       ?Block_Redirection@@YGXPAUTEvent@Era@@@Z 10002980 f   dllmain.obj
 0001:00001a30       ?ConnectEra@Era@@YAXXZ     10002a30 f   dllmain.obj
 0001:00001dd0       ?Daily_Res@@YGXPAUTEvent@Era@@@Z 10002dd0 f   dllmain.obj
 0001:00002200       ?Fix_Random_Creature_Generation@@YGXPAUTEvent@Era@@@Z 10003200 f   dllmain.obj
 0001:00002280       ?Get@H3Main@h3@@SAPAU12@XZ 10003280 f i dllmain.obj
 0001:000022a0       ?GetPatcher@@YAPAVPatcher@@XZ 100032a0 f i dllmain.obj
 0001:00002300       ?InitMainConfig@@YAXPAD@Z  10003300 f   dllmain.obj
 0001:00002570       ?MonsterRandomGeneration2@@YAXXZ 10003570 f   dllmain.obj
 0001:00002590       ?MonsterRandomGeneration@@YAXXZ 10003590 f   dllmain.obj
 0001:000025b0       ?ReloadExperienceConfig2@@YGXXZ 100035b0 f   dllmain.obj
 0001:00002650       ?RestoreData@@YGXPAUTEvent@Era@@@Z 10003650 f   dllmain.obj
 0001:000026a0       ?ShareStatsEvent@@YGXPAUTEvent@Era@@@Z 100036a0 f   dllmain.obj
 0001:00002770       ?StoreData@@YGXPAUTEvent@Era@@@Z 10003770 f   dllmain.obj
 0001:000027c0       ?battle_late_begin@@YGXPAUTEvent@Era@@@Z 100037c0 f   dllmain.obj
 0001:00002860       ?battle_start_event@@YGXPAUTEvent@Era@@@Z 10003860 f   dllmain.obj
 0001:000028a0       ?begin@?$H3Vector@UH3Town@h3@@@h3@@QAEPAUH3Town@2@XZ 100038a0 f i dllmain.obj
 0001:000028c0       ?drop_html_creature_list@@YGXPAUTEvent@Era@@@Z 100038c0 f   dllmain.obj
 0001:000028e0       ?end@?$H3Vector@UH3Town@h3@@@h3@@QAEPAUH3Town@2@XZ 100038e0 f i dllmain.obj
 0001:00002900       ?fix_vanilla_creatures@@YGXPAUTEvent@Era@@@Z 10003900 f   dllmain.obj
 0001:00002aa0       ?hook_005A7A5A@@YGHPAVLoHook@@PAUHookContext@@@Z 10003aa0 f   dllmain.obj
 0001:00002b30       ?hook_ecx_batman_dialogue_fix@@YGHPAVLoHook@@PAUHookContext@@@Z 10003b30 f   dllmain.obj
 0001:00002b60       ?hook_ecx_batman_fix@@YGHPAVLoHook@@PAUHookContext@@@Z 10003b60 f   dllmain.obj
 0001:00002b80       ?hook_esi_batman_fix@@YGHPAVLoHook@@PAUHookContext@@@Z 10003b80 f   dllmain.obj
 0001:00002ba0       ?install_CrState@@YGXPAUTEvent@Era@@@Z 10003ba0 f   dllmain.obj
 0001:00002bc0       ?load_things_late@@YGXPAUTEvent@Era@@@Z 10003bc0 f   dllmain.obj
 0001:00002ca0       ?strstr@@YAPADQADQBD@Z     10003ca0 f i dllmain.obj
 0001:00002cc0       ?what@exception@std@@UBEPBDXZ 10003cc0 f i dllmain.obj
 0001:00002cf0       _DllMain@12                10003cf0 f   dllmain.obj
 0001:00002e50       ?drop_html_creature_list@@YAXPBD@Z 10003e50 f   DropHtml.obj
 0001:00002f10       __vfprintf_l               10003f10 f i DropHtml.obj
 0001:00002f40       _fprintf                   10003f40 f i DropHtml.obj
 0001:00002f80       ?GameMgr_GetRandMonster_ByLevel@@YGHPAVHiHook@@PAXHH@Z 10003f80 f   GameMgr_GetRandMonster_ByLevel.obj
 0001:00003110       ?v_MsgBox@@YAXPADH@Z       10004110 f i GameMgr_GetRandMonster_ByLevel.obj
 0001:00003140       ?MiscCreatureHooks_apply@@YAXXZ 10004140 f   MiscCreatureHooks.obj
 0001:00003180       ?MiscCreatureHooks_apply_strings@@YAXXZ 10004180 f   MiscCreatureHooks.obj
 0001:00003210       ?hook_UN_G1_reset@@YGHPAVLoHook@@PAUHookContext@@@Z 10004210 f   MiscCreatureHooks.obj
 0001:000032d0       ?hook_UN_G1_set@@YGHPAVLoHook@@PAUHookContext@@@Z 100042d0 f   MiscCreatureHooks.obj
 0001:000033a0       ?Spell_1_mode_exact_expert@@YAXXZ 100043a0 f   tables.obj
 0001:000033d0       ?Spell_1_mode_exact@@YAXXZ 100043d0 f   tables.obj
 0001:00003400       ?Spell_1_mode_exact_twice@@YAXXZ 10004400 f   tables.obj
 0001:00003460       ?Spell_1_mode_elemental@@YAXXZ 10004460 f   tables.obj
 0001:000034c0       ?Spell_1_mode_Heavenly_Inspiration@@YAXXZ 100044c0 f   tables.obj
 0001:00003550       ?Spell_1_mode_enchant@@YAXXZ 10004550 f   tables.obj
 0001:00003620       ?Spell_1_mode_enchant_minor@@YAXXZ 10004620 f   tables.obj
 0001:000036d0       ?Spell_1_mode_enchant_major@@YAXXZ 100046d0 f   tables.obj
 0001:000037c0       ?Spell_1_mode_rush@@YAXXZ  100047c0 f   tables.obj
 0001:00003870       ?Spell_1_mode_1_extended@@YAXXZ 10004870 f   tables.obj
 0001:00003950       ?Spell_1_mode_Dragon_Will@@YAXXZ 10004950 f   tables.obj
 0001:00003a50       ?Spell_1_mode_overclock@@YAXXZ 10004a50 f   tables.obj
 0001:00003b50       ?Spell_1_mode_repair_and_overclock@@YAXXZ 10004b50 f   tables.obj
 0001:00003bd0       ?Spell_2_raise_undead@@YAXXZ 10004bd0 f   tables.obj
 0001:00003c40       ?Spell_2_repair_constructs@@YAXXZ 10004c40 f   tables.obj
 0001:00003d00       ?Spell_2_gate_infernals@@YAXXZ 10004d00 f   tables.obj
 0001:00003d70       ?Spell_2_damage_spell@@YAXXZ 10004d70 f   tables.obj
 0001:00003de0       ?Spell_2_FriendlyNonDragons@@YAXXZ 10004de0 f   tables.obj
 0001:00003e20       ?Spell_2_FriendlyConstructs@@YAXXZ 10004e20 f   tables.obj
 0001:00003e70       ?Spell_3_debuff@@YAXXZ     10004e70 f   tables.obj
 0001:00003ea0       ?Spell_3_custom_buff@@YAXXZ 10004ea0 f   tables.obj
 0001:00003ed0       ?resistance_dwarf60@@YAXXZ 10004ed0 f   tables.obj
 0001:00003f00       ?resistance_dwarf80@@YAXXZ 10004f00 f   tables.obj
 0001:00003f30       ?resistance_dwarf100@@YAXXZ 10004f30 f   tables.obj
 0001:00003f60       ?resistance_level_1@@YAXXZ 10004f60 f   tables.obj
 0001:00003f80       ?resistance_level_1_2@@YAXXZ 10004f80 f   tables.obj
 0001:00003fa0       ?resistance_speed@@YAXXZ   10004fa0 f   tables.obj
 0001:00003fd0       ?resistance_toxic@@YAXXZ   10004fd0 f   tables.obj
 0001:00004000       ?resistance_will@@YAXXZ    10005000 f   tables.obj
 0001:00004030       ?resistance_no_eyes@@YAXXZ 10005030 f   tables.obj
 0001:00004050       ?resistance_mass_damage@@YAXXZ 10005050 f   tables.obj
 0001:00004070       ?resistance_to_dispel@@YAXXZ 10005070 f   tables.obj
 0001:00004090       ?resistance_to_debuff@@YAXXZ 10005090 f   tables.obj
 0001:00004100       ?vulnerability_125@@YAXXZ  10005100 f   tables.obj
 0001:00004120       ?vulnerability_150@@YAXXZ  10005120 f   tables.obj
 0001:00004130       ?vulnerability_200@@YAXXZ  10005130 f   tables.obj
 0001:00004140       ?vulnerability_300@@YAXXZ  10005140 f   tables.obj
 0001:00004150       ?vulnerability_400@@YAXXZ  10005150 f   tables.obj
 0001:00004170       ?vulnerability_500@@YAXXZ  10005170 f   tables.obj
 0001:00004190       ?vulnerability_600@@YAXXZ  10005190 f   tables.obj
 0001:000041b0       ?vulnerability_700@@YAXXZ  100051b0 f   tables.obj
 0001:000041d0       ?vulnerability_900@@YAXXZ  100051d0 f   tables.obj
 0001:000041f0       ?AI_Battle_GetStackCustomBuffValue@@YADPAXHPAHH@Z 100051f0 f   tables.obj
 0001:000044f0       ?AI_Battle_GetStackDeBuffValue@@YADPAXHPAHH@Z 100054f0 f   tables.obj
 0001:00004800       ?AlwaysPositiveLuck2@@YAXXZ 10005800 f   tables.obj
 0001:00004820       ?AlwaysPositiveLuck3@@YAXXZ 10005820 f   tables.obj
 0001:00004840       ?AlwaysPositiveLuck@@YAXXZ 10005840 f   tables.obj
 0001:00004890       ?AlwaysPositiveMorale2@@YAXXZ 10005890 f   tables.obj
 0001:000048b0       ?AlwaysPositiveMorale3@@YAXXZ 100058b0 f   tables.obj
 0001:000048d0       ?AlwaysPositiveMorale@@YAXXZ 100058d0 f   tables.obj
 0001:000048f0       ?Ang1@@YAXXZ               100058f0 f   tables.obj
 0001:00004980       ?Ang2@@YAXXZ               10005980 f   tables.obj
 0001:000049d0       ?AngDem1@@YAXXZ            100059d0 f   tables.obj
 0001:00004a10       ?AngDem2@@YAXXZ            10005a10 f   tables.obj
 0001:00004b60       ?AngDem3@@YAXXZ            10005b60 f   tables.obj
 0001:00004cb0       ?AngDem4@@YAXXZ            10005cb0 f   tables.obj
 0001:00004d00       ?AngDem5@@YAXXZ            10005d00 f   tables.obj
 0001:00004df0       ?Angel4_004482D3@@YAXXZ    10005df0 f   tables.obj
 0001:00004e50       ?ApplySharedStats@@YAXHH@Z 10005e50 f   tables.obj
 0001:00004e80       ?Before_Melee@@YAXXZ       10005e80 f   tables.obj
 0001:00004ea0       ?Before_strike@@YAXXZ      10005ea0 f   tables.obj
 0001:00004f90       ?CheckCreature2Leave_hook@@YGHPAVHiHook@@H@Z 10005f90 f   tables.obj
 0001:00004fe0       ?CounterStrike2@@YAXXZ     10005fe0 f   tables.obj
 0001:00005020       ?CounterStrike@@YAXXZ      10006020 f   tables.obj
 0001:00005060       ?CrExpBon_DwarfResistFriendly_WoG_hook@@YGHPAVHiHook@@HHH@Z 10006060 f   tables.obj
 0001:000050b0       ?CreateAdditionalTables@@YAXXZ 100060b0 f   tables.obj
 0001:00006ae0       ?DeathBlow@@YAXXZ          10007ae0 f   tables.obj
 0001:00006b20       ?DeathBlowCorrect@@YAXXZ   10007b20 f   tables.obj
 0001:00006b40       ?Dem1@@YAXXZ               10007b40 f   tables.obj
 0001:00006b60       ?Dem2@@YAXXZ               10007b60 f   tables.obj
 0001:00006c60       ?Dem3@@YAXXZ               10007c60 f   tables.obj
 0001:00006c80       ?Dem4@@YAXXZ               10007c80 f   tables.obj
 0001:00006d10       ?Dem5@@YAXXZ               10007d10 f   tables.obj
 0001:00006d30       ?Dem6@@YAXXZ               10007d30 f   tables.obj
 0001:00006d50       ?Demon2@@YAXXZ             10007d50 f   tables.obj
 0001:00006d80       ?Demon3@@YAXXZ             10007d80 f   tables.obj
 0001:00006da0       ?Demon@@YAXXZ              10007da0 f   tables.obj
 0001:00006dc0       ?Dlg_RecruitMonster_Hook_5502EE@@YAXXZ 10007dc0 f   tables.obj
 0001:00006df0       ?ERM2String@@YAPADPADHPAH@Z 10007df0 f i tables.obj
 0001:00006e10       ?Fear@@YAXXZ               10007e10 f   tables.obj
 0001:00006e50       ?Fearless@@YAXXZ           10007e50 f   tables.obj
 0001:00006e90       ?FileExists@@YA_NPBD@Z     10007e90 f i tables.obj
 0001:00006ec0       ?FillTables@@YAXXZ         10007ec0 f   tables.obj
 0001:00006f80       ?Firewall_byte@@YAXXZ      10007f80 f   tables.obj
 0001:00006fa0       ?GetFireShield@@YGHHPAH@Z  10007fa0 f   tables.obj
 0001:00006fe0       ?GetShotType@@YIHHPAH@Z    10007fe0 f   tables.obj
 0001:00007000       ?Hate_Hook_766DFF@@YAXXZ   10008000 f   tables.obj
 0001:000070f0       ?Hill_Fort_47AA50_Hook@@YAXXZ 100080f0 f   tables.obj
 0001:00007110       ?ImmunToJoustingBonus@@YAXXZ 10008110 f   tables.obj
 0001:00007130       ?ImposedSpells1@@YAXXZ     10008130 f   tables.obj
 0001:00007140       ?ImposedSpells2@@YAXXZ     10008140 f   tables.obj
 0001:00007150       ?ImposedSpellsGeneral@@YAXXZ 10008150 f   tables.obj
 0001:00007190       ?IsAngel3_Minus@@YAXXZ     10008190 f   tables.obj
 0001:000071f0       ?JoustingBonus@@YAXXZ      100081f0 f   tables.obj
 0001:00007220       ?LoadCreatureConfig@@YAXH@Z 10008220 f   tables.obj
 0001:00007330       ?MagicAura@@YAXXZ          10008330 f   tables.obj
 0001:00007350       ?MagicChannel@@YAXXZ       10008350 f   tables.obj
 0001:00007370       ?MagicMirror@@YAXXZ        10008370 f   tables.obj
 0001:00007390       ?ManaDrain2@@YAXXZ         10008390 f   tables.obj
 0001:000073b0       ?ManaDrainPlus@@YAXXZ      100083b0 f   tables.obj
 0001:000073e0       ?NPCDeathStare_hook@@YGHPAVHiHook@@HH@Z 100083e0 f   tables.obj
 0001:00007420       ?NoWallPenalty@@YAXXZ      10008420 f   tables.obj
 0001:00007440       ?Passive_474541_Hook@@YAXXZ 10008440 f   tables.obj
 0001:00007460       ?Push@HookContext@@QAEXH@Z 10008460 f i tables.obj
 0001:00007490       ?ResetAdditionalTables_BattleOnly@@YAXXZ 10008490 f   tables.obj
 0001:00007680       ?ResistanceHook@@YGNPAVHiHook@@HHPAUHERO@@1@Z 10008680 f   tables.obj
 0001:00007700       ?Sharpshooters@@YAXXZ      10008700 f   tables.obj
 0001:00007720       ?ShootAnyTime2@@YGDH@Z     10008720 f   tables.obj
 0001:000077a0       ?ShootAnyTime@@YGDH@Z      100087a0 f   tables.obj
 0001:00007820       ?SpellsCostDump@@YAXXZ     10008820 f   tables.obj
 0001:00007850       ?SpellsCostLess@@YAXXZ     10008850 f   tables.obj
 0001:000078a0       ?ThreeHeadedAttack2@@YAXXZ 100088a0 f   tables.obj
 0001:000078c0       ?ThreeHeadedAttack@@YAXXZ  100088c0 f   tables.obj
 0001:000078e0       ?WoG_CastSpell_Monster@@YAXHHHHHH@Z 100088e0 f   tables.obj
 0001:000079b0       ?f41ED5A_Hook@@YAXXZ       100089b0 f   tables.obj
 0001:000079e0       ?f4225D6_Hook@@YAXXZ       100089e0 f   tables.obj
 0001:00007a00       ?f43F72C_Hook@@YAXXZ       10008a00 f   tables.obj
 0001:00007a30       ?f442E61_Hook@@YAXXZ       10008a30 f   tables.obj
 0001:00007a50       ?f_4650dd_Hook@@YAXXZ      10008a50 f   tables.obj
 0001:00007a80       ?f_756B1F_Hook@@YAXXZ      10008a80 f   tables.obj
 0001:00007ab0       ?f_75C96C_Hook@@YAXXZ      10008ab0 f   tables.obj
 0001:00007ae0       ?fun_4E609E_Rogue_Hook@@YAXXZ 10008ae0 f   tables.obj
 0001:00007b10       ?get_can_gate@@YAXXZ       10008b10 f   tables.obj
 0001:00007c70       ?get_raise_undead@@YAXXZ   10008c70 f   tables.obj
 0001:00007e10       ?get_repair_constructs@@YAXXZ 10008e10 f   tables.obj
 0001:00007ff0       ?harpy_hook_0075E063@@YGHPAVLoHook@@PAUHookContext@@@Z 10008ff0 f   tables.obj
 0001:00008050       ?harpy_hook_00762940@@YGHPAVLoHook@@PAUHookContext@@@Z 10009050 f   tables.obj
 0001:000080c0       ?has_wog_resist@@YA_NPBDH@Z 100090c0 f   tables.obj
 0001:000083f0       ?hook_004470B5_Demonology@@YGHPAVLoHook@@PAUHookContext@@@Z 100093f0 f   tables.obj
 0001:00008450       ?hook_004755E7@@YAXXZ      10009450 f   tables.obj
 0001:00008470       ?shooting_resistance_hook@@YAHPAEH@Z 10009470 f   tables.obj
 0001:00008650       ?zShootAnyTime@@YAHPAE@Z   10009650 f   tables.obj
 0001:00008660       ?z_756BA0_hook@@YGHPAVLoHook@@PAUHookContext@@@Z 10009660 f   tables.obj
 0001:00008690       ?z_Hook_004403A7@@YGHPAVLoHook@@PAUHookContext@@@Z 10009690 f   tables.obj
 0001:000086e0       ?z_Hook_00443E36@@YGHPAVLoHook@@PAUHookContext@@@Z 100096e0 f   tables.obj
 0001:00008870       ?z_Hook_00479231@@YGHPAVLoHook@@PAUHookContext@@@Z 10009870 f   tables.obj
 0001:000089e0       ?z_Hook_00492A7D@@YGHPAVLoHook@@PAUHookContext@@@Z 100099e0 f   tables.obj
 0001:00008a10       ?z_Hook_after_melee@@YGHPAVLoHook@@PAUHookContext@@@Z 10009a10 f   tables.obj
 0001:00008c90       ?z_Hook_after_shot@@YGHPAVLoHook@@PAUHookContext@@@Z 10009c90 f   tables.obj
 0001:00008f00       ?z_hook_0046453E@@YGHPAVLoHook@@PAUHookContext@@@Z 10009f00 f   tables.obj
 0001:00009180       ?z_hook_004645BA@@YGHPAVLoHook@@PAUHookContext@@@Z 1000a180 f   tables.obj
 0001:00009280       ?z_hook_00478C9E@@YGHPAVLoHook@@PAUHookContext@@@Z 1000a280 f   tables.obj
 0001:000092e0       ?z_hook_0071CC52@@YGHPAVLoHook@@PAUHookContext@@@Z 1000a2e0 f   tables.obj
 0001:00009390       ?z_hook_0075642C@@YGHPAVLoHook@@PAUHookContext@@@Z 1000a390 f   tables.obj
 0001:00009420       ?z_hook_00756D06@@YGHPAVLoHook@@PAUHookContext@@@Z 1000a420 f   tables.obj
 0001:00009460       ?z_hook_0075F840@@YGHPAVLoHook@@PAUHookContext@@@Z 1000a460 f   tables.obj
 0001:00009500       ?z_hook_00760412@@YGHPAVLoHook@@PAUHookContext@@@Z 1000a500 f   tables.obj
 0001:00009540       ?z_hook_007609E0@@YGHPAVLoHook@@PAUHookContext@@@Z 1000a540 f   tables.obj
 0001:00009580       _ChangeCreatureTable       1000a580 f   tables.obj
 0001:0000ba90       _Creature2Artifact         1000ca90 f   tables.obj
 0001:0000bab0       _Creature2Artifact_2       1000cab0 f   tables.obj
 0001:0000bad0       _InitNecromancy15          1000cad0 f   tables.obj
 0001:0000bbc0       ___local_stdio_scanf_options 1000cbc0 f i tables.obj
 0001:0000bbd0       __hasSantaGuards           1000cbd0 f   tables.obj
 0001:0000bbe0       __vfscanf_l                1000cbe0 f i tables.obj
 0001:0000bc10       _check_harpy               1000cc10 f   tables.obj
 0001:0000bc60       _fscanf                    1000cc60 f i tables.obj
 0001:0000bca0       _isCreatureConstruct       1000cca0 f   tables.obj
 0001:0000bce0       _isReceptive               1000cce0 f   tables.obj
 0001:0000bcef       @__security_check_cookie@4 1000ccef f   LIBCMT:secchk.obj
 0001:0000bcfd       ??3@YAXPAXI@Z              1000ccfd f   LIBCMT:delete_scalar_size.obj
 0001:0000bd0b       ??_Etype_info@@UAEPAXI@Z   1000cd0b f i LIBCMT:std_type_info_static.obj
 0001:0000bd0b       ??_Gtype_info@@UAEPAXI@Z   1000cd0b f i LIBCMT:std_type_info_static.obj
 0001:0000bd2e       ___raise_securityfailure   1000cd2e f   LIBCMT:gs_report.obj
 0001:0000bd56       ___report_gsfailure        1000cd56 f   LIBCMT:gs_report.obj
 0001:0000be50       ___report_rangecheckfailure 1000ce50 f   LIBCMT:gs_report.obj
 0001:0000be5c       ___report_securityfailure  1000ce5c f   LIBCMT:gs_report.obj
 0001:0000c26d       __DllMainCRTStartup@12     1000d26d f   LIBCMT:dll_dllmain.obj
 0001:0000c290       ??3@YAXPAX@Z               1000d290 f   LIBCMT:delete_scalar.obj
 0001:0000c2e2       ___security_init_cookie    1000d2e2 f   LIBCMT:gs_support.obj
 0001:0000c32d       ?__scrt_initialize_type_info@@YAXXZ 1000d32d f   LIBCMT:tncleanup.obj
 0001:0000c339       ?__scrt_uninitialize_type_info@@YAXXZ 1000d339 f   LIBCMT:tncleanup.obj
 0001:0000c345       ___scrt_initialize_default_local_stdio_options 1000d345 f   LIBCMT:default_local_stdio_options.obj
 0001:0000c3a6       ___scrt_acquire_startup_lock 1000d3a6 f   LIBCMT:utility.obj
 0001:0000c3d8       ___scrt_dllmain_after_initialize_c 1000d3d8 f   LIBCMT:utility.obj
 0001:0000c403       ___scrt_dllmain_before_initialize_c 1000d403 f   LIBCMT:utility.obj
 0001:0000c411       ___scrt_dllmain_crt_thread_attach 1000d411 f   LIBCMT:utility.obj
 0001:0000c430       ___scrt_dllmain_crt_thread_detach 1000d430 f   LIBCMT:utility.obj
 0001:0000c43d       ___scrt_dllmain_exception_filter 1000d43d f   LIBCMT:utility.obj
 0001:0000c471       ___scrt_dllmain_uninitialize_c 1000d471 f   LIBCMT:utility.obj
 0001:0000c494       ___scrt_dllmain_uninitialize_critical 1000d494 f   LIBCMT:utility.obj
 0001:0000c4a1       ___scrt_initialize_crt     1000d4a1 f   LIBCMT:utility.obj
 0001:0000c4da       ___scrt_initialize_onexit_tables 1000d4da f   LIBCMT:utility.obj
 0001:0000c561       ___scrt_is_nonwritable_in_current_image 1000d561 f   LIBCMT:utility.obj
 0001:0000c5f5       ___scrt_release_startup_lock 1000d5f5 f   LIBCMT:utility.obj
 0001:0000c612       ___scrt_uninitialize_crt   1000d612 f   LIBCMT:utility.obj
 0001:0000c63a       ___scrt_get_dyn_tls_init_callback 1000d63a f   LIBCMT:dyn_tls_init.obj
 0001:0000c640       ___scrt_fastfail           1000d640 f   LIBCMT:utility_desktop.obj
 0001:0000c755       __crt_debugger_hook        1000d755 f   LIBCMT:utility_desktop.obj
 0001:0000c75d       __RTC_Initialize           1000d75d f   LIBCMT:initsect.obj
 0001:0000c789       __RTC_Terminate            1000d789 f   LIBCMT:initsect.obj
 0001:0000c7c0       __SEH_prolog4              1000d7c0 f   LIBCMT:sehprolg4.obj
 0001:0000c805       @_guard_check_icall_nop@4  1000d805 f i LIBCMT:guard_support.obj
 0001:0000c808       ___isa_available_init      1000d808 f   LIBCMT:cpu_disp.obj
 0001:0000c9dc       __get_startup_argv_mode    1000d9dc f   LIBCMT:argv_mode.obj
 0001:0000c9e0       ___scrt_is_ucrt_dll_in_use 1000d9e0 f   LIBCMT:ucrt_detection.obj
 0001:0000c9f0       _memcpy                    1000d9f0 f   libvcruntime:memcpy.obj
 0001:0000c9f0       _memmove                   1000d9f0 f   libvcruntime:memmove.obj
 0001:0000cf70       _strstr                    1000df70 f   libvcruntime:strstr.obj
 0001:0000d1db       ___std_exception_copy      1000e1db f   libvcruntime:std_exception.obj
 0001:0000d23e       ___std_exception_destroy   1000e23e f   libvcruntime:std_exception.obj
 0001:0000d25d       __CxxThrowException@8      1000e25d f   libvcruntime:throw.obj
 0001:0000d2c9       ?GetRangeOfTrysToCheck@__FrameHandler3@@SA?AU?$pair@Viterator@TryBlockMap@__FrameHandler3@@V123@@std@@AAVTryBlockMap@1@HPAXPBU_s_FuncInfo@@H@Z 1000e2c9 f   libvcruntime:trnsctrl.obj
 0001:0000d338       ?_CallCatchBlock2@@YAPAXPAUEHRegistrationNode@@PBU_s_FuncInfo@@PAXHK@Z 1000e338 f   libvcruntime:trnsctrl.obj
 0001:0000d395       ?_CallSETranslator@@YAHPAUEHExceptionRecord@@PAUEHRegistrationNode@@PAX2PBU_s_FuncInfo@@H1@Z 1000e395 f   libvcruntime:trnsctrl.obj
 0001:0000d485       ?_JumpToContinuation@@YGXPAXPAUEHRegistrationNode@@@Z 1000e485 f   libvcruntime:trnsctrl.obj
 0001:0000d4b5       ?_UnwindNestedFrames@@YGXPAUEHRegistrationNode@@PAUEHExceptionRecord@@@Z 1000e4b5 f   libvcruntime:trnsctrl.obj
 0001:0000d508       __CatchGuardHandler        1000e508 f   libvcruntime:trnsctrl.obj
 0001:0000d539       __CreateFrameInfo          1000e539 f   libvcruntime:trnsctrl.obj
 0001:0000d55d       __FindAndUnlinkFrame       1000e55d f   libvcruntime:trnsctrl.obj
 0001:0000d5a5       __TranslatorGuardHandler   1000e5a5 f   libvcruntime:trnsctrl.obj
 0001:0000d642       ___CxxFrameHandler3        1000e642 f   libvcruntime:trnsctrl.obj
 0001:0000d680       _memset                    1000e680 f   libvcruntime:memset.obj
 0001:0000d820       __except_handler4          1000e820 f   libvcruntime:chandler4.obj
 0001:0000d97e       ___std_type_info_compare   1000e97e f   libvcruntime:std_type_info.obj
 0001:0000d9ba       ___std_type_info_destroy_list 1000e9ba f   libvcruntime:std_type_info.obj
 0001:0000d9dd       ___vcrt_initialize         1000e9dd f   libvcruntime:initialization.obj
 0001:0000d9fc       ___vcrt_thread_attach      1000e9fc f   libvcruntime:initialization.obj
 0001:0000da07       ___vcrt_thread_detach      1000ea07 f   libvcruntime:initialization.obj
 0001:0000da0f       ___vcrt_uninitialize       1000ea0f f   libvcruntime:initialization.obj
 0001:0000da26       ___vcrt_uninitialize_critical 1000ea26 f   libvcruntime:initialization.obj
 0001:0000da2e       ___DestructExceptionObject 1000ea2e f   libvcruntime:ehhelpers.obj
 0001:0000dacf       ?_CallMemberFunction0@@YGXQAX0@Z 1000eacf f i libvcruntime:ehhelpers.obj
 0001:0000db34       __IsExceptionObjectToBeDestroyed 1000eb34 f   libvcruntime:ehhelpers.obj
 0001:0000db5a       ___AdjustPointer           1000eb5a f   libvcruntime:ehhelpers.obj
 0001:0000db7f       ___FrameUnwindFilter       1000eb7f f   libvcruntime:ehhelpers.obj
 0001:0000dbd5       ___std_terminate           1000ebd5 f   libvcruntime:ehhelpers.obj
 0001:0000dbe0       _strchr                    1000ebe0 f   libvcruntime:strchr.obj
 0001:0000dc4e       ___from_strstr_to_strchr   1000ec4e     libvcruntime:strchr.obj
 0001:0000dd0b       ___vcrt_freefls@4          1000ed0b f   libvcruntime:per_thread_data.obj
 0001:0000dd27       ___vcrt_freeptd_for_this_thread 1000ed27 f   libvcruntime:per_thread_data.obj
 0001:0000dd52       ___vcrt_getptd             1000ed52 f   libvcruntime:per_thread_data.obj
 0001:0000dd60       ___vcrt_getptd_noexit      1000ed60 f   libvcruntime:per_thread_data.obj
 0001:0000ddf2       ___vcrt_initialize_ptd     1000edf2 f   libvcruntime:per_thread_data.obj
 0001:0000de25       ___vcrt_uninitialize_ptd   1000ee25 f   libvcruntime:per_thread_data.obj
 0001:0000e572       ??$TypeMatchHelper@V__FrameHandler3@@@@YAHPBU_s_HandlerType@@PBU_s_CatchableType@@PBU_s_ThrowInfo@@@Z 1000f572 f i libvcruntime:frame.obj
 0001:0000e600       ??$__InternalCxxFrameHandler@V__FrameHandler3@@@@YA?AW4_EXCEPTION_DISPOSITION@@PAUEHExceptionRecord@@PAUEHRegistrationNode@@PAU_CONTEXT@@PAXPBU_s_FuncInfo@@H1E@Z 1000f600 f i libvcruntime:frame.obj
 0001:0000e702       ??$__InternalCxxFrameHandlerWrapper@V__FrameHandler3@@@@YA?AW4_EXCEPTION_DISPOSITION@@PAUEHExceptionRecord@@PAUEHRegistrationNode@@PAU_CONTEXT@@PAXPBU_s_FuncInfo@@H1E@Z 1000f702 f i libvcruntime:frame.obj
 0001:0000e70b       ??0bad_exception@std@@QAE@ABV01@@Z 1000f70b f i libvcruntime:frame.obj
 0001:0000e726       ??0bad_exception@std@@QAE@XZ 1000f726 f i libvcruntime:frame.obj
 0001:0000e73e       ??1bad_exception@std@@UAE@XZ 1000f73e f i libvcruntime:frame.obj
 0001:0000e74f       ??8type_info@@QBE_NABV0@@Z 1000f74f f i libvcruntime:frame.obj
 0001:0000e76e       ??_Ebad_exception@std@@UAEPAXI@Z 1000f76e f i libvcruntime:frame.obj
 0001:0000e76e       ??_Gbad_exception@std@@UAEPAXI@Z 1000f76e f i libvcruntime:frame.obj
 0001:0000e9f3       ?FrameUnwindToEmptyState@__FrameHandler3@@SAXPAUEHRegistrationNode@@PAXPBU_s_FuncInfo@@@Z 1000f9f3 f   libvcruntime:frame.obj
 0001:0000ea0b       ?FrameUnwindToState@__FrameHandler3@@SAXPAUEHRegistrationNode@@PAXPBU_s_FuncInfo@@H@Z 1000fa0b f   libvcruntime:frame.obj
 0001:0000eb8d       ?_CallMemberFunction1@@YGXQAX00@Z 1000fb8d f i libvcruntime:frame.obj
 0001:0000eb9d       ?_CallMemberFunction2@@YGXQAX00H@Z 1000fb9d f i libvcruntime:frame.obj
 0001:0000ebb0       ?getESTypes@__FrameHandler3@@SAPBU_s_ESTypeList@@PBU_s_FuncInfo@@@Z 1000fbb0 f i libvcruntime:frame.obj
 0001:0000ebc0       __CallSettingFrame@12      1000fbc0 f   libvcruntime:lowhelpr.obj
 0001:0000ebe7       __NLG_Return               1000fbe7     libvcruntime:lowhelpr.obj
 0001:0000ec0c       ___except_validate_context_record 1000fc0c f   libvcruntime:jbcxrval.obj
 0001:0000ec40       __local_unwind4            1000fc40 f   libvcruntime:exsup4.obj
 0001:0000ed30       @_EH4_CallFilterFunc@8     1000fd30 f   libvcruntime:exsup4.obj
 0001:0000ed50       @_EH4_TransferToHandler@8  1000fd50 f   libvcruntime:exsup4.obj
 0001:0000ed70       @_EH4_GlobalUnwind2@8      1000fd70 f   libvcruntime:exsup4.obj
 0001:0000ed90       @_EH4_LocalUnwind@16       1000fd90 f   libvcruntime:exsup4.obj
 0001:0000eda7       ___vcrt_initialize_locks   1000fda7 f   libvcruntime:locks.obj
 0001:0000ede3       ___vcrt_uninitialize_locks 1000fde3 f   libvcruntime:locks.obj
 0001:0000eefd       ___vcrt_FlsAlloc           1000fefd f   libvcruntime:winapi_downlevel.obj
 0001:0000ef38       ___vcrt_FlsFree            1000ff38 f   libvcruntime:winapi_downlevel.obj
 0001:0000ef73       ___vcrt_FlsGetValue        1000ff73 f   libvcruntime:winapi_downlevel.obj
 0001:0000efae       ___vcrt_FlsSetValue        1000ffae f   libvcruntime:winapi_downlevel.obj
 0001:0000efec       ___vcrt_InitializeCriticalSectionEx 1000ffec f   libvcruntime:winapi_downlevel.obj
 0001:0000f033       _unexpected                10010033 f   libvcruntime:unexpected.obj
 0001:0000f050       ?GetCurrentState@__FrameHandler3@@SAHPAUEHRegistrationNode@@PAXPBU_s_FuncInfo@@@Z 10010050 f   libvcruntime:ehstate.obj
 0001:0000f06d       ?SetState@__FrameHandler3@@SAXPAUEHRegistrationNode@@PBU_s_FuncInfo@@H@Z 1001006d f   libvcruntime:ehstate.obj
 0001:0000f080       __NLG_Notify1              10010080 f   libvcruntime:exsup.obj
 0001:0000f090       __NLG_Notify               10010090 f   libvcruntime:exsup.obj
 0001:0000f0a7       __NLG_Dispatch             100100a7     libvcruntime:exsup.obj
 0001:0000f0a7       __NLG_Dispatch2            100100a7     libvcruntime:exsup.obj
 0001:0000f0b0       __NLG_Call                 100100b0 f   libvcruntime:exsup.obj
 0001:0000f0b2       __NLG_Return2              100100b2     libvcruntime:exsup.obj
 0001:0000f0b3       _strcpy_s                  100100b3 f   libucrt:strcpy_s.obj
 0001:0000f2dc       ??$count@D@formatting_buffer@__crt_stdio_output@@QBEIXZ 100102dc f i libucrt:output.obj
 0001:0000f2f4       ??$ensure_buffer_is_big_enough@D@formatting_buffer@__crt_stdio_output@@QAE_NIAAV__crt_cached_ptd_host@@@Z 100102f4 f i libucrt:output.obj
 0001:0000f375       ??$is_overflow_condition@K@__crt_strtox@@YA_NIK@Z 10010375 f i libucrt:output.obj
 0001:0000f3a6       ??$is_wide_character_specifier@D@__crt_stdio_output@@YA_N_KDW4length_modifier@0@@Z 100103a6 f i libucrt:output.obj
 0001:0000f3d7       ??$make_c_string_character_source@DPAPAD@__crt_strtox@@YA?AV?$c_string_character_source@D@0@QBDQAPAD@Z 100103d7 f i libucrt:output.obj
 0001:0000f3f2       ??$parse_integer@KV?$c_string_character_source@D@__crt_strtox@@$0A@@__crt_strtox@@YAKAAV__crt_cached_ptd_host@@V?$c_string_character_source@D@0@H_N@Z 100103f2 f i libucrt:output.obj
 0001:0000f601       ??$scratch_data@D@formatting_buffer@__crt_stdio_output@@QAEPADXZ 10010601 f i libucrt:output.obj
 0001:0000f61f       ??$type_case_integer@$07@?$output_processor@DV?$stream_output_adapter@D@__crt_stdio_output@@V?$standard_base@DV?$stream_output_adapter@D@__crt_stdio_output@@@2@@__crt_stdio_output@@AAE_N_N@Z 1001061f f i libucrt:output.obj
 0001:0000f61f       ??$type_case_integer@$07@?$output_processor@DV?$string_output_adapter@D@__crt_stdio_output@@V?$standard_base@DV?$string_output_adapter@D@__crt_stdio_output@@@2@@__crt_stdio_output@@AAE_N_N@Z 1001061f f i libucrt:output.obj
 0001:0000f79c       ??$type_case_integer@$09@?$output_processor@DV?$stream_output_adapter@D@__crt_stdio_output@@V?$standard_base@DV?$stream_output_adapter@D@__crt_stdio_output@@@2@@__crt_stdio_output@@AAE_N_N@Z 1001079c f i libucrt:output.obj
 0001:0000f79c       ??$type_case_integer@$09@?$output_processor@DV?$string_output_adapter@D@__crt_stdio_output@@V?$standard_base@DV?$string_output_adapter@D@__crt_stdio_output@@@2@@__crt_stdio_output@@AAE_N_N@Z 1001079c f i libucrt:output.obj
 0001:0000f919       ??$type_case_integer@$0BA@@?$output_processor@DV?$stream_output_adapter@D@__crt_stdio_output@@V?$standard_base@DV?$stream_output_adapter@D@__crt_stdio_output@@@2@@__crt_stdio_output@@AAE_N_N@Z 10010919 f i libucrt:output.obj
 0001:0000f919       ??$type_case_integer@$0BA@@?$output_processor@DV?$string_output_adapter@D@__crt_stdio_output@@V?$standard_base@DV?$string_output_adapter@D@__crt_stdio_output@@@2@@__crt_stdio_output@@AAE_N_N@Z 10010919 f i libucrt:output.obj
 0001:0000fa96       ??$type_case_integer_parse_into_buffer@I$07@?$output_processor@DV?$stream_output_adapter@D@__crt_stdio_output@@V?$standard_base@DV?$stream_output_adapter@D@__crt_stdio_output@@@2@@__crt_stdio_output@@AAEXI_N@Z 10010a96 f i libucrt:output.obj
 0001:0000fa96       ??$type_case_integer_parse_into_buffer@I$07@?$output_processor@DV?$string_output_adapter@D@__crt_stdio_output@@V?$standard_base@DV?$string_output_adapter@D@__crt_stdio_output@@@2@@__crt_stdio_output@@AAEXI_N@Z 10010a96 f i libucrt:output.obj
 0001:0000fb00       ??$type_case_integer_parse_into_buffer@I$09@?$output_processor@DV?$stream_output_adapter@D@__crt_stdio_output@@V?$standard_base@DV?$stream_output_adapter@D@__crt_stdio_output@@@2@@__crt_stdio_output@@AAEXI_N@Z 10010b00 f i libucrt:output.obj
 0001:0000fb00       ??$type_case_integer_parse_into_buffer@I$09@?$output_processor@DV?$string_output_adapter@D@__crt_stdio_output@@V?$standard_base@DV?$string_output_adapter@D@__crt_stdio_output@@@2@@__crt_stdio_output@@AAEXI_N@Z 10010b00 f i libucrt:output.obj
 0001:0000fb7a       ??$type_case_integer_parse_into_buffer@I$0BA@@?$output_processor@DV?$stream_output_adapter@D@__crt_stdio_output@@V?$standard_base@DV?$stream_output_adapter@D@__crt_stdio_output@@@2@@__crt_stdio_output@@AAEXI_N@Z 10010b7a f i libucrt:output.obj
 0001:0000fb7a       ??$type_case_integer_parse_into_buffer@I$0BA@@?$output_processor@DV?$string_output_adapter@D@__crt_stdio_output@@V?$standard_base@DV?$string_output_adapter@D@__crt_stdio_output@@@2@@__crt_stdio_output@@AAEXI_N@Z 10010b7a f i libucrt:output.obj
 0001:0000fc02       ??$type_case_integer_parse_into_buffer@_K$07@?$output_processor@DV?$stream_output_adapter@D@__crt_stdio_output@@V?$standard_base@DV?$stream_output_adapter@D@__crt_stdio_output@@@2@@__crt_stdio_output@@AAEX_K_N@Z 10010c02 f i libucrt:output.obj
 0001:0000fc02       ??$type_case_integer_parse_into_buffer@_K$07@?$output_processor@DV?$string_output_adapter@D@__crt_stdio_output@@V?$standard_base@DV?$string_output_adapter@D@__crt_stdio_output@@@2@@__crt_stdio_output@@AAEX_K_N@Z 10010c02 f i libucrt:output.obj
 0001:0000fc7a       ??$type_case_integer_parse_into_buffer@_K$09@?$output_processor@DV?$stream_output_adapter@D@__crt_stdio_output@@V?$standard_base@DV?$stream_output_adapter@D@__crt_stdio_output@@@2@@__crt_stdio_output@@AAEX_K_N@Z 10010c7a f i libucrt:output.obj
 0001:0000fc7a       ??$type_case_integer_parse_into_buffer@_K$09@?$output_processor@DV?$string_output_adapter@D@__crt_stdio_output@@V?$standard_base@DV?$string_output_adapter@D@__crt_stdio_output@@@2@@__crt_stdio_output@@AAEX_K_N@Z 10010c7a f i libucrt:output.obj
 0001:0000fd16       ??$type_case_integer_parse_into_buffer@_K$0BA@@?$output_processor@DV?$stream_output_adapter@D@__crt_stdio_output@@V?$standard_base@DV?$stream_output_adapter@D@__crt_stdio_output@@@2@@__crt_stdio_output@@AAEX_K_N@Z 10010d16 f i libucrt:output.obj
 0001:0000fd16       ??$type_case_integer_parse_into_buffer@_K$0BA@@?$output_processor@DV?$string_output_adapter@D@__crt_stdio_output@@V?$standard_base@DV?$string_output_adapter@D@__crt_stdio_output@@@2@@__crt_stdio_output@@AAEX_K_N@Z 10010d16 f i libucrt:output.obj
 0001:0000fda8       ??0?$output_adapter_data@DV?$stream_output_adapter@D@__crt_stdio_output@@@__crt_stdio_output@@IAE@ABV?$stream_output_adapter@D@1@_KQBDAAV__crt_cached_ptd_host@@QAD@Z 10010da8 f i libucrt:output.obj
 0001:0000fda8       ??0?$output_adapter_data@DV?$string_output_adapter@D@__crt_stdio_output@@@__crt_stdio_output@@IAE@ABV?$string_output_adapter@D@1@_KQBDAAV__crt_cached_ptd_host@@QAD@Z 10010da8 f i libucrt:output.obj
 0001:0000fe10       ??0__crt_cached_ptd_host@@QAE@QAU__crt_locale_pointers@@@Z 10010e10 f i libucrt:output.obj
 0001:0000fe70       ??1__crt_cached_ptd_host@@QAE@XZ 10010e70 f i libucrt:output.obj
 0001:0000feac       ??1formatting_buffer@__crt_stdio_output@@QAE@XZ 10010eac f i libucrt:output.obj
 0001:0000fec6       ??4?$__crt_unique_heap_ptr@DU__crt_internal_free_policy@@@@QAEAAV0@$$QAV0@@Z 10010ec6 f i libucrt:output.obj
 0001:0000ff86       ?crop_zeroes@__crt_stdio_output@@YAXPADQAU__crt_locale_pointers@@@Z 10010f86 f i libucrt:output.obj
 0001:0000ffe6       ?find_next_state@?$output_processor@DV?$stream_output_adapter@D@__crt_stdio_output@@V?$standard_base@DV?$stream_output_adapter@D@__crt_stdio_output@@@2@@__crt_stdio_output@@ABE?AW4state@2@DW432@@Z 10010fe6 f i libucrt:output.obj
 0001:0000ffe6       ?find_next_state@?$output_processor@DV?$string_output_adapter@D@__crt_stdio_output@@V?$standard_base@DV?$string_output_adapter@D@__crt_stdio_output@@@2@@__crt_stdio_output@@ABE?AW4state@2@DW432@@Z 10010fe6 f i libucrt:output.obj
 0001:00010021       ?force_decimal_point@__crt_stdio_output@@YAXPADQAU__crt_locale_pointers@@@Z 10011021 f i libucrt:output.obj
 0001:00010080       ?force_synchronize_per_thread_data@__crt_cached_ptd_host@@AAEPAU__acrt_ptd@@XZ 10011080 f i libucrt:output.obj
 0001:000100d0       ?get_raw_ptd@__crt_cached_ptd_host@@QAEPAU__acrt_ptd@@XZ 100110d0 f i libucrt:output.obj
 0001:0001012c       ?parse_int_from_format_string@?$output_processor@DV?$stream_output_adapter@D@__crt_stdio_output@@V?$standard_base@DV?$stream_output_adapter@D@__crt_stdio_output@@@2@@__crt_stdio_output@@AAE_NQAH@Z 1001112c f i libucrt:output.obj
 0001:0001012c       ?parse_int_from_format_string@?$output_processor@DV?$string_output_adapter@D@__crt_stdio_output@@V?$standard_base@DV?$string_output_adapter@D@__crt_stdio_output@@@2@@__crt_stdio_output@@AAE_NQAH@Z 1001112c f i libucrt:output.obj
 0001:000101a4       ?process@?$output_processor@DV?$stream_output_adapter@D@__crt_stdio_output@@V?$standard_base@DV?$stream_output_adapter@D@__crt_stdio_output@@@2@@__crt_stdio_output@@QAEHXZ 100111a4 f i libucrt:output.obj
 0001:00010450       ?process@?$output_processor@DV?$string_output_adapter@D@__crt_stdio_output@@V?$standard_base@DV?$string_output_adapter@D@__crt_stdio_output@@@2@@__crt_stdio_output@@QAEHXZ 10011450 f i libucrt:output.obj
 0001:00010724       ?state_case_size@?$output_processor@DV?$stream_output_adapter@D@__crt_stdio_output@@V?$standard_base@DV?$stream_output_adapter@D@__crt_stdio_output@@@2@@__crt_stdio_output@@AAE_NXZ 10011724 f i libucrt:output.obj
 0001:00010882       ?state_case_size@?$output_processor@DV?$string_output_adapter@D@__crt_stdio_output@@V?$standard_base@DV?$string_output_adapter@D@__crt_stdio_output@@@2@@__crt_stdio_output@@AAE_NXZ 10011882 f i libucrt:output.obj
 0001:000109e0       ?state_case_type@?$output_processor@DV?$stream_output_adapter@D@__crt_stdio_output@@V?$standard_base@DV?$stream_output_adapter@D@__crt_stdio_output@@@2@@__crt_stdio_output@@AAE_NXZ 100119e0 f i libucrt:output.obj
 0001:00010d28       ?state_case_type@?$output_processor@DV?$string_output_adapter@D@__crt_stdio_output@@V?$standard_base@DV?$string_output_adapter@D@__crt_stdio_output@@@2@@__crt_stdio_output@@AAE_NXZ 10011d28 f i libucrt:output.obj
 0001:000110b6       ?to_integer_size@__crt_stdio_output@@YAIW4length_modifier@1@@Z 100120b6 f i libucrt:output.obj
 0001:0001110a       ?type_case_Z@?$output_processor@DV?$stream_output_adapter@D@__crt_stdio_output@@V?$standard_base@DV?$stream_output_adapter@D@__crt_stdio_output@@@2@@__crt_stdio_output@@AAE_NXZ 1001210a f i libucrt:output.obj
 0001:0001110a       ?type_case_Z@?$output_processor@DV?$string_output_adapter@D@__crt_stdio_output@@V?$standard_base@DV?$string_output_adapter@D@__crt_stdio_output@@@2@@__crt_stdio_output@@AAE_NXZ 1001210a f i libucrt:output.obj
 0001:00011164       ?type_case_a@?$output_processor@DV?$stream_output_adapter@D@__crt_stdio_output@@V?$standard_base@DV?$stream_output_adapter@D@__crt_stdio_output@@@2@@__crt_stdio_output@@AAE_NXZ 10012164 f i libucrt:output.obj
 0001:00011164       ?type_case_a@?$output_processor@DV?$string_output_adapter@D@__crt_stdio_output@@V?$standard_base@DV?$string_output_adapter@D@__crt_stdio_output@@@2@@__crt_stdio_output@@AAE_NXZ 10012164 f i libucrt:output.obj
 0001:000112ee       ?type_case_c_tchar@?$output_processor@DV?$stream_output_adapter@D@__crt_stdio_output@@V?$standard_base@DV?$stream_output_adapter@D@__crt_stdio_output@@@2@@__crt_stdio_output@@AAE_ND@Z 100122ee f i libucrt:output.obj
 0001:000112ee       ?type_case_c_tchar@?$output_processor@DV?$string_output_adapter@D@__crt_stdio_output@@V?$standard_base@DV?$string_output_adapter@D@__crt_stdio_output@@@2@@__crt_stdio_output@@AAE_ND@Z 100122ee f i libucrt:output.obj
 0001:00011383       ?type_case_n@?$output_processor@DV?$stream_output_adapter@D@__crt_stdio_output@@V?$standard_base@DV?$stream_output_adapter@D@__crt_stdio_output@@@2@@__crt_stdio_output@@AAE_NXZ 10012383 f i libucrt:output.obj
 0001:00011383       ?type_case_n@?$output_processor@DV?$string_output_adapter@D@__crt_stdio_output@@V?$standard_base@DV?$string_output_adapter@D@__crt_stdio_output@@@2@@__crt_stdio_output@@AAE_NXZ 10012383 f i libucrt:output.obj
 0001:00011407       ?type_case_o@?$output_processor@DV?$stream_output_adapter@D@__crt_stdio_output@@V?$standard_base@DV?$stream_output_adapter@D@__crt_stdio_output@@@2@@__crt_stdio_output@@AAE_NXZ 10012407 f i libucrt:output.obj
 0001:00011407       ?type_case_o@?$output_processor@DV?$string_output_adapter@D@__crt_stdio_output@@V?$standard_base@DV?$string_output_adapter@D@__crt_stdio_output@@@2@@__crt_stdio_output@@AAE_NXZ 10012407 f i libucrt:output.obj
 0001:00011424       ?type_case_p@?$output_processor@DV?$stream_output_adapter@D@__crt_stdio_output@@V?$standard_base@DV?$stream_output_adapter@D@__crt_stdio_output@@@2@@__crt_stdio_output@@AAE_NXZ 10012424 f i libucrt:output.obj
 0001:00011424       ?type_case_p@?$output_processor@DV?$string_output_adapter@D@__crt_stdio_output@@V?$standard_base@DV?$string_output_adapter@D@__crt_stdio_output@@@2@@__crt_stdio_output@@AAE_NXZ 10012424 f i libucrt:output.obj
 0001:0001143a       ?type_case_s@?$output_processor@DV?$stream_output_adapter@D@__crt_stdio_output@@V?$standard_base@DV?$stream_output_adapter@D@__crt_stdio_output@@@2@@__crt_stdio_output@@AAE_NXZ 1001243a f i libucrt:output.obj
 0001:0001143a       ?type_case_s@?$output_processor@DV?$string_output_adapter@D@__crt_stdio_output@@V?$standard_base@DV?$string_output_adapter@D@__crt_stdio_output@@@2@@__crt_stdio_output@@AAE_NXZ 1001243a f i libucrt:output.obj
 0001:000114ab       ?unget@?$c_string_character_source@D@__crt_strtox@@QAEXD@Z 100124ab f i libucrt:output.obj
 0001:000114e0       ?update_locale_slow@__crt_cached_ptd_host@@AAEXXZ 100124e0 f i libucrt:output.obj
 0001:0001153b       ?validate@?$c_string_character_source@D@__crt_strtox@@QBE_NXZ 1001253b f i libucrt:output.obj
 0001:00011556       ?validate@?$stream_output_adapter@D@__crt_stdio_output@@QBE_NAAV__crt_cached_ptd_host@@@Z 10012556 f i libucrt:output.obj
 0001:0001158e       ?validate@?$string_output_adapter@D@__crt_stdio_output@@QBE_NAAV__crt_cached_ptd_host@@@Z 1001258e f i libucrt:output.obj
 0001:000115bf       ?validate_stream_is_ansi_if_required@?$__acrt_stdio_char_traits@D@@SA_NQAU_iobuf@@@Z 100125bf f i libucrt:output.obj
 0001:00011646       ?write_character@?$output_adapter_common@DV?$stream_output_adapter@D@__crt_stdio_output@@@__crt_stdio_output@@QBEXDQAHAAV__crt_cached_ptd_host@@@Z 10012646 f i libucrt:output.obj
 0001:00011668       ?write_character_without_count_update@?$stream_output_adapter@D@__crt_stdio_output@@QBE_NDAAV__crt_cached_ptd_host@@@Z 10012668 f i libucrt:output.obj
 0001:000116a2       ?write_string@?$stream_output_adapter@D@__crt_stdio_output@@QBEXQBDHQAHAAV__crt_cached_ptd_host@@@Z 100126a2 f i libucrt:output.obj
 0001:000116ce       ?write_string@?$string_output_adapter@D@__crt_stdio_output@@QBEXQBDHQAHAAV__crt_cached_ptd_host@@@Z 100126ce f i libucrt:output.obj
 0001:00011735       ?write_string_impl@?$output_adapter_common@DV?$stream_output_adapter@D@__crt_stdio_output@@@__crt_stdio_output@@IBEXQBDHQAHAAV__crt_cached_ptd_host@@@Z 10012735 f i libucrt:output.obj
 0001:000117b4       ___acrt_locale_get_ctype_array_value 100127b4 f i libucrt:output.obj
 0001:000117d6       ___stdio_common_vfprintf   100127d6 f   libucrt:output.obj
 0001:0001187a       ___stdio_common_vsprintf   1001287a f   libucrt:output.obj
 0001:000118bb       _malloc                    100128bb f   libucrt:malloc.obj
 0001:000118c6       ?check_synchronize_global_state_index@__crt_cached_ptd_host@@AAEIXZ 100128c6 f i libucrt:invalid_parameter.obj
 0001:000118ef       ___acrt_call_reportfault   100128ef f   libucrt:invalid_parameter.obj
 0001:00011a28       ___acrt_initialize_invalid_parameter_handler 10012a28 f   libucrt:invalid_parameter.obj
 0001:00011a37       __invalid_parameter        10012a37 f   libucrt:invalid_parameter.obj
 0001:00011a6e       __invalid_parameter_internal 10012a6e f   libucrt:invalid_parameter.obj
 0001:00011aeb       __invalid_parameter_noinfo 10012aeb f   libucrt:invalid_parameter.obj
 0001:00011afb       __invoke_watson            10012afb f   libucrt:invalid_parameter.obj
 0001:00011c54       _fclose                    10012c54 f   libucrt:fclose.obj
 0001:00011d3b       _fopen                     10012d3b f   libucrt:fopen.obj
 0001:00011d52       __fread_nolock_s           10012d52 f   libucrt:fread.obj
 0001:00011f38       _fread                     10012f38 f   libucrt:fread.obj
 0001:00011f55       _fread_s                   10012f55 f   libucrt:fread.obj
 0001:00012073       ?LongLongSub@@YAJ_J0PA_J@Z 10013073 f i libucrt:fseek.obj
 0001:0001234e       _fseek                     1001334e f   libucrt:fseek.obj
 0001:00012996       __ftelli64_nolock_internal 10013996 f   libucrt:ftell.obj
 0001:000129a1       _ftell                     100139a1 f   libucrt:ftell.obj
 0001:00012ab7       _rewind                    10013ab7 f   libucrt:rewind.obj
 0001:00012ae1       _free                      10013ae1 f   libucrt:free.obj
 0001:00012afc       ??$is_overflow_condition@_K@__crt_strtox@@YA_NI_K@Z 10013afc f i libucrt:atox.obj
 0001:00012b3d       ??$parse_integer@KV?$c_string_character_source@D@__crt_strtox@@$00@__crt_strtox@@YAKAAV__crt_cached_ptd_host@@V?$c_string_character_source@D@0@H_N@Z 10013b3d f i libucrt:atox.obj
 0001:00012d84       ??$parse_integer@_KV?$c_string_character_source@D@__crt_strtox@@$00@__crt_strtox@@YA_KAAV__crt_cached_ptd_host@@V?$c_string_character_source@D@0@H_N@Z 10013d84 f i libucrt:atox.obj
 0001:0001304c       __ischartype_l             1001404c f i libucrt:atox.obj
 0001:000130a3       _atoi                      100140a3 f   libucrt:atox.obj
 0001:0001313d       ??$assemble_floating_point_snan@N@__crt_strtox@@YAX_NAAN@Z 1001413d f i libucrt:input.obj
 0001:0001315e       ??$assemble_floating_point_value_t@M@__crt_strtox@@YA?AW4SLD_STATUS@@_NH_KAAM@Z 1001415e f i libucrt:input.obj
 0001:0001318e       ??$assemble_floating_point_value_t@N@__crt_strtox@@YA?AW4SLD_STATUS@@_NH_KAAN@Z 1001418e f i libucrt:input.obj
 0001:000131d0       ??$convert_decimal_string_to_floating_type@M@__crt_strtox@@YA?AW4SLD_STATUS@@ABUfloating_point_string@0@AAM@Z 100141d0 f i libucrt:input.obj
 0001:000131f1       ??$convert_decimal_string_to_floating_type@N@__crt_strtox@@YA?AW4SLD_STATUS@@ABUfloating_point_string@0@AAN@Z 100141f1 f i libucrt:input.obj
 0001:00013212       ??$convert_hexadecimal_string_to_floating_type@M@__crt_strtox@@YA?AW4SLD_STATUS@@ABUfloating_point_string@0@AAM@Z 10014212 f i libucrt:input.obj
 0001:00013233       ??$convert_hexadecimal_string_to_floating_type@N@__crt_strtox@@YA?AW4SLD_STATUS@@ABUfloating_point_string@0@AAN@Z 10014233 f i libucrt:input.obj
 0001:00013254       ??$make_input_adapter_character_source@V?$stream_input_adapter@D@__crt_stdio_input@@@__crt_strtox@@YA?AV?$input_adapter_character_source@V?$stream_input_adapter@D@__crt_stdio_input@@@0@QAV?$stream_input_adapter@D@__crt_stdio_input@@_KQA_N@Z 10014254 f i libucrt:input.obj
 0001:00013272       ??$parse_floating_point@V?$input_adapter_character_source@V?$stream_input_adapter@D@__crt_stdio_input@@@__crt_strtox@@M@__crt_strtox@@YA?AW4SLD_STATUS@@QAU__crt_locale_pointers@@V?$input_adapter_character_source@V?$stream_input_adapter@D@__crt_stdio_input@@@0@QAM@Z 10014272 f i libucrt:input.obj
 0001:000132fc       ??$parse_floating_point@V?$input_adapter_character_source@V?$stream_input_adapter@D@__crt_stdio_input@@@__crt_strtox@@N@__crt_strtox@@YA?AW4SLD_STATUS@@QAU__crt_locale_pointers@@V?$input_adapter_character_source@V?$stream_input_adapter@D@__crt_stdio_input@@@0@QAN@Z 100142fc f i libucrt:input.obj
 0001:00013386       ??$parse_floating_point_from_source@V?$input_adapter_character_source@V?$stream_input_adapter@D@__crt_stdio_input@@@__crt_strtox@@@__crt_strtox@@YA?AW4floating_point_parse_result@0@QAU__crt_locale_pointers@@AAV?$input_adapter_character_source@V?$stream_input_adapter@D@__crt_stdio_input@@@0@AAUfloating_point_string@0@@Z 10014386 f i libucrt:input.obj
 0001:000137d1       ??$parse_floating_point_possible_infinity@DV?$input_adapter_character_source@V?$stream_input_adapter@D@__crt_stdio_input@@@__crt_strtox@@_K@__crt_strtox@@YA?AW4floating_point_parse_result@0@AADAAV?$input_adapter_character_source@V?$stream_input_adapter@D@__crt_stdio_input@@@0@_K@Z 100147d1 f i libucrt:input.obj
 0001:00013890       ??$parse_floating_point_possible_nan@DV?$input_adapter_character_source@V?$stream_input_adapter@D@__crt_stdio_input@@@__crt_strtox@@_K@__crt_strtox@@YA?AW4floating_point_parse_result@0@AADAAV?$input_adapter_character_source@V?$stream_input_adapter@D@__crt_stdio_input@@@0@_K@Z 10014890 f i libucrt:input.obj
 0001:00013998       ??$parse_floating_point_possible_nan_is_ind@DV?$input_adapter_character_source@V?$stream_input_adapter@D@__crt_stdio_input@@@__crt_strtox@@@__crt_strtox@@YA_NAADAAV?$input_adapter_character_source@V?$stream_input_adapter@D@__crt_stdio_input@@@0@@Z 10014998 f i libucrt:input.obj
 0001:000139d2       ??$parse_floating_point_possible_nan_is_snan@DV?$input_adapter_character_source@V?$stream_input_adapter@D@__crt_stdio_input@@@__crt_strtox@@@__crt_strtox@@YA_NAADAAV?$input_adapter_character_source@V?$stream_input_adapter@D@__crt_stdio_input@@@0@@Z 100149d2 f i libucrt:input.obj
 0001:00013a0c       ??$parse_floating_point_write_result@M@__crt_strtox@@YA?AW4SLD_STATUS@@W4floating_point_parse_result@0@ABUfloating_point_string@0@QAM@Z 10014a0c f i libucrt:input.obj
 0001:00013b78       ??$parse_floating_point_write_result@N@__crt_strtox@@YA?AW4SLD_STATUS@@W4floating_point_parse_result@0@ABUfloating_point_string@0@QAN@Z 10014b78 f i libucrt:input.obj
 0001:00013c9c       ??$parse_integer@_KV?$input_adapter_character_source@V?$stream_input_adapter@D@__crt_stdio_input@@@__crt_strtox@@$00@__crt_strtox@@YA_KAAV__crt_cached_ptd_host@@V?$input_adapter_character_source@V?$stream_input_adapter@D@__crt_stdio_input@@@0@H_N@Z 10014c9c f i libucrt:input.obj
 0001:00013fa0       ??$parse_integer@_KV?$input_adapter_character_source@V?$stream_input_adapter@D@__crt_stdio_input@@@__crt_strtox@@@__crt_strtox@@YA_KQAU__crt_locale_pointers@@V?$input_adapter_character_source@V?$stream_input_adapter@D@__crt_stdio_input@@@0@H_N@Z 10014fa0 f i libucrt:input.obj
 0001:00013ffc       ??$process_floating_point_specifier_t@M@?$input_processor@DV?$stream_input_adapter@D@__crt_stdio_input@@@__crt_stdio_input@@AAE_NXZ 10014ffc f i libucrt:input.obj
 0001:00014065       ??$process_floating_point_specifier_t@N@?$input_processor@DV?$stream_input_adapter@D@__crt_stdio_input@@@__crt_stdio_input@@AAE_NXZ 10015065 f i libucrt:input.obj
 0001:000140ce       ??$process_string_specifier_tchar@D@?$input_processor@DV?$stream_input_adapter@D@__crt_stdio_input@@@__crt_stdio_input@@AAE_NW4conversion_mode@1@D@Z 100150ce f i libucrt:input.obj
 0001:00014245       ??$process_string_specifier_tchar@_W@?$input_processor@DV?$stream_input_adapter@D@__crt_stdio_input@@@__crt_stdio_input@@AAE_NW4conversion_mode@1@_W@Z 10015245 f i libucrt:input.obj
 0001:000143c8       ??$skip_whitespace@Vstream_input_adapter@__crt_stdio_input@@D@__crt_stdio_input@@YAHAAV?$stream_input_adapter@D@0@QAU__crt_locale_pointers@@@Z 100153c8 f i libucrt:input.obj
 0001:000143ff       ??$write_floating_point@M@?$input_processor@DV?$stream_input_adapter@D@__crt_stdio_input@@@__crt_stdio_input@@AAE_NABM@Z 100153ff f i libucrt:input.obj
 0001:00014433       ??$write_floating_point@N@?$input_processor@DV?$stream_input_adapter@D@__crt_stdio_input@@@__crt_stdio_input@@AAE_NABN@Z 10015433 f i libucrt:input.obj
 0001:0001446d       ??0?$format_string_parser@D@__crt_stdio_input@@QAE@_KQBE@Z 1001546d f i libucrt:input.obj
 0001:000144b7       ??0?$input_adapter_character_source@V?$stream_input_adapter@D@__crt_stdio_input@@@__crt_strtox@@QAE@$$QAV01@@Z 100154b7 f i libucrt:input.obj
 0001:000144f4       ??0?$input_adapter_character_source@V?$stream_input_adapter@D@__crt_stdio_input@@@__crt_strtox@@QAE@QAV?$stream_input_adapter@D@__crt_stdio_input@@_KQA_N@Z 100154f4 f i libucrt:input.obj
 0001:00014525       ??0?$input_processor@DV?$stream_input_adapter@D@__crt_stdio_input@@@__crt_stdio_input@@QAE@ABV?$stream_input_adapter@D@1@_KQBDQAU__crt_locale_pointers@@QAD@Z 10015525 f i libucrt:input.obj
 0001:0001456e       ??0_LocaleUpdate@@QAE@QAU__crt_locale_pointers@@@Z 1001556e f i libucrt:input.obj
 0001:000145f0       ??R<lambda_0b87716a0b73cdfba1cd37fcaaa20711>@@QBE_NXZ 100155f0 f i libucrt:input.obj
 0001:000145f0       ??R<lambda_c7c3f778895f47e7f4eff38a8fef279a>@@QBE_NXZ 100155f0 f i libucrt:input.obj
 0001:000145f0       ??R<lambda_e41f1170c8800e4a6fed1afad60fab6f>@@QBE_NXZ 100155f0 f i libucrt:input.obj
 0001:0001469a       ?advance@?$format_string_parser@D@__crt_stdio_input@@QAE_NXZ 1001569a f i libucrt:input.obj
 0001:000147b2       ?as_double@floating_point_value@__crt_strtox@@QBEAANXZ 100157b2 f i libucrt:input.obj
 0001:000147d7       ?as_float@floating_point_value@__crt_strtox@@QBEAAMXZ 100157d7 f i libucrt:input.obj
 0001:000147fc       ?assemble_floating_point_infinity@__crt_strtox@@YAX_NABVfloating_point_value@1@@Z 100157fc f i libucrt:input.obj
 0001:0001483c       ?assemble_floating_point_value@__crt_strtox@@YA?AW4SLD_STATUS@@_KH_N1ABVfloating_point_value@1@@Z 1001583c f i libucrt:input.obj
 0001:00014b8f       ?assemble_floating_point_value_from_big_integer@__crt_strtox@@YA?AW4SLD_STATUS@@ABUbig_integer@1@I_N1ABVfloating_point_value@1@@Z 10015b8f f i libucrt:input.obj
 0001:00014d21       ?assemble_floating_point_zero@__crt_strtox@@YAX_NABVfloating_point_value@1@@Z 10015d21 f i libucrt:input.obj
 0001:00014d56       ?convert_decimal_string_to_floating_type_common@__crt_strtox@@YA?AW4SLD_STATUS@@ABUfloating_point_string@1@ABVfloating_point_value@1@@Z 10015d56 f i libucrt:input.obj
 0001:00016a75       ?convert_hexadecimal_string_to_floating_type_common@__crt_strtox@@YA?AW4SLD_STATUS@@ABUfloating_point_string@1@ABVfloating_point_value@1@@Z 10017a75 f i libucrt:input.obj
 0001:00016b1b       ?denormal_mantissa_mask@floating_point_value@__crt_strtox@@QBE_KXZ 10017b1b f i libucrt:input.obj
 0001:00016b40       ?divide@__crt_strtox@@YA_KAAUbig_integer@1@ABU21@@Z 10017b40 f i libucrt:input.obj
 0001:00016fc8       ?get@?$input_adapter_character_source@V?$stream_input_adapter@D@__crt_stdio_input@@@__crt_strtox@@QAEDXZ 10017fc8 f i libucrt:input.obj
 0001:00017007       ?is_character_allowed_in_string@?$input_processor@DV?$stream_input_adapter@D@__crt_stdio_input@@@__crt_stdio_input@@ABE_NW4conversion_mode@2@H@Z 10018007 f i libucrt:input.obj
 0001:00017057       ?length@?$format_string_parser@D@__crt_stdio_input@@QBEIXZ 10018057 f i libucrt:input.obj
 0001:00017098       ?normal_mantissa_mask@floating_point_value@__crt_strtox@@QBE_KXZ 10018098 f i libucrt:input.obj
 0001:000170af       ?process@?$input_processor@DV?$stream_input_adapter@D@__crt_stdio_input@@@__crt_stdio_input@@QAEHXZ 100180af f i libucrt:input.obj
 0001:0001713a       ?process_character_count_specifier@?$input_processor@DV?$stream_input_adapter@D@__crt_stdio_input@@@__crt_stdio_input@@AAE_NXZ 1001813a f i libucrt:input.obj
 0001:0001714e       ?process_conversion_specifier@?$input_processor@DV?$stream_input_adapter@D@__crt_stdio_input@@@__crt_stdio_input@@AAE_NXZ 1001814e f i libucrt:input.obj
 0001:000171c2       ?process_floating_point_specifier@?$input_processor@DV?$stream_input_adapter@D@__crt_stdio_input@@@__crt_stdio_input@@AAE_NXZ 100181c2 f i libucrt:input.obj
 0001:000171f2       ?process_integer_specifier@?$input_processor@DV?$stream_input_adapter@D@__crt_stdio_input@@@__crt_stdio_input@@AAE_NI_N@Z 100181f2 f i libucrt:input.obj
 0001:00017257       ?process_literal_character@?$input_processor@DV?$stream_input_adapter@D@__crt_stdio_input@@@__crt_stdio_input@@AAE_NXZ 10018257 f i libucrt:input.obj
 0001:0001728d       ?process_literal_character_tchar@?$input_processor@DV?$stream_input_adapter@D@__crt_stdio_input@@@__crt_stdio_input@@AAE_ND@Z 1001828d f i libucrt:input.obj
 0001:000172e4       ?process_state@?$input_processor@DV?$stream_input_adapter@D@__crt_stdio_input@@@__crt_stdio_input@@AAE_NXZ 100182e4 f i libucrt:input.obj
 0001:00017326       ?process_string_specifier@?$input_processor@DV?$stream_input_adapter@D@__crt_stdio_input@@@__crt_stdio_input@@AAE_NW4conversion_mode@2@@Z 10018326 f i libucrt:input.obj
 0001:0001736e       ?process_whitespace@?$input_processor@DV?$stream_input_adapter@D@__crt_stdio_input@@@__crt_stdio_input@@AAE_NXZ 1001836e f i libucrt:input.obj
 0001:0001738b       ?restore_state@?$input_adapter_character_source@V?$stream_input_adapter@D@__crt_stdio_input@@@__crt_strtox@@QAE_N_K@Z 1001838b f i libucrt:input.obj
 0001:000173b0       ?scan_conversion_specifier@?$format_string_parser@D@__crt_stdio_input@@AAE_NXZ 100183b0 f i libucrt:input.obj
 0001:0001751b       ?scan_optional_field_width@?$format_string_parser@D@__crt_stdio_input@@AAE_NXZ 1001851b f i libucrt:input.obj
 0001:000175af       ?scan_optional_length_modifier@?$format_string_parser@D@__crt_stdio_input@@AAEXXZ 100185af f i libucrt:input.obj
 0001:000176c2       ?scan_optional_literal_character_trail_bytes_tchar@?$format_string_parser@D@__crt_stdio_input@@AAE_ND@Z 100186c2 f i libucrt:input.obj
 0001:00017714       ?scan_optional_wide_modifier@?$format_string_parser@D@__crt_stdio_input@@AAEXXZ 10018714 f i libucrt:input.obj
 0001:00017732       ?scan_scanset_range@?$format_string_parser@D@__crt_stdio_input@@AAE_NXZ 10018732 f i libucrt:input.obj
 0001:00017873       ?set_wide_for_c_s_or_scanset@?$format_string_parser@D@__crt_stdio_input@@AAEXXZ 10018873 f i libucrt:input.obj
 0001:00017894       ?to_floating_point_length@__crt_stdio_input@@YAIW4length_modifier@1@@Z 10018894 f i libucrt:input.obj
 0001:000178b7       ?to_integer_length@__crt_stdio_input@@YAIW4length_modifier@1@@Z 100188b7 f i libucrt:input.obj
 0001:0001790a       ?unget@?$input_adapter_character_source@V?$stream_input_adapter@D@__crt_stdio_input@@@__crt_strtox@@QAEXD@Z 1001890a f i libucrt:input.obj
 0001:00017951       ?unget@?$stream_input_adapter@D@__crt_stdio_input@@QAEXH@Z 10018951 f i libucrt:input.obj
 0001:0001796f       ?validate@?$format_string_parser@D@__crt_stdio_input@@QBE_NXZ 1001896f f i libucrt:input.obj
 0001:0001798b       ?validate@?$input_adapter_character_source@V?$stream_input_adapter@D@__crt_stdio_input@@@__crt_strtox@@QBE_NXZ 1001898b f i libucrt:input.obj
 0001:000179ac       ?validate@?$stream_input_adapter@D@__crt_stdio_input@@QBE_NXZ 100189ac f i libucrt:input.obj
 0001:000179cd       ?write_character@?$input_processor@DV?$stream_input_adapter@D@__crt_stdio_input@@@__crt_stdio_input@@AAE_NQA_WIAAPA_WAAID@Z 100189cd f i libucrt:input.obj
 0001:00017a43       ?write_integer@?$input_processor@DV?$stream_input_adapter@D@__crt_stdio_input@@@__crt_stdio_input@@AAE_N_K@Z 10018a43 f i libucrt:input.obj
 0001:00017ab1       ___stdio_common_vfscanf    10018ab1 f   libucrt:input.obj
 0001:00017b9a       ??$parse_floating_point@V?$c_string_character_source@D@__crt_strtox@@N@__crt_strtox@@YA?AW4SLD_STATUS@@QAU__crt_locale_pointers@@V?$c_string_character_source@D@0@QAN@Z 10018b9a f i libucrt:atof.obj
 0001:00017c1a       ??$parse_floating_point_from_source@V?$c_string_character_source@D@__crt_strtox@@@__crt_strtox@@YA?AW4floating_point_parse_result@0@QAU__crt_locale_pointers@@AAV?$c_string_character_source@D@0@AAUfloating_point_string@0@@Z 10018c1a f i libucrt:atof.obj
 0001:00018012       ??$parse_floating_point_possible_infinity@DV?$c_string_character_source@D@__crt_strtox@@PBD@__crt_strtox@@YA?AW4floating_point_parse_result@0@AADAAV?$c_string_character_source@D@0@PBD@Z 10019012 f i libucrt:atof.obj
 0001:000180c5       ??$parse_floating_point_possible_nan@DV?$c_string_character_source@D@__crt_strtox@@PBD@__crt_strtox@@YA?AW4floating_point_parse_result@0@AADAAV?$c_string_character_source@D@0@PBD@Z 100190c5 f i libucrt:atof.obj
 0001:000181c9       ??$parse_floating_point_possible_nan_is_ind@DV?$c_string_character_source@D@__crt_strtox@@@__crt_strtox@@YA_NAADAAV?$c_string_character_source@D@0@@Z 100191c9 f i libucrt:atof.obj
 0001:00018205       ??$parse_floating_point_possible_nan_is_snan@DV?$c_string_character_source@D@__crt_strtox@@@__crt_strtox@@YA_NAADAAV?$c_string_character_source@D@0@@Z 10019205 f i libucrt:atof.obj
 0001:00018241       ??R<lambda_32aa245da1b5b882fa96db788295c8b2>@@QBE_NXZ 10019241 f i libucrt:atof.obj
 0001:00018241       ??R<lambda_690cf26ff5d754c94c32cf642e9f01bc>@@QBE_NXZ 10019241 f i libucrt:atof.obj
 0001:00018241       ??R<lambda_e51f7abad2595a5950d3223319845217>@@QBE_NXZ 10019241 f i libucrt:atof.obj
 0001:00018267       _atof                      10019267 f   libucrt:atof.obj
 0001:0001827a       ??$__acrt_convert_wcs_mbs_cp@D_WV<lambda_62f6974d9771e494a5ea317cc32e971c>@@U__crt_win32_buffer_internal_dynamic_resizing@@@@YAHQBDAAV?$__crt_win32_buffer@_WU__crt_win32_buffer_internal_dynamic_resizing@@@@ABV<lambda_62f6974d9771e494a5ea317cc32e971c>@@I@Z 1001927a f i libucrt:access.obj
 0001:0001832c       ??$__acrt_mbs_to_wcs_cp@U__crt_win32_buffer_internal_dynamic_resizing@@@@YAHQBDAAV?$__crt_win32_buffer@_WU__crt_win32_buffer_internal_dynamic_resizing@@@@I@Z 1001932c f i libucrt:access.obj
 0001:00018349       ?__acrt_get_utf8_acp_compatibility_codepage@@YAIXZ 10019349 f i libucrt:access.obj
 0001:00018388       ?_deallocate@?$__crt_win32_buffer@DU__crt_win32_buffer_internal_dynamic_resizing@@@@AAEXXZ 10019388 f i libucrt:argv_wildcards.obj
 0001:00018388       ?_deallocate@?$__crt_win32_buffer@_WU__crt_win32_buffer_internal_dynamic_resizing@@@@AAEXXZ 10019388 f i libucrt:access.obj
 0001:000183a2       ?allocate@?$__crt_win32_buffer@_WU__crt_win32_buffer_internal_dynamic_resizing@@@@QAEHI@Z 100193a2 f i libucrt:access.obj
 0001:000183e1       ?allocate@__crt_win32_buffer_internal_dynamic_resizing@@SAHQAPAXIABV__crt_win32_buffer_empty_debug_info@@@Z 100193e1 f i libucrt:access.obj
 0001:00018400       __access                   10019400 f   libucrt:access.obj
 0001:00018418       __access_s                 10019418 f   libucrt:access.obj
 0001:0001848a       ___acrt_initialize_new_handler 1001948a f   libucrt:new_handler.obj
 0001:00018499       __callnewh                 10019499 f   libucrt:new_handler.obj
 0001:000184c6       __query_new_handler        100194c6 f   libucrt:new_handler.obj
 0001:00018522       __initterm                 10019522 f   libucrt:initterm.obj
 0001:0001854d       __initterm_e               1001954d f   libucrt:initterm.obj
 0001:0001857b       __seh_filter_dll           1001957b f   libucrt:exception_filter.obj
 0001:0001859b       __seh_filter_exe           1001959b f   libucrt:exception_filter.obj
 0001:000189c8       ___acrt_initialize_thread_local_exit_callback 100199c8 f   libucrt:exit.obj
 0001:000189d7       __cexit                    100199d7 f   libucrt:exit.obj
 0001:000189e6       __exit                     100199e6 f   libucrt:exit.obj
 0001:000189fc       __is_c_termination_complete 100199fc f   libucrt:exit.obj
 0001:00018cb4       ___acrt_allocate_buffer_for_argv 10019cb4 f   libucrt:argv_parsing.obj
 0001:00018d03       __configure_narrow_argv    10019d03 f   libucrt:argv_parsing.obj
 0001:00018eaf       ___dcrt_uninitialize_environments_nolock 10019eaf f   libucrt:environment_initialization.obj
 0001:00018f00       __initialize_narrow_environment 10019f00 f   libucrt:environment_initialization.obj
 0001:0001903a       __execute_onexit_table     1001a03a f   libucrt:onexit.obj
 0001:00019078       __initialize_onexit_table  1001a078 f   libucrt:onexit.obj
 0001:000190f1       ___acrt_uninitialize_command_line 1001a0f1 f   libucrt:argv_data.obj
 0001:00019171       ??$__crt_fast_encode_pointer@PAX@@YAPAXQAX@Z 1001a171 f i libucrt:initialization.obj
 0001:000191be       ___acrt_initialize         1001a1be f   libucrt:initialization.obj
 0001:000191d0       ___acrt_thread_attach      1001a1d0 f   libucrt:initialization.obj
 0001:000191db       ___acrt_thread_detach      1001a1db f   libucrt:initialization.obj
 0001:000191e3       ___acrt_uninitialize       1001a1e3 f   libucrt:initialization.obj
 0001:00019213       ___acrt_uninitialize_critical 1001a213 f   libucrt:initialization.obj
 0001:00019225       _terminate                 1001a225 f   libucrt:terminate.obj
 0001:00019261       _abort                     1001a261 f   libucrt:abort.obj
 0001:000192a5       _calloc                    1001a2a5 f   libucrt:calloc.obj
 0001:000192b0       _strncmp                   1001a2b0 f   libucrt:strncmp.obj
 0001:00019328       _wcsncmp                   1001a328 f   libucrt:wcsncmp.obj
 0001:00019362       ___acrt_errno_from_os_error 1001a362 f   libucrt:errno.obj
 0001:000193a5       ___acrt_errno_map_os_error 1001a3a5 f   libucrt:errno.obj
 0001:000193c8       ___acrt_errno_map_os_error_ptd 1001a3c8 f   libucrt:errno.obj
 0001:000193ec       ___doserrno                1001a3ec f   libucrt:errno.obj
 0001:000193ff       __errno                    1001a3ff f   libucrt:errno.obj
 0001:00019412       __free_base                1001a412 f   libucrt:free_base.obj
 0001:0001944c       __malloc_base              1001a44c f   libucrt:malloc_base.obj
 0001:0001949a       _strnlen                   1001a49a f   libucrt:strnlen.obj
 0001:000195bc       _wcsnlen                   1001a5bc f   libucrt:strnlen.obj
 0001:0001976c       ___acrt_update_locale_info 1001a76c f   libucrt:locale_update.obj
 0001:00019799       ___acrt_update_locale_info_explicit 1001a799 f   libucrt:locale_update.obj
 0001:000197ca       ___acrt_update_multibyte_info 1001a7ca f   libucrt:locale_update.obj
 0001:000197f7       ___acrt_update_multibyte_info_explicit 1001a7f7 f   libucrt:locale_update.obj
 0001:00019828       ?__acrt_fp_classify@@YA?AW4__acrt_fp_class@@ABN@Z 1001a828 f i libucrt:cvt.obj
 0001:0001a1f1       ___acrt_fp_format          1001b1f1 f   libucrt:cvt.obj
 0001:0001a372       __wctomb_internal          1001b372 f   libucrt:wctomb.obj
 0001:0001a4dc       __mbtowc_internal          1001b4dc f   libucrt:mbtowc.obj
 0001:0001a60f       __mbtowc_l                 1001b60f f   libucrt:mbtowc.obj
 0001:0001a647       __fileno                   1001b647 f   libucrt:fileno.obj
 0001:0001a66e       ___acrt_initialize_stdio   1001b66e f   libucrt:_file.obj
 0001:0001a736       ___acrt_iob_func           1001b736 f   libucrt:_file.obj
 0001:0001a746       ___acrt_uninitialize_stdio 1001b746 f   libucrt:_file.obj
 0001:0001a792       __lock_file                1001b792 f   libucrt:_file.obj
 0001:0001a7a6       __unlock_file              1001b7a6 f   libucrt:_file.obj
 0001:0001a7ba       __get_printf_count_output  1001b7ba f   libucrt:printf_count_output.obj
 0001:0001a7cf       __fputc_nolock_internal    1001b7cf f   libucrt:fputc.obj
 0001:0001a7fc       ___acrt_should_use_temporary_buffer 1001b7fc f   libucrt:_sftbuf.obj
 0001:0001a837       ___acrt_stdio_begin_temporary_buffering_nolock 1001b837 f   libucrt:_sftbuf.obj
 0001:0001a8e3       ___acrt_stdio_end_temporary_buffering_nolock 1001b8e3 f   libucrt:_sftbuf.obj
 0001:0001ac5f       ___acrt_freeptd            1001bc5f f   libucrt:per_thread_data.obj
 0001:0001ac8b       ___acrt_getptd             1001bc8b f   libucrt:per_thread_data.obj
 0001:0001ad46       ___acrt_getptd_head        1001bd46 f   libucrt:per_thread_data.obj
 0001:0001addc       ___acrt_getptd_noexit      1001bddc f   libucrt:per_thread_data.obj
 0001:0001ae8d       ___acrt_getptd_noexit_explicit 1001be8d f   libucrt:per_thread_data.obj
 0001:0001af30       ___acrt_initialize_ptd     1001bf30 f   libucrt:per_thread_data.obj
 0001:0001af5c       ___acrt_uninitialize_ptd   1001bf5c f   libucrt:per_thread_data.obj
 0001:0001afe4       ___acrt_set_locale_changed 1001bfe4 f   libucrt:wsetlocale.obj
 0001:0001afef       ___acrt_uninitialize_locale 1001bfef f   libucrt:wsetlocale.obj
 0001:0001b17c       ___acrt_initialize_lowio   1001c17c f   libucrt:ioinit.obj
 0001:0001b1dc       ___acrt_uninitialize_lowio 1001c1dc f   libucrt:ioinit.obj
 0001:0001b299       __close_internal           1001c299 f   libucrt:close.obj
 0001:0001b33c       __close_nolock             1001c33c f   libucrt:close.obj
 0001:0001b36c       __close_nolock_internal    1001c36c f   libucrt:close.obj
 0001:0001b40c       ?__acrt_stdio_allocate_stream@@YA?AV__crt_stdio_stream@@XZ 1001c40c f   libucrt:stream.obj
 0001:0001b475       ?__acrt_stdio_free_stream@@YAXV__crt_stdio_stream@@@Z 1001c475 f   libucrt:stream.obj
 0001:0001b572       ___acrt_stdio_free_buffer_nolock 1001c572 f   libucrt:_freebuf.obj
 0001:0001b78f       ___acrt_stdio_flush_nolock 1001c78f f   libucrt:fflush.obj
 0001:0001b7f8       __fflush_nolock            1001c7f8 f   libucrt:fflush.obj
 0001:0001b85d       __flushall                 1001c85d f   libucrt:fflush.obj
 0001:0001b866       ??$__acrt_stdio_parse_mode@D@@YA?AU__acrt_stdio_stream_mode@@QBD@Z 1001c866 f i libucrt:openfile.obj
 0001:0001bb13       ?__acrt_stdio_parse_mode_D@@YA_NAAU__acrt_stdio_stream_mode@@@Z 1001cb13 f i libucrt:openfile.obj
 0001:0001bb2e       ?__acrt_stdio_parse_mode_T@@YA_NAAU__acrt_stdio_stream_mode@@@Z 1001cb2e f i libucrt:openfile.obj
 0001:0001bb4d       ?__acrt_stdio_parse_mode_b@@YA_NAAU__acrt_stdio_stream_mode@@@Z 1001cb4d f i libucrt:openfile.obj
 0001:0001bb6d       ?__acrt_stdio_parse_mode_c@@YA_NAAU__acrt_stdio_stream_mode@@AA_N@Z 1001cb6d f i libucrt:openfile.obj
 0001:0001bb8f       ?__acrt_stdio_parse_mode_n@@YA_NAAU__acrt_stdio_stream_mode@@AA_N@Z 1001cb8f f i libucrt:openfile.obj
 0001:0001bbb1       ?__acrt_stdio_parse_mode_plus@@YA_NAAU__acrt_stdio_stream_mode@@AA_N@Z 1001cbb1 f i libucrt:openfile.obj
 0001:0001bbe7       ?__acrt_stdio_parse_mode_t@@YA_NAAU__acrt_stdio_stream_mode@@@Z 1001cbe7 f i libucrt:openfile.obj
 0001:0001bc07       ?__acrt_stdio_parse_mode_x@@YA_NAAU__acrt_stdio_stream_mode@@@Z 1001cc07 f i libucrt:openfile.obj
 0001:0001bc27       __openfile                 1001cc27 f   libucrt:openfile.obj
 0001:0001c0f8       __read                     1001d0f8 f   libucrt:read.obj
 0001:0001c20c       __read_nolock              1001d20c f   libucrt:read.obj
 0001:0001c73a       ___acrt_stdio_refill_and_read_narrow_nolock 1001d73a f   libucrt:_filbuf.obj
 0001:0001cadc       __lseek_internal           1001dadc f   libucrt:lseek.obj
 0001:0001cae7       __lseeki64                 1001dae7 f   libucrt:lseek.obj
 0001:0001cb27       __lseeki64_internal        1001db27 f   libucrt:lseek.obj
 0001:0001cb45       __lseeki64_nolock          1001db45 f   libucrt:lseek.obj
 0001:0001cb85       __lseeki64_nolock_internal 1001db85 f   libucrt:lseek.obj
 0001:0001cba3       ___pctype_func             1001dba3 f   libucrt:ctype.obj
 0001:0001cbc7       __isctype_l                1001dbc7 f   libucrt:isctype.obj
 0001:0001cca0       _isspace                   1001dca0 f   libucrt:_ctype.obj
 0001:0001cd24       __calloc_base              1001dd24 f   libucrt:calloc_base.obj
 0001:0001cd81       _strtoull                  1001dd81 f   libucrt:strtox.obj
 0001:0001cdcd       __fgetc_nolock             1001ddcd f   libucrt:fgetc.obj
 0001:0001ce09       __getc_nolock              1001de09 f   libucrt:fgetc.obj
 0001:0001ce14       __ungetc_nolock            1001de14 f   libucrt:ungetc.obj
 0001:0001cf0d       _fegetround                1001df0d f   libucrt:fegetround.obj
 0001:0001cf1a       ___acrt_MultiByteToWideChar 1001df1a f   libucrt:multibytetowidechar.obj
 0001:0001d135       ___acrt_AppPolicyGetProcessTerminationMethodInternal@4 1001e135 f   libucrt:winapi_thunks.obj
 0001:0001d175       ___acrt_AreFileApisANSI@0  1001e175 f   libucrt:winapi_thunks.obj
 0001:0001d194       ___acrt_FlsAlloc@4         1001e194 f   libucrt:winapi_thunks.obj
 0001:0001d1d3       ___acrt_FlsFree@4          1001e1d3 f   libucrt:winapi_thunks.obj
 0001:0001d212       ___acrt_FlsGetValue@4      1001e212 f   libucrt:winapi_thunks.obj
 0001:0001d251       ___acrt_FlsSetValue@8      1001e251 f   libucrt:winapi_thunks.obj
 0001:0001d293       ___acrt_InitializeCriticalSectionEx@12 1001e293 f   libucrt:winapi_thunks.obj
 0001:0001d2de       ___acrt_LCMapStringEx@36   1001e2de f   libucrt:winapi_thunks.obj
 0001:0001d33b       ___acrt_LocaleNameToLCID@8 1001e33b f   libucrt:winapi_thunks.obj
 0001:0001d36c       ___acrt_initialize_winapi_thunks 1001e36c f   libucrt:winapi_thunks.obj
 0001:0001d380       ___acrt_uninitialize_winapi_thunks 1001e380 f   libucrt:winapi_thunks.obj
 0001:0001d3b6       __waccess_s                1001e3b6 f   libucrt:waccess.obj
 0001:0001d474       ___acrt_initialize_locks   1001e474 f   libucrt:locks.obj
 0001:0001d4b5       ___acrt_lock               1001e4b5 f   libucrt:locks.obj
 0001:0001d4cc       ___acrt_uninitialize_locks 1001e4cc f   libucrt:locks.obj
 0001:0001d4fd       ___acrt_unlock             1001e4fd f   libucrt:locks.obj
 0001:0001d514       ___acrt_get_process_end_policy 1001e514 f   libucrt:win_policies.obj
 0001:0001d55d       ??$__acrt_convert_wcs_mbs_cp@_WDV<lambda_28bda7af82a03b66c1cb3803a755f95d>@@U__crt_win32_buffer_internal_dynamic_resizing@@@@YAHQB_WAAV?$__crt_win32_buffer@DU__crt_win32_buffer_internal_dynamic_resizing@@@@ABV<lambda_28bda7af82a03b66c1cb3803a755f95d>@@I@Z 1001e55d f i libucrt:argv_wildcards.obj
 0001:0001daff       ??R<lambda_0fec1a7b3f42a53036604e18c2d5e07e>@@QBEHIQB_WQADI@Z 1001eaff f i libucrt:getmodulefilenamea.obj
 0001:0001daff       ??R<lambda_28bda7af82a03b66c1cb3803a755f95d>@@QBEHIQB_WQADI@Z 1001eaff f i libucrt:argv_wildcards.obj
 0001:0001db23       ?allocate@?$__crt_win32_buffer@DU__crt_win32_buffer_internal_dynamic_resizing@@@@QAEHI@Z 1001eb23 f i libucrt:argv_wildcards.obj
 0001:0001dbe6       ___acrt_expand_narrow_argv_wildcards 1001ebe6 f   libucrt:argv_wildcards.obj
 0001:0001dbf1       ??$__acrt_convert_wcs_mbs_cp@_WDV<lambda_0fec1a7b3f42a53036604e18c2d5e07e>@@U__crt_win32_buffer_no_resizing@@@@YAHQB_WAAV?$__crt_win32_buffer@DU__crt_win32_buffer_no_resizing@@@@ABV<lambda_0fec1a7b3f42a53036604e18c2d5e07e>@@I@Z 1001ebf1 f i libucrt:getmodulefilenamea.obj
 0001:0001dcb3       ?allocate@?$__crt_win32_buffer@DU__crt_win32_buffer_no_resizing@@@@QAEHI@Z 1001ecb3 f i libucrt:getmodulefilenamea.obj
 0001:0001dcda       ?set_to_nullptr@?$__crt_win32_buffer@DU__crt_win32_buffer_no_resizing@@@@QAEXXZ 1001ecda f i libucrt:getmodulefilenamea.obj
 0001:0001dcee       ___acrt_GetModuleFileNameA 1001ecee f   libucrt:getmodulefilenamea.obj
 0001:0001e312       ___acrt_initialize_multibyte 1001f312 f   libucrt:mbctype.obj
[...]
 0002:00006ff2       _half                      1002eff2     libucrt:87tran.obj
 0002:0000703e       One                        1002f03e     libucrt:87disp.obj
 0002:00007046       Three                      1002f046     libucrt:87disp.obj
 0002:0000704e       XAMtoTagTab                1002f04e     libucrt:87disp.obj
 0002:00007060       One                        1002f060     libucrt:common.obj
 0002:00007074       DblMax                     1002f074     libucrt:common.obj
 0002:0000707c       DblMin                     1002f07c     libucrt:common.obj
 0002:00007084       IeeeAdjO                   1002f084     libucrt:common.obj
 0002:0000708c       IeeeAdjU                   1002f08c     libucrt:common.obj
 0002:00007094       _infinity                  1002f094     libucrt:common.obj
 0002:0000709c       _zero                      1002f09c     libucrt:common.obj
 0002:000070e0       _over                      1002f0e0     libucrt:fpctrl.obj
 0002:000070ec       _under                     1002f0ec     libucrt:fpctrl.obj
 0002:00007928       ?_names@?1??_get_fname@@9@4QBU<unnamed-type-_names>@?1??1@YAPADI@Z@B 1002f928     libucrt:fpexcept.obj
 0002:00007ad0       two32                      1002fad0     LIBCMT:ftol2.obj
 0002:00007ad4       two63                      1002fad4     LIBCMT:ftol2.obj
 0002:00007ad8       _NaN                       1002fad8     LIBCMT:ftol2.obj
 0002:000081c8       __sehtable$?dllmain_crt_process_attach@@YAHQAUHINSTANCE__@@QAX@Z 100301c8     LIBCMT:dll_dllmain.obj
 0002:000081e8       __sehtable$?dllmain_crt_process_detach@@YAH_N@Z 100301e8     LIBCMT:dll_dllmain.obj
 0002:00008210       __sehtable$?dllmain_dispatch@@YAHQAUHINSTANCE__@@KQAX@Z 10030210     LIBCMT:dll_dllmain.obj
 0002:00008230       __sehtable$___scrt_is_nonwritable_in_current_image 10030230     LIBCMT:utility.obj
 0002:00008250       __sehtable$___DestructExceptionObject 10030250     libvcruntime:ehhelpers.obj
 0002:00008270       __sehtable$?FrameUnwindToState@__FrameHandler3@@SAXPAUEHRegistrationNode@@PAXPBU_s_FuncInfo@@H@Z 10030270     libvcruntime:frame.obj
 0002:00008298       __sehtable$?CallCatchBlock@@YAPAXPAUEHExceptionRecord@@PAUEHRegistrationNode@@PAU_CONTEXT@@PBU_s_FuncInfo@@PAXHK@Z 10030298     libvcruntime:frame.obj
 0002:000082c0       __catchsym$?CallUnexpected@@YAXPBU_s_ESTypeList@@@Z$2 100302c0     libvcruntime:frame.obj
 0002:000082d0       __unwindtable$?CallUnexpected@@YAXPBU_s_ESTypeList@@@Z 100302d0     libvcruntime:frame.obj
 0002:000082e0       __tryblocktable$?CallUnexpected@@YAXPBU_s_ESTypeList@@@Z 100302e0     libvcruntime:frame.obj
 0002:000082f4       __ehfuncinfo$?CallUnexpected@@YAXPBU_s_ESTypeList@@@Z 100302f4     libvcruntime:frame.obj
 0002:00008318       __sehtable$??$BuildCatchObjectHelperInternal@V__FrameHandler3@@@@YAHPAUEHExceptionRecord@@PAXPBU_s_HandlerType@@PBU_s_CatchableType@@@Z 10030318     libvcruntime:frame.obj
 0002:00008338       __sehtable$??$BuildCatchObjectInternal@V__FrameHandler3@@@@YAXPAUEHExceptionRecord@@PAXPBU_s_HandlerType@@PBU_s_CatchableType@@@Z 10030338     libvcruntime:frame.obj
 0002:00008390       __sehtable$??$?RV<lambda_62491a2101a2aba6cc4a769149c84f1f>@@AAV<lambda_826c27fce7726908515bbc79a5266961>@@V<lambda_4e64bbd54b50a7b070e3ea8d795375b6>@@@?$__crt_seh_guarded_call@H@@QAEH$$QAV<lambda_62491a2101a2aba6cc4a769149c84f1f>@@AAV<lambda_826c27fce7726908515bbc79a5266961>@@$$QAV<lambda_4e64bbd54b50a7b070e3ea8d795375b6>@@@Z 10030390     libucrt:output.obj
 0002:000083b0       __sehtable$?_fclose_internal@@YAHQAU_iobuf@@AAV__crt_cached_ptd_host@@@Z 100303b0     libucrt:fclose.obj
 0002:000083d0       __sehtable$??$common_fsopen@D@@YAPAU_iobuf@@QBD0H@Z 100303d0     libucrt:fopen.obj
 0002:000083f0       __sehtable$_fread_s        100303f0     libucrt:fread.obj
 0002:00008410       __sehtable$?common_fseek@@YAHV__crt_stdio_stream@@_JHAAV__crt_cached_ptd_host@@@Z 10030410     libucrt:fseek.obj
 0002:00008430       __sehtable$??$common_ftell@J@@YAJV__crt_stdio_stream@@AAV__crt_cached_ptd_host@@@Z 10030430     libucrt:ftell.obj
 0002:00008450       __sehtable$?_rewind_internal@@YAXQAU_iobuf@@AAV__crt_cached_ptd_host@@@Z 10030450     libucrt:rewind.obj
 0002:00008470       __sehtable$??$?RV<lambda_274ecf0a8038e561263518ab346655e8>@@AAV<lambda_21448eb78dd3c4a522ed7c65a98d88e6>@@V<lambda_0ca1de2171e49cefb1e8dc85c06db622>@@@?$__crt_seh_guarded_call@H@@QAEH$$QAV<lambda_274ecf0a8038e561263518ab346655e8>@@AAV<lambda_21448eb78dd3c4a522ed7c65a98d88e6>@@$$QAV<lambda_0ca1de2171e49cefb1e8dc85c06db622>@@@Z 10030470     libucrt:input.obj
 0002:00008490       __sehtable$__query_new_handler 10030490     libucrt:new_handler.obj
 0002:000084ac       __ehfuncinfo$?write_double_translated_ansi_nolock@@YA?AUwrite_result@?A0x17268360@@HQBDIAAV__crt_cached_ptd_host@@@Z 100304ac     libucrt:write.obj
 0002:000084ac       __ehfuncinfo$?try_cor_exit_process@@YAXI@Z 100304ac     libucrt:exit.obj
 0002:000084d0       __unwindtable$?common_exit@@YAXHW4_crt_exit_cleanup_mode@@W4_crt_exit_return_mode@@@Z 100304d0     libucrt:exit.obj
 0002:000084d8       __ehfuncinfo$?common_exit@@YAXHW4_crt_exit_cleanup_mode@@W4_crt_exit_return_mode@@@Z 100304d8     libucrt:exit.obj
 0002:00008500       __sehtable$??R<lambda_6e4b09c48022b2350581041d5f6b0c4c>@@QBE@XZ 10030500     libucrt:exit.obj
 0002:00008520       __sehtable$??$?RV<lambda_03b1d95aef87969028cfba75ccab2455>@@AAV<lambda_6e4b09c48022b2350581041d5f6b0c4c>@@V<lambda_22bdf7517842c4b3e53723af5aa32b9e>@@@?$__crt_seh_guarded_call@X@@QAEX$$QAV<lambda_03b1d95aef87969028cfba75ccab2455>@@AAV<lambda_6e4b09c48022b2350581041d5f6b0c4c>@@$$QAV<lambda_22bdf7517842c4b3e53723af5aa32b9e>@@@Z 10030520     libucrt:exit.obj
 0002:0000853c       __unwindtable$___dcrt_uninitialize_environments_nolock 1003053c     libucrt:environment_initialization.obj
 0002:0000854c       __ehfuncinfo$___dcrt_uninitialize_environments_nolock 1003054c     libucrt:environment_initialization.obj
 0002:00008570       __unwindtable$__execute_onexit_table 10030570     libucrt:onexit.obj
 0002:00008578       __ehfuncinfo$__execute_onexit_table 10030578     libucrt:onexit.obj
 0002:000085a0       __sehtable$??$?RV<lambda_69a2805e680e0e292e8ba93315fe43a8>@@AAV<lambda_f03950bc5685219e0bcd2087efbe011e>@@V<lambda_03fcd07e894ec930e3f35da366ca99d6>@@@?$__crt_seh_guarded_call@H@@QAEH$$QAV<lambda_69a2805e680e0e292e8ba93315fe43a8>@@AAV<lambda_f03950bc5685219e0bcd2087efbe011e>@@$$QAV<lambda_03fcd07e894ec930e3f35da366ca99d6>@@@Z 100305a0     libucrt:onexit.obj
 0002:000085c0       __sehtable$_terminate      100305c0     libucrt:terminate.obj
 0002:000085e0       __sehtable$??$?RV<lambda_15ade71b0218206bbe3333a0c9b79046>@@AAV<lambda_da44e0f8b0f19ba52fefafb335991732>@@V<lambda_207f2d024fc103971653565357d6cd41>@@@?$__crt_seh_guarded_call@X@@QAEX$$QAV<lambda_15ade71b0218206bbe3333a0c9b79046>@@AAV<lambda_da44e0f8b0f19ba52fefafb335991732>@@$$QAV<lambda_207f2d024fc103971653565357d6cd41>@@@Z 100305e0     libucrt:per_thread_data.obj
 0002:00008600       __sehtable$??$?RV<lambda_a7e850c220f1c8d1e6efeecdedd162c6>@@AAV<lambda_46720907175c18b6c9d2717bc0d2d362>@@V<lambda_9048902d66e8d99359bc9897bbb930a8>@@@?$__crt_seh_guarded_call@X@@QAEX$$QAV<lambda_a7e850c220f1c8d1e6efeecdedd162c6>@@AAV<lambda_46720907175c18b6c9d2717bc0d2d362>@@$$QAV<lambda_9048902d66e8d99359bc9897bbb930a8>@@@Z 10030600     libucrt:per_thread_data.obj
 0002:00008620       __sehtable$??$?RV<lambda_38edbb1296d33220d7e4dd0ed76b244a>@@AAV<lambda_5ce1d447e08cb34b2473517608e21441>@@V<lambda_fb385d3da700c9147fc39e65dd577a8c>@@@?$__crt_seh_guarded_call@X@@QAEX$$QAV<lambda_38edbb1296d33220d7e4dd0ed76b244a>@@AAV<lambda_5ce1d447e08cb34b2473517608e21441>@@$$QAV<lambda_fb385d3da700c9147fc39e65dd577a8c>@@@Z 10030620     libucrt:per_thread_data.obj
 0002:00008640       __sehtable$??$?RV<lambda_6affb1475c98b40b75cdec977db92e3c>@@AAV<lambda_b8d4b9c228a6ecc3f80208dbb4b4a104>@@V<lambda_608742c3c92a14382c1684fc64f96c88>@@@?$__crt_seh_guarded_call@X@@QAEX$$QAV<lambda_6affb1475c98b40b75cdec977db92e3c>@@AAV<lambda_b8d4b9c228a6ecc3f80208dbb4b4a104>@@$$QAV<lambda_608742c3c92a14382c1684fc64f96c88>@@@Z 10030640     libucrt:per_thread_data.obj
 0002:00008660       __sehtable$??$?RV<lambda_e5124f882df8998aaf41531e079ba474>@@AAV<lambda_3e16ef9562a7dcce91392c22ab16ea36>@@V<lambda_e25ca0880e6ef98be67edffd8c599615>@@@?$__crt_seh_guarded_call@X@@QAEX$$QAV<lambda_e5124f882df8998aaf41531e079ba474>@@AAV<lambda_3e16ef9562a7dcce91392c22ab16ea36>@@$$QAV<lambda_e25ca0880e6ef98be67edffd8c599615>@@@Z 10030660     libucrt:wsetlocale.obj
 0002:00008680       __sehtable$___acrt_initialize_lowio 10030680     libucrt:ioinit.obj
 0002:000086a0       __sehtable$??$?RV<lambda_d422a76eb4c3bf3ad751449ab71a6ea4>@@AAV<lambda_c9ba49e555ba839a7b07aa3fbecb7617>@@V<lambda_9476263c8ee91a25d21c55370bdb50de>@@@?$__crt_seh_guarded_call@H@@QAEH$$QAV<lambda_d422a76eb4c3bf3ad751449ab71a6ea4>@@AAV<lambda_c9ba49e555ba839a7b07aa3fbecb7617>@@$$QAV<lambda_9476263c8ee91a25d21c55370bdb50de>@@@Z 100306a0     libucrt:close.obj
 0002:000086c0       __sehtable$?__acrt_stdio_allocate_stream@@YA?AV__crt_stdio_stream@@XZ 100306c0     libucrt:stream.obj
 0002:000086e0       __sehtable$??$?RV<lambda_2866be3712abc81a800a822484c830d8>@@AAV<lambda_39ca0ed439415581b5b15c265174cece>@@V<lambda_2b24c74d71094a6cd0cb82e44167d71b>@@@?$__crt_seh_guarded_call@X@@QAEX$$QAV<lambda_2866be3712abc81a800a822484c830d8>@@AAV<lambda_39ca0ed439415581b5b15c265174cece>@@$$QAV<lambda_2b24c74d71094a6cd0cb82e44167d71b>@@@Z 100306e0     libucrt:fflush.obj
 0002:00008700       __sehtable$??$?RV<lambda_2cc53f568c5a2bb6f192f930a45d44ea>@@AAV<lambda_ab61a845afdef5b7c387490eaf3616ee>@@V<lambda_c2ffc0b7726aa6be21d5f0026187e748>@@@?$__crt_seh_guarded_call@X@@QAEX$$QAV<lambda_2cc53f568c5a2bb6f192f930a45d44ea>@@AAV<lambda_ab61a845afdef5b7c387490eaf3616ee>@@$$QAV<lambda_c2ffc0b7726aa6be21d5f0026187e748>@@@Z 10030700     libucrt:fflush.obj
 0002:00008720       __sehtable$__read          10030720     libucrt:read.obj
 0002:00008740       __sehtable$??$common_lseek@J@@YAJHJHAAV__crt_cached_ptd_host@@@Z 10030740     libucrt:lseek.obj
 0002:00008760       __sehtable$??$common_lseek@_J@@YA_JH_JHAAV__crt_cached_ptd_host@@@Z 10030760     libucrt:lseek.obj
 0002:00008780       __sehtable$?update_thread_multibyte_data_internal@@YAPAU__crt_multibyte_data@@QAU__acrt_ptd@@QAPAU1@@Z 10030780     libucrt:mbctype.obj
 0002:000087a0       __sehtable$??$?RV<lambda_ceb1ee4838e85a9d631eb091e2fbe199>@@AAV<lambda_ae742caa10f662c28703da3d2ea5e57e>@@V<lambda_cd08b5d6af4937fe54fc07d0c9bf6b37>@@@?$__crt_seh_guarded_call@X@@QAEX$$QAV<lambda_ceb1ee4838e85a9d631eb091e2fbe199>@@AAV<lambda_ae742caa10f662c28703da3d2ea5e57e>@@$$QAV<lambda_cd08b5d6af4937fe54fc07d0c9bf6b37>@@@Z 100307a0     libucrt:mbctype.obj
 0002:000087c0       __sehtable$_raise          100307c0     libucrt:signal.obj
 0002:000087e0       __sehtable$??$?RV<lambda_cbab9ec6f41b0180b23cc171c22676b0>@@AAV<lambda_44731a7d0e6d81c3e6aa82d741081786>@@V<lambda_4b292cb8dd18144e164572427af410ab>@@@?$__crt_seh_guarded_call@P6AXH@Z@@QAEP6AXH@Z$$QAV<lambda_cbab9ec6f41b0180b23cc171c22676b0>@@AAV<lambda_44731a7d0e6d81c3e6aa82d741081786>@@$$QAV<lambda_4b292cb8dd18144e164572427af410ab>@@@Z 100307e0     libucrt:signal.obj
 0002:00008800       __sehtable$___acrt_update_thread_locale_data 10030800     libucrt:locale_refcounting.obj
 0002:00008820       __sehtable$__fcloseall     10030820     libucrt:closeall.obj
 0002:00008840       __sehtable$__alloc_osfhnd  10030840     libucrt:osfinfo.obj
 0002:00008860       __sehtable$___acrt_lowio_ensure_fh_exists 10030860     libucrt:osfinfo.obj
 0002:00008880       __sehtable$??$?RV<lambda_9e9de3de5fa147e2223d7db92bc10aa6>@@AAV<lambda_38ce7e780aa69e748d6df282ebc68efe>@@V<lambda_8ca6da459f0f6780f1cff60fdc3d00e5>@@@?$__crt_seh_guarded_call@H@@QAEH$$QAV<lambda_9e9de3de5fa147e2223d7db92bc10aa6>@@AAV<lambda_38ce7e780aa69e748d6df282ebc68efe>@@$$QAV<lambda_8ca6da459f0f6780f1cff60fdc3d00e5>@@@Z 10030880     libucrt:commit.obj
 0002:000088a0       __sehtable$__write_internal 100308a0     libucrt:write.obj
 0002:000088c0       __sehtable$??$common_sopen_dispatch@D@@YAHQBDHHHQAHH@Z 100308c0     libucrt:open.obj
 0002:000088e0       __sehtable$___set_fpsr_sse2 100308e0     libucrt:fpctrl.obj
 0002:00008900       __sehtable$__IsNonwritableInCurrentImage 10030900     LIBCMT:pesect.obj
 0002:00008920       .edata                     10030920     amethyst2_4.exp
 0002:00008948       rgpv                       10030948     amethyst2_4.exp
 0002:00008968       rgszName                   10030968     amethyst2_4.exp
 0002:00008988       rgwOrd                     10030988     amethyst2_4.exp
 0002:00008998       szName                     10030998     amethyst2_4.exp
 0002:000089a8       $N00001                    100309a8     amethyst2_4.exp
 0002:000089bc       $N00002                    100309bc     amethyst2_4.exp
 0002:000089ce       $N00003                    100309ce     amethyst2_4.exp
 0002:000089e2       $N00004                    100309e2     amethyst2_4.exp
 0002:000089f3       $N00005                    100309f3     amethyst2_4.exp
 0002:00008a03       $N00006                    10030a03     amethyst2_4.exp
 0002:00008a0f       $N00007                    10030a0f     amethyst2_4.exp
 0002:00008a23       $N00008                    10030a23     amethyst2_4.exp
 0002:00008c0c       .idata$6                   10030c0c     kernel32:KERNEL32.dll
 0002:00008c28       .idata$6                   10030c28     user32:USER32.dll
 0003:00000b28       ?i@?1??fake_new@@YAHH@Z@4HA 10032b28     core.obj
 0003:000010c8       ?SG_Shift@@3PAY01HA        100330c8     Summon.obj
 0003:00002d80       ?first_time@?1??CreateAdditionalTables@@YAXXZ@4_NA 10034d80     tables.obj
 0003:000030e0       ?__vcrt_flsindex@@3KA      100350e0     libvcruntime:per_thread_data.obj
 0003:00003110       ?errno_no_memory@@3HA      10035110     libucrt:errno.obj
 0003:00003114       ?doserrno_no_memory@@3KA   10035114     libucrt:errno.obj
 0003:000031c0       ?__acrt_flsindex@@3KA      100351c0     libucrt:per_thread_data.obj
 0003:000035e8       __mbctypes                 100355e8     libucrt:mbctype.obj
 0003:000036f0       __mbcasemaps               100356f0     libucrt:mbctype.obj
 0003:000037f0       ?__rgctypeflag@@3PADA      100357f0     libucrt:mbctype.obj
 0003:000037f8       ?__rgcode_page_info@@3PAUcode_page_info@@A 100357f8     libucrt:mbctype.obj
 0003:00003950       ?__dcrt_lowio_console_output_handle@@3PAXA 10035950     libucrt:initcon.obj
 0003:00003954       ?__DAZ_ENABLED@?1??__set_fpsr_sse2@@9@9 10035954     libucrt:fpctrl.obj
 0003:00134a94       ?__once__@?1??ReloadExperienceConfig2@@YGXXZ@4_NA 10166a94     dllmain.obj
 0003:00194d58       ?SC_Type@@3HA              101c6d58     Summon.obj
 0003:00194d5c       ?SC_Num@@3HA               101c6d5c     Summon.obj
 0003:00194d60       ?SC_Pos@@3HA               101c6d60     Summon.obj
 0003:00194d64       ?SC_Side@@3HA              101c6d64     Summon.obj
 0003:00194d68       ?SC_Slot@@3HA              101c6d68     Summon.obj
 0003:00194d6c       ?SC_Redraw@@3HA            101c6d6c     Summon.obj
 0003:00194d70       ?SC_Flags@@3HA             101c6d70     Summon.obj
 0003:00194d74       ?SC_MStruct@@3PAEA         101c6d74     Summon.obj
 0003:0060e860       ?SAT_MonID@@3JA            10640860     tables.obj
 0003:0060e864       ?SAT_MonPTR@@3PAEA         10640864     tables.obj
 0003:0060e868       ?SAT_Ret@@3DA              10640868     tables.obj
 0003:0060ec70       _GS_ExceptionRecord        10640c70     LIBCMT:gs_report.obj
 0003:0060ecc0       _GS_ContextRecord          10640cc0     LIBCMT:gs_report.obj
 0003:0060ef8c       ?__proc_attached@@3HA      10640f8c     LIBCMT:dll_dllmain.obj
 0003:0060efa0       ?is_initialized_as_dll@@3_NA 10640fa0     LIBCMT:utility.obj
 0003:0060efa1       ?module_local_atexit_table_initialized@@3_NA 10640fa1     LIBCMT:utility.obj
 0003:0060efa4       ?module_local_atexit_table@@3U_onexit_table_t@@A 10640fa4     LIBCMT:utility.obj
 0003:0060efb0       ?module_local_at_quick_exit_table@@3U_onexit_table_t@@A 10640fb0     LIBCMT:utility.obj
 0003:0060efcc       ?__vcrt_startup_thread_ptd@@3U__vcrt_ptd@@A 10640fcc     libvcruntime:per_thread_data.obj
 0003:0060f01c       ?heap@@3V_HeapManager@@A   1064101c     libvcruntime:undname.obj
 0003:0060f030       ___vcrt_lock_table         10641030     libvcruntime:locks.obj
 0003:0060f048       ___vcrt_locks_initialized  10641048     libvcruntime:locks.obj
 0003:0060f04c       ?module_handles@@3PAPAUHINSTANCE__@@A 1064104c     libvcruntime:winapi_downlevel.obj
 0003:0060f058       ?function_pointers@@3PAPAXA 10641058     libvcruntime:winapi_downlevel.obj
 0003:0060f070       ?__acrt_invalid_parameter_handler@@3V?$dual_state_global@P6AXPB_W00II@Z@__crt_state_management@@A 10641070     libucrt:invalid_parameter.obj
 0003:0060f074       ?__acrt_new_handler@@3V?$dual_state_global@P6AHI@Z@__crt_state_management@@A 10641074     libucrt:new_handler.obj
 0003:0060f078       ?c_termination_complete@@3JA 10641078     libucrt:exit.obj
 0003:0060f07c       ?thread_local_exit_callback_func@@3P6GXPAXK0@ZA 1064107c     libucrt:exit.obj
 0003:0060f088       ?program_name@?1???$common_configure_argv@D@@YAHW4_crt_argv_mode@@@Z@4PADA 10641088     libucrt:argv_parsing.obj
 0003:0060f1b8       ?internal_state@?1??_mbtowc_internal@@9@4U_Mbstatet@@A 106411b8     libucrt:mbtowc.obj
 0003:0060f1cc       ?enable_percent_n@@3IA     106411cc     libucrt:printf_count_output.obj
 0003:0060f3e8       ?module_handles@@3PAPAUHINSTANCE__@@A 106413e8     libucrt:winapi_thunks.obj
 0003:0060f438       ?encoded_function_pointers@@3PAPAXA 10641438     libucrt:winapi_thunks.obj
 0003:0060f4c0       ?__acrt_lock_table@@3PAU_RTL_CRITICAL_SECTION@@A 106414c0     libucrt:locks.obj
 0003:0060f610       ?__acrt_locks_initialized@@3IA 10641610     libucrt:locks.obj
 0003:0060f620       ?fSystemSet@@3HA           10641620     libucrt:mbctype.obj
 0003:0060f624       ?initialized@?1??__acrt_initialize_multibyte@@9@4_NA 10641624     libucrt:mbctype.obj
 0003:0060f644       ?ctrlc_action@@3V?$dual_state_global@P6AXH@Z@__crt_state_management@@A 10641644     libucrt:signal.obj
 0003:0060f648       ?ctrlbreak_action@@3V?$dual_state_global@P6AXH@Z@__crt_state_management@@A 10641648     libucrt:signal.obj
 0003:0060f64c       ?abort_action@@3V?$dual_state_global@P6AXH@Z@__crt_state_management@@A 1064164c     libucrt:signal.obj
 0003:0060f650       ?term_action@@3V?$dual_state_global@P6AXH@Z@__crt_state_management@@A 10641650     libucrt:signal.obj
 0003:0060f654       ?user_matherr@@3V?$dual_state_global@P6AHPAU_exception@@@Z@__crt_state_management@@A 10641654     libucrt:matherr.obj
 0003:0060f658       ?__acrt_global_new_mode@@3V?$dual_state_global@J@__crt_state_management@@A 10641658     libucrt:new_mode.obj
 0003:0060f668       ?internal_pst@?1??__mbrtoc32_utf8@__crt_mbstring@@YAIPA_UPBDIPAU_Mbstatet@@AAV__crt_cached_ptd_host@@@Z@4U3@A 10641668     libucrt:mbrtoc32.obj
 0003:0060f670       ?__acrt_app_type@@3W4_crt_app_type@@A 10641670     libucrt:report_runtime_error.obj
 0003:0060f67c       __pmatherr_set             1064167c     libucrt:libm_error.obj
 0004:00000060       $R000000                   10642060     * linker generated manifest res *

 Exports

  ordinal    name

        1    _ChangeCreatureTable
               exported name: ChangeCreatureTable
        2    _Creature2Artifact
               exported name: Creature2Artifact
        3    _Creature2Artifact_2
               exported name: Creature2Artifact_2
        4    _InitNecromancy15
               exported name: InitNecromancy15
        5    __hasSantaGuards
               exported name: _hasSantaGuards
        6    _check_harpy
               exported name: check_harpy
        7    _isCreatureConstruct
               exported name: isCreatureConstruct
        8    _isReceptive
               exported name: isReceptive
