 amethyst2_4

 Timestamp is 67c9e67e (Fri Mar  7 02:16:30 2025)

 Preferred load address is 10000000

 Start         Length     Name                   Class
 0001:00000000 00000700H .text$di                CODE
 0001:00000700 00027640H .text$mn                CODE
 0001:00027d40 000000fcH .text$x                 CODE
 0002:00000000 0000014cH .idata$5                DATA
 0002:0000014c 00000008H .00cfg                  DATA
 0002:00000154 00000004H .CRT$XCA                DATA
 0002:00000158 00000008H .CRT$XCU                DATA
 0002:00000160 00000004H .CRT$XCZ                DATA
 0002:00000164 00000004H .CRT$XIA                DATA
 0002:00000168 00000010H .CRT$XIC                DATA
 0002:00000178 00000004H .CRT$XIZ                DATA
 0002:0000017c 00000004H .CRT$XPA                DATA
 0002:00000180 00000008H .CRT$XPX                DATA
 0002:00000188 00000004H .CRT$XPXA               DATA
 0002:0000018c 00000004H .CRT$XPZ                DATA
 0002:00000190 00000004H .CRT$XTA                DATA
 0002:00000194 0000000cH .CRT$XTZ                DATA
 0002:00000198 00000000H .gfids$y                DATA
 0002:000001a0 00007c20H .rdata                  DATA
 0002:00007dc0 00000000H .rdata$CastGuardVftablesA DATA
 0002:00007dc0 00000000H .rdata$CastGuardVftablesC DATA
 0002:00007dc0 000000dcH .rdata$r                DATA
 0002:00007e9c 00000030H .rdata$sxdata           DATA
 0002:00007ecc 00000100H .rdata$voltmd           DATA
 0002:00007fcc 00000380H .rdata$zzzdbg           DATA
 0002:0000834c 00000004H .rtc$IAA                DATA
 0002:00008350 00000004H .rtc$IZZ                DATA
 0002:00008354 00000004H .rtc$TAA                DATA
 0002:00008358 00000008H .rtc$TZZ                DATA
 0002:00008360 00000790H .xdata$x                DATA
 0002:00008af0 00000110H .edata                  DATA
 0002:00008c00 00000028H .idata$2                DATA
 0002:00008c28 00000014H .idata$3                DATA
 0002:00008c3c 0000014cH .idata$4                DATA
 0002:00008d88 000005ceH .idata$6                DATA
 0003:00000000 00003aa0H .data                   DATA
 0003:00003aa0 0000003cH .data$r                 DATA
 0003:00003adc 0000001cH .data$rs                DATA
 0003:00003af8 00702254H .bss                    DATA
 0004:00000000 00000080H .fptable                DATA
 0005:00000000 00000060H .rsrc$01                DATA
 0005:00000060 00000180H .rsrc$02                DATA

  Address         Publics by Value              Rva+Base       Lib:Object

 0000:00000000       ___AbsoluteZero            00000000     <absolute>
 0000:00000000       ___arm64x_extra_rfe_table  00000000     <absolute>
 0000:00000000       ___arm64x_extra_rfe_table_size 00000000     <absolute>
 0000:00000000       ___arm64x_native_entrypoint 00000000     <absolute>
 0000:00000000       ___arm64x_redirection_metadata 00000000     <absolute>
 0000:00000000       ___arm64x_redirection_metadata_count 00000000     <absolute>
 0000:00000000       ___dynamic_value_reloc_table 00000000     <absolute>
 0000:00000000       ___enclave_config          00000000     <absolute>
 0000:00000000       ___guard_check_icall_a64n_fptr 00000000     <absolute>
 0000:00000000       ___guard_eh_cont_count     00000000     <absolute>
 0000:00000000       ___guard_eh_cont_table     00000000     <absolute>
 0000:00000000       ___guard_fids_count        00000000     <absolute>
 0000:00000000       ___guard_fids_table        00000000     <absolute>
 0000:00000000       ___guard_iat_count         00000000     <absolute>
 0000:00000000       ___guard_iat_table         00000000     <absolute>
 0000:00000000       ___guard_longjmp_count     00000000     <absolute>
 0000:00000000       ___guard_longjmp_table     00000000     <absolute>
 0000:00000000       ___hybrid_auxiliary_delayload_iat 00000000     <absolute>
 0000:00000000       ___hybrid_auxiliary_delayload_iat_copy 00000000     <absolute>
 0000:00000000       ___hybrid_auxiliary_iat    00000000     <absolute>
 0000:00000000       ___hybrid_auxiliary_iat_copy 00000000     <absolute>
 0000:00000000       ___hybrid_code_map         00000000     <absolute>
 0000:00000000       ___hybrid_code_map_count   00000000     <absolute>
 0000:00000000       ___hybrid_image_info_bitfield 00000000     <absolute>
 0000:00000000       ___x64_code_ranges_to_entry_points 00000000     <absolute>
 0000:00000000       ___x64_code_ranges_to_entry_points_count 00000000     <absolute>
 0000:00000000       __except_list              00000000     <absolute>
 0000:0000000c       ___safe_se_handler_count   0000000c     <absolute>
 0000:00000100       ___guard_flags             00000100     <absolute>
 0000:00000000       ___ImageBase               10000000     <linker-defined>
 0001:00000700       ?GetHeroRecord@@YAPADH@Z   10001700 f   heroes.obj
 0001:00000720       ?WriteHook@@YAXPAX0D@Z     10001720 f   heroes.obj
 0001:00000760       ?_alldiv__patched@@YGH_JIH@Z 10001760 f   BugFix.obj
 0001:00000790       ?apply_fixes@@YAXXZ        10001790 f   BugFix.obj
 0001:00000910       ?hook_00426020@@YGHPAVLoHook@@PAUHookContext@@@Z 10001910 f   BugFix.obj
 0001:00000930       ?hook_0042626A@@YGHPAVLoHook@@PAUHookContext@@@Z 10001930 f   BugFix.obj
 0001:00000950       ?hook_00435D7F@@YGHPAVLoHook@@PAUHookContext@@@Z 10001950 f   BugFix.obj
 0001:00000950       ?hook_00442D62@@YGHPAVLoHook@@PAUHookContext@@@Z 10001950 f   BugFix.obj
 0001:00000970       ?hook_00435DBE@@YGHPAVLoHook@@PAUHookContext@@@Z 10001970 f   BugFix.obj
 0001:00000990       ?hook_00468A1B@@YGHPAVLoHook@@PAUHookContext@@@Z 10001990 f   BugFix.obj
 0001:000009d0       ?hook_00468DBD@@YGHPAVLoHook@@PAUHookContext@@@Z 100019d0 f   BugFix.obj
 0001:00000a10       ?hook_004D9508@@YGHPAVLoHook@@PAUHookContext@@@Z 10001a10 f   BugFix.obj
 0001:00000a70       ?hook_005A6BD3@@YGHPAVLoHook@@PAUHookContext@@@Z 10001a70 f   BugFix.obj
 0001:00000ae0       ?hook_005A6D89@@YGHPAVLoHook@@PAUHookContext@@@Z 10001ae0 f   BugFix.obj
 0001:00000b30       ??$strcpy_s@$0BAA@@@YAHAAY0BAA@DPBD@Z 10001b30 f i core.obj
 0001:00000b50       ??$strcpy_s@$0EA@@@YAHAAY0EA@DPBD@Z 10001b50 f i core.obj
 0001:00000b70       ?CreateNewTable@@YAXXZ     10001b70 f   core.obj
 0001:00000f90       ?LoadCrTraitsRow_hook@@YGHPAVHiHook@@HH@Z 10001f90 f   core.obj
 0001:000010d0       ?NewMissiles_Body@@YIHPADH@Z 100020d0 f   core.obj
 0001:00001200       ?NewMonstersMissiles@@YAXXZ 10002200 f   core.obj
 0001:00001220       ?Pop@HookContext@@QAEHXZ   10002220 f i core.obj
 0001:00001250       ?_ebx@@YAHXZ               10002250 f   core.obj
 0001:00001260       ?fake_new@@YAHH@Z          10002260 f   core.obj
 0001:000012a0       ?fake_new_hook@@YGHPAVLoHook@@PAUHookContext@@@Z 100022a0 f   core.obj
 0001:000012c0       ?fix_amethyst_crexpmod@@YAXXZ 100022c0 f   core.obj
 0001:00001470       ?install_CrState@@YAXXZ    10002470 f   core.obj
 0001:000014f0       ?install_network_remappings@@YAXXZ 100024f0 f   core.obj
 0001:000015c0       ?set_erm_limits@@YAXXZ     100025c0 f   core.obj
 0001:00001630       ___local_stdio_printf_options 10002630 f i core.obj
 0001:00001640       __vsnprintf_l              10002640 f i core.obj
 0001:00001690       __vsprintf_l               10002690 f i core.obj
 0001:000016b0       _sprintf                   100026b0 f i core.obj
 0001:000016f0       ?creexpo1024@@YAXXZ        100026f0 f   creexpo1024.obj
 0001:00001d30       ??$StructAt@UH3Main@h3@@@h3@@YAPAUH3Main@0@I@Z 10002d30 f i dllmain.obj
 0001:00001d40       ??0exception@std@@QAE@ABV01@@Z 10002d40 f i dllmain.obj
 0001:00001d80       ??1exception@std@@UAE@XZ   10002d80 f i dllmain.obj
 0001:00001db0       ??_Eexception@std@@UAEPAXI@Z 10002db0 f i dllmain.obj
 0001:00001db0       ??_Gexception@std@@UAEPAXI@Z 10002db0 f i dllmain.obj
 0001:00001de0       ?Block_Redirection@@YGXPAUTEvent@Era@@@Z 10002de0 f   dllmain.obj
 0001:00001ea0       ?ConnectEra@Era@@YAXXZ     10002ea0 f   dllmain.obj
 0001:00002240       ?Daily_Res@@YGXPAUTEvent@Era@@@Z 10003240 f   dllmain.obj
 0001:00002680       ?Fix_Random_Creature_Generation@@YGXPAUTEvent@Era@@@Z 10003680 f   dllmain.obj
 0001:00002700       ?Get@H3Main@h3@@SAPAU12@XZ 10003700 f i dllmain.obj
 0001:00002720       ?GetPatcher@@YAPAVPatcher@@XZ 10003720 f i dllmain.obj
 0001:00002780       ?InitMainConfig@@YAXPAD@Z  10003780 f   dllmain.obj
 0001:000029f0       ?MonsterRandomGeneration2@@YAXXZ 100039f0 f   dllmain.obj
 0001:00002a10       ?MonsterRandomGeneration@@YAXXZ 10003a10 f   dllmain.obj
 0001:00002a30       ?ReloadExperienceConfig2@@YGXXZ 10003a30 f   dllmain.obj
 0001:00002ae0       ?RestoreData@@YGXPAUTEvent@Era@@@Z 10003ae0 f   dllmain.obj
 0001:00002b30       ?ShareStatsEvent@@YGXPAUTEvent@Era@@@Z 10003b30 f   dllmain.obj
 0001:00002c00       ?StoreData@@YGXPAUTEvent@Era@@@Z 10003c00 f   dllmain.obj
 0001:00002c50       ?battle_late_begin@@YGXPAUTEvent@Era@@@Z 10003c50 f   dllmain.obj
 0001:00002cf0       ?battle_start_event@@YGXPAUTEvent@Era@@@Z 10003cf0 f   dllmain.obj
 0001:00002d30       ?begin@?$H3Vector@UH3Town@h3@@@h3@@QAEPAUH3Town@2@XZ 10003d30 f i dllmain.obj
 0001:00002d50       ?drop_html_creature_list@@YGXPAUTEvent@Era@@@Z 10003d50 f   dllmain.obj
 0001:00002d70       ?end@?$H3Vector@UH3Town@h3@@@h3@@QAEPAUH3Town@2@XZ 10003d70 f i dllmain.obj
 0001:00002d90       ?fix_vanilla_creatures@@YGXPAUTEvent@Era@@@Z 10003d90 f   dllmain.obj
 0001:00002f30       ?hook_005A7A5A@@YGHPAVLoHook@@PAUHookContext@@@Z 10003f30 f   dllmain.obj
 0001:00002fc0       ?hook_ecx_batman_dialogue_fix@@YGHPAVLoHook@@PAUHookContext@@@Z 10003fc0 f   dllmain.obj
 0001:00002ff0       ?hook_ecx_batman_fix@@YGHPAVLoHook@@PAUHookContext@@@Z 10003ff0 f   dllmain.obj
 0001:00003010       ?hook_esi_batman_fix@@YGHPAVLoHook@@PAUHookContext@@@Z 10004010 f   dllmain.obj
 0001:00003030       ?install_CrState@@YGXPAUTEvent@Era@@@Z 10004030 f   dllmain.obj
 0001:00003050       ?load_things_late@@YGXPAUTEvent@Era@@@Z 10004050 f   dllmain.obj
 0001:00003130       ?strstr@@YAPADQADQBD@Z     10004130 f i dllmain.obj
 0001:00003150       ?what@exception@std@@UBEPBDXZ 10004150 f i dllmain.obj
 0001:00003180       _DllMain@12                10004180 f   dllmain.obj
 0001:000032e0       ?drop_html_creature_list@@YAXPBD@Z 100042e0 f   DropHtml.obj
 0001:000033a0       __vfprintf_l               100043a0 f i DropHtml.obj
 0001:000033d0       _fprintf                   100043d0 f i DropHtml.obj
 0001:00003410       ?GameMgr_GetRandMonster_ByLevel@@YGHPAVHiHook@@PAXHH@Z 10004410 f   GameMgr_GetRandMonster_ByLevel.obj
 0001:000035a0       ?v_MsgBox@@YAXPADH@Z       100045a0 f i GameMgr_GetRandMonster_ByLevel.obj
 0001:000035d0       ?MiscCreatureHooks_apply@@YAXXZ 100045d0 f   MiscCreatureHooks.obj
 0001:00003610       ?MiscCreatureHooks_apply_strings@@YAXXZ 10004610 f   MiscCreatureHooks.obj
 0001:000036a0       ?hook_UN_G1_reset@@YGHPAVLoHook@@PAUHookContext@@@Z 100046a0 f   MiscCreatureHooks.obj
 0001:00003760       ?hook_UN_G1_set@@YGHPAVLoHook@@PAUHookContext@@@Z 10004760 f   MiscCreatureHooks.obj
 0001:00003830       ?Spell_1_mode_exact_expert@@YAXXZ 10004830 f   tables.obj
 0001:00003860       ?Spell_1_mode_exact@@YAXXZ 10004860 f   tables.obj
 0001:00003890       ?Spell_1_mode_exact_twice@@YAXXZ 10004890 f   tables.obj
 0001:000038f0       ?Spell_1_mode_elemental@@YAXXZ 100048f0 f   tables.obj
 0001:00003950       ?Spell_1_mode_Heavenly_Inspiration@@YAXXZ 10004950 f   tables.obj
 0001:000039e0       ?Spell_1_mode_enchant@@YAXXZ 100049e0 f   tables.obj
 0001:00003ab0       ?Spell_1_mode_enchant_minor@@YAXXZ 10004ab0 f   tables.obj
 0001:00003b60       ?Spell_1_mode_enchant_major@@YAXXZ 10004b60 f   tables.obj
 0001:00003c50       ?Spell_1_mode_rush@@YAXXZ  10004c50 f   tables.obj
 0001:00003d00       ?Spell_1_mode_1_extended@@YAXXZ 10004d00 f   tables.obj
 0001:00003de0       ?Spell_1_mode_Dragon_Will@@YAXXZ 10004de0 f   tables.obj
 0001:00003ee0       ?Spell_1_mode_overclock@@YAXXZ 10004ee0 f   tables.obj
 0001:00003fe0       ?Spell_1_mode_repair_and_overclock@@YAXXZ 10004fe0 f   tables.obj
 0001:00004060       ?Spell_2_raise_undead@@YAXXZ 10005060 f   tables.obj
 0001:000040d0       ?Spell_2_repair_constructs@@YAXXZ 100050d0 f   tables.obj
 0001:00004190       ?Spell_2_gate_infernals@@YAXXZ 10005190 f   tables.obj
 0001:00004200       ?Spell_2_damage_spell@@YAXXZ 10005200 f   tables.obj
 0001:00004270       ?Spell_2_FriendlyNonDragons@@YAXXZ 10005270 f   tables.obj
 0001:000042b0       ?Spell_2_FriendlyConstructs@@YAXXZ 100052b0 f   tables.obj
 0001:00004300       ?Spell_3_debuff@@YAXXZ     10005300 f   tables.obj
 0001:00004330       ?Spell_3_custom_buff@@YAXXZ 10005330 f   tables.obj
 0001:00004360       ?resistance_dwarf60@@YAXXZ 10005360 f   tables.obj
 0001:00004390       ?resistance_dwarf80@@YAXXZ 10005390 f   tables.obj
 0001:000043c0       ?resistance_dwarf100@@YAXXZ 100053c0 f   tables.obj
 0001:000043f0       ?resistance_level_1@@YAXXZ 100053f0 f   tables.obj
 0001:00004410       ?resistance_level_1_2@@YAXXZ 10005410 f   tables.obj
 0001:00004430       ?resistance_speed@@YAXXZ   10005430 f   tables.obj
 0001:00004460       ?resistance_toxic@@YAXXZ   10005460 f   tables.obj
 0001:00004490       ?resistance_will@@YAXXZ    10005490 f   tables.obj
 0001:000044c0       ?resistance_no_eyes@@YAXXZ 100054c0 f   tables.obj
 0001:000044e0       ?resistance_mass_damage@@YAXXZ 100054e0 f   tables.obj
 0001:00004500       ?resistance_to_dispel@@YAXXZ 10005500 f   tables.obj
 0001:00004520       ?resistance_to_debuff@@YAXXZ 10005520 f   tables.obj
 0001:00004590       ?vulnerability_125@@YAXXZ  10005590 f   tables.obj
 0001:000045b0       ?vulnerability_150@@YAXXZ  100055b0 f   tables.obj
 0001:000045c0       ?vulnerability_200@@YAXXZ  100055c0 f   tables.obj
 0001:000045d0       ?vulnerability_300@@YAXXZ  100055d0 f   tables.obj
 0001:000045e0       ?vulnerability_400@@YAXXZ  100055e0 f   tables.obj
 0001:00004600       ?vulnerability_500@@YAXXZ  10005600 f   tables.obj
 0001:00004620       ?vulnerability_600@@YAXXZ  10005620 f   tables.obj
 0001:00004640       ?vulnerability_700@@YAXXZ  10005640 f   tables.obj
 0001:00004660       ?vulnerability_900@@YAXXZ  10005660 f   tables.obj
 0001:00004680       ?AI_Battle_GetStackCustomBuffValue@@YADPAXHPAHH@Z 10005680 f   tables.obj
 0001:00004980       ?AI_Battle_GetStackDeBuffValue@@YADPAXHPAHH@Z 10005980 f   tables.obj
 0001:00004c90       ?AlwaysPositiveLuck2@@YAXXZ 10005c90 f   tables.obj
 0001:00004cb0       ?AlwaysPositiveLuck3@@YAXXZ 10005cb0 f   tables.obj
 0001:00004cd0       ?AlwaysPositiveLuck@@YAXXZ 10005cd0 f   tables.obj
 0001:00004d20       ?AlwaysPositiveMorale2@@YAXXZ 10005d20 f   tables.obj
 0001:00004d40       ?AlwaysPositiveMorale3@@YAXXZ 10005d40 f   tables.obj
 0001:00004d60       ?AlwaysPositiveMorale@@YAXXZ 10005d60 f   tables.obj
 0001:00004d80       ?Ang1@@YAXXZ               10005d80 f   tables.obj
 0001:00004e10       ?Ang2@@YAXXZ               10005e10 f   tables.obj
 0001:00004e60       ?AngDem1@@YAXXZ            10005e60 f   tables.obj
 0001:00004ea0       ?AngDem2@@YAXXZ            10005ea0 f   tables.obj
 0001:00005000       ?AngDem3@@YAXXZ            10006000 f   tables.obj
 0001:00005150       ?AngDem4@@YAXXZ            10006150 f   tables.obj
 0001:000051a0       ?AngDem5@@YAXXZ            100061a0 f   tables.obj
 0001:00005290       ?Angel4_004482D3@@YAXXZ    10006290 f   tables.obj
 0001:000052f0       ?ApplySharedStats@@YAXHH@Z 100062f0 f   tables.obj
 0001:00005320       ?Before_Melee@@YAXXZ       10006320 f   tables.obj
 0001:00005340       ?Before_strike@@YAXXZ      10006340 f   tables.obj
 0001:00005430       ?CheckCreature2Leave_hook@@YGHPAVHiHook@@H@Z 10006430 f   tables.obj
 0001:00005480       ?CounterStrike2@@YAXXZ     10006480 f   tables.obj
 0001:000054c0       ?CounterStrike@@YAXXZ      100064c0 f   tables.obj
 0001:00005500       ?CrExpBon_DwarfResistFriendly_WoG_hook@@YGHPAVHiHook@@HHH@Z 10006500 f   tables.obj
 0001:00005550       ?CreateAdditionalTables@@YAXXZ 10006550 f   tables.obj
 0001:00006fc0       ?DeathBlow@@YAXXZ          10007fc0 f   tables.obj
 0001:00007000       ?DeathBlowCorrect@@YAXXZ   10008000 f   tables.obj
 0001:00007020       ?Dem1@@YAXXZ               10008020 f   tables.obj
 0001:00007040       ?Dem2@@YAXXZ               10008040 f   tables.obj
 0001:00007140       ?Dem3@@YAXXZ               10008140 f   tables.obj
 0001:00007160       ?Dem4@@YAXXZ               10008160 f   tables.obj
 0001:000071f0       ?Dem5@@YAXXZ               100081f0 f   tables.obj
 0001:00007210       ?Dem6@@YAXXZ               10008210 f   tables.obj
 0001:00007230       ?Demon2@@YAXXZ             10008230 f   tables.obj
 0001:00007260       ?Demon3@@YAXXZ             10008260 f   tables.obj
 0001:00007280       ?Demon@@YAXXZ              10008280 f   tables.obj
 0001:000072a0       ?Dlg_RecruitMonster_Hook_5502EE@@YAXXZ 100082a0 f   tables.obj
 0001:000072d0       ?ERM2String@@YAPADPADHPAH@Z 100082d0 f i tables.obj
 0001:000072f0       ?Fear@@YAXXZ               100082f0 f   tables.obj
 0001:00007330       ?Fearless@@YAXXZ           10008330 f   tables.obj
 0001:00007370       ?FileExists@@YA_NPBD@Z     10008370 f i tables.obj
 0001:000073a0       ?FillTables@@YAXXZ         100083a0 f   tables.obj
 0001:00007460       ?Firewall_byte@@YAXXZ      10008460 f   tables.obj
 0001:00007480       ?GetFireShield@@YGHHPAH@Z  10008480 f   tables.obj
 0001:000074c0       ?GetShotType@@YIHHPAH@Z    100084c0 f   tables.obj
 0001:000074e0       ?Hate_Hook_766DFF@@YAXXZ   100084e0 f   tables.obj
 0001:000075d0       ?Hill_Fort_47AA50_Hook@@YAXXZ 100085d0 f   tables.obj
 0001:000075f0       ?ImmunToJoustingBonus@@YAXXZ 100085f0 f   tables.obj
 0001:00007610       ?ImposedSpells1@@YAXXZ     10008610 f   tables.obj
 0001:00007620       ?ImposedSpells2@@YAXXZ     10008620 f   tables.obj
 0001:00007630       ?ImposedSpellsGeneral@@YAXXZ 10008630 f   tables.obj
 0001:00007670       ?IsAngel3_Minus@@YAXXZ     10008670 f   tables.obj
 0001:000076d0       ?JoustingBonus@@YAXXZ      100086d0 f   tables.obj
 0001:00007700       ?LoadCreatureConfig@@YAXH@Z 10008700 f   tables.obj
 0001:00007810       ?MagicAura@@YAXXZ          10008810 f   tables.obj
 0001:00007830       ?MagicChannel@@YAXXZ       10008830 f   tables.obj
 0001:00007850       ?MagicMirror@@YAXXZ        10008850 f   tables.obj
 0001:00007870       ?ManaDrain2@@YAXXZ         10008870 f   tables.obj
 0001:00007890       ?ManaDrainPlus@@YAXXZ      10008890 f   tables.obj
 0001:000078c0       ?NPCDeathStare_hook@@YGHPAVHiHook@@HH@Z 100088c0 f   tables.obj
 0001:00007900       ?NoWallPenalty@@YAXXZ      10008900 f   tables.obj
 0001:00007920       ?Passive_474541_Hook@@YAXXZ 10008920 f   tables.obj
 0001:00007940       ?Push@HookContext@@QAEXH@Z 10008940 f i tables.obj
 0001:00007970       ?ResetAdditionalTables_BattleOnly@@YAXXZ 10008970 f   tables.obj
 0001:00007b70       ?ResistanceHook@@YGNPAVHiHook@@HHPAUHERO@@1@Z 10008b70 f   tables.obj
 0001:00007bf0       ?Sharpshooters@@YAXXZ      10008bf0 f   tables.obj
 0001:00007c10       ?ShootAnyTime2@@YGDH@Z     10008c10 f   tables.obj
 0001:00007c90       ?ShootAnyTime@@YGDH@Z      10008c90 f   tables.obj
 0001:00007d10       ?SpellsCostDump@@YAXXZ     10008d10 f   tables.obj
 0001:00007d40       ?SpellsCostLess@@YAXXZ     10008d40 f   tables.obj
 0001:00007d90       ?ThreeHeadedAttack2@@YAXXZ 10008d90 f   tables.obj
 0001:00007db0       ?ThreeHeadedAttack@@YAXXZ  10008db0 f   tables.obj
 0001:00007dd0       ?WoG_CastSpell_Monster@@YAXHHHHHH@Z 10008dd0 f   tables.obj
 0001:00007ea0       ?f41ED5A_Hook@@YAXXZ       10008ea0 f   tables.obj
 0001:00007ed0       ?f4225D6_Hook@@YAXXZ       10008ed0 f   tables.obj
 0001:00007ef0       ?f43F72C_Hook@@YAXXZ       10008ef0 f   tables.obj
 0001:00007f20       ?f442E61_Hook@@YAXXZ       10008f20 f   tables.obj
 0001:00007f40       ?f_4650dd_Hook@@YAXXZ      10008f40 f   tables.obj
 0001:00007f70       ?f_756B1F_Hook@@YAXXZ      10008f70 f   tables.obj
 0001:00007fa0       ?f_75C96C_Hook@@YAXXZ      10008fa0 f   tables.obj
 0001:00007fd0       ?fun_4E609E_Rogue_Hook@@YAXXZ 10008fd0 f   tables.obj
 0001:00008000       ?get_can_gate@@YAXXZ       10009000 f   tables.obj
 0001:00008160       ?get_raise_undead@@YAXXZ   10009160 f   tables.obj
 0001:00008300       ?get_repair_constructs@@YAXXZ 10009300 f   tables.obj
 0001:000084e0       ?harpy_hook_0075E063@@YGHPAVLoHook@@PAUHookContext@@@Z 100094e0 f   tables.obj
 0001:00008540       ?harpy_hook_00762940@@YGHPAVLoHook@@PAUHookContext@@@Z 10009540 f   tables.obj
 0001:000085b0       ?has_wog_resist@@YA_NPBDH@Z 100095b0 f   tables.obj
 0001:000088e0       ?hook_004470B5_Demonology@@YGHPAVLoHook@@PAUHookContext@@@Z 100098e0 f   tables.obj
 0001:00008940       ?hook_004675FE@@YGHPAVLoHook@@PAUHookContext@@@Z 10009940 f   tables.obj
 0001:00008970       ?hook_004755E7@@YAXXZ      10009970 f   tables.obj
 0001:00008990       ?shooting_resistance_hook@@YAHPAEH@Z 10009990 f   tables.obj
 0001:00008b70       ?zShootAnyTime@@YAHPAE@Z   10009b70 f   tables.obj
 0001:00008b80       ?z_756BA0_hook@@YGHPAVLoHook@@PAUHookContext@@@Z 10009b80 f   tables.obj
 0001:00008bb0       ?z_Hook_004403A7@@YGHPAVLoHook@@PAUHookContext@@@Z 10009bb0 f   tables.obj
 0001:00008c00       ?z_Hook_00443E36@@YGHPAVLoHook@@PAUHookContext@@@Z 10009c00 f   tables.obj
 0001:00008d90       ?z_Hook_00479231@@YGHPAVLoHook@@PAUHookContext@@@Z 10009d90 f   tables.obj
 0001:00008f00       ?z_Hook_00492A7D@@YGHPAVLoHook@@PAUHookContext@@@Z 10009f00 f   tables.obj
 0001:00008f30       ?z_Hook_after_melee@@YGHPAVLoHook@@PAUHookContext@@@Z 10009f30 f   tables.obj
 0001:000091c0       ?z_Hook_after_shot@@YGHPAVLoHook@@PAUHookContext@@@Z 1000a1c0 f   tables.obj
 0001:00009430       ?z_hook_0046453E@@YGHPAVLoHook@@PAUHookContext@@@Z 1000a430 f   tables.obj
 0001:000096b0       ?z_hook_004645BA@@YGHPAVLoHook@@PAUHookContext@@@Z 1000a6b0 f   tables.obj
 0001:000097b0       ?z_hook_00478C9E@@YGHPAVLoHook@@PAUHookContext@@@Z 1000a7b0 f   tables.obj
 0001:00009810       ?z_hook_0071CC52@@YGHPAVLoHook@@PAUHookContext@@@Z 1000a810 f   tables.obj
 0001:000098c0       ?z_hook_0075642C@@YGHPAVLoHook@@PAUHookContext@@@Z 1000a8c0 f   tables.obj
 0001:00009950       ?z_hook_00756D06@@YGHPAVLoHook@@PAUHookContext@@@Z 1000a950 f   tables.obj
 0001:00009990       ?z_hook_0075F840@@YGHPAVLoHook@@PAUHookContext@@@Z 1000a990 f   tables.obj
 0001:00009a30       ?z_hook_00760412@@YGHPAVLoHook@@PAUHookContext@@@Z 1000aa30 f   tables.obj
 0001:00009a70       ?z_hook_007609E0@@YGHPAVLoHook@@PAUHookContext@@@Z 1000aa70 f   tables.obj
 0001:00009ab0       _ChangeCreatureTable       1000aab0 f   tables.obj
 0001:0000bfc0       _Creature2Artifact         1000cfc0 f   tables.obj
 0001:0000bfe0       _Creature2Artifact_2       1000cfe0 f   tables.obj
 0001:0000c000       _InitNecromancy15          1000d000 f   tables.obj
 0001:0000c0f0       ___local_stdio_scanf_options 1000d0f0 f i tables.obj
 0001:0000c100       __hasSantaGuards           1000d100 f   tables.obj
 0001:0000c110       __vfscanf_l                1000d110 f i tables.obj
 0001:0000c140       _check_harpy               1000d140 f   tables.obj
 0001:0000c190       _fscanf                    1000d190 f i tables.obj
 0001:0000c1d0       _isCreatureConstruct       1000d1d0 f   tables.obj
 0001:0000c210       _isReceptive               1000d210 f   tables.obj
 0001:0000c21f       @__security_check_cookie@4 1000d21f f   LIBCMT:secchk.obj
 0001:0000c22d       ??3@YAXPAXI@Z              1000d22d f   LIBCMT:delete_scalar_size.obj
 0001:0000c23b       ??_Etype_info@@UAEPAXI@Z   1000d23b f i LIBCMT:std_type_info_static.obj
 0001:0000c23b       ??_Gtype_info@@UAEPAXI@Z   1000d23b f i LIBCMT:std_type_info_static.obj
 0001:0000c25e       ___raise_securityfailure   1000d25e f   LIBCMT:gs_report.obj
 0001:0000c286       ___report_gsfailure        1000d286 f   LIBCMT:gs_report.obj
 0001:0000c381       ___report_rangecheckfailure 1000d381 f   LIBCMT:gs_report.obj
 0001:0000c38e       ___report_securityfailure  1000d38e f   LIBCMT:gs_report.obj
 0001:0000c79c       __DllMainCRTStartup@12     1000d79c f   LIBCMT:dll_dllmain.obj
 0001:0000c7bf       ??3@YAXPAX@Z               1000d7bf f   LIBCMT:delete_scalar.obj
 0001:0000c811       ___security_init_cookie    1000d811 f   LIBCMT:gs_support.obj
 0001:0000c85c       ?__scrt_initialize_type_info@@YAXXZ 1000d85c f   LIBCMT:tncleanup.obj
 0001:0000c868       ?__scrt_uninitialize_type_info@@YAXXZ 1000d868 f   LIBCMT:tncleanup.obj
 0001:0000c874       ___scrt_initialize_default_local_stdio_options 1000d874 f   LIBCMT:default_local_stdio_options.obj
 0001:0000c8d3       ___scrt_acquire_startup_lock 1000d8d3 f   LIBCMT:utility.obj
 0001:0000c905       ___scrt_dllmain_after_initialize_c 1000d905 f   LIBCMT:utility.obj
 0001:0000c930       ___scrt_dllmain_before_initialize_c 1000d930 f   LIBCMT:utility.obj
 0001:0000c93e       ___scrt_dllmain_crt_thread_attach 1000d93e f   LIBCMT:utility.obj
 0001:0000c95d       ___scrt_dllmain_crt_thread_detach 1000d95d f   LIBCMT:utility.obj
 0001:0000c96a       ___scrt_dllmain_exception_filter 1000d96a f   LIBCMT:utility.obj
 0001:0000c99e       ___scrt_dllmain_uninitialize_c 1000d99e f   LIBCMT:utility.obj
 0001:0000c9c1       ___scrt_dllmain_uninitialize_critical 1000d9c1 f   LIBCMT:utility.obj
 0001:0000c9ce       ___scrt_initialize_crt     1000d9ce f   LIBCMT:utility.obj
 0001:0000ca07       ___scrt_initialize_onexit_tables 1000da07 f   LIBCMT:utility.obj
 0001:0000ca8e       ___scrt_is_nonwritable_in_current_image 1000da8e f   LIBCMT:utility.obj
 0001:0000cb22       ___scrt_release_startup_lock 1000db22 f   LIBCMT:utility.obj
 0001:0000cb3f       ___scrt_uninitialize_crt   1000db3f f   LIBCMT:utility.obj
 0001:0000cb67       ___scrt_get_dyn_tls_init_callback 1000db67 f   LIBCMT:dyn_tls_init.obj
 0001:0000cb6d       ___scrt_fastfail           1000db6d f   LIBCMT:utility_desktop.obj
 0001:0000cc82       __crt_debugger_hook        1000dc82 f   LIBCMT:utility_desktop.obj
 0001:0000cc8a       __RTC_Initialize           1000dc8a f   LIBCMT:initsect.obj
 0001:0000ccb6       __RTC_Terminate            1000dcb6 f   LIBCMT:initsect.obj
 0001:0000ccf0       __SEH_prolog4              1000dcf0 f   LIBCMT:sehprolg4.obj
 0001:0000cd35       @_guard_check_icall_nop@4  1000dd35 f i LIBCMT:guard_support.obj
 0001:0000cd38       ___isa_available_init      1000dd38 f   LIBCMT:cpu_disp.obj
 0001:0000d065       __get_startup_argv_mode    1000e065 f   LIBCMT:argv_mode.obj
 0001:0000d069       ___scrt_is_ucrt_dll_in_use 1000e069 f   LIBCMT:ucrt_detection.obj
 0001:0000d080       _memcpy                    1000e080 f   libvcruntime:memcpy.obj
 0001:0000d080       _memmove                   1000e080 f   libvcruntime:memmove.obj
 0001:0000d600       _strstr                    1000e600 f   libvcruntime:strstr.obj
 0001:0000d86b       ___std_exception_copy      1000e86b f   libvcruntime:std_exception.obj
 0001:0000d8ce       ___std_exception_destroy   1000e8ce f   libvcruntime:std_exception.obj
 0001:0000d8ed       __CxxThrowException@8      1000e8ed f   libvcruntime:throw.obj
 0001:0000d95a       ?GetRangeOfTrysToCheck@__FrameHandler3@@SA?AU?$pair@Viterator@TryBlockMap@__FrameHandler3@@V123@@std@@AAVTryBlockMap@1@HPAXPBU_s_FuncInfo@@H@Z 1000e95a f   libvcruntime:trnsctrl.obj
 0001:0000d9c9       ?_CallCatchBlock2@@YAPAXPAUEHRegistrationNode@@PBU_s_FuncInfo@@PAXHK@Z 1000e9c9 f   libvcruntime:trnsctrl.obj
 0001:0000da26       ?_CallSETranslator@@YAHPAUEHExceptionRecord@@PAUEHRegistrationNode@@PAX2PBU_s_FuncInfo@@H1@Z 1000ea26 f   libvcruntime:trnsctrl.obj
 0001:0000db16       ?_JumpToContinuation@@YGXPAXPAUEHRegistrationNode@@@Z 1000eb16 f   libvcruntime:trnsctrl.obj
 0001:0000db46       ?_UnwindNestedFrames@@YGXPAUEHRegistrationNode@@PAUEHExceptionRecord@@@Z 1000eb46 f   libvcruntime:trnsctrl.obj
 0001:0000db9a       __CatchGuardHandler        1000eb9a f   libvcruntime:trnsctrl.obj
 0001:0000dbcb       __CreateFrameInfo          1000ebcb f   libvcruntime:trnsctrl.obj
 0001:0000dbef       __FindAndUnlinkFrame       1000ebef f   libvcruntime:trnsctrl.obj
 0001:0000dc37       __TranslatorGuardHandler   1000ec37 f   libvcruntime:trnsctrl.obj
 0001:0000dcd6       ___CxxFrameHandler3        1000ecd6 f   libvcruntime:trnsctrl.obj
 0001:0000dd10       _memset                    1000ed10 f   libvcruntime:memset.obj
 0001:0000deb0       __except_handler4          1000eeb0 f   libvcruntime:chandler4.obj
 0001:0000e00e       ___std_type_info_compare   1000f00e f   libvcruntime:std_type_info.obj
 0001:0000e04a       ___std_type_info_destroy_list 1000f04a f   libvcruntime:std_type_info.obj
 0001:0000e06d       ___vcrt_initialize         1000f06d f   libvcruntime:initialization.obj
 0001:0000e08c       ___vcrt_thread_attach      1000f08c f   libvcruntime:initialization.obj
 0001:0000e097       ___vcrt_thread_detach      1000f097 f   libvcruntime:initialization.obj
 0001:0000e09f       ___vcrt_uninitialize       1000f09f f   libvcruntime:initialization.obj
 0001:0000e0b6       ___vcrt_uninitialize_critical 1000f0b6 f   libvcruntime:initialization.obj
 0001:0000e0be       ___DestructExceptionObject 1000f0be f   libvcruntime:ehhelpers.obj
 0001:0000e15f       ?_CallMemberFunction0@@YGXQAX0@Z 1000f15f f i libvcruntime:ehhelpers.obj
 0001:0000e1c4       __IsExceptionObjectToBeDestroyed 1000f1c4 f   libvcruntime:ehhelpers.obj
 0001:0000e1ea       ___AdjustPointer           1000f1ea f   libvcruntime:ehhelpers.obj
 0001:0000e20f       ___FrameUnwindFilter       1000f20f f   libvcruntime:ehhelpers.obj
 0001:0000e265       ___std_terminate           1000f265 f   libvcruntime:ehhelpers.obj
 0001:0000e270       _strchr                    1000f270 f   libvcruntime:strchr.obj
 0001:0000e2de       ___from_strstr_to_strchr   1000f2de     libvcruntime:strchr.obj
 0001:0000e39b       ___vcrt_freefls@4          1000f39b f   libvcruntime:per_thread_data.obj
 0001:0000e3b7       ___vcrt_freeptd_for_this_thread 1000f3b7 f   libvcruntime:per_thread_data.obj
 0001:0000e3e2       ___vcrt_getptd             1000f3e2 f   libvcruntime:per_thread_data.obj
 0001:0000e3f0       ___vcrt_getptd_noexit      1000f3f0 f   libvcruntime:per_thread_data.obj
 0001:0000e482       ___vcrt_initialize_ptd     1000f482 f   libvcruntime:per_thread_data.obj
 0001:0000e4b5       ___vcrt_uninitialize_ptd   1000f4b5 f   libvcruntime:per_thread_data.obj
 0001:0000ec01       ??$TypeMatchHelper@V__FrameHandler3@@@@YAHPBU_s_HandlerType@@PBU_s_CatchableType@@PBU_s_ThrowInfo@@@Z 1000fc01 f i libvcruntime:frame.obj
 0001:0000ec8f       ??$__InternalCxxFrameHandler@V__FrameHandler3@@@@YA?AW4_EXCEPTION_DISPOSITION@@PAUEHExceptionRecord@@PAUEHRegistrationNode@@PAU_CONTEXT@@PAXPBU_s_FuncInfo@@H1E@Z 1000fc8f f i libvcruntime:frame.obj
 0001:0000ed91       ??$__InternalCxxFrameHandlerWrapper@V__FrameHandler3@@@@YA?AW4_EXCEPTION_DISPOSITION@@PAUEHExceptionRecord@@PAUEHRegistrationNode@@PAU_CONTEXT@@PAXPBU_s_FuncInfo@@H1E@Z 1000fd91 f i libvcruntime:frame.obj
 0001:0000ed9a       ??0bad_exception@std@@QAE@ABV01@@Z 1000fd9a f i libvcruntime:frame.obj
 0001:0000edb5       ??0bad_exception@std@@QAE@XZ 1000fdb5 f i libvcruntime:frame.obj
 0001:0000edcd       ??1bad_exception@std@@UAE@XZ 1000fdcd f i libvcruntime:frame.obj
 0001:0000edde       ??8type_info@@QBE_NABV0@@Z 1000fdde f i libvcruntime:frame.obj
 0001:0000edfd       ??_Ebad_exception@std@@UAEPAXI@Z 1000fdfd f i libvcruntime:frame.obj
 0001:0000edfd       ??_Gbad_exception@std@@UAEPAXI@Z 1000fdfd f i libvcruntime:frame.obj
 0001:0000f082       ?FrameUnwindToEmptyState@__FrameHandler3@@SAXPAUEHRegistrationNode@@PAXPBU_s_FuncInfo@@@Z 10010082 f   libvcruntime:frame.obj
 0001:0000f09a       ?FrameUnwindToState@__FrameHandler3@@SAXPAUEHRegistrationNode@@PAXPBU_s_FuncInfo@@H@Z 1001009a f   libvcruntime:frame.obj
 0001:0000f21c       ?_CallMemberFunction1@@YGXQAX00@Z 1001021c f i libvcruntime:frame.obj
 0001:0000f22c       ?_CallMemberFunction2@@YGXQAX00H@Z 1001022c f i libvcruntime:frame.obj
 0001:0000f23f       ?getESTypes@__FrameHandler3@@SAPBU_s_ESTypeList@@PBU_s_FuncInfo@@@Z 1001023f f i libvcruntime:frame.obj
 0001:0000f250       __CallSettingFrame@12      10010250 f   libvcruntime:lowhelpr.obj
 0001:0000f277       __NLG_Return               10010277     libvcruntime:lowhelpr.obj
 0001:0000f29c       ___except_validate_context_record 1001029c f   libvcruntime:jbcxrval.obj
 0001:0000f2d0       __local_unwind4            100102d0 f   libvcruntime:exsup4.obj
 0001:0000f3c0       @_EH4_CallFilterFunc@8     100103c0 f   libvcruntime:exsup4.obj
 0001:0000f3e0       @_EH4_TransferToHandler@8  100103e0 f   libvcruntime:exsup4.obj
 0001:0000f400       @_EH4_GlobalUnwind2@8      10010400 f   libvcruntime:exsup4.obj
 0001:0000f420       @_EH4_LocalUnwind@16       10010420 f   libvcruntime:exsup4.obj
 0001:0000f437       ___vcrt_initialize_locks   10010437 f   libvcruntime:locks.obj
 0001:0000f473       ___vcrt_uninitialize_locks 10010473 f   libvcruntime:locks.obj
 0001:0000f58d       ___vcrt_FlsAlloc           1001058d f   libvcruntime:winapi_downlevel.obj
 0001:0000f5c8       ___vcrt_FlsFree            100105c8 f   libvcruntime:winapi_downlevel.obj
 0001:0000f603       ___vcrt_FlsGetValue        10010603 f   libvcruntime:winapi_downlevel.obj
 0001:0000f63e       ___vcrt_FlsSetValue        1001063e f   libvcruntime:winapi_downlevel.obj
 0001:0000f67c       ___vcrt_InitializeCriticalSectionEx 1001067c f   libvcruntime:winapi_downlevel.obj
 0001:0000f6c3       _unexpected                100106c3 f   libvcruntime:unexpected.obj
 0001:0000f6e0       ?GetCurrentState@__FrameHandler3@@SAHPAUEHRegistrationNode@@PAXPBU_s_FuncInfo@@@Z 100106e0 f   libvcruntime:ehstate.obj
 0001:0000f6fd       ?SetState@__FrameHandler3@@SAXPAUEHRegistrationNode@@PBU_s_FuncInfo@@H@Z 100106fd f   libvcruntime:ehstate.obj
 0001:0000f710       __NLG_Notify1              10010710 f   libvcruntime:exsup.obj
 0001:0000f720       __NLG_Notify               10010720 f   libvcruntime:exsup.obj
 0001:0000f737       __NLG_Dispatch             10010737     libvcruntime:exsup.obj
 0001:0000f737       __NLG_Dispatch2            10010737     libvcruntime:exsup.obj
 0001:0000f740       __NLG_Call                 10010740 f   libvcruntime:exsup.obj
 0001:0000f742       __NLG_Return2              10010742     libvcruntime:exsup.obj
 0001:0000f743       _strcpy_s                  10010743 f   libucrt:strcpy_s.obj
 0001:0000f96c       ??$count@D@formatting_buffer@__crt_stdio_output@@QBEIXZ 1001096c f i libucrt:output.obj
 0001:0000f984       ??$ensure_buffer_is_big_enough@D@formatting_buffer@__crt_stdio_output@@QAE_NIAAV__crt_cached_ptd_host@@@Z 10010984 f i libucrt:output.obj
 0001:0000fa04       ??$is_overflow_condition@K@__crt_strtox@@YA_NIK@Z 10010a04 f i libucrt:output.obj
 0001:0000fa38       ??$is_wide_character_specifier@D@__crt_stdio_output@@YA_N_KDW4length_modifier@0@@Z 10010a38 f i libucrt:output.obj
 0001:0000fa69       ??$make_c_string_character_source@DPAPAD@__crt_strtox@@YA?AV?$c_string_character_source@D@0@QBDQAPAD@Z 10010a69 f i libucrt:output.obj
 0001:0000fa84       ??$parse_integer@KV?$c_string_character_source@D@__crt_strtox@@$0A@@__crt_strtox@@YAKAAV__crt_cached_ptd_host@@V?$c_string_character_source@D@0@H_N@Z 10010a84 f i libucrt:output.obj
 0001:0000fc97       ??$scratch_data@D@formatting_buffer@__crt_stdio_output@@QAEPADXZ 10010c97 f i libucrt:output.obj
 0001:0000fcb5       ??$type_case_integer@$07@?$output_processor@DV?$stream_output_adapter@D@__crt_stdio_output@@V?$standard_base@DV?$stream_output_adapter@D@__crt_stdio_output@@@2@@__crt_stdio_output@@AAE_N_N@Z 10010cb5 f i libucrt:output.obj
 0001:0000fcb5       ??$type_case_integer@$07@?$output_processor@DV?$string_output_adapter@D@__crt_stdio_output@@V?$standard_base@DV?$string_output_adapter@D@__crt_stdio_output@@@2@@__crt_stdio_output@@AAE_N_N@Z 10010cb5 f i libucrt:output.obj
 0001:0000fe42       ??$type_case_integer@$09@?$output_processor@DV?$stream_output_adapter@D@__crt_stdio_output@@V?$standard_base@DV?$stream_output_adapter@D@__crt_stdio_output@@@2@@__crt_stdio_output@@AAE_N_N@Z 10010e42 f i libucrt:output.obj
 0001:0000fe42       ??$type_case_integer@$09@?$output_processor@DV?$string_output_adapter@D@__crt_stdio_output@@V?$standard_base@DV?$string_output_adapter@D@__crt_stdio_output@@@2@@__crt_stdio_output@@AAE_N_N@Z 10010e42 f i libucrt:output.obj
 0001:0000ffcf       ??$type_case_integer@$0BA@@?$output_processor@DV?$stream_output_adapter@D@__crt_stdio_output@@V?$standard_base@DV?$stream_output_adapter@D@__crt_stdio_output@@@2@@__crt_stdio_output@@AAE_N_N@Z 10010fcf f i libucrt:output.obj
 0001:0000ffcf       ??$type_case_integer@$0BA@@?$output_processor@DV?$string_output_adapter@D@__crt_stdio_output@@V?$standard_base@DV?$string_output_adapter@D@__crt_stdio_output@@@2@@__crt_stdio_output@@AAE_N_N@Z 10010fcf f i libucrt:output.obj
 0001:0001015c       ??$type_case_integer_parse_into_buffer@I$07@?$output_processor@DV?$stream_output_adapter@D@__crt_stdio_output@@V?$standard_base@DV?$stream_output_adapter@D@__crt_stdio_output@@@2@@__crt_stdio_output@@AAEXI_N@Z 1001115c f i libucrt:output.obj
 0001:0001015c       ??$type_case_integer_parse_into_buffer@I$07@?$output_processor@DV?$string_output_adapter@D@__crt_stdio_output@@V?$standard_base@DV?$string_output_adapter@D@__crt_stdio_output@@@2@@__crt_stdio_output@@AAEXI_N@Z 1001115c f i libucrt:output.obj
 0001:000101be       ??$type_case_integer_parse_into_buffer@I$09@?$output_processor@DV?$stream_output_adapter@D@__crt_stdio_output@@V?$standard_base@DV?$stream_output_adapter@D@__crt_stdio_output@@@2@@__crt_stdio_output@@AAEXI_N@Z 100111be f i libucrt:output.obj
 0001:000101be       ??$type_case_integer_parse_into_buffer@I$09@?$output_processor@DV?$string_output_adapter@D@__crt_stdio_output@@V?$standard_base@DV?$string_output_adapter@D@__crt_stdio_output@@@2@@__crt_stdio_output@@AAEXI_N@Z 100111be f i libucrt:output.obj
 0001:0001023d       ??$type_case_integer_parse_into_buffer@I$0BA@@?$output_processor@DV?$stream_output_adapter@D@__crt_stdio_output@@V?$standard_base@DV?$stream_output_adapter@D@__crt_stdio_output@@@2@@__crt_stdio_output@@AAEXI_N@Z 1001123d f i libucrt:output.obj
 0001:0001023d       ??$type_case_integer_parse_into_buffer@I$0BA@@?$output_processor@DV?$string_output_adapter@D@__crt_stdio_output@@V?$standard_base@DV?$string_output_adapter@D@__crt_stdio_output@@@2@@__crt_stdio_output@@AAEXI_N@Z 1001123d f i libucrt:output.obj
 0001:000102b9       ??$type_case_integer_parse_into_buffer@_K$07@?$output_processor@DV?$stream_output_adapter@D@__crt_stdio_output@@V?$standard_base@DV?$stream_output_adapter@D@__crt_stdio_output@@@2@@__crt_stdio_output@@AAEX_K_N@Z 100112b9 f i libucrt:output.obj
 0001:000102b9       ??$type_case_integer_parse_into_buffer@_K$07@?$output_processor@DV?$string_output_adapter@D@__crt_stdio_output@@V?$standard_base@DV?$string_output_adapter@D@__crt_stdio_output@@@2@@__crt_stdio_output@@AAEX_K_N@Z 100112b9 f i libucrt:output.obj
 0001:0001032d       ??$type_case_integer_parse_into_buffer@_K$09@?$output_processor@DV?$stream_output_adapter@D@__crt_stdio_output@@V?$standard_base@DV?$stream_output_adapter@D@__crt_stdio_output@@@2@@__crt_stdio_output@@AAEX_K_N@Z 1001132d f i libucrt:output.obj
 0001:0001032d       ??$type_case_integer_parse_into_buffer@_K$09@?$output_processor@DV?$string_output_adapter@D@__crt_stdio_output@@V?$standard_base@DV?$string_output_adapter@D@__crt_stdio_output@@@2@@__crt_stdio_output@@AAEX_K_N@Z 1001132d f i libucrt:output.obj
 0001:000103bf       ??$type_case_integer_parse_into_buffer@_K$0BA@@?$output_processor@DV?$stream_output_adapter@D@__crt_stdio_output@@V?$standard_base@DV?$stream_output_adapter@D@__crt_stdio_output@@@2@@__crt_stdio_output@@AAEX_K_N@Z 100113bf f i libucrt:output.obj
 0001:000103bf       ??$type_case_integer_parse_into_buffer@_K$0BA@@?$output_processor@DV?$string_output_adapter@D@__crt_stdio_output@@V?$standard_base@DV?$string_output_adapter@D@__crt_stdio_output@@@2@@__crt_stdio_output@@AAEX_K_N@Z 100113bf f i libucrt:output.obj
 0001:00010445       ??0?$output_adapter_data@DV?$stream_output_adapter@D@__crt_stdio_output@@@__crt_stdio_output@@IAE@ABV?$stream_output_adapter@D@1@_KQBDAAV__crt_cached_ptd_host@@QAD@Z 10011445 f i libucrt:output.obj
 0001:00010445       ??0?$output_adapter_data@DV?$string_output_adapter@D@__crt_stdio_output@@@__crt_stdio_output@@IAE@ABV?$string_output_adapter@D@1@_KQBDAAV__crt_cached_ptd_host@@QAD@Z 10011445 f i libucrt:output.obj
 0001:000104b0       ??0__crt_cached_ptd_host@@QAE@QAU__crt_locale_pointers@@@Z 100114b0 f i libucrt:output.obj
 0001:00010510       ??1__crt_cached_ptd_host@@QAE@XZ 10011510 f i libucrt:output.obj
 0001:0001054c       ??1formatting_buffer@__crt_stdio_output@@QAE@XZ 1001154c f i libucrt:output.obj
 0001:00010566       ??4?$__crt_unique_heap_ptr@DU__crt_internal_free_policy@@@@QAEAAV0@$$QAV0@@Z 10011566 f i libucrt:output.obj
 0001:00010626       ?crop_zeroes@__crt_stdio_output@@YAXPADQAU__crt_locale_pointers@@@Z 10011626 f i libucrt:output.obj
 0001:00010690       ?find_next_state@?$output_processor@DV?$stream_output_adapter@D@__crt_stdio_output@@V?$standard_base@DV?$stream_output_adapter@D@__crt_stdio_output@@@2@@__crt_stdio_output@@ABE?AW4state@2@DW432@@Z 10011690 f i libucrt:output.obj
 0001:00010690       ?find_next_state@?$output_processor@DV?$string_output_adapter@D@__crt_stdio_output@@V?$standard_base@DV?$string_output_adapter@D@__crt_stdio_output@@@2@@__crt_stdio_output@@ABE?AW4state@2@DW432@@Z 10011690 f i libucrt:output.obj
 0001:000106cb       ?force_decimal_point@__crt_stdio_output@@YAXPADQAU__crt_locale_pointers@@@Z 100116cb f i libucrt:output.obj
 0001:00010730       ?force_synchronize_per_thread_data@__crt_cached_ptd_host@@AAEPAU__acrt_ptd@@XZ 10011730 f i libucrt:output.obj
 0001:00010780       ?get_raw_ptd@__crt_cached_ptd_host@@QAEPAU__acrt_ptd@@XZ 10011780 f i libucrt:output.obj
 0001:000107dc       ?parse_int_from_format_string@?$output_processor@DV?$stream_output_adapter@D@__crt_stdio_output@@V?$standard_base@DV?$stream_output_adapter@D@__crt_stdio_output@@@2@@__crt_stdio_output@@AAE_NQAH@Z 100117dc f i libucrt:output.obj
 0001:000107dc       ?parse_int_from_format_string@?$output_processor@DV?$string_output_adapter@D@__crt_stdio_output@@V?$standard_base@DV?$string_output_adapter@D@__crt_stdio_output@@@2@@__crt_stdio_output@@AAE_NQAH@Z 100117dc f i libucrt:output.obj
 0001:00010854       ?process@?$output_processor@DV?$stream_output_adapter@D@__crt_stdio_output@@V?$standard_base@DV?$stream_output_adapter@D@__crt_stdio_output@@@2@@__crt_stdio_output@@QAEHXZ 10011854 f i libucrt:output.obj
 0001:00010afc       ?process@?$output_processor@DV?$string_output_adapter@D@__crt_stdio_output@@V?$standard_base@DV?$string_output_adapter@D@__crt_stdio_output@@@2@@__crt_stdio_output@@QAEHXZ 10011afc f i libucrt:output.obj
 0001:00010dd0       ?state_case_size@?$output_processor@DV?$stream_output_adapter@D@__crt_stdio_output@@V?$standard_base@DV?$stream_output_adapter@D@__crt_stdio_output@@@2@@__crt_stdio_output@@AAE_NXZ 10011dd0 f i libucrt:output.obj
 0001:00010f29       ?state_case_size@?$output_processor@DV?$string_output_adapter@D@__crt_stdio_output@@V?$standard_base@DV?$string_output_adapter@D@__crt_stdio_output@@@2@@__crt_stdio_output@@AAE_NXZ 10011f29 f i libucrt:output.obj
 0001:00011082       ?state_case_type@?$output_processor@DV?$stream_output_adapter@D@__crt_stdio_output@@V?$standard_base@DV?$stream_output_adapter@D@__crt_stdio_output@@@2@@__crt_stdio_output@@AAE_NXZ 10012082 f i libucrt:output.obj
 0001:00011479       ?state_case_type@?$output_processor@DV?$string_output_adapter@D@__crt_stdio_output@@V?$standard_base@DV?$string_output_adapter@D@__crt_stdio_output@@@2@@__crt_stdio_output@@AAE_NXZ 10012479 f i libucrt:output.obj
 0001:000118b8       ?to_integer_size@__crt_stdio_output@@YAIW4length_modifier@1@@Z 100128b8 f i libucrt:output.obj
 0001:0001190c       ?type_case_Z@?$output_processor@DV?$stream_output_adapter@D@__crt_stdio_output@@V?$standard_base@DV?$stream_output_adapter@D@__crt_stdio_output@@@2@@__crt_stdio_output@@AAE_NXZ 1001290c f i libucrt:output.obj
 0001:0001190c       ?type_case_Z@?$output_processor@DV?$string_output_adapter@D@__crt_stdio_output@@V?$standard_base@DV?$string_output_adapter@D@__crt_stdio_output@@@2@@__crt_stdio_output@@AAE_NXZ 1001290c f i libucrt:output.obj
 0001:0001197f       ?type_case_a@?$output_processor@DV?$stream_output_adapter@D@__crt_stdio_output@@V?$standard_base@DV?$stream_output_adapter@D@__crt_stdio_output@@@2@@__crt_stdio_output@@AAE_NXZ 1001297f f i libucrt:output.obj
 0001:0001197f       ?type_case_a@?$output_processor@DV?$string_output_adapter@D@__crt_stdio_output@@V?$standard_base@DV?$string_output_adapter@D@__crt_stdio_output@@@2@@__crt_stdio_output@@AAE_NXZ 1001297f f i libucrt:output.obj
 0001:00011b36       ?type_case_c_tchar@?$output_processor@DV?$stream_output_adapter@D@__crt_stdio_output@@V?$standard_base@DV?$stream_output_adapter@D@__crt_stdio_output@@@2@@__crt_stdio_output@@AAE_ND@Z 10012b36 f i libucrt:output.obj
 0001:00011b36       ?type_case_c_tchar@?$output_processor@DV?$string_output_adapter@D@__crt_stdio_output@@V?$standard_base@DV?$string_output_adapter@D@__crt_stdio_output@@@2@@__crt_stdio_output@@AAE_ND@Z 10012b36 f i libucrt:output.obj
 0001:00011bc2       ?type_case_n@?$output_processor@DV?$stream_output_adapter@D@__crt_stdio_output@@V?$standard_base@DV?$stream_output_adapter@D@__crt_stdio_output@@@2@@__crt_stdio_output@@AAE_NXZ 10012bc2 f i libucrt:output.obj
 0001:00011bc2       ?type_case_n@?$output_processor@DV?$string_output_adapter@D@__crt_stdio_output@@V?$standard_base@DV?$string_output_adapter@D@__crt_stdio_output@@@2@@__crt_stdio_output@@AAE_NXZ 10012bc2 f i libucrt:output.obj
 0001:00011c47       ?type_case_o@?$output_processor@DV?$stream_output_adapter@D@__crt_stdio_output@@V?$standard_base@DV?$stream_output_adapter@D@__crt_stdio_output@@@2@@__crt_stdio_output@@AAE_NXZ 10012c47 f i libucrt:output.obj
 0001:00011c47       ?type_case_o@?$output_processor@DV?$string_output_adapter@D@__crt_stdio_output@@V?$standard_base@DV?$string_output_adapter@D@__crt_stdio_output@@@2@@__crt_stdio_output@@AAE_NXZ 10012c47 f i libucrt:output.obj
 0001:00011c64       ?type_case_p@?$output_processor@DV?$stream_output_adapter@D@__crt_stdio_output@@V?$standard_base@DV?$stream_output_adapter@D@__crt_stdio_output@@@2@@__crt_stdio_output@@AAE_NXZ 10012c64 f i libucrt:output.obj
 0001:00011c64       ?type_case_p@?$output_processor@DV?$string_output_adapter@D@__crt_stdio_output@@V?$standard_base@DV?$string_output_adapter@D@__crt_stdio_output@@@2@@__crt_stdio_output@@AAE_NXZ 10012c64 f i libucrt:output.obj
 0001:00011c7a       ?type_case_s@?$output_processor@DV?$stream_output_adapter@D@__crt_stdio_output@@V?$standard_base@DV?$stream_output_adapter@D@__crt_stdio_output@@@2@@__crt_stdio_output@@AAE_NXZ 10012c7a f i libucrt:output.obj
 0001:00011c7a       ?type_case_s@?$output_processor@DV?$string_output_adapter@D@__crt_stdio_output@@V?$standard_base@DV?$string_output_adapter@D@__crt_stdio_output@@@2@@__crt_stdio_output@@AAE_NXZ 10012c7a f i libucrt:output.obj
 0001:00011ced       ?unget@?$c_string_character_source@D@__crt_strtox@@QAEXD@Z 10012ced f i libucrt:output.obj
 0001:00011d20       ?update_locale_slow@__crt_cached_ptd_host@@AAEXXZ 10012d20 f i libucrt:output.obj
 0001:00011d7b       ?validate@?$c_string_character_source@D@__crt_strtox@@QBE_NXZ 10012d7b f i libucrt:output.obj
 0001:00011d96       ?validate@?$stream_output_adapter@D@__crt_stdio_output@@QBE_NAAV__crt_cached_ptd_host@@@Z 10012d96 f i libucrt:output.obj
 0001:00011dce       ?validate@?$string_output_adapter@D@__crt_stdio_output@@QBE_NAAV__crt_cached_ptd_host@@@Z 10012dce f i libucrt:output.obj
 0001:00011dff       ?validate_stream_is_ansi_if_required@?$__acrt_stdio_char_traits@D@@SA_NQAU_iobuf@@@Z 10012dff f i libucrt:output.obj
 0001:00011e86       ?write_character@?$output_adapter_common@DV?$stream_output_adapter@D@__crt_stdio_output@@@__crt_stdio_output@@QBEXDQAHAAV__crt_cached_ptd_host@@@Z 10012e86 f i libucrt:output.obj
 0001:00011ea8       ?write_character_without_count_update@?$stream_output_adapter@D@__crt_stdio_output@@QBE_NDAAV__crt_cached_ptd_host@@@Z 10012ea8 f i libucrt:output.obj
 0001:00011ee2       ?write_string@?$stream_output_adapter@D@__crt_stdio_output@@QBEXQBDHQAHAAV__crt_cached_ptd_host@@@Z 10012ee2 f i libucrt:output.obj
 0001:00011f0e       ?write_string@?$string_output_adapter@D@__crt_stdio_output@@QBEXQBDHQAHAAV__crt_cached_ptd_host@@@Z 10012f0e f i libucrt:output.obj
 0001:00011f7d       ?write_string_impl@?$output_adapter_common@DV?$stream_output_adapter@D@__crt_stdio_output@@@__crt_stdio_output@@IBEXQBDHQAHAAV__crt_cached_ptd_host@@@Z 10012f7d f i libucrt:output.obj
 0001:00011ffc       ___acrt_locale_get_ctype_array_value 10012ffc f i libucrt:output.obj
 0001:0001201e       ___stdio_common_vfprintf   1001301e f   libucrt:output.obj
 0001:000120c2       ___stdio_common_vsprintf   100130c2 f   libucrt:output.obj
 0001:00012110       _malloc                    10013110 f   libucrt:malloc.obj
 0001:0001211b       ?check_synchronize_global_state_index@__crt_cached_ptd_host@@AAEIXZ 1001311b f i libucrt:invalid_parameter.obj
 0001:00012144       ___acrt_call_reportfault   10013144 f   libucrt:invalid_parameter.obj
 0001:0001227d       ___acrt_initialize_invalid_parameter_handler 1001327d f   libucrt:invalid_parameter.obj
 0001:0001228c       __invalid_parameter        1001328c f   libucrt:invalid_parameter.obj
 0001:000122c3       __invalid_parameter_internal 100132c3 f   libucrt:invalid_parameter.obj
 0001:00012340       __invalid_parameter_noinfo 10013340 f   libucrt:invalid_parameter.obj
 0001:00012350       __invoke_watson            10013350 f   libucrt:invalid_parameter.obj
 0001:000124a9       _fclose                    100134a9 f   libucrt:fclose.obj
 0001:00012590       _fopen                     10013590 f   libucrt:fopen.obj
 0001:000125a7       __fread_nolock_s           100135a7 f   libucrt:fread.obj
 0001:0001277b       _fread                     1001377b f   libucrt:fread.obj
 0001:00012798       _fread_s                   10013798 f   libucrt:fread.obj
 0001:000128b6       ?LongLongSub@@YAJ_J0PA_J@Z 100138b6 f i libucrt:fseek.obj
 0001:00012ba7       _fseek                     10013ba7 f   libucrt:fseek.obj
 0001:0001322e       __ftelli64_nolock_internal 1001422e f   libucrt:ftell.obj
 0001:00013239       _ftell                     10014239 f   libucrt:ftell.obj
 0001:0001334f       _rewind                    1001434f f   libucrt:rewind.obj
 0001:00013380       _free                      10014380 f   libucrt:free.obj
 0001:00013385       ??$is_overflow_condition@_K@__crt_strtox@@YA_NI_K@Z 10014385 f i libucrt:atox.obj
 0001:000133c6       ??$parse_integer@KV?$c_string_character_source@D@__crt_strtox@@$00@__crt_strtox@@YAKAAV__crt_cached_ptd_host@@V?$c_string_character_source@D@0@H_N@Z 100143c6 f i libucrt:atox.obj
 0001:00013611       ??$parse_integer@_KV?$c_string_character_source@D@__crt_strtox@@$00@__crt_strtox@@YA_KAAV__crt_cached_ptd_host@@V?$c_string_character_source@D@0@H_N@Z 10014611 f i libucrt:atox.obj
 0001:000138c1       __ischartype_l             100148c1 f i libucrt:atox.obj
 0001:00013918       _atoi                      10014918 f   libucrt:atox.obj
 0001:000139b2       ??$assemble_floating_point_snan@N@__crt_strtox@@YAX_NAAN@Z 100149b2 f i libucrt:input.obj
 0001:000139d3       ??$assemble_floating_point_value_t@M@__crt_strtox@@YA?AW4SLD_STATUS@@_NH_KAAM@Z 100149d3 f i libucrt:input.obj
 0001:00013a12       ??$assemble_floating_point_value_t@N@__crt_strtox@@YA?AW4SLD_STATUS@@_NH_KAAN@Z 10014a12 f i libucrt:input.obj
 0001:00013a54       ??$convert_decimal_string_to_floating_type@M@__crt_strtox@@YA?AW4SLD_STATUS@@ABUfloating_point_string@0@AAM@Z 10014a54 f i libucrt:input.obj
 0001:00013a75       ??$convert_decimal_string_to_floating_type@N@__crt_strtox@@YA?AW4SLD_STATUS@@ABUfloating_point_string@0@AAN@Z 10014a75 f i libucrt:input.obj
 0001:00013a96       ??$convert_hexadecimal_string_to_floating_type@M@__crt_strtox@@YA?AW4SLD_STATUS@@ABUfloating_point_string@0@AAM@Z 10014a96 f i libucrt:input.obj
 0001:00013ab7       ??$convert_hexadecimal_string_to_floating_type@N@__crt_strtox@@YA?AW4SLD_STATUS@@ABUfloating_point_string@0@AAN@Z 10014ab7 f i libucrt:input.obj
 0001:00013ad8       ??$make_input_adapter_character_source@V?$stream_input_adapter@D@__crt_stdio_input@@@__crt_strtox@@YA?AV?$input_adapter_character_source@V?$stream_input_adapter@D@__crt_stdio_input@@@0@QAV?$stream_input_adapter@D@__crt_stdio_input@@_KQA_N@Z 10014ad8 f i libucrt:input.obj
 0001:00013af6       ??$parse_floating_point@V?$input_adapter_character_source@V?$stream_input_adapter@D@__crt_stdio_input@@@__crt_strtox@@M@__crt_strtox@@YA?AW4SLD_STATUS@@QAU__crt_locale_pointers@@V?$input_adapter_character_source@V?$stream_input_adapter@D@__crt_stdio_input@@@0@QAM@Z 10014af6 f i libucrt:input.obj
 0001:00013b80       ??$parse_floating_point@V?$input_adapter_character_source@V?$stream_input_adapter@D@__crt_stdio_input@@@__crt_strtox@@N@__crt_strtox@@YA?AW4SLD_STATUS@@QAU__crt_locale_pointers@@V?$input_adapter_character_source@V?$stream_input_adapter@D@__crt_stdio_input@@@0@QAN@Z 10014b80 f i libucrt:input.obj
 0001:00013c0a       ??$parse_floating_point_from_source@V?$input_adapter_character_source@V?$stream_input_adapter@D@__crt_stdio_input@@@__crt_strtox@@@__crt_strtox@@YA?AW4floating_point_parse_result@0@QAU__crt_locale_pointers@@AAV?$input_adapter_character_source@V?$stream_input_adapter@D@__crt_stdio_input@@@0@AAUfloating_point_string@0@@Z 10014c0a f i libucrt:input.obj
 0001:00014077       ??$parse_floating_point_possible_infinity@DV?$input_adapter_character_source@V?$stream_input_adapter@D@__crt_stdio_input@@@__crt_strtox@@_K@__crt_strtox@@YA?AW4floating_point_parse_result@0@AADAAV?$input_adapter_character_source@V?$stream_input_adapter@D@__crt_stdio_input@@@0@_K@Z 10015077 f i libucrt:input.obj
 0001:00014132       ??$parse_floating_point_possible_nan@DV?$input_adapter_character_source@V?$stream_input_adapter@D@__crt_stdio_input@@@__crt_strtox@@_K@__crt_strtox@@YA?AW4floating_point_parse_result@0@AADAAV?$input_adapter_character_source@V?$stream_input_adapter@D@__crt_stdio_input@@@0@_K@Z 10015132 f i libucrt:input.obj
 0001:0001423a       ??$parse_floating_point_possible_nan_is_ind@DV?$input_adapter_character_source@V?$stream_input_adapter@D@__crt_stdio_input@@@__crt_strtox@@@__crt_strtox@@YA_NAADAAV?$input_adapter_character_source@V?$stream_input_adapter@D@__crt_stdio_input@@@0@@Z 1001523a f i libucrt:input.obj
 0001:00014274       ??$parse_floating_point_possible_nan_is_snan@DV?$input_adapter_character_source@V?$stream_input_adapter@D@__crt_stdio_input@@@__crt_strtox@@@__crt_strtox@@YA_NAADAAV?$input_adapter_character_source@V?$stream_input_adapter@D@__crt_stdio_input@@@0@@Z 10015274 f i libucrt:input.obj
 0001:000142ae       ??$parse_floating_point_write_result@M@__crt_strtox@@YA?AW4SLD_STATUS@@W4floating_point_parse_result@0@ABUfloating_point_string@0@QAM@Z 100152ae f i libucrt:input.obj
 0001:000143f6       ??$parse_floating_point_write_result@N@__crt_strtox@@YA?AW4SLD_STATUS@@W4floating_point_parse_result@0@ABUfloating_point_string@0@QAN@Z 100153f6 f i libucrt:input.obj
 0001:0001451a       ??$parse_integer@_KV?$input_adapter_character_source@V?$stream_input_adapter@D@__crt_stdio_input@@@__crt_strtox@@$00@__crt_strtox@@YA_KAAV__crt_cached_ptd_host@@V?$input_adapter_character_source@V?$stream_input_adapter@D@__crt_stdio_input@@@0@H_N@Z 1001551a f i libucrt:input.obj
 0001:0001480e       ??$parse_integer@_KV?$input_adapter_character_source@V?$stream_input_adapter@D@__crt_stdio_input@@@__crt_strtox@@@__crt_strtox@@YA_KQAU__crt_locale_pointers@@V?$input_adapter_character_source@V?$stream_input_adapter@D@__crt_stdio_input@@@0@H_N@Z 1001580e f i libucrt:input.obj
 0001:0001486a       ??$process_floating_point_specifier_t@M@?$input_processor@DV?$stream_input_adapter@D@__crt_stdio_input@@@__crt_stdio_input@@AAE_NXZ 1001586a f i libucrt:input.obj
 0001:000148d2       ??$process_floating_point_specifier_t@N@?$input_processor@DV?$stream_input_adapter@D@__crt_stdio_input@@@__crt_stdio_input@@AAE_NXZ 100158d2 f i libucrt:input.obj
 0001:0001493e       ??$process_string_specifier_tchar@D@?$input_processor@DV?$stream_input_adapter@D@__crt_stdio_input@@@__crt_stdio_input@@AAE_NW4conversion_mode@1@D@Z 1001593e f i libucrt:input.obj
 0001:00014abe       ??$process_string_specifier_tchar@_W@?$input_processor@DV?$stream_input_adapter@D@__crt_stdio_input@@@__crt_stdio_input@@AAE_NW4conversion_mode@1@_W@Z 10015abe f i libucrt:input.obj
 0001:00014c4a       ??$skip_whitespace@Vstream_input_adapter@__crt_stdio_input@@D@__crt_stdio_input@@YAHAAV?$stream_input_adapter@D@0@QAU__crt_locale_pointers@@@Z 10015c4a f i libucrt:input.obj
 0001:00014c81       ??$write_floating_point@M@?$input_processor@DV?$stream_input_adapter@D@__crt_stdio_input@@@__crt_stdio_input@@AAE_NABM@Z 10015c81 f i libucrt:input.obj
 0001:00014cb6       ??$write_floating_point@N@?$input_processor@DV?$stream_input_adapter@D@__crt_stdio_input@@@__crt_stdio_input@@AAE_NABN@Z 10015cb6 f i libucrt:input.obj
 0001:00014cf1       ??0?$format_string_parser@D@__crt_stdio_input@@QAE@_KQBE@Z 10015cf1 f i libucrt:input.obj
 0001:00014d3b       ??0?$input_adapter_character_source@V?$stream_input_adapter@D@__crt_stdio_input@@@__crt_strtox@@QAE@$$QAV01@@Z 10015d3b f i libucrt:input.obj
 0001:00014d78       ??0?$input_adapter_character_source@V?$stream_input_adapter@D@__crt_stdio_input@@@__crt_strtox@@QAE@QAV?$stream_input_adapter@D@__crt_stdio_input@@_KQA_N@Z 10015d78 f i libucrt:input.obj
 0001:00014da9       ??0?$input_processor@DV?$stream_input_adapter@D@__crt_stdio_input@@@__crt_stdio_input@@QAE@ABV?$stream_input_adapter@D@1@_KQBDQAU__crt_locale_pointers@@QAD@Z 10015da9 f i libucrt:input.obj
 0001:00014df2       ??0_LocaleUpdate@@QAE@QAU__crt_locale_pointers@@@Z 10015df2 f i libucrt:input.obj
 0001:00014e74       ??R<lambda_0b87716a0b73cdfba1cd37fcaaa20711>@@QBE@XZ 10015e74 f i libucrt:input.obj
 0001:00014e74       ??R<lambda_c7c3f778895f47e7f4eff38a8fef279a>@@QBE@XZ 10015e74 f i libucrt:input.obj
 0001:00014e74       ??R<lambda_e41f1170c8800e4a6fed1afad60fab6f>@@QBE@XZ 10015e74 f i libucrt:input.obj
 0001:00014f1e       ?advance@?$format_string_parser@D@__crt_stdio_input@@QAE_NXZ 10015f1e f i libucrt:input.obj
 0001:00015036       ?as_double@floating_point_value@__crt_strtox@@QBEAANXZ 10016036 f i libucrt:input.obj
 0001:0001505b       ?as_float@floating_point_value@__crt_strtox@@QBEAAMXZ 1001605b f i libucrt:input.obj
 0001:00015080       ?assemble_floating_point_infinity@__crt_strtox@@YAX_NABVfloating_point_value@1@@Z 10016080 f i libucrt:input.obj
 0001:000150c0       ?assemble_floating_point_value@__crt_strtox@@YA?AW4SLD_STATUS@@_KH_N1ABVfloating_point_value@1@@Z 100160c0 f i libucrt:input.obj
 0001:00015459       ?assemble_floating_point_value_from_big_integer@__crt_strtox@@YA?AW4SLD_STATUS@@ABUbig_integer@1@I_N1ABVfloating_point_value@1@@Z 10016459 f i libucrt:input.obj
 0001:000155f6       ?assemble_floating_point_zero@__crt_strtox@@YAX_NABVfloating_point_value@1@@Z 100165f6 f i libucrt:input.obj
 0001:0001562b       ?convert_decimal_string_to_floating_type_common@__crt_strtox@@YA?AW4SLD_STATUS@@ABUfloating_point_string@1@ABVfloating_point_value@1@@Z 1001662b f i libucrt:input.obj
 0001:0001732a       ?convert_hexadecimal_string_to_floating_type_common@__crt_strtox@@YA?AW4SLD_STATUS@@ABUfloating_point_string@1@ABVfloating_point_value@1@@Z 1001832a f i libucrt:input.obj
 0001:000173db       ?denormal_mantissa_mask@floating_point_value@__crt_strtox@@QBE_KXZ 100183db f i libucrt:input.obj
 0001:00017400       ?divide@__crt_strtox@@YA_KAAUbig_integer@1@ABU21@@Z 10018400 f i libucrt:input.obj
 0001:000178d7       ?get@?$input_adapter_character_source@V?$stream_input_adapter@D@__crt_stdio_input@@@__crt_strtox@@QAEDXZ 100188d7 f i libucrt:input.obj
 0001:00017916       ?is_character_allowed_in_string@?$input_processor@DV?$stream_input_adapter@D@__crt_stdio_input@@@__crt_stdio_input@@ABE_NW4conversion_mode@2@H@Z 10018916 f i libucrt:input.obj
 0001:00017966       ?length@?$format_string_parser@D@__crt_stdio_input@@QBEIXZ 10018966 f i libucrt:input.obj
 0001:000179b4       ?normal_mantissa_mask@floating_point_value@__crt_strtox@@QBE_KXZ 100189b4 f i libucrt:input.obj
 0001:000179cb       ?process@?$input_processor@DV?$stream_input_adapter@D@__crt_stdio_input@@@__crt_stdio_input@@QAEHXZ 100189cb f i libucrt:input.obj
 0001:00017a56       ?process_character_count_specifier@?$input_processor@DV?$stream_input_adapter@D@__crt_stdio_input@@@__crt_stdio_input@@AAE_NXZ 10018a56 f i libucrt:input.obj
 0001:00017a6a       ?process_conversion_specifier@?$input_processor@DV?$stream_input_adapter@D@__crt_stdio_input@@@__crt_stdio_input@@AAE_NXZ 10018a6a f i libucrt:input.obj
 0001:00017ade       ?process_floating_point_specifier@?$input_processor@DV?$stream_input_adapter@D@__crt_stdio_input@@@__crt_stdio_input@@AAE_NXZ 10018ade f i libucrt:input.obj
 0001:00017b0e       ?process_integer_specifier@?$input_processor@DV?$stream_input_adapter@D@__crt_stdio_input@@@__crt_stdio_input@@AAE_NI_N@Z 10018b0e f i libucrt:input.obj
 0001:00017b73       ?process_literal_character@?$input_processor@DV?$stream_input_adapter@D@__crt_stdio_input@@@__crt_stdio_input@@AAE_NXZ 10018b73 f i libucrt:input.obj
 0001:00017ba9       ?process_literal_character_tchar@?$input_processor@DV?$stream_input_adapter@D@__crt_stdio_input@@@__crt_stdio_input@@AAE_ND@Z 10018ba9 f i libucrt:input.obj
 0001:00017c00       ?process_state@?$input_processor@DV?$stream_input_adapter@D@__crt_stdio_input@@@__crt_stdio_input@@AAE_NXZ 10018c00 f i libucrt:input.obj
 0001:00017c42       ?process_string_specifier@?$input_processor@DV?$stream_input_adapter@D@__crt_stdio_input@@@__crt_stdio_input@@AAE_NW4conversion_mode@2@@Z 10018c42 f i libucrt:input.obj
 0001:00017c8a       ?process_whitespace@?$input_processor@DV?$stream_input_adapter@D@__crt_stdio_input@@@__crt_stdio_input@@AAE_NXZ 10018c8a f i libucrt:input.obj
 0001:00017ca7       ?restore_state@?$input_adapter_character_source@V?$stream_input_adapter@D@__crt_stdio_input@@@__crt_strtox@@QAE_N_K@Z 10018ca7 f i libucrt:input.obj
 0001:00017ccc       ?scan_conversion_specifier@?$format_string_parser@D@__crt_stdio_input@@AAE_NXZ 10018ccc f i libucrt:input.obj
 0001:00017e48       ?scan_optional_field_width@?$format_string_parser@D@__crt_stdio_input@@AAE_NXZ 10018e48 f i libucrt:input.obj
 0001:00017edc       ?scan_optional_length_modifier@?$format_string_parser@D@__crt_stdio_input@@AAEXXZ 10018edc f i libucrt:input.obj
 0001:00017ff1       ?scan_optional_literal_character_trail_bytes_tchar@?$format_string_parser@D@__crt_stdio_input@@AAE_ND@Z 10018ff1 f i libucrt:input.obj
 0001:00018043       ?scan_optional_wide_modifier@?$format_string_parser@D@__crt_stdio_input@@AAEXXZ 10019043 f i libucrt:input.obj
 0001:00018061       ?scan_scanset_range@?$format_string_parser@D@__crt_stdio_input@@AAE_NXZ 10019061 f i libucrt:input.obj
 0001:000181b1       ?set@?$scanset_buffer@E@__crt_stdio_input@@QAEXE@Z 100191b1 f i libucrt:input.obj
 0001:000181dc       ?set_wide_for_c_s_or_scanset@?$format_string_parser@D@__crt_stdio_input@@AAEXXZ 100191dc f i libucrt:input.obj
 0001:000181fd       ?to_floating_point_length@__crt_stdio_input@@YAIW4length_modifier@1@@Z 100191fd f i libucrt:input.obj
 0001:00018220       ?to_integer_length@__crt_stdio_input@@YAIW4length_modifier@1@@Z 10019220 f i libucrt:input.obj
 0001:00018273       ?unget@?$input_adapter_character_source@V?$stream_input_adapter@D@__crt_stdio_input@@@__crt_strtox@@QAEXD@Z 10019273 f i libucrt:input.obj
 0001:000182ba       ?unget@?$stream_input_adapter@D@__crt_stdio_input@@QAEXH@Z 100192ba f i libucrt:input.obj
 0001:000182d8       ?validate@?$format_string_parser@D@__crt_stdio_input@@QBE_NXZ 100192d8 f i libucrt:input.obj
 0001:000182f4       ?validate@?$input_adapter_character_source@V?$stream_input_adapter@D@__crt_stdio_input@@@__crt_strtox@@QBE_NXZ 100192f4 f i libucrt:input.obj
 0001:00018315       ?validate@?$stream_input_adapter@D@__crt_stdio_input@@QBE_NXZ 10019315 f i libucrt:input.obj
 0001:00018336       ?write_character@?$input_processor@DV?$stream_input_adapter@D@__crt_stdio_input@@@__crt_stdio_input@@AAE_NQA_WIAAPA_WAAID@Z 10019336 f i libucrt:input.obj
 0001:000183ac       ?write_integer@?$input_processor@DV?$stream_input_adapter@D@__crt_stdio_input@@@__crt_stdio_input@@AAE_N_K@Z 100193ac f i libucrt:input.obj
 0001:0001841b       ___stdio_common_vfscanf    1001941b f   libucrt:input.obj
 0001:00018511       ??$parse_floating_point@V?$c_string_character_source@D@__crt_strtox@@N@__crt_strtox@@YA?AW4SLD_STATUS@@QAU__crt_locale_pointers@@V?$c_string_character_source@D@0@QAN@Z 10019511 f i libucrt:atof.obj
 0001:00018591       ??$parse_floating_point_from_source@V?$c_string_character_source@D@__crt_strtox@@@__crt_strtox@@YA?AW4floating_point_parse_result@0@QAU__crt_locale_pointers@@AAV?$c_string_character_source@D@0@AAUfloating_point_string@0@@Z 10019591 f i libucrt:atof.obj
 0001:000189b9       ??$parse_floating_point_possible_infinity@DV?$c_string_character_source@D@__crt_strtox@@PBD@__crt_strtox@@YA?AW4floating_point_parse_result@0@AADAAV?$c_string_character_source@D@0@PBD@Z 100199b9 f i libucrt:atof.obj
 0001:00018a6b       ??$parse_floating_point_possible_nan@DV?$c_string_character_source@D@__crt_strtox@@PBD@__crt_strtox@@YA?AW4floating_point_parse_result@0@AADAAV?$c_string_character_source@D@0@PBD@Z 10019a6b f i libucrt:atof.obj
 0001:00018b6f       ??$parse_floating_point_possible_nan_is_ind@DV?$c_string_character_source@D@__crt_strtox@@@__crt_strtox@@YA_NAADAAV?$c_string_character_source@D@0@@Z 10019b6f f i libucrt:atof.obj
 0001:00018bab       ??$parse_floating_point_possible_nan_is_snan@DV?$c_string_character_source@D@__crt_strtox@@@__crt_strtox@@YA_NAADAAV?$c_string_character_source@D@0@@Z 10019bab f i libucrt:atof.obj
 0001:00018be7       ??R<lambda_32aa245da1b5b882fa96db788295c8b2>@@QBE@XZ 10019be7 f i libucrt:atof.obj
 0001:00018be7       ??R<lambda_690cf26ff5d754c94c32cf642e9f01bc>@@QBE@XZ 10019be7 f i libucrt:atof.obj
 0001:00018be7       ??R<lambda_e51f7abad2595a5950d3223319845217>@@QBE@XZ 10019be7 f i libucrt:atof.obj
 0001:00018c0d       _atof                      10019c0d f   libucrt:atof.obj
 0001:00018c20       ??$__acrt_convert_wcs_mbs_cp@D_WV<lambda_62f6974d9771e494a5ea317cc32e971c>@@U__crt_win32_buffer_internal_dynamic_resizing@@@@YAHQBDAAV?$__crt_win32_buffer@_WU__crt_win32_buffer_internal_dynamic_resizing@@@@ABV<lambda_62f6974d9771e494a5ea317cc32e971c>@@I@Z 10019c20 f i libucrt:access.obj
 0001:00018cd2       ??$__acrt_mbs_to_wcs_cp@U__crt_win32_buffer_internal_dynamic_resizing@@@@YAHQBDAAV?$__crt_win32_buffer@_WU__crt_win32_buffer_internal_dynamic_resizing@@@@I@Z 10019cd2 f i libucrt:access.obj
 0001:00018cef       ?__acrt_get_utf8_acp_compatibility_codepage@@YAIXZ 10019cef f i libucrt:access.obj
 0001:00018d2e       ?_deallocate@?$__crt_win32_buffer@DU__crt_win32_buffer_internal_dynamic_resizing@@@@AAEXXZ 10019d2e f i libucrt:argv_wildcards.obj
 0001:00018d2e       ?_deallocate@?$__crt_win32_buffer@_WU__crt_win32_buffer_internal_dynamic_resizing@@@@AAEXXZ 10019d2e f i libucrt:access.obj
 0001:00018d48       ?allocate@?$__crt_win32_buffer@_WU__crt_win32_buffer_internal_dynamic_resizing@@@@QAEHI@Z 10019d48 f i libucrt:access.obj
 0001:00018d87       ?allocate@__crt_win32_buffer_internal_dynamic_resizing@@SAHQAPAXIABV__crt_win32_buffer_empty_debug_info@@@Z 10019d87 f i libucrt:access.obj
 0001:00018da8       __access                   10019da8 f   libucrt:access.obj
 0001:00018dc0       __access_s                 10019dc0 f   libucrt:access.obj
 0001:00018e40       __callnewh                 10019e40 f   libucrt:new_handler.obj
 0001:00018e80       ___acrt_initialize_new_handler 10019e80 f   libucrt:new_handler.obj
 0001:00018ea0       __query_new_handler        10019ea0 f   libucrt:new_handler.obj
 0001:00018f00       __set_new_handler          10019f00 f   libucrt:new_handler.obj
 0001:00018f70       ?_set_new_handler@@YAP6AHI@ZH@Z 10019f70 f   libucrt:new_handler.obj
 0001:00018f7d       ??$__crt_fast_decode_pointer@P6AHI@Z@@YAP6AHI@ZQ6AHI@Z@Z 10019f7d f i libucrt:new_handler.obj
 0001:00018f7d       ??$__crt_fast_decode_pointer@P6AXH@Z@@YAP6AXH@ZQ6AXH@Z@Z 10019f7d f i libucrt:signal.obj
 0001:00018f7d       ??$__crt_fast_decode_pointer@P6GXPAXK0@Z@@YAP6GXPAXK0@ZQ6GX0K0@Z@Z 10019f7d f i libucrt:exit.obj
 0001:00018f98       ??$__crt_fast_encode_pointer@P6AHI@Z@@YAP6AHI@ZQ6AHI@Z@Z 10019f98 f i libucrt:new_handler.obj
 0001:00018fb7       __initterm                 10019fb7 f   libucrt:initterm.obj
 0001:00018fe2       __initterm_e               10019fe2 f   libucrt:initterm.obj
 0001:00019010       __seh_filter_dll           1001a010 f   libucrt:exception_filter.obj
 0001:00019030       __seh_filter_exe           1001a030 f   libucrt:exception_filter.obj
 0001:0001945b       ___acrt_initialize_thread_local_exit_callback 1001a45b f   libucrt:exit.obj
 0001:0001946a       __cexit                    1001a46a f   libucrt:exit.obj
 0001:00019479       __exit                     1001a479 f   libucrt:exit.obj
 0001:0001948f       __is_c_termination_complete 1001a48f f   libucrt:exit.obj
 0001:00019745       ___acrt_allocate_buffer_for_argv 1001a745 f   libucrt:argv_parsing.obj
 0001:00019794       __configure_narrow_argv    1001a794 f   libucrt:argv_parsing.obj
 0001:00019943       ___dcrt_uninitialize_environments_nolock 1001a943 f   libucrt:environment_initialization.obj
 0001:00019994       __initialize_narrow_environment 1001a994 f   libucrt:environment_initialization.obj
 0001:00019ace       __execute_onexit_table     1001aace f   libucrt:onexit.obj
 0001:00019b0c       __initialize_onexit_table  1001ab0c f   libucrt:onexit.obj
 0001:00019b5c       ___acrt_uninitialize_command_line 1001ab5c f   libucrt:argv_data.obj
 0001:00019c33       ___acrt_initialize         1001ac33 f   libucrt:initialization.obj
 0001:00019c45       ___acrt_thread_attach      1001ac45 f   libucrt:initialization.obj
 0001:00019c50       ___acrt_thread_detach      1001ac50 f   libucrt:initialization.obj
 0001:00019c58       ___acrt_uninitialize       1001ac58 f   libucrt:initialization.obj
 0001:00019c88       ___acrt_uninitialize_critical 1001ac88 f   libucrt:initialization.obj
 0001:00019c9a       _terminate                 1001ac9a f   libucrt:terminate.obj
 0001:00019cd6       _abort                     1001acd6 f   libucrt:abort.obj
 0001:00019d1a       @_guard_check_icall@4      1001ad1a f i libucrt:checkcfg.obj
 0001:00019d20       _calloc                    1001ad20 f   libucrt:calloc.obj
 0001:00019d30       _strncmp                   1001ad30 f   libucrt:strncmp.obj
 0001:00019da8       _wcsncmp                   1001ada8 f   libucrt:wcsncmp.obj
 0001:00019e61       ___acrt_errno_from_os_error 1001ae61 f   libucrt:errno.obj
 0001:00019ec0       ___acrt_errno_map_os_error 1001aec0 f   libucrt:errno.obj
 0001:00019ee3       ___acrt_errno_map_os_error_ptd 1001aee3 f   libucrt:errno.obj
 0001:00019f07       ___doserrno                1001af07 f   libucrt:errno.obj
 0001:00019f1c       __errno                    1001af1c f   libucrt:errno.obj
 0001:00019f40       __free_base                1001af40 f   libucrt:free_base.obj
 0001:00019f90       __malloc_base              1001af90 f   libucrt:malloc_base.obj
 0001:00019fe1       _strnlen                   1001afe1 f   libucrt:strnlen.obj
 0001:0001a116       _wcsnlen                   1001b116 f   libucrt:strnlen.obj
 0001:0001a2cc       ___acrt_update_locale_info 1001b2cc f   libucrt:locale_update.obj
 0001:0001a2f9       ___acrt_update_locale_info_explicit 1001b2f9 f   libucrt:locale_update.obj
 0001:0001a32a       ___acrt_update_multibyte_info 1001b32a f   libucrt:locale_update.obj
 0001:0001a357       ___acrt_update_multibyte_info_explicit 1001b357 f   libucrt:locale_update.obj
 0001:0001a388       ?__acrt_fp_classify@@YA?AW4__acrt_fp_class@@ABN@Z 1001b388 f i libucrt:cvt.obj
 0001:0001ad37       ___acrt_fp_format          1001bd37 f   libucrt:cvt.obj
 0001:0001aeb7       __wctomb_internal          1001beb7 f   libucrt:wctomb.obj
 0001:0001b01b       __mbtowc_internal          1001c01b f   libucrt:mbtowc.obj
 0001:0001b14b       __mbtowc_l                 1001c14b f   libucrt:mbtowc.obj
 0001:0001b183       ?__mblen_utf8@__crt_mbstring@@YAHPBD@Z 1001c183 f   libucrt:mbrtoc32.obj
 0001:0001b1c4       ?__mbrtoc32_utf8@__crt_mbstring@@YAIPA_UPBDIPAU_Mbstatet@@AAV__crt_cached_ptd_host@@@Z 1001c1c4 f   libucrt:mbrtoc32.obj
 0001:0001b37d       ?__c16rtomb_utf8@__crt_mbstring@@YAIPAD_SPAU_Mbstatet@@AAV__crt_cached_ptd_host@@@Z 1001c37d f   libucrt:c16rtomb.obj
 0001:0001b454       ?__mbrtowc_utf8@__crt_mbstring@@YAIPA_WPBDIPAU_Mbstatet@@AAV__crt_cached_ptd_host@@@Z 1001c454 f   libucrt:mbrtowc.obj
 0001:0001b497       ?__mbsrtowcs_utf8@__crt_mbstring@@YAIPA_WPAPBDIPAU_Mbstatet@@AAV__crt_cached_ptd_host@@@Z 1001c497 f   libucrt:mbrtowc.obj
 0001:0001b5aa       __fileno                   1001c5aa f   libucrt:fileno.obj
 0001:0001b5d1       ___acrt_initialize_stdio   1001c5d1 f   libucrt:_file.obj
 0001:0001b699       ___acrt_iob_func           1001c699 f   libucrt:_file.obj
 0001:0001b6a9       ___acrt_uninitialize_stdio 1001c6a9 f   libucrt:_file.obj
 0001:0001b6f5       __lock_file                1001c6f5 f   libucrt:_file.obj
 0001:0001b709       __unlock_file              1001c709 f   libucrt:_file.obj
 0001:0001b71d       __get_printf_count_output  1001c71d f   libucrt:printf_count_output.obj
 0001:0001b732       __fputc_nolock_internal    1001c732 f   libucrt:fputc.obj
 0001:0001b75f       ___acrt_should_use_temporary_buffer 1001c75f f   libucrt:_sftbuf.obj
 0001:0001b79d       ___acrt_stdio_begin_temporary_buffering_nolock 1001c79d f   libucrt:_sftbuf.obj
 0001:0001b848       ___acrt_stdio_end_temporary_buffering_nolock 1001c848 f   libucrt:_sftbuf.obj
 0001:0001bb79       ?internal_get_ptd_head_slow@@YAPAU__acrt_ptd@@XZ 1001cb79 f   libucrt:per_thread_data.obj
 0001:0001bc6c       ___acrt_freeptd            1001cc6c f   libucrt:per_thread_data.obj
 0001:0001bcb0       ___acrt_getptd             1001ccb0 f   libucrt:per_thread_data.obj
 0001:0001bcbe       ___acrt_getptd_head        1001ccbe f   libucrt:per_thread_data.obj
 0001:0001bd01       ___acrt_getptd_noexit      1001cd01 f   libucrt:per_thread_data.obj
 0001:0001bd8d       ___acrt_getptd_noexit_explicit 1001cd8d f   libucrt:per_thread_data.obj
 0001:0001bdd6       ___acrt_initialize_ptd     1001cdd6 f   libucrt:per_thread_data.obj
 0001:0001be0c       ___acrt_uninitialize_ptd   1001ce0c f   libucrt:per_thread_data.obj
 0001:0001be94       ___acrt_set_locale_changed 1001ce94 f   libucrt:wsetlocale.obj
 0001:0001be9f       ___acrt_uninitialize_locale 1001ce9f f   libucrt:wsetlocale.obj
 0001:0001c026       ___acrt_initialize_lowio   1001d026 f   libucrt:ioinit.obj
 0001:0001c086       ___acrt_uninitialize_lowio 1001d086 f   libucrt:ioinit.obj
 0001:0001c143       __close_internal           1001d143 f   libucrt:close.obj
 0001:0001c1e6       __close_nolock             1001d1e6 f   libucrt:close.obj
 0001:0001c216       __close_nolock_internal    1001d216 f   libucrt:close.obj
 0001:0001c2b6       ?__acrt_stdio_allocate_stream@@YA?AV__crt_stdio_stream@@XZ 1001d2b6 f   libucrt:stream.obj
 0001:0001c31f       ?__acrt_stdio_free_stream@@YAXV__crt_stdio_stream@@@Z 1001d31f f   libucrt:stream.obj
 0001:0001c41c       ___acrt_stdio_free_buffer_nolock 1001d41c f   libucrt:_freebuf.obj
 0001:0001c634       ___acrt_stdio_flush_nolock 1001d634 f   libucrt:fflush.obj
 0001:0001c69d       __fflush_nolock            1001d69d f   libucrt:fflush.obj
 0001:0001c702       __flushall                 1001d702 f   libucrt:fflush.obj
 0001:0001c70b       ??$__acrt_stdio_parse_mode@D@@YA?AU__acrt_stdio_stream_mode@@QBD@Z 1001d70b f i libucrt:openfile.obj
 0001:0001c9cf       ?__acrt_stdio_parse_mode_D@@YA_NAAU__acrt_stdio_stream_mode@@@Z 1001d9cf f i libucrt:openfile.obj
 0001:0001c9ea       ?__acrt_stdio_parse_mode_T@@YA_NAAU__acrt_stdio_stream_mode@@@Z 1001d9ea f i libucrt:openfile.obj
 0001:0001ca09       ?__acrt_stdio_parse_mode_b@@YA_NAAU__acrt_stdio_stream_mode@@@Z 1001da09 f i libucrt:openfile.obj
 0001:0001ca29       ?__acrt_stdio_parse_mode_c@@YA_NAAU__acrt_stdio_stream_mode@@AA_N@Z 1001da29 f i libucrt:openfile.obj
 0001:0001ca4b       ?__acrt_stdio_parse_mode_n@@YA_NAAU__acrt_stdio_stream_mode@@AA_N@Z 1001da4b f i libucrt:openfile.obj
 0001:0001ca6d       ?__acrt_stdio_parse_mode_plus@@YA_NAAU__acrt_stdio_stream_mode@@AA_N@Z 1001da6d f i libucrt:openfile.obj
 0001:0001caa3       ?__acrt_stdio_parse_mode_t@@YA_NAAU__acrt_stdio_stream_mode@@@Z 1001daa3 f i libucrt:openfile.obj
 0001:0001cac3       ?__acrt_stdio_parse_mode_x@@YA_NAAU__acrt_stdio_stream_mode@@@Z 1001dac3 f i libucrt:openfile.obj
 0001:0001cae3       __openfile                 1001dae3 f   libucrt:openfile.obj
 0001:0001cfd5       __read                     1001dfd5 f   libucrt:read.obj
 0001:0001d0ee       __read_nolock              1001e0ee f   libucrt:read.obj
 0001:0001d605       ___acrt_stdio_refill_and_read_narrow_nolock 1001e605 f   libucrt:_filbuf.obj
 0001:0001d9af       __lseek_internal           1001e9af f   libucrt:lseek.obj
 0001:0001d9ba       __lseeki64                 1001e9ba f   libucrt:lseek.obj
 0001:0001d9fa       __lseeki64_internal        1001e9fa f   libucrt:lseek.obj
 0001:0001da18       __lseeki64_nolock          1001ea18 f   libucrt:lseek.obj
 0001:0001da58       __lseeki64_nolock_internal 1001ea58 f   libucrt:lseek.obj
 0001:0001da76       ___pctype_func             1001ea76 f   libucrt:ctype.obj
 0001:0001da9a       __isctype_l                1001ea9a f   libucrt:isctype.obj
 0001:0001db70       _isspace                   1001eb70 f   libucrt:_ctype.obj
 0001:0001dc00       __calloc_base              1001ec00 f   libucrt:calloc_base.obj
 0001:0001dc60       _strtoull                  1001ec60 f   libucrt:strtox.obj
 0001:0001dcac       __fgetc_nolock             1001ecac f   libucrt:fgetc.obj
 0001:0001dce8       __getc_nolock              1001ece8 f   libucrt:fgetc.obj
 0001:0001dcf3       __ungetc_nolock            1001ecf3 f   libucrt:ungetc.obj
 0001:0001ddf0       _fegetround                1001edf0 f   libucrt:fegetround.obj
 0001:0001de97       ___acrt_MultiByteToWideChar 1001ee97 f   libucrt:multibytetowidechar.obj
 0001:0001e071       ___acrt_AppPolicyGetProcessTerminationMethodInternal@4 1001f071 f   libucrt:winapi_thunks.obj
 0001:0001e0c0       ___acrt_AreFileApisANSI@0  1001f0c0 f   libucrt:winapi_thunks.obj
 0001:0001e0df       ___acrt_FlsAlloc@4         1001f0df f   libucrt:winapi_thunks.obj
 0001:0001e0eb       ___acrt_FlsFree@4          1001f0eb f   libucrt:winapi_thunks.obj
 0001:0001e0f7       ___acrt_FlsGetValue2@4     1001f0f7 f   libucrt:winapi_thunks.obj
 0001:0001e104       ___acrt_FlsGetValue@4      1001f104 f   libucrt:winapi_thunks.obj
 0001:0001e110       ___acrt_FlsSetValue@8      1001f110 f   libucrt:winapi_thunks.obj
 0001:0001e11c       ___acrt_InitializeCriticalSectionEx@12 1001f11c f   libucrt:winapi_thunks.obj
 0001:0001e128       ___acrt_LCMapStringEx@36   1001f128 f   libucrt:winapi_thunks.obj
 0001:0001e185       ___acrt_LocaleNameToLCID@8 1001f185 f   libucrt:winapi_thunks.obj
 0001:0001e1b6       ___acrt_initialize_winapi_thunks 1001f1b6 f   libucrt:winapi_thunks.obj
 0001:0001e1d9       ___acrt_tls2_supported     1001f1d9 f   libucrt:winapi_thunks.obj
 0001:0001e20a       ___acrt_uninitialize_winapi_thunks 1001f20a f   libucrt:winapi_thunks.obj
 0001:0001e240       __waccess_s                1001f240 f   libucrt:waccess.obj
 0001:0001e2fe       ___acrt_initialize_locks   1001f2fe f   libucrt:locks.obj
 0001:0001e33f       ___acrt_lock               1001f33f f   libucrt:locks.obj
[...]
 0002:00008450       __sehtable$?CallCatchBlock@@YAPAXPAUEHExceptionRecord@@PAUEHRegistrationNode@@PAU_CONTEXT@@PBU_s_FuncInfo@@PAXHK@Z 10031450     libvcruntime:frame.obj
 0002:00008478       __catchsym$?CallUnexpected@@YAXPBU_s_ESTypeList@@@Z$2 10031478     libvcruntime:frame.obj
 0002:00008488       __unwindtable$?CallUnexpected@@YAXPBU_s_ESTypeList@@@Z 10031488     libvcruntime:frame.obj
 0002:00008498       __tryblocktable$?CallUnexpected@@YAXPBU_s_ESTypeList@@@Z 10031498     libvcruntime:frame.obj
 0002:000084ac       __ehfuncinfo$?CallUnexpected@@YAXPBU_s_ESTypeList@@@Z 100314ac     libvcruntime:frame.obj
 0002:000084d0       __sehtable$??$BuildCatchObjectHelperInternal@V__FrameHandler3@@@@YAHPAUEHExceptionRecord@@PAXPBU_s_HandlerType@@PBU_s_CatchableType@@@Z 100314d0     libvcruntime:frame.obj
 0002:000084f0       __sehtable$??$BuildCatchObjectInternal@V__FrameHandler3@@@@YAXPAUEHExceptionRecord@@PAXPBU_s_HandlerType@@PBU_s_CatchableType@@@Z 100314f0     libvcruntime:frame.obj
 0002:00008544       __unwindtable$?common_exit@@YAXHW4_crt_exit_cleanup_mode@@W4_crt_exit_return_mode@@@Z 10031544     libucrt:exit.obj
 0002:00008544       __unwindtable$?state_case_type@?$output_processor@DV?$stream_output_adapter@D@__crt_stdio_output@@V?$standard_base@DV?$stream_output_adapter@D@__crt_stdio_output@@@2@@__crt_stdio_output@@AAE_NXZ 10031544     libucrt:output.obj
 0002:00008544       __unwindtable$?state_case_type@?$output_processor@DV?$string_output_adapter@D@__crt_stdio_output@@V?$standard_base@DV?$string_output_adapter@D@__crt_stdio_output@@@2@@__crt_stdio_output@@AAE_NXZ 10031544     libucrt:output.obj
 0002:0000854c       __ehfuncinfo$?common_exit@@YAXHW4_crt_exit_cleanup_mode@@W4_crt_exit_return_mode@@@Z 1003154c     libucrt:exit.obj
 0002:0000854c       __ehfuncinfo$?state_case_type@?$output_processor@DV?$stream_output_adapter@D@__crt_stdio_output@@V?$standard_base@DV?$stream_output_adapter@D@__crt_stdio_output@@@2@@__crt_stdio_output@@AAE_NXZ 1003154c     libucrt:output.obj
 0002:0000854c       __ehfuncinfo$?state_case_type@?$output_processor@DV?$string_output_adapter@D@__crt_stdio_output@@V?$standard_base@DV?$string_output_adapter@D@__crt_stdio_output@@@2@@__crt_stdio_output@@AAE_NXZ 1003154c     libucrt:output.obj
 0002:00008570       __sehtable$??$?RV<lambda_62491a2101a2aba6cc4a769149c84f1f>@@AAV<lambda_826c27fce7726908515bbc79a5266961>@@V<lambda_4e64bbd54b50a7b070e3ea8d795375b6>@@@?$__crt_seh_guarded_call@H@@QAEH$$QAV<lambda_62491a2101a2aba6cc4a769149c84f1f>@@AAV<lambda_826c27fce7726908515bbc79a5266961>@@$$QAV<lambda_4e64bbd54b50a7b070e3ea8d795375b6>@@@Z 10031570     libucrt:output.obj
 0002:00008590       __sehtable$?_fclose_internal@@YAHQAU_iobuf@@AAV__crt_cached_ptd_host@@@Z 10031590     libucrt:fclose.obj
 0002:000085b0       __sehtable$??$common_fsopen@D@@YAPAU_iobuf@@QBD0H@Z 100315b0     libucrt:fopen.obj
 0002:000085d0       __sehtable$_fread_s        100315d0     libucrt:fread.obj
 0002:000085f0       __sehtable$?common_fseek@@YAHV__crt_stdio_stream@@_JHAAV__crt_cached_ptd_host@@@Z 100315f0     libucrt:fseek.obj
 0002:00008610       __sehtable$??$common_ftell@J@@YAJV__crt_stdio_stream@@AAV__crt_cached_ptd_host@@@Z 10031610     libucrt:ftell.obj
 0002:00008630       __sehtable$?_rewind_internal@@YAXQAU_iobuf@@AAV__crt_cached_ptd_host@@@Z 10031630     libucrt:rewind.obj
 0002:00008650       __sehtable$??$?RV<lambda_274ecf0a8038e561263518ab346655e8>@@AAV<lambda_21448eb78dd3c4a522ed7c65a98d88e6>@@V<lambda_0ca1de2171e49cefb1e8dc85c06db622>@@@?$__crt_seh_guarded_call@H@@QAEH$$QAV<lambda_274ecf0a8038e561263518ab346655e8>@@AAV<lambda_21448eb78dd3c4a522ed7c65a98d88e6>@@$$QAV<lambda_0ca1de2171e49cefb1e8dc85c06db622>@@@Z 10031650     libucrt:input.obj
 0002:00008670       __sehtable$__set_new_handler 10031670     libucrt:new_handler.obj
 0002:00008690       __sehtable$__query_new_handler 10031690     libucrt:new_handler.obj
 0002:000086ac       __ehfuncinfo$?write_double_translated_ansi_nolock@@YA?AUwrite_result@?A0x17268360@@HQBDIAAV__crt_cached_ptd_host@@@Z 100316ac     libucrt:write.obj
 0002:000086ac       __ehfuncinfo$?try_cor_exit_process@@YAXI@Z 100316ac     libucrt:exit.obj
 0002:000086d0       __sehtable$??R<lambda_6e4b09c48022b2350581041d5f6b0c4c>@@QBE@XZ 100316d0     libucrt:exit.obj
 0002:000086f0       __sehtable$??$?RV<lambda_03b1d95aef87969028cfba75ccab2455>@@AAV<lambda_6e4b09c48022b2350581041d5f6b0c4c>@@V<lambda_22bdf7517842c4b3e53723af5aa32b9e>@@@?$__crt_seh_guarded_call@X@@QAEX$$QAV<lambda_03b1d95aef87969028cfba75ccab2455>@@AAV<lambda_6e4b09c48022b2350581041d5f6b0c4c>@@$$QAV<lambda_22bdf7517842c4b3e53723af5aa32b9e>@@@Z 100316f0     libucrt:exit.obj
 0002:0000870c       __unwindtable$___dcrt_uninitialize_environments_nolock 1003170c     libucrt:environment_initialization.obj
 0002:0000870c       __unwindtable$___acrt_getptd_noexit 1003170c     libucrt:per_thread_data.obj
 0002:0000871c       __ehfuncinfo$___dcrt_uninitialize_environments_nolock 1003171c     libucrt:environment_initialization.obj
 0002:0000871c       __ehfuncinfo$___acrt_getptd_noexit 1003171c     libucrt:per_thread_data.obj
 0002:00008740       __unwindtable$___acrt_freeptd 10031740     libucrt:per_thread_data.obj
 0002:00008740       __unwindtable$___acrt_getptd_head 10031740     libucrt:per_thread_data.obj
 0002:00008740       __unwindtable$___acrt_getptd_noexit_explicit 10031740     libucrt:per_thread_data.obj
 0002:00008740       __unwindtable$__execute_onexit_table 10031740     libucrt:onexit.obj
 0002:00008748       __ehfuncinfo$___acrt_freeptd 10031748     libucrt:per_thread_data.obj
 0002:00008748       __ehfuncinfo$___acrt_getptd_head 10031748     libucrt:per_thread_data.obj
 0002:00008748       __ehfuncinfo$___acrt_getptd_noexit_explicit 10031748     libucrt:per_thread_data.obj
 0002:00008748       __ehfuncinfo$__execute_onexit_table 10031748     libucrt:onexit.obj
 0002:00008770       __sehtable$??$?RV<lambda_69a2805e680e0e292e8ba93315fe43a8>@@AAV<lambda_f03950bc5685219e0bcd2087efbe011e>@@V<lambda_03fcd07e894ec930e3f35da366ca99d6>@@@?$__crt_seh_guarded_call@H@@QAEH$$QAV<lambda_69a2805e680e0e292e8ba93315fe43a8>@@AAV<lambda_f03950bc5685219e0bcd2087efbe011e>@@$$QAV<lambda_03fcd07e894ec930e3f35da366ca99d6>@@@Z 10031770     libucrt:onexit.obj
 0002:00008790       __sehtable$_terminate      10031790     libucrt:terminate.obj
 0002:000087b0       __sehtable$??$?RV<lambda_15ade71b0218206bbe3333a0c9b79046>@@AAV<lambda_da44e0f8b0f19ba52fefafb335991732>@@V<lambda_207f2d024fc103971653565357d6cd41>@@@?$__crt_seh_guarded_call@X@@QAEX$$QAV<lambda_15ade71b0218206bbe3333a0c9b79046>@@AAV<lambda_da44e0f8b0f19ba52fefafb335991732>@@$$QAV<lambda_207f2d024fc103971653565357d6cd41>@@@Z 100317b0     libucrt:per_thread_data.obj
 0002:000087d0       __sehtable$??$?RV<lambda_a7e850c220f1c8d1e6efeecdedd162c6>@@AAV<lambda_46720907175c18b6c9d2717bc0d2d362>@@V<lambda_9048902d66e8d99359bc9897bbb930a8>@@@?$__crt_seh_guarded_call@X@@QAEX$$QAV<lambda_a7e850c220f1c8d1e6efeecdedd162c6>@@AAV<lambda_46720907175c18b6c9d2717bc0d2d362>@@$$QAV<lambda_9048902d66e8d99359bc9897bbb930a8>@@@Z 100317d0     libucrt:per_thread_data.obj
 0002:000087f0       __sehtable$??$?RV<lambda_38edbb1296d33220d7e4dd0ed76b244a>@@AAV<lambda_5ce1d447e08cb34b2473517608e21441>@@V<lambda_fb385d3da700c9147fc39e65dd577a8c>@@@?$__crt_seh_guarded_call@X@@QAEX$$QAV<lambda_38edbb1296d33220d7e4dd0ed76b244a>@@AAV<lambda_5ce1d447e08cb34b2473517608e21441>@@$$QAV<lambda_fb385d3da700c9147fc39e65dd577a8c>@@@Z 100317f0     libucrt:per_thread_data.obj
 0002:00008810       __sehtable$??$?RV<lambda_6affb1475c98b40b75cdec977db92e3c>@@AAV<lambda_b8d4b9c228a6ecc3f80208dbb4b4a104>@@V<lambda_608742c3c92a14382c1684fc64f96c88>@@@?$__crt_seh_guarded_call@X@@QAEX$$QAV<lambda_6affb1475c98b40b75cdec977db92e3c>@@AAV<lambda_b8d4b9c228a6ecc3f80208dbb4b4a104>@@$$QAV<lambda_608742c3c92a14382c1684fc64f96c88>@@@Z 10031810     libucrt:per_thread_data.obj
 0002:00008830       __sehtable$??$?RV<lambda_e5124f882df8998aaf41531e079ba474>@@AAV<lambda_3e16ef9562a7dcce91392c22ab16ea36>@@V<lambda_e25ca0880e6ef98be67edffd8c599615>@@@?$__crt_seh_guarded_call@X@@QAEX$$QAV<lambda_e5124f882df8998aaf41531e079ba474>@@AAV<lambda_3e16ef9562a7dcce91392c22ab16ea36>@@$$QAV<lambda_e25ca0880e6ef98be67edffd8c599615>@@@Z 10031830     libucrt:wsetlocale.obj
 0002:00008850       __sehtable$___acrt_initialize_lowio 10031850     libucrt:ioinit.obj
 0002:00008870       __sehtable$??$?RV<lambda_d422a76eb4c3bf3ad751449ab71a6ea4>@@AAV<lambda_c9ba49e555ba839a7b07aa3fbecb7617>@@V<lambda_9476263c8ee91a25d21c55370bdb50de>@@@?$__crt_seh_guarded_call@H@@QAEH$$QAV<lambda_d422a76eb4c3bf3ad751449ab71a6ea4>@@AAV<lambda_c9ba49e555ba839a7b07aa3fbecb7617>@@$$QAV<lambda_9476263c8ee91a25d21c55370bdb50de>@@@Z 10031870     libucrt:close.obj
 0002:00008890       __sehtable$?__acrt_stdio_allocate_stream@@YA?AV__crt_stdio_stream@@XZ 10031890     libucrt:stream.obj
 0002:000088b0       __sehtable$??$?RV<lambda_2866be3712abc81a800a822484c830d8>@@AAV<lambda_39ca0ed439415581b5b15c265174cece>@@V<lambda_2b24c74d71094a6cd0cb82e44167d71b>@@@?$__crt_seh_guarded_call@X@@QAEX$$QAV<lambda_2866be3712abc81a800a822484c830d8>@@AAV<lambda_39ca0ed439415581b5b15c265174cece>@@$$QAV<lambda_2b24c74d71094a6cd0cb82e44167d71b>@@@Z 100318b0     libucrt:fflush.obj
 0002:000088d0       __sehtable$??$?RV<lambda_2cc53f568c5a2bb6f192f930a45d44ea>@@AAV<lambda_ab61a845afdef5b7c387490eaf3616ee>@@V<lambda_c2ffc0b7726aa6be21d5f0026187e748>@@@?$__crt_seh_guarded_call@X@@QAEX$$QAV<lambda_2cc53f568c5a2bb6f192f930a45d44ea>@@AAV<lambda_ab61a845afdef5b7c387490eaf3616ee>@@$$QAV<lambda_c2ffc0b7726aa6be21d5f0026187e748>@@@Z 100318d0     libucrt:fflush.obj
 0002:000088f0       __sehtable$__read          100318f0     libucrt:read.obj
 0002:00008910       __sehtable$??$common_lseek@J@@YAJHJHAAV__crt_cached_ptd_host@@@Z 10031910     libucrt:lseek.obj
 0002:00008930       __sehtable$??$common_lseek@_J@@YA_JH_JHAAV__crt_cached_ptd_host@@@Z 10031930     libucrt:lseek.obj
 0002:00008950       __sehtable$?update_thread_multibyte_data_internal@@YAPAU__crt_multibyte_data@@QAU__acrt_ptd@@QAPAU1@@Z 10031950     libucrt:mbctype.obj
 0002:00008970       __sehtable$??$?RV<lambda_ceb1ee4838e85a9d631eb091e2fbe199>@@AAV<lambda_ae742caa10f662c28703da3d2ea5e57e>@@V<lambda_cd08b5d6af4937fe54fc07d0c9bf6b37>@@@?$__crt_seh_guarded_call@X@@QAEX$$QAV<lambda_ceb1ee4838e85a9d631eb091e2fbe199>@@AAV<lambda_ae742caa10f662c28703da3d2ea5e57e>@@$$QAV<lambda_cd08b5d6af4937fe54fc07d0c9bf6b37>@@@Z 10031970     libucrt:mbctype.obj
 0002:00008990       __sehtable$_raise          10031990     libucrt:signal.obj
 0002:000089b0       __sehtable$??$?RV<lambda_cbab9ec6f41b0180b23cc171c22676b0>@@AAV<lambda_44731a7d0e6d81c3e6aa82d741081786>@@V<lambda_4b292cb8dd18144e164572427af410ab>@@@?$__crt_seh_guarded_call@P6AXH@Z@@QAEP6AXH@Z$$QAV<lambda_cbab9ec6f41b0180b23cc171c22676b0>@@AAV<lambda_44731a7d0e6d81c3e6aa82d741081786>@@$$QAV<lambda_4b292cb8dd18144e164572427af410ab>@@@Z 100319b0     libucrt:signal.obj
 0002:000089d0       __sehtable$___acrt_update_thread_locale_data 100319d0     libucrt:locale_refcounting.obj
 0002:000089f0       __sehtable$__fcloseall     100319f0     libucrt:closeall.obj
 0002:00008a10       __sehtable$__alloc_osfhnd  10031a10     libucrt:osfinfo.obj
 0002:00008a30       __sehtable$___acrt_lowio_ensure_fh_exists 10031a30     libucrt:osfinfo.obj
 0002:00008a50       __sehtable$??$?RV<lambda_9e9de3de5fa147e2223d7db92bc10aa6>@@AAV<lambda_38ce7e780aa69e748d6df282ebc68efe>@@V<lambda_8ca6da459f0f6780f1cff60fdc3d00e5>@@@?$__crt_seh_guarded_call@H@@QAEH$$QAV<lambda_9e9de3de5fa147e2223d7db92bc10aa6>@@AAV<lambda_38ce7e780aa69e748d6df282ebc68efe>@@$$QAV<lambda_8ca6da459f0f6780f1cff60fdc3d00e5>@@@Z 10031a50     libucrt:commit.obj
 0002:00008a70       __sehtable$__write_internal 10031a70     libucrt:write.obj
 0002:00008a90       __sehtable$??$common_sopen_dispatch@D@@YAHQBDHHHQAHH@Z 10031a90     libucrt:open.obj
 0002:00008ab0       __sehtable$___set_fpsr_sse2 10031ab0     libucrt:fpctrl.obj
 0002:00008ad0       __sehtable$__IsNonwritableInCurrentImage 10031ad0     LIBCMT:pesect.obj
 0002:00008af0       .edata                     10031af0     amethyst2_4.exp
 0002:00008b18       rgpv                       10031b18     amethyst2_4.exp
 0002:00008b38       rgszName                   10031b38     amethyst2_4.exp
 0002:00008b58       rgwOrd                     10031b58     amethyst2_4.exp
 0002:00008b68       szName                     10031b68     amethyst2_4.exp
 0002:00008b78       $N00001                    10031b78     amethyst2_4.exp
 0002:00008b8c       $N00002                    10031b8c     amethyst2_4.exp
 0002:00008b9e       $N00003                    10031b9e     amethyst2_4.exp
 0002:00008bb2       $N00004                    10031bb2     amethyst2_4.exp
 0002:00008bc3       $N00005                    10031bc3     amethyst2_4.exp
 0002:00008bd3       $N00006                    10031bd3     amethyst2_4.exp
 0002:00008bdf       $N00007                    10031bdf     amethyst2_4.exp
 0002:00008bf3       $N00008                    10031bf3     amethyst2_4.exp
 0002:00008df4       .idata$6                   10031df4     kernel32:KERNEL32.dll
 0002:00008e10       .idata$6                   10031e10     user32:USER32.dll
 0003:00000c58       ?i@?1??fake_new@@YAHH@Z@4HA 10033c58     core.obj
 0003:000011f8       ?SG_Shift@@3PAY01HA        100341f8     Summon.obj
 0003:00002eb0       ?first_time@?1??CreateAdditionalTables@@YAXXZ@4_NA 10035eb0     tables.obj
 0003:00003220       ?__vcrt_flsindex@@3KA      10036220     libvcruntime:per_thread_data.obj
 0003:00003250       ?errno_no_memory@@3HA      10036250     libucrt:errno.obj
 0003:00003254       ?doserrno_no_memory@@3KA   10036254     libucrt:errno.obj
 0003:00003300       ?__acrt_flsindex@@3KA      10036300     libucrt:per_thread_data.obj
 0003:00003728       __mbctypes                 10036728     libucrt:mbctype.obj
 0003:00003830       __mbcasemaps               10036830     libucrt:mbctype.obj
 0003:00003930       ?__rgctypeflag@@3PADA      10036930     libucrt:mbctype.obj
 0003:00003938       ?__rgcode_page_info@@3PAUcode_page_info@@A 10036938     libucrt:mbctype.obj
 0003:00003a90       ?__dcrt_lowio_console_output_handle@@3PAXA 10036a90     libucrt:initcon.obj
 0003:00003a94       ?__DAZ_ENABLED@?1??__set_fpsr_sse2@@9@9 10036a94     libucrt:fpctrl.obj
 0003:0022b19c       ?__once__@?1??ReloadExperienceConfig2@@YGXXZ@4_NA 1025e19c     dllmain.obj
 0003:0028b460       ?SC_Type@@3HA              102be460     Summon.obj
 0003:0028b464       ?SC_Num@@3HA               102be464     Summon.obj
 0003:0028b468       ?SC_Pos@@3HA               102be468     Summon.obj
 0003:0028b46c       ?SC_Side@@3HA              102be46c     Summon.obj
 0003:0028b470       ?SC_Slot@@3HA              102be470     Summon.obj
 0003:0028b474       ?SC_Redraw@@3HA            102be474     Summon.obj
 0003:0028b478       ?SC_Flags@@3HA             102be478     Summon.obj
 0003:0028b47c       ?SC_MStruct@@3PAEA         102be47c     Summon.obj
 0003:00704f6c       ?SAT_MonID@@3JA            10737f6c     tables.obj
 0003:00704f70       ?SAT_MonPTR@@3PAEA         10737f70     tables.obj
 0003:00704f74       ?SAT_Ret@@3DA              10737f74     tables.obj
 0003:00705378       _GS_ExceptionRecord        10738378     LIBCMT:gs_report.obj
 0003:007053c8       _GS_ContextRecord          107383c8     LIBCMT:gs_report.obj
 0003:00705694       ?__proc_attached@@3HA      10738694     LIBCMT:dll_dllmain.obj
 0003:007056a8       ?is_initialized_as_dll@@3_NA 107386a8     LIBCMT:utility.obj
 0003:007056a9       ?module_local_atexit_table_initialized@@3_NA 107386a9     LIBCMT:utility.obj
 0003:007056ac       ?module_local_atexit_table@@3U_onexit_table_t@@A 107386ac     LIBCMT:utility.obj
 0003:007056b8       ?module_local_at_quick_exit_table@@3U_onexit_table_t@@A 107386b8     LIBCMT:utility.obj
 0003:007056d8       ?__vcrt_startup_thread_ptd@@3U__vcrt_ptd@@A 107386d8     libvcruntime:per_thread_data.obj
 0003:00705728       ?heap@@3V_HeapManager@@A   10738728     libvcruntime:undname.obj
 0003:0070573c       ___vcrt_lock_table         1073873c     libvcruntime:locks.obj
 0003:00705754       ___vcrt_locks_initialized  10738754     libvcruntime:locks.obj
 0003:00705758       ?module_handles@@3PAPAUHINSTANCE__@@A 10738758     libvcruntime:winapi_downlevel.obj
 0003:00705764       ?function_pointers@@3PAPAXA 10738764     libvcruntime:winapi_downlevel.obj
 0003:0070577c       ?__acrt_invalid_parameter_handler@@3V?$dual_state_global@P6AXPB_W00II@Z@__crt_state_management@@A 1073877c     libucrt:invalid_parameter.obj
 0003:00705780       ?__acrt_new_handler@@3V?$dual_state_global@P6AHI@Z@__crt_state_management@@A 10738780     libucrt:new_handler.obj
 0003:00705784       ?c_termination_complete@@3JA 10738784     libucrt:exit.obj
 0003:00705788       ?thread_local_exit_callback_func@@3P6GXPAXK0@ZA 10738788     libucrt:exit.obj
 0003:0070578c       ?c_exit_complete@?1???R<lambda_6e4b09c48022b2350581041d5f6b0c4c>@@QBE@XZ@4_NA 1073878c     libucrt:exit.obj
 0003:00705790       ?program_name@?1???$common_configure_argv@D@@YAHW4_crt_argv_mode@@@Z@4PADA 10738790     libucrt:argv_parsing.obj
 0003:007058c0       ?internal_state@?1??_mbtowc_internal@@9@4U_Mbstatet@@A 107388c0     libucrt:mbtowc.obj
 0003:007058c8       ?internal_pst@?1??__mbrtoc32_utf8@__crt_mbstring@@YAIPA_UPBDIPAU_Mbstatet@@AAV__crt_cached_ptd_host@@@Z@4U3@A 107388c8     libucrt:mbrtoc32.obj
 0003:007058d0       ?internal_pst@?1??__c16rtomb_utf8@__crt_mbstring@@YAIPAD_SPAU_Mbstatet@@AAV__crt_cached_ptd_host@@@Z@4U3@A 107388d0     libucrt:c16rtomb.obj
 0003:007058e4       ?enable_percent_n@@3IA     107388e4     libucrt:printf_count_output.obj
 0003:00705b08       ?module_handles@@3PAPAUHINSTANCE__@@A 10738b08     libucrt:winapi_thunks.obj
 0003:00705b68       ?__acrt_lock_table@@3PAU_RTL_CRITICAL_SECTION@@A 10738b68     libucrt:locks.obj
 0003:00705cd0       ?__acrt_locks_initialized@@3IA 10738cd0     libucrt:locks.obj
 0003:00705ce0       ?fSystemSet@@3HA           10738ce0     libucrt:mbctype.obj
 0003:00705ce4       ?initialized@?1??__acrt_initialize_multibyte@@9@4_NA 10738ce4     libucrt:mbctype.obj
 0003:00705d04       ?ctrlc_action@@3V?$dual_state_global@P6AXH@Z@__crt_state_management@@A 10738d04     libucrt:signal.obj
 0003:00705d08       ?ctrlbreak_action@@3V?$dual_state_global@P6AXH@Z@__crt_state_management@@A 10738d08     libucrt:signal.obj
 0003:00705d0c       ?abort_action@@3V?$dual_state_global@P6AXH@Z@__crt_state_management@@A 10738d0c     libucrt:signal.obj
 0003:00705d10       ?term_action@@3V?$dual_state_global@P6AXH@Z@__crt_state_management@@A 10738d10     libucrt:signal.obj
 0003:00705d14       ?user_matherr@@3V?$dual_state_global@P6AHPAU_exception@@@Z@__crt_state_management@@A 10738d14     libucrt:matherr.obj
 0003:00705d18       ?__acrt_global_new_mode@@3V?$dual_state_global@J@__crt_state_management@@A 10738d18     libucrt:new_mode.obj
 0003:00705d28       ?__acrt_app_type@@3W4_crt_app_type@@A 10738d28     libucrt:report_runtime_error.obj
 0003:00705d30       __pmatherr_set             10738d30     libucrt:libm_error.obj
 0004:00000000       ?function_pointers@@3PAPAXA 10739000     libucrt:winapi_thunks.obj
 0005:00000060       $R000000                   1073a060     * linker generated manifest res *

 Exports

  ordinal    name

        1    _ChangeCreatureTable
               exported name: ChangeCreatureTable
        2    _Creature2Artifact
               exported name: Creature2Artifact
        3    _Creature2Artifact_2
               exported name: Creature2Artifact_2
        4    _InitNecromancy15
               exported name: InitNecromancy15
        5    __hasSantaGuards
               exported name: _hasSantaGuards
        6    _check_harpy
               exported name: check_harpy
        7    _isCreatureConstruct
               exported name: isCreatureConstruct
        8    _isReceptive
               exported name: isReceptive
